[2026-07-17 11:42:55] 🚀 程序启动
[2026-07-17 11:42:55] 关键词: 90 个
[2026-07-17 11:42:55] 已加载黑名单: 3422 个
[2026-07-17 11:42:55] 加载 SHA 缓存 60504 条 (1 分片)
[2026-07-17 11:42:55] 🚀 程序启动 | 配额上限 4800/小时
[2026-07-17 11:42:55] 🔵 种子仓库: 38 个 → 队列
[2026-07-17 11:42:55] 仓库 https://github.com/mahdibland/V2RayAggregator (分支: master, size: 4486822KB, pushed: 2026-07-17T03:34:45Z)
[2026-07-17 11:42:56] ⏱️ Code [1/29] vmess:// extension:yaml | 1s | +0 节点 | 配额 4798/4800
[2026-07-17 11:42:57] 仓库 https://github.com/mahdibland/V2RayAggregator 候选文件较多 (1519 个)，先通过 commits API 过滤
[2026-07-17 11:42:57] 仓库 https://github.com/gfpcom/free-proxy-list (分支: main, size: 37052KB, pushed: 2026-07-17T01:01:46Z)
[2026-07-17 11:42:57] ⏱️ Code [2/29] vless:// extension:yaml | 2s | +0 节点 | 配额 4795/4800
[2026-07-17 11:42:59] 仓库 https://github.com/ninjastrikers/nexus-nodes (分支: main, size: 874801KB, pushed: 2026-07-17T03:32:27Z)
[2026-07-17 11:43:00] 仓库 https://github.com/gfpcom/free-proxy-list 无候选文件 (总计 35 blob, 扩展名过滤 13, processed_shas 跳过 0, SHA 缓存跳过 22)
[2026-07-17 11:43:00] 🔗 查子仓库: gfpcom/free-proxy-list
[2026-07-17 11:43:00] ⏱️ Code [3/29] trojan:// extension:yaml | 3s | +0 节点 | 配额 4790/4800[2026-07-17 11:43:02] 仓库 https://github.com/ninjastrikers/nexus-nodes 候选文件较多 (492 个)，先通过 commits API 过滤

[2026-07-17 11:43:04] 仓库 https://github.com/ermaozi/get_subscribe (分支: main, size: 185KB, pushed: 2026-07-17T00:43:06Z)
[2026-07-17 11:43:04]   Compare API 返回 25 个变更文件 (3 次 API 调用)
[2026-07-17 11:43:04]   commits 过滤: 1519 → 10 (变更文件 25 个)[2026-07-17 11:43:04] ⏱️ Code [4/29] ss:// extension:yaml | 2s | +0 节点 | 配额 4784/4800

[2026-07-17 11:43:04] 仓库 https://github.com/mahdibland/V2RayAggregator 候选文件 10 个
[2026-07-17 11:43:04] 🔗 递归发现仓库 mahdibland/ShadowsocksAggregator (来源 https://raw.githubusercontent.com/mahdibland/V2RayAggregator/master/README.md)
[2026-07-17 11:43:06] ⏱️ Code [5/29] hysteria2:// extension:yaml | 2s | +388 节点 | 配额 4781/4800
[2026-07-17 11:43:08] 仓库 https://github.com/ermaozi/get_subscribe 无候选文件 (总计 73 blob, 扩展名过滤 64, processed_shas 跳过 0, SHA 缓存跳过 9)[2026-07-17 11:43:08] 仓库 https://github.com/mahdibland/ShadowsocksAggregator (分支: master, size: 4486822KB, pushed: 2026-07-17T03:34:45Z)[2026-07-17 11:43:08]   🍴 子仓库: 30 个 → 队列
[2026-07-17 11:43:08]   Compare API 返回 300 个变更文件 (3 次 API 调用)

[2026-07-17 11:43:08] 🔗 查子仓库: ermaozi/get_subscribe
[2026-07-17 11:43:08]   commits 过滤: 492 → 247 (变更文件 300 个)
[2026-07-17 11:43:08] 仓库 https://github.com/ninjastrikers/nexus-nodes 候选文件 247 个

[2026-07-17 11:43:08] 🔗 开始 Fork 链追踪 (gfpcom/free-proxy-list)
[2026-07-17 11:43:10] ⏱️ Code [6/29] tuic:// extension:yaml | 4s | +711 节点 | 配额 4776/4800
[2026-07-17 11:43:10] 👤 遍历用户仓库: gfpcom
[2026-07-17 11:43:12] ⏱️ Code [7/29] vmess:// extension:txt | 2s | +1300 节点 | 配额 4771/4800[2026-07-17 11:43:12] 仓库 https://github.com/mahdibland/ShadowsocksAggregator 候选文件较多 (1518 个)，先通过 commits API 过滤

[2026-07-17 11:43:15]   👤 用户仓库: 4 个 → 队列
[2026-07-17 11:43:15]   用户 gfpcom 共查 4 个仓库
[2026-07-17 11:43:15] 仓库 https://github.com/pawdroid/Free-servers (分支: main, size: 85KB, pushed: 2026-07-17T03:00:50Z)
[2026-07-17 11:43:17]   🍴 子仓库: 30 个 → 队列
[2026-07-17 11:43:17] 🔗 开始 Fork 链追踪 (ermaozi/get_subscribe)[2026-07-17 11:43:17] ⏱️ Code [8/29] vless:// extension:txt | 5s | +2333 节点 | 配额 4765/4800

[2026-07-17 11:43:18] ⏱️ Code [9/29] trojan:// extension:txt | 0s | +0 节点 | 配额 4764/4800
[2026-07-17 11:43:18] 📦 批次 0001 已持久化: /home/runner/work/test-college/test-college/batches/no_batch_0001.txt (5051 个节点, 累计 5051 个)
[2026-07-17 11:43:19] SHA 缓存已保存: 60704 条, 1 分片
[2026-07-17 11:43:20] 👤 遍历用户仓库: ermaozi
[2026-07-17 11:43:20] 仓库 https://github.com/pawdroid/Free-servers 无候选文件 (总计 49 blob, 扩展名过滤 17, processed_shas 跳过 0, SHA 缓存跳过 32)
[2026-07-17 11:43:20] 🔗 查子仓库: pawdroid/Free-servers
[2026-07-17 11:43:20] 🔗 查子仓库: ninjastrikers/nexus-nodes
[2026-07-17 11:43:22]   Compare API 返回 25 个变更文件 (3 次 API 调用)
[2026-07-17 11:43:22]   commits 过滤: 1518 → 9 (变更文件 25 个)
[2026-07-17 11:43:22] ⏱️ Code [10/29] ss:// extension:txt | 4s | +1062 节点 | 配额 4758/4800[2026-07-17 11:43:22] 仓库 https://github.com/mahdibland/ShadowsocksAggregator 候选文件 9 个

[2026-07-17 11:43:22] Code搜索第1页 返回 403 (尝试 1/2)
[2026-07-17 11:43:22] 触发限流，等待 38s ...
[2026-07-17 11:43:23] 🔗 递归发现仓库 mianfeifq/share (来源 https://raw.githubusercontent.com/mahdibland/ShadowsocksAggregator/master/sub/sub_list.json)
[2026-07-17 11:43:26]   🍴 子仓库: 6 个 → 队列
[2026-07-17 11:43:26] 🔗 开始 Fork 链追踪 (ninjastrikers/nexus-nodes)
[2026-07-17 11:43:26]   👤 用户仓库: 21 个 → 队列
[2026-07-17 11:43:26]   用户 ermaozi 共查 21 个仓库
[2026-07-17 11:43:26] 仓库 https://github.com/sevcator/5ubscrpt10n (分支: main, size: 66602982KB, pushed: 2026-07-17T00:11:50Z)
[2026-07-17 11:43:26] repo info (mianfeifq/share) 404，跳过
[2026-07-17 11:43:26] 🔗 递归发现仓库 vpei/Free-Node-Merge (来源 https://raw.githubusercontent.com/mahdibland/ShadowsocksAggregator/master/sub/sub_list.json)
[2026-07-17 11:43:26] 👤 遍历用户仓库: ninjastrikers
[2026-07-17 11:43:28] 仓库 https://github.com/sevcator/5ubscrpt10n 无候选文件 (总计 328 blob, 扩展名过滤 1, processed_shas 跳过 0, SHA 缓存跳过 327)[2026-07-17 11:43:28]   🍴 子仓库: 30 个 → 队列

[2026-07-17 11:43:28] 🔗 查子仓库: sevcator/5ubscrpt10n[2026-07-17 11:43:28] 🔗 开始 Fork 链追踪 (pawdroid/Free-servers)

[2026-07-17 11:43:30]   👤 用户仓库: 30 个 → 队列
[2026-07-17 11:43:30]   用户 ninjastrikers 共查 30 个仓库
[2026-07-17 11:43:30] 仓库 https://github.com/roosterkid/openproxylist (分支: main, size: 1070244KB, pushed: 2026-07-17T03:00:27Z)
[2026-07-17 11:43:30] repo info (vpei/Free-Node-Merge) 返回 403 (尝试 1/2)
[2026-07-17 11:43:30] repo info (vpei/Free-Node-Merge) 403（访问被拒，配额剩余 4660），跳过
[2026-07-17 11:43:30] 🔗 递归发现仓库 ssrsub/ssr (来源 https://raw.githubusercontent.com/mahdibland/ShadowsocksAggregator/master/sub/sub_list.json)
[2026-07-17 11:43:30] 👤 遍历用户仓库: pawdroid
[2026-07-17 11:43:32] 仓库 https://github.com/roosterkid/openproxylist 无候选文件 (总计 10 blob, 扩展名过滤 0, processed_shas 跳过 0, SHA 缓存跳过 10)
[2026-07-17 11:43:32] 🔗 查子仓库: roosterkid/openproxylist
[2026-07-17 11:43:35]   👤 用户仓库: 16 个 → 队列
[2026-07-17 11:43:35]   用户 pawdroid 共查 16 个仓库
[2026-07-17 11:43:35] 仓库 https://github.com/V2RayRoot/V2RayConfig (分支: main, size: 508202KB, pushed: 2026-07-17T01:00:17Z)
[2026-07-17 11:43:35]   🍴 子仓库: 20 个 → 队列
[2026-07-17 11:43:35] 🔗 开始 Fork 链追踪 (sevcator/5ubscrpt10n)
[2026-07-17 11:43:37] 仓库 https://github.com/ssrsub/ssr (分支: master, size: 22829KB, pushed: 2026-07-17T02:43:41Z)
[2026-07-17 11:43:37] 仓库 https://github.com/V2RayRoot/V2RayConfig 无候选文件 (总计 19 blob, 扩展名过滤 2, processed_shas 跳过 0, SHA 缓存跳过 17)
[2026-07-17 11:43:37] 🔗 查子仓库: V2RayRoot/V2RayConfig
[2026-07-17 11:43:39] 👤 遍历用户仓库: sevcator
[2026-07-17 11:43:39] 仓库 https://github.com/ssrsub/ssr 候选文件 3 个
[2026-07-17 11:43:39] 👤 遍历用户仓库: ssrsub
[2026-07-17 11:43:41]   🍴 子仓库: 30 个 → 队列
[2026-07-17 11:43:41] 🔗 开始 Fork 链追踪 (roosterkid/openproxylist)
[2026-07-17 11:43:43]   🍴 子仓库: 19 个 → 队列
[2026-07-17 11:43:43] 🔗 开始 Fork 链追踪 (V2RayRoot/V2RayConfig)
[2026-07-17 11:43:43]   👤 用户仓库: 30 个 → 队列
[2026-07-17 11:43:43]   用户 sevcator 共查 30 个仓库
[2026-07-17 11:43:43] 仓库 https://github.com/Farid-Karimi/Config-Collector (分支: main, size: 327429KB, pushed: 2026-07-17T02:28:08Z)
[2026-07-17 11:43:45] 👤 遍历用户仓库: roosterkid[2026-07-17 11:43:45] 👤 遍历用户仓库: V2RayRoot

[2026-07-17 11:43:45]   👤 用户仓库: 5 个 → 队列
[2026-07-17 11:43:45]   用户 ssrsub 共查 5 个仓库
[2026-07-17 11:43:45] 🔗 递归发现仓库 yu-steven/openit (来源 https://raw.githubusercontent.com/mahdibland/ShadowsocksAggregator/master/sub/sub_list.json)
[2026-07-17 11:43:47] 仓库 https://github.com/Farid-Karimi/Config-Collector 无候选文件 (总计 14 blob, 扩展名过滤 5, processed_shas 跳过 0, SHA 缓存跳过 9)
[2026-07-17 11:43:47] 🔗 查子仓库: Farid-Karimi/Config-Collector
[2026-07-17 11:43:49]   👤 用户仓库: 7 个 → 队列
[2026-07-17 11:43:49]   用户 V2RayRoot 共查 7 个仓库
[2026-07-17 11:43:49] 仓库在黑名单中: https://github.com/ehsanghaffar/config-sub-platform
[2026-07-17 11:43:49] 仓库在黑名单中: https://github.com/Airuop/config-fetcher
[2026-07-17 11:43:49] 仓库 https://github.com/free-nodes/v2rayfree (分支: main, size: 18828KB, pushed: 2026-07-17T02:55:59Z)
[2026-07-17 11:43:49]   👤 用户仓库: 11 个 → 队列
[2026-07-17 11:43:49]   用户 roosterkid 共查 11 个仓库
[2026-07-17 11:43:49] 仓库在黑名单中: https://github.com/crashgfw/free-airport-nodes
[2026-07-17 11:43:49] 仓库在黑名单中: https://github.com/lza6/free-VPN
[2026-07-17 11:43:49] 仓库在黑名单中: https://github.com/guying23/AutoMergePublicNodes
[2026-07-17 11:43:52] 仓库 https://github.com/rtwo2/FastNodes (分支: main, size: 1642732KB, pushed: 2026-07-17T02:32:55Z)[2026-07-17 11:43:52] ⚠️ 仓库 https://github.com/yu-steven/openit 31219h 未更新，废弃 → 加入黑名单[2026-07-17 11:43:52] 仓库 https://github.com/free-nodes/v2rayfree 无候选文件 (总计 11 blob, 扩展名过滤 0, processed_shas 跳过 0, SHA 缓存跳过 11)


[2026-07-17 11:43:52] 🔗 查子仓库: free-nodes/v2rayfree
[2026-07-17 11:43:52] 🔗 递归发现仓库 mahdibland/ShadowsocksAggregator (来源 https://raw.githubusercontent.com/mahdibland/ShadowsocksAggregator/master/sub/sub_list.json)
[2026-07-17 11:43:54]   🍴 子仓库: 2 个 → 队列
[2026-07-17 11:43:54] 🔗 开始 Fork 链追踪 (Farid-Karimi/Config-Collector)
[2026-07-17 11:43:54]   父仓库: mrvcoder/V2rayCollector
[2026-07-17 11:43:54] 仓库在黑名单中: https://github.com/mrvcoder/V2rayCollector
[2026-07-17 11:43:54]   父仓库 +0 个节点
[2026-07-17 11:43:56] 仓库 https://github.com/rtwo2/FastNodes 无候选文件 (总计 247 blob, 扩展名过滤 14, processed_shas 跳过 0, SHA 缓存跳过 233)[2026-07-17 11:43:56] 仓库 https://github.com/mahdibland/ShadowsocksAggregator (分支: master, size: 4486822KB, pushed: 2026-07-17T03:34:45Z)

[2026-07-17 11:43:56] 🔗 查子仓库: rtwo2/FastNodes
[2026-07-17 11:43:58]   🍴 子仓库: 30 个 → 队列
[2026-07-17 11:43:58] 🔗 开始 Fork 链追踪 (free-nodes/v2rayfree)
[2026-07-17 11:43:58] 仓库 https://github.com/mahdibland/ShadowsocksAggregator 候选文件较多 (1510 个)，先通过 commits API 过滤
[2026-07-17 11:44:00]   🍴 子仓库: 6 个 → 队列
[2026-07-17 11:44:00] 🔗 开始 Fork 链追踪 (rtwo2/FastNodes)
[2026-07-17 11:44:00] 👤 遍历用户仓库: free-nodes
[2026-07-17 11:44:00] 👤 遍历用户仓库: rtwo2
[2026-07-17 11:44:02]   🍴 兄弟仓库: 30 个 → 队列
[2026-07-17 11:44:02] 👤 遍历用户仓库: Farid-Karimi
[2026-07-17 11:44:02] ⏱️ Code [11/29] hysteria2:// extension:txt | 40s | +240 节点 | 配额 4690/4800
[2026-07-17 11:44:06]   👤 用户仓库: 11 个 → 队列
[2026-07-17 11:44:06]   用户 free-nodes 共查 11 个仓库
[2026-07-17 11:44:06] 仓库 https://github.com/wzdnzd/aggregator (分支: main, size: 1055057KB, pushed: 2026-07-16T13:06:55Z)
[2026-07-17 11:44:08]   用户 rtwo2 共查 0 个仓库
[2026-07-17 11:44:08] ⏱️ Code [12/29] tuic:// extension:txt | 4s | +0 节点 | 配额 4683/4800
[2026-07-17 11:44:08] 仓库 https://github.com/aiboboxx/v2rayfree (分支: main, size: 18828KB, pushed: 2026-07-17T02:55:59Z)
[2026-07-17 11:44:08]   👤 用户仓库: 29 个 → 队列
[2026-07-17 11:44:08]   用户 Farid-Karimi 共查 29 个仓库
[2026-07-17 11:44:08] 仓库 https://github.com/awesome-vpn/awesome-vpn (分支: master, size: 3009KB, pushed: 2026-07-17T01:59:56Z)
[2026-07-17 11:44:10] 仓库 https://github.com/wzdnzd/aggregator 候选文件较多 (384 个)，先通过 commits API 过滤[2026-07-17 11:44:10] 仓库 https://github.com/aiboboxx/v2rayfree 无候选文件 (总计 11 blob, 扩展名过滤 0, processed_shas 跳过 0, SHA 缓存跳过 11)

[2026-07-17 11:44:10] 🔗 查子仓库: aiboboxx/v2rayfree
[2026-07-17 11:44:12]   Compare API 返回 25 个变更文件 (3 次 API 调用)[2026-07-17 11:44:10] ⏱️ Code [13/29] vmess:// extension:json | 2s | +0 节点 | 配额 4678/4800

[2026-07-17 11:44:12] 仓库 https://github.com/awesome-vpn/awesome-vpn 无候选文件 (总计 44 blob, 扩展名过滤 27, processed_shas 跳过 0, SHA 缓存跳过 17)
[2026-07-17 11:44:12]   commits 过滤: 1510 → 1 (变更文件 25 个)
[2026-07-17 11:44:12] 仓库 https://github.com/mahdibland/ShadowsocksAggregator 候选文件 1 个[2026-07-17 11:44:12] 🔗 查子仓库: awesome-vpn/awesome-vpn

[2026-07-17 11:44:14] ⏱️ Code [14/29] vless:// extension:json | 2s | +0 节点 | 配额 4672/4800
[2026-07-17 11:44:16] 👤 遍历用户仓库: mahdibland
[2026-07-17 11:44:17] ⏱️ Code [15/29] hysteria2:// extension:json | 2s | +1841 节点 | 配额 4669/4800
[2026-07-17 11:44:19]   🍴 子仓库: 30 个 → 队列
[2026-07-17 11:44:19]   🍴 子仓库: 18 个 → 队列
[2026-07-17 11:44:19] 🔗 开始 Fork 链追踪 (awesome-vpn/awesome-vpn)
[2026-07-17 11:44:19] 🔗 开始 Fork 链追踪 (aiboboxx/v2rayfree)
[2026-07-17 11:44:21]   👤 用户仓库: 18 个 → 队列
[2026-07-17 11:44:21]   用户 mahdibland 共查 18 个仓库[2026-07-17 11:44:21]   Compare API 返回 10 个变更文件 (3 次 API 调用)

[2026-07-17 11:44:21] ⏱️ Code [16/29] tuic:// extension:json | 4s | +0 节点 | 配额 4662/4800[2026-07-17 11:44:21] 🔗 递归发现仓库 DoveBoy/Vmess-Actions (来源 https://raw.githubusercontent.com/mahdibland/ShadowsocksAggregator/master/sub/sub_list.json)
[2026-07-17 11:44:21]   commits 过滤: 384 → 0 (变更文件 10 个)
[2026-07-17 11:44:21] 仓库 https://github.com/wzdnzd/aggregator 候选文件经时间过滤后为空
[2026-07-17 11:44:21] 🔗 查子仓库: wzdnzd/aggregator

[2026-07-17 11:44:23] 👤 遍历用户仓库: awesome-vpn
[2026-07-17 11:44:23] 👤 遍历用户仓库: aiboboxx
[2026-07-17 11:44:23]   用户 aiboboxx 共查 0 个仓库
[2026-07-17 11:44:23] 仓库在黑名单中: https://github.com/bruceblink/free-v2ray
[2026-07-17 11:44:23] 仓库 https://github.com/Mr-Meshky/vify (分支: main, size: 162437KB, pushed: 2026-07-17T02:09:32Z)
[2026-07-17 11:44:25] ⚠️ 仓库 https://github.com/DoveBoy/Vmess-Actions 30422h 未更新，废弃 → 加入黑名单
[2026-07-17 11:44:25] 🔗 递归发现仓库 gooooooooooooogle/Clash-Config (来源 https://raw.githubusercontent.com/mahdibland/ShadowsocksAggregator/master/sub/sub_list.json)
[2026-07-17 11:44:25] ⏱️ Code [17/29] "type: vmess" extension:yaml | 4s | +0 节点 | 配额 4654/4800
[2026-07-17 11:44:27] 仓库 https://github.com/Mr-Meshky/vify 无候选文件 (总计 103 blob, 扩展名过滤 2, processed_shas 跳过 0, SHA 缓存跳过 101)
[2026-07-17 11:44:27] 🔗 查子仓库: Mr-Meshky/vify
[2026-07-17 11:44:29]   👤 用户仓库: 2 个 → 队列
[2026-07-17 11:44:29]   🍴 子仓库: 30 个 → 队列[2026-07-17 11:44:29]   用户 awesome-vpn 共查 2 个仓库

[2026-07-17 11:44:29] 🔗 开始 Fork 链追踪 (wzdnzd/aggregator)[2026-07-17 11:44:29] 仓库 https://github.com/pog7x/vpn-configs (分支: master, size: 683515KB, pushed: 2026-07-17T00:05:51Z)

[2026-07-17 11:44:29] ⏱️ Code [18/29] "type: vless" extension:yaml | 2s | +0 节点 | 配额 4650/4800
[2026-07-17 11:44:31] 👤 遍历用户仓库: wzdnzd[2026-07-17 11:44:31] ⚠️ 仓库 https://github.com/gooooooooooooogle/Clash-Config 33955h 未更新，废弃 → 加入黑名单[2026-07-17 11:44:31] 仓库 https://github.com/pog7x/vpn-configs 无候选文件 (总计 52 blob, 扩展名过滤 4, processed_shas 跳过 0, SHA 缓存跳过 48)

[2026-07-17 11:44:31] ⏱️ Code [19/29] "type: trojan" extension:yaml | 2s | +0 节点 | 配额 4644/4800

[2026-07-17 11:44:31] 🔗 查子仓库: pog7x/vpn-configs
[2026-07-17 11:44:31] 🔗 递归发现仓库 Jsnzkpg/Jsnzkpg (来源 https://raw.githubusercontent.com/mahdibland/ShadowsocksAggregator/master/sub/sub_list.json)
[2026-07-17 11:44:33]   🍴 子仓库: 2 个 → 队列
[2026-07-17 11:44:33] 🔗 开始 Fork 链追踪 (Mr-Meshky/vify)
[2026-07-17 11:44:35] ⏱️ Code [20/29] "type: hysteria2" extension:json | 4s | +0 节点 | 配额 4640/4800[2026-07-17 11:44:37] ⏭️ 仓库 https://github.com/Jsnzkpg/Jsnzkpg 41h 未更新，跳过解析（追踪 fork 链）
[2026-07-17 11:44:37] 👤 遍历用户仓库: Mr-Meshky
[2026-07-17 11:44:37] 👤 遍历用户仓库: Jsnzkpg

[2026-07-17 11:44:37] Code搜索第1页 返回 403 (尝试 1/2)
[2026-07-17 11:44:37] 触发限流，等待 28s ...
[2026-07-17 11:44:37]   👤 用户仓库: 30 个 → 队列
[2026-07-17 11:44:37]   用户 wzdnzd 共查 30 个仓库
[2026-07-17 11:44:37] 仓库 https://github.com/mheidari98/.proxy (分支: main, size: 1109KB, pushed: 2026-07-17T02:04:02Z)
[2026-07-17 11:44:39]   🍴 子仓库: 6 个 → 队列
[2026-07-17 11:44:39] 🔗 开始 Fork 链追踪 (pog7x/vpn-configs)
[2026-07-17 11:44:41] 仓库 https://github.com/mheidari98/.proxy 无候选文件 (总计 11 blob, 扩展名过滤 1, processed_shas 跳过 0, SHA 缓存跳过 10)
[2026-07-17 11:44:41] 🔗 查子仓库: mheidari98/.proxy
[2026-07-17 11:44:41]   👤 用户仓库: 18 个 → 队列
[2026-07-17 11:44:41]   用户 Mr-Meshky 共查 18 个仓库
[2026-07-17 11:44:41] 仓库 https://github.com/yitong2333/proxy-minging (分支: main, size: 1748102KB, pushed: 2026-07-17T02:18:14Z)
[2026-07-17 11:44:43]   👤 用户仓库: 1 个 → 队列[2026-07-17 11:44:43] 👤 遍历用户仓库: pog7x

[2026-07-17 11:44:43]   用户 Jsnzkpg 共查 1 个仓库
[2026-07-17 11:44:43] 🔗 递归发现仓库 anaer/Sub (来源 https://raw.githubusercontent.com/mahdibland/ShadowsocksAggregator/master/sub/sub_list.json)
[2026-07-17 11:44:45] 仓库 https://github.com/yitong2333/proxy-minging 无候选文件 (总计 14 blob, 扩展名过滤 3, processed_shas 跳过 0, SHA 缓存跳过 11)
[2026-07-17 11:44:45] 🔗 查子仓库: yitong2333/proxy-minging
[2026-07-17 11:44:45]   🍴 子仓库: 24 个 → 队列
[2026-07-17 11:44:45] 🔗 开始 Fork 链追踪 (mheidari98/.proxy)
[2026-07-17 11:44:45] 仓库 https://github.com/anaer/Sub (分支: main, size: 76KB, pushed: 2026-07-16T11:40:37Z)
[2026-07-17 11:44:47] 👤 遍历用户仓库: mheidari98
[2026-07-17 11:44:49] 仓库 https://github.com/anaer/Sub 候选文件 2 个
[2026-07-17 11:44:49]   👤 用户仓库: 14 个 → 队列
[2026-07-17 11:44:49]   用户 pog7x 共查 14 个仓库
[2026-07-17 11:44:49] 仓库 https://github.com/MhdiTaheri/V2rayCollector_Py (分支: main, size: 31341KB, pushed: 2026-07-17T03:19:44Z)
[2026-07-17 11:44:49]   🍴 子仓库: 7 个 → 队列
[2026-07-17 11:44:49] 🔗 开始 Fork 链追踪 (yitong2333/proxy-minging)
[2026-07-17 11:44:51] 🔗 发现仓库链接 xishang0128/geoi (来源 https://raw.githubusercontent.com/anaer/Sub/main/clash.yaml)
[2026-07-17 11:44:51] 仓库 https://github.com/MhdiTaheri/V2rayCollector_Py 无候选文件 (总计 5 blob, 扩展名过滤 1, processed_shas 跳过 0, SHA 缓存跳过 4)
[2026-07-17 11:44:51] 🔗 查子仓库: MhdiTaheri/V2rayCollector_Py
[2026-07-17 11:44:53]   父仓库: anaer/proxy-minging
[2026-07-17 11:44:53] 仓库在黑名单中: https://github.com/anaer/proxy-minging
[2026-07-17 11:44:53]   父仓库 +0 个节点
[2026-07-17 11:44:54]   👤 用户仓库: 30 个 → 队列
[2026-07-17 11:44:54]   用户 mheidari98 共查 30 个仓库
[2026-07-17 11:44:54] 仓库 https://github.com/mohamadfg-dev/telegram-v2ray-configs-collector (分支: main, size: 53246KB, pushed: 2026-07-16T22:37:47Z)
[2026-07-17 11:44:54] repo info (xishang0128/geoi) 404，跳过
[2026-07-17 11:44:54] 👤 遍历用户仓库: anaer
[2026-07-17 11:44:56] 仓库 https://github.com/mohamadfg-dev/telegram-v2ray-configs-collector 无候选文件 (总计 62 blob, 扩展名过滤 3, processed_shas 跳过 0, SHA 缓存跳过 59)
[2026-07-17 11:44:56] 🔗 查子仓库: mohamadfg-dev/telegram-v2ray-configs-collector
[2026-07-17 11:44:58]   🍴 兄弟仓库: 4 个 → 队列
[2026-07-17 11:44:58] 👤 遍历用户仓库: yitong2333
[2026-07-17 11:44:58]   👤 用户仓库: 30 个 → 队列
[2026-07-17 11:44:58]   用户 anaer 共查 30 个仓库
[2026-07-17 11:44:58] 🔗 递归发现仓库 kxswa/k (来源 https://raw.githubusercontent.com/mahdibland/ShadowsocksAggregator/master/sub/sub_list.json)
[2026-07-17 11:45:00]   🍴 子仓库: 30 个 → 队列
[2026-07-17 11:45:00] 🔗 开始 Fork 链追踪 (MhdiTaheri/V2rayCollector_Py)
[2026-07-17 11:45:02]   🍴 子仓库: 8 个 → 队列
[2026-07-17 11:45:02] 🔗 开始 Fork 链追踪 (mohamadfg-dev/telegram-v2ray-configs-collector)
[2026-07-17 11:45:02]   👤 用户仓库: 30 个 → 队列
[2026-07-17 11:45:02]   用户 yitong2333 共查 30 个仓库
[2026-07-17 11:45:02] 仓库 https://github.com/free18/v2ray (分支: main, size: 17826KB, pushed: 2026-07-16T04:41:36Z)
[2026-07-17 11:45:02] 👤 遍历用户仓库: mohamadfg-dev
[2026-07-17 11:45:04] 👤 遍历用户仓库: MhdiTaheri[2026-07-17 11:45:04] ⚠️ 仓库 https://github.com/kxswa/k 大小为 0，跳过

[2026-07-17 11:45:04] 仓库 https://github.com/free18/v2ray 无候选文件 (总计 6 blob, 扩展名过滤 1, processed_shas 跳过 0, SHA 缓存跳过 5)
[2026-07-17 11:45:04] 🔗 递归发现仓库 Rokate/Proxy-Sub (来源 https://raw.githubusercontent.com/mahdibland/ShadowsocksAggregator/master/sub/sub_list.json)[2026-07-17 11:45:04] 🔗 查子仓库: free18/v2ray

[2026-07-17 11:45:06]   用户 mohamadfg-dev 共查 0 个仓库
[2026-07-17 11:45:06] 仓库 https://github.com/Epodonios/v2ray-configs (分支: main, size: 25207001KB, pushed: 2026-07-17T01:30:01Z)
[2026-07-17 11:45:08] repo info (Rokate/Proxy-Sub) 404，跳过
[2026-07-17 11:45:08] 🔗 递归发现仓库 misersun/config002 (来源 https://raw.githubusercontent.com/mahdibland/ShadowsocksAggregator/master/sub/sub_list.json)
[2026-07-17 11:45:08] ⏱️ Code [21/29] proxy-groups extension:yaml | 31s | +406 节点 | 配额 4585/4800
[2026-07-17 11:45:10] 仓库 https://github.com/Epodonios/v2ray-configs 候选文件较多 (972 个)，先通过 commits API 过滤
[2026-07-17 11:45:10]   👤 用户仓库: 12 个 → 队列
[2026-07-17 11:45:10]   用户 MhdiTaheri 共查 12 个仓库
[2026-07-17 11:45:10] 仓库 https://github.com/acymz/AutoVPN (分支: main, size: 153660KB, pushed: 2026-07-17T00:02:45Z)
[2026-07-17 11:45:12] repo info (alanbobs999/TopFreeProxies) 返回 403 (尝试 1/2)[2026-07-17 11:45:12]   🍴 子仓库: 30 个 → 队列[2026-07-17 11:45:12] ⚠️ 仓库 https://github.com/misersun/config002 31923h 未更新，废弃 → 加入黑名单[2026-07-17 11:45:12] ⏱️ Code [22/29] outbounds extension:json | 4s | +0 节点 | 配额 4578/4800

[2026-07-17 11:45:12] 🔗 开始 Fork 链追踪 (free18/v2ray)


[2026-07-17 11:45:12] 🔗 递归发现仓库 vveg26/SubAutoConv (来源 https://raw.githubusercontent.com/mahdibland/ShadowsocksAggregator/master/sub/sub_list.json)
[2026-07-17 11:45:12] repo info (alanbobs999/TopFreeProxies) 403（访问被拒，配额剩余 4575），跳过
[2026-07-17 11:45:16] 👤 遍历用户仓库: free18
[2026-07-17 11:45:16] 仓库 https://github.com/acymz/AutoVPN 候选文件较多 (14897 个)，先通过 commits API 过滤
[2026-07-17 11:45:16] repo info (vveg26/SubAutoConv) 404，跳过
[2026-07-17 11:45:16] 🔗 递归发现仓库 tbbatbb/Proxy (来源 https://raw.githubusercontent.com/mahdibland/ShadowsocksAggregator/master/sub/sub_list.json)
[2026-07-17 11:45:19]   Compare API 返回 20 个变更文件 (3 次 API 调用)
[2026-07-17 11:45:19]   commits 过滤: 972 → 0 (变更文件 20 个)
[2026-07-17 11:45:19] 仓库 https://github.com/Epodonios/v2ray-configs 候选文件经时间过滤后为空
[2026-07-17 11:45:19] 🔗 查子仓库: Epodonios/v2ray-configs
[2026-07-17 11:45:21] ⏱️ Code [23/29] subscription-userinfo extension:txt | 8s | +0 节点 | 配额 4568/4800
[2026-07-17 11:45:21]   👤 用户仓库: 2 个 → 队列
[2026-07-17 11:45:21]   用户 free18 共查 2 个仓库
[2026-07-17 11:45:21] 仓库 https://github.com/snakem982/proxypool (分支: main, size: 48867KB, pushed: 2026-07-17T03:36:37Z)
[2026-07-17 11:45:23] repo info (tbbatbb/Proxy) 404，跳过[2026-07-17 11:45:23] ⏱️ Code [24/29] raw.githubusercontent.com extension:yaml | 2s | +0 节点 | 配额 4565/4800

[2026-07-17 11:45:23] 🔗 递归发现仓库 mfuu/v2ray (来源 https://raw.githubusercontent.com/mahdibland/ShadowsocksAggregator/master/sub/sub_list.json)
[2026-07-17 11:45:23]   Compare API 返回 10 个变更文件 (3 次 API 调用)
[2026-07-17 11:45:23]   commits 过滤: 14897 → 0 (变更文件 10 个)
[2026-07-17 11:45:23] 仓库 https://github.com/acymz/AutoVPN 候选文件经时间过滤后为空
[2026-07-17 11:45:23] 🔗 查子仓库: acymz/AutoVPN
[2026-07-17 11:45:25] 仓库 https://github.com/snakem982/proxypool 候选文件 1 个
[2026-07-17 11:45:25] ⏱️ Code [25/29] raw.githubusercontent.com extension:json | 2s | +0 节点 | 配额 4560/4800
[2026-07-17 11:45:25] 🔗 查子仓库: snakem982/proxypool
[2026-07-17 11:45:27] 仓库 https://github.com/mfuu/v2ray (分支: master, size: 24KB, pushed: 2026-07-16T21:56:04Z)
[2026-07-17 11:45:27]   🍴 子仓库: 30 个 → 队列
[2026-07-17 11:45:27] 🔗 开始 Fork 链追踪 (Epodonios/v2ray-configs)
[2026-07-17 11:45:29] ⏱️ Code [26/29] raw.githubusercontent.com extension:txt | 4s | +11 节点 | 配额 4554/4800[2026-07-17 11:45:31]   🍴 子仓库: 19 个 → 队列[2026-07-17 11:45:31] 👤 遍历用户仓库: Epodonios


[2026-07-17 11:45:31] 仓库 https://github.com/mfuu/v2ray 候选文件 3 个
[2026-07-17 11:45:31] 🔗 开始 Fork 链追踪 (acymz/AutoVPN)
[2026-07-17 11:45:31] 👤 遍历用户仓库: acymz
[2026-07-17 11:45:31] 🔗 递归发现仓库 freefq/free (来源 https://raw.githubusercontent.com/mfuu/v2ray/master/list.json)
[2026-07-17 11:45:33]   🍴 子仓库: 30 个 → 队列
[2026-07-17 11:45:33] 🔗 开始 Fork 链追踪 (snakem982/proxypool)
[2026-07-17 11:45:33] 🔵 关键词: 122 个
[2026-07-17 11:45:33] ⏱️ Code [27/29] v2ray aggregator extension:py | 2s | +0 节点 | 配额 4546/4800
[2026-07-17 11:45:35]   👤 用户仓库: 4 个 → 队列
[2026-07-17 11:45:35]   用户 acymz 共查 4 个仓库
[2026-07-17 11:45:35] 仓库在黑名单中: https://github.com/Leon406/SubCrawler
[2026-07-17 11:45:35] 仓库 https://github.com/603711936/SmartSub (分支: main, size: 206745KB, pushed: 2026-07-16T20:53:42Z)
[2026-07-17 11:45:35]   👤 用户仓库: 6 个 → 队列
[2026-07-17 11:45:35]   用户 Epodonios 共查 6 个仓库
[2026-07-17 11:45:35] 仓库 https://github.com/Triton-ix/v2ray-Finder (分支: main, size: 529828KB, pushed: 2026-07-17T01:36:46Z)
[2026-07-17 11:45:37] 👤 遍历用户仓库: snakem982
[2026-07-17 11:45:37] ⚠️ 仓库 https://github.com/freefq/free 16698h 未更新，废弃 → 加入黑名单
[2026-07-17 11:45:37] 仓库 https://github.com/603711936/SmartSub 候选文件较多 (190 个)，先通过 commits API 过滤[2026-07-17 11:45:37] ⏱️ Code [28/29] proxy collector extension:py | 2s | +0 节点 | 配额 4538/4800

[2026-07-17 11:45:37] 🔗 递归发现仓库 Misaka-blog/chromego_merge (来源 https://raw.githubusercontent.com/mfuu/v2ray/master/list.json)
[2026-07-17 11:45:39] 仓库 https://github.com/Triton-ix/v2ray-Finder 候选文件 1 个
[2026-07-17 11:45:41] ⏱️ Code [29/29] vmess:// raw.githubusercontent extension:py | 4s | +0 节点 | 配额 4534/4800[2026-07-17 11:45:43] 仓库 https://github.com/Misaka-blog/chromego_merge (分支: main, size: 120991KB, pushed: 2026-07-17T01:48:18Z)

[2026-07-17 11:45:43]   👤 用户仓库: 7 个 → 队列
[2026-07-17 11:45:43]   用户 snakem982 共查 7 个仓库
[2026-07-17 11:45:43] 仓库在黑名单中: https://github.com/wrfree/free
[2026-07-17 11:45:43] 仓库 https://github.com/barry-far/V2ray-Config (分支: main, size: 9645396KB, pushed: 2026-07-17T01:06:47Z)
[2026-07-17 11:45:44] 仓库 https://github.com/Misaka-blog/chromego_merge 候选文件 15 个
[2026-07-17 11:45:44] 仓库 https://github.com/barry-far/V2ray-Config 候选文件 4 个
[2026-07-17 11:45:44]   Compare API 返回 11 个变更文件 (3 次 API 调用)
[2026-07-17 11:45:44]   commits 过滤: 190 → 8 (变更文件 11 个)
[2026-07-17 11:45:44] 仓库 https://github.com/603711936/SmartSub 候选文件 8 个
[2026-07-17 11:45:44] 👤 遍历用户仓库: Misaka-blog
[2026-07-17 11:45:45] 🔗 递归发现仓库 go4sharing/sub (来源 https://raw.githubusercontent.com/603711936/SmartSub/main/sub/2026/7/7-17.yaml)
[2026-07-17 11:45:47] ⏭️ 仓库 https://github.com/go4sharing/sub 37h 未更新，跳过解析（追踪 fork 链）
[2026-07-17 11:45:47] 👤 遍历用户仓库: go4sharing
[2026-07-17 11:45:47] ⏱️ [1/122] free nodes pushed:>2026-07-16T03:42:55Z fork:true -language: | 13s | +862 | 配额 4525/4800
[2026-07-17 11:45:47] 📦 批次 0002 已持久化: /home/runner/work/test-college/test-college/batches/no_batch_0002.txt (11233 个节点, 累计 16284 个)
[2026-07-17 11:45:47] SHA 缓存已保存: 60743 条, 1 分片
[2026-07-17 11:45:47] 🔗 发现仓库链接 sinavm/SVM (来源 https://raw.githubusercontent.com/Triton-ix/v2ray-Finder/main/Full_uniqe-config.txt)
[2026-07-17 11:45:49] 仓库 https://github.com/sinavm/SVM (分支: main, size: 200579KB, pushed: 2026-07-17T02:13:50Z)
[2026-07-17 11:45:49]   👤 用户仓库: 12 个 → 队列
[2026-07-17 11:45:49]   用户 go4sharing 共查 12 个仓库
[2026-07-17 11:45:49] 仓库 https://github.com/sinavm/SVM 候选文件较多 (166 个)，先通过 commits API 过滤
[2026-07-17 11:45:50] 🔗 查子仓库: barry-far/V2ray-Config
[2026-07-17 11:45:50] 🔗 递归发现仓库 69z1zfw2fly/fly (来源 https://raw.githubusercontent.com/603711936/SmartSub/main/sub/sub_all.yaml)
[2026-07-17 11:45:53]   👤 用户仓库: 30 个 → 队列
[2026-07-17 11:45:53]   用户 Misaka-blog 共查 30 个仓库
[2026-07-17 11:45:53] 🔗 递归发现仓库 ripaojiedian/freenode (来源 https://raw.githubusercontent.com/mfuu/v2ray/master/list.json)
[2026-07-17 11:45:53] ⚠️ 仓库 https://github.com/69z1zfw2fly/fly 34720h 未更新，废弃 → 加入黑名单
[2026-07-17 11:45:53] 🔗 递归发现仓库 BUTUbird/ClashPoint (来源 https://raw.githubusercontent.com/603711936/SmartSub/main/sub/sub_all.yaml)
[2026-07-17 11:45:55] ⏱️ [2/122] free proxy nodes pushed:>2026-07-16T03:42:55Z fork:true -lan | 9s | +7065 | 配额 4512/4800
[2026-07-17 11:45:55] 仓库 https://github.com/ripaojiedian/freenode (分支: main, size: 9446KB, pushed: 2026-07-17T00:44:08Z)
[2026-07-17 11:45:57] ⚠️ 仓库 https://github.com/BUTUbird/ClashPoint 33494h 未更新，废弃 → 加入黑名单[2026-07-17 11:45:57]   🍴 子仓库: 30 个 → 队列

[2026-07-17 11:45:57]   Compare API 返回 32 个变更文件 (3 次 API 调用)[2026-07-17 11:45:57] 🔗 开始 Fork 链追踪 (barry-far/V2ray-Config)

[2026-07-17 11:45:57] 🔗 递归发现仓库 Junely/clash (来源 https://raw.githubusercontent.com/603711936/SmartSub/main/sub/sub_all.yaml)
[2026-07-17 11:45:57]   commits 过滤: 166 → 31 (变更文件 32 个)
[2026-07-17 11:45:57] 仓库 https://github.com/sinavm/SVM 候选文件 31 个
[2026-07-17 11:45:58] 🔗 发现仓库链接 sinavm/SVM (来源 https://raw.githubusercontent.com/sinavm/SVM/main/subscriptions/singbox/reality.json)
[2026-07-17 11:45:58] 🔗 发现仓库链接 sinavm/SVM (来源 https://raw.githubusercontent.com/sinavm/SVM/main/lite/subscriptions/xray/normal/reality)[2026-07-17 11:45:58] 🔗 发现仓库链接 sinavm/SVM (来源 https://raw.githubusercontent.com/sinavm/SVM/main/lite/subscriptions/xray/normal/vless)[2026-07-17 11:45:58] 🔗 发现仓库链接 sinavm/SVM (来源 https://raw.githubusercontent.com/sinavm/SVM/main/subscriptions/singbox/vmess.json)[2026-07-17 11:45:58] 🔗 发现仓库链接 sinavm/SVM (来源 https://raw.githubusercontent.com/sinavm/SVM/main/subscriptions/singbox/hy2.json)

[2026-07-17 11:45:58] 🔗 发现仓库链接 sinavm/SVM (来源 https://raw.githubusercontent.com/sinavm/SVM/main/subscriptions/singbox/tuic.json)
[2026-07-17 11:45:58] 🔗 发现仓库链接 sinavm/SVM (来源 https://raw.githubusercontent.com/sinavm/SVM/main/subscriptions/warp/config)
[2026-07-17 11:45:58] 🔗 发现仓库链接 chocolate4u/Iran-clash-rule (来源 https://raw.githubusercontent.com/sinavm/SVM/main/lite/subscriptions/meta/reality)


[2026-07-17 11:45:58] 🔗 发现仓库链接 chocolate4u/Iran-clash-rule (来源 https://raw.githubusercontent.com/sinavm/SVM/main/lite/subscriptions/meta/vless)
[2026-07-17 11:45:58] 🔗 发现仓库链接 sinavm/SVM (来源 https://raw.githubusercontent.com/sinavm/SVM/main/lite/subscriptions/xray/normal/mix)
[2026-07-17 11:45:58] 🔗 发现仓库链接 sinavm/SVM (来源 https://raw.githubusercontent.com/sinavm/SVM/main/subscriptions/xray/normal/reality)
[2026-07-17 11:45:58] 🔗 发现仓库链接 chocolate4u/Iran-clash-rule (来源 https://raw.githubusercontent.com/sinavm/SVM/main/lite/subscriptions/meta/mix)
[2026-07-17 11:45:58] 🔗 发现仓库链接 sinavm/SVM (来源 https://raw.githubusercontent.com/sinavm/SVM/main/subscriptions/singbox/ss.json)
[2026-07-17 11:45:58] 🔗 发现仓库链接 sinavm/SVM (来源 https://raw.githubusercontent.com/sinavm/SVM/main/subscriptions/singbox/trojan.json)
[2026-07-17 11:45:58] 🔗 发现仓库链接 sinavm/SVM (来源 https://raw.githubusercontent.com/sinavm/SVM/main/subscriptions/xray/normal/vless)
[2026-07-17 11:45:59] 🔗 发现仓库链接 chocolate4u/Iran-clash-rule (来源 https://raw.githubusercontent.com/sinavm/SVM/main/subscriptions/meta/reality)
[2026-07-17 11:45:59] 仓库 https://github.com/ripaojiedian/freenode 候选文件 11 个
[2026-07-17 11:46:00] 👤 遍历用户仓库: barry-far
[2026-07-17 11:46:00] ⚠️ 仓库 https://github.com/Junely/clash 23137h 未更新，废弃 → 加入黑名单
[2026-07-17 11:46:00] 🔗 递归发现仓库 NiceVPN123/NiceVPN (来源 https://raw.githubusercontent.com/603711936/SmartSub/main/sub/sub_all.yaml)[2026-07-17 11:46:00] ⏱️ [3/122] free v2ray nodes pushed:>2026-07-16T03:42:55Z fork:true -lan | 4s | +416 | 配额 4503/4800

[2026-07-17 11:46:01] 👤 遍历用户仓库: ripaojiedian
[2026-07-17 11:46:02] repo info (chocolate4u/Iran-clash-rule) 404，跳过[2026-07-17 11:46:02] repo info (chocolate4u/Iran-clash-rule) 404，跳过
[2026-07-17 11:46:02] 仓库 https://github.com/sinavm/SVM (分支: main, size: 200579KB, pushed: 2026-07-17T02:13:50Z)[2026-07-17 11:46:02] 仓库 https://github.com/sinavm/SVM (分支: main, size: 200579KB, pushed: 2026-07-17T02:13:50Z)[2026-07-17 11:46:02] 仓库 https://github.com/sinavm/SVM (分支: main, size: 200579KB, pushed: 2026-07-17T02:13:50Z)[2026-07-17 11:46:02] 仓库 https://github.com/sinavm/SVM (分支: main, size: 200579KB, pushed: 2026-07-17T02:13:50Z)
[2026-07-17 11:46:02] repo info (chocolate4u/Iran-clash-rule) 404，跳过[2026-07-17 11:46:02] 仓库 https://github.com/sinavm/SVM (分支: main, size: 200579KB, pushed: 2026-07-17T02:13:50Z)

[2026-07-17 11:46:02] 仓库 https://github.com/sinavm/SVM (分支: main, size: 200579KB, pushed: 2026-07-17T02:13:50Z)[2026-07-17 11:46:02] 仓库 https://github.com/sinavm/SVM (分支: main, size: 200579KB, pushed: 2026-07-17T02:13:50Z)
[2026-07-17 11:46:02] 仓库 https://github.com/sinavm/SVM (分支: main, size: 200579KB, pushed: 2026-07-17T02:13:50Z)



[2026-07-17 11:46:02] repo info (chocolate4u/Iran-clash-rule) 404，跳过[2026-07-17 11:46:02] 仓库 https://github.com/sinavm/SVM (分支: main, size: 200579KB, pushed: 2026-07-17T02:13:50Z)


[2026-07-17 11:46:02] 仓库 https://github.com/sinavm/SVM (分支: main, size: 200579KB, pushed: 2026-07-17T02:13:50Z)[2026-07-17 11:46:02] 仓库 https://github.com/sinavm/SVM (分支: main, size: 200579KB, pushed: 2026-07-17T02:13:50Z)

[2026-07-17 11:46:02] 仓库 https://github.com/sinavm/SVM (分支: main, size: 200579KB, pushed: 2026-07-17T02:13:50Z)

[2026-07-17 11:46:02] 🔗 发现仓库链接 sinavm/SVM (来源 https://raw.githubusercontent.com/sinavm/SVM/main/subscriptions/xray/normal/mix)
[2026-07-17 11:46:04] 🔗 发现仓库链接 sinavm/SVM (来源 https://raw.githubusercontent.com/sinavm/SVM/main/subscriptions/singbox/vless.json)
[2026-07-17 11:46:05] 🔗 发现仓库链接 sinavm/SVM (来源 https://raw.githubusercontent.com/sinavm/SVM/main/subscriptions/singbox/mix.json)
[2026-07-17 11:46:12] 仓库 https://github.com/NiceVPN123/NiceVPN (分支: main, size: 4818677KB, pushed: 2026-07-17T02:39:40Z)
[2026-07-17 11:46:14]   👤 用户仓库: 6 个 → 队列[2026-07-17 11:46:14] 仓库 https://github.com/sinavm/SVM 候选文件较多 (135 个)，先通过 commits API 过滤

[2026-07-17 11:46:14]   用户 barry-far 共查 6 个仓库
[2026-07-17 11:46:14] 仓库 https://github.com/Ruk1ng001/freeSub (分支: main, size: 525KB, pushed: 2026-07-17T02:00:06Z)
[2026-07-17 11:46:16] 仓库 https://github.com/sinavm/SVM 候选文件较多 (135 个)，先通过 commits API 过滤[2026-07-17 11:46:16] 仓库 https://github.com/sinavm/SVM 候选文件较多 (135 个)，先通过 commits API 过滤
[2026-07-17 11:46:16] 仓库 https://github.com/sinavm/SVM 候选文件较多 (135 个)，先通过 commits API 过滤
[2026-07-17 11:46:16] 仓库 https://github.com/sinavm/SVM 候选文件较多 (135 个)，先通过 commits API 过滤[2026-07-17 11:46:16] 仓库 https://github.com/sinavm/SVM 候选文件较多 (135 个)，先通过 commits API 过滤[2026-07-17 11:46:16] 仓库 https://github.com/sinavm/SVM 候选文件较多 (135 个)，先通过 commits API 过滤
[2026-07-17 11:46:16] 仓库 https://github.com/sinavm/SVM 候选文件较多 (135 个)，先通过 commits API 过滤[2026-07-17 11:46:16] 仓库 https://github.com/sinavm/SVM 候选文件较多 (135 个)，先通过 commits API 过滤


[2026-07-17 11:46:16] 仓库 https://github.com/sinavm/SVM 候选文件较多 (135 个)，先通过 commits API 过滤
[2026-07-17 11:46:16] 仓库 https://github.com/sinavm/SVM 候选文件较多 (135 个)，先通过 commits API 过滤[2026-07-17 11:46:16] 仓库 https://github.com/sinavm/SVM (分支: main, size: 200579KB, pushed: 2026-07-17T02:13:50Z)


[2026-07-17 11:46:16] 仓库 https://github.com/sinavm/SVM 候选文件较多 (135 个)，先通过 commits API 过滤

[2026-07-17 11:46:22] 仓库 https://github.com/sinavm/SVM (分支: main, size: 200579KB, pushed: 2026-07-17T02:13:50Z)
[2026-07-17 11:46:22] 仓库 https://github.com/sinavm/SVM (分支: main, size: 200579KB, pushed: 2026-07-17T02:13:50Z)
[2026-07-17 11:46:24] 仓库 https://github.com/NiceVPN123/NiceVPN 候选文件较多 (469 个)，先通过 commits API 过滤
[2026-07-17 11:46:24]   👤 用户仓库: 1 个 → 队列
[2026-07-17 11:46:24]   用户 ripaojiedian 共查 1 个仓库
[2026-07-17 11:46:24] 🔗 发现仓库链接 Fukki-Z/nodefree (来源 https://raw.githubusercontent.com/mfuu/v2ray/master/list.json)
[2026-07-17 11:46:26] 仓库 https://github.com/Ruk1ng001/freeSub 候选文件 4 个
[2026-07-17 11:46:26] 🔗 发现仓库链接 Ruk1ng001/freeSu (来源 https://raw.githubusercontent.com/Ruk1ng001/freeSub/main/README.md)
[2026-07-17 11:46:24] ⏱️ [4/122] free clash nodes pushed:>2026-07-16T03:42:55Z fork:true -lan | 24s | +328 | 配额 4462/4800
[2026-07-17 11:46:28] 仓库 https://github.com/sinavm/SVM 候选文件较多 (135 个)，先通过 commits API 过滤
[2026-07-17 11:46:32] 仓库 https://github.com/sinavm/SVM 候选文件较多 (135 个)，先通过 commits API 过滤[2026-07-17 11:46:32] 仓库 https://github.com/sinavm/SVM 候选文件较多 (135 个)，先通过 commits API 过滤

[2026-07-17 11:46:36] repo info (Fukki-Z/nodefree) 404，跳过
[2026-07-17 11:46:36] 🔗 发现仓库链接 vxiaov/free_proxies (来源 https://raw.githubusercontent.com/mfuu/v2ray/master/list.json)
[2026-07-17 11:46:38] repo info (Ruk1ng001/freeSu) 404，跳过
[2026-07-17 11:46:39] 🔗 查子仓库: Ruk1ng001/freeSub
[2026-07-17 11:46:48] ⚠️ 仓库 https://github.com/vxiaov/free_proxies 5462h 未更新，废弃 → 加入黑名单
[2026-07-17 11:46:48] 🔗 发现仓库链接 vxiaov/free_proxie (来源 https://raw.githubusercontent.com/mfuu/v2ray/master/list.json)
[2026-07-17 11:46:50]   Compare API 返回 32 个变更文件 (3 次 API 调用)[2026-07-17 11:46:50]   Compare API 返回 32 个变更文件 (3 次 API 调用)

[2026-07-17 11:46:50]   commits 过滤: 135 → 0 (变更文件 32 个)[2026-07-17 11:46:50]   commits 过滤: 135 → 0 (变更文件 32 个)[2026-07-17 11:46:50]   Compare API 返回 32 个变更文件 (3 次 API 调用)[2026-07-17 11:46:50]   Compare API 返回 32 个变更文件 (3 次 API 调用)[2026-07-17 11:46:50]   Compare API 返回 32 个变更文件 (3 次 API 调用)
[2026-07-17 11:46:50]   Compare API 返回 32 个变更文件 (3 次 API 调用)
[2026-07-17 11:46:50]   Compare API 返回 32 个变更文件 (3 次 API 调用)[2026-07-17 11:46:50]   Compare API 返回 32 个变更文件 (3 次 API 调用)
[2026-07-17 11:46:50]   Compare API 返回 32 个变更文件 (3 次 API 调用)[2026-07-17 11:46:50] 仓库 https://github.com/sinavm/SVM 候选文件经时间过滤后为空



[2026-07-17 11:46:50]   Compare API 返回 32 个变更文件 (3 次 API 调用)[2026-07-17 11:46:50]   Compare API 返回 32 个变更文件 (3 次 API 调用)[2026-07-17 11:46:50]   commits 过滤: 135 → 0 (变更文件 32 个)[2026-07-17 11:46:50]   Compare API 返回 32 个变更文件 (3 次 API 调用)

[2026-07-17 11:46:50]   commits 过滤: 135 → 0 (变更文件 32 个)





[2026-07-17 11:46:50]   commits 过滤: 135 → 0 (变更文件 32 个)[2026-07-17 11:46:50]   commits 过滤: 135 → 0 (变更文件 32 个)[2026-07-17 11:46:50] 仓库 https://github.com/sinavm/SVM 候选文件经时间过滤后为空[2026-07-17 11:46:50]   commits 过滤: 135 → 0 (变更文件 32 个)[2026-07-17 11:46:50]   commits 过滤: 135 → 0 (变更文件 32 个)[2026-07-17 11:46:50]   commits 过滤: 135 → 0 (变更文件 32 个)[2026-07-17 11:46:50] 仓库 https://github.com/sinavm/SVM 候选文件经时间过滤后为空


[2026-07-17 11:46:50] 仓库 https://github.com/sinavm/SVM 候选文件经时间过滤后为空[2026-07-17 11:46:50]   commits 过滤: 135 → 0 (变更文件 32 个)





[2026-07-17 11:46:50]   commits 过滤: 135 → 0 (变更文件 32 个)[2026-07-17 11:46:50] 仓库 https://github.com/sinavm/SVM 候选文件经时间过滤后为空[2026-07-17 11:46:50] 👤 遍历用户仓库: sinavm[2026-07-17 11:46:50] 仓库 https://github.com/sinavm/SVM 候选文件经时间过滤后为空[2026-07-17 11:46:50] 仓库 https://github.com/sinavm/SVM 候选文件经时间过滤后为空[2026-07-17 11:46:50] 👤 遍历用户仓库: sinavm
[2026-07-17 11:46:50] 仓库 https://github.com/sinavm/SVM 候选文件经时间过滤后为空


[2026-07-17 11:46:50] 👤 遍历用户仓库: sinavm[2026-07-17 11:46:50] 仓库 https://github.com/sinavm/SVM 候选文件经时间过滤后为空[2026-07-17 11:46:50] 👤 遍历用户仓库: sinavm[2026-07-17 11:46:50] 👤 遍历用户仓库: sinavm[2026-07-17 11:46:50]   commits 过滤: 135 → 0 (变更文件 32 个)
[2026-07-17 11:46:50] 仓库 https://github.com/sinavm/SVM 候选文件经时间过滤后为空
[2026-07-17 11:46:50] 👤 遍历用户仓库: sinavm[2026-07-17 11:46:50] 👤 遍历用户仓库: sinavm
[2026-07-17 11:46:50] 仓库 https://github.com/sinavm/SVM 候选文件经时间过滤后为空




[2026-07-17 11:46:50] 👤 遍历用户仓库: sinavm

[2026-07-17 11:46:50] 仓库 https://github.com/sinavm/SVM 候选文件经时间过滤后为空

[2026-07-17 11:46:50] 👤 遍历用户仓库: sinavm[2026-07-17 11:46:50] 👤 遍历用户仓库: sinavm
[2026-07-17 11:46:50] 👤 遍历用户仓库: sinavm


[2026-07-17 11:46:50] 👤 遍历用户仓库: sinavm

[2026-07-17 11:46:58]   Compare API 返回 3 个变更文件 (3 次 API 调用)[2026-07-17 11:46:58] repo info (vxiaov/free_proxie) 404，跳过
[2026-07-17 11:46:58]   Compare API 返回 32 个变更文件 (3 次 API 调用)[2026-07-17 11:46:58]   🍴 子仓库: 30 个 → 队列[2026-07-17 11:46:58] ⏱️ [5/122] free trojan nodes pushed:>2026-07-16T03:42:55Z fork:true -la | 30s | +9 | 配额 4406/4800



[2026-07-17 11:46:58] 🔗 发现仓库链接 mahdibland/V2RayAggregato (来源 https://raw.githubusercontent.com/mfuu/v2ray/master/list.json)[2026-07-17 11:46:58]   commits 过滤: 135 → 0 (变更文件 32 个)[2026-07-17 11:46:58]   commits 过滤: 469 → 0 (变更文件 3 个)
[2026-07-17 11:46:58] 🔗 开始 Fork 链追踪 (Ruk1ng001/freeSub)

[2026-07-17 11:46:58] 仓库 https://github.com/sinavm/SVM 候选文件经时间过滤后为空

[2026-07-17 11:46:58] 仓库 https://github.com/NiceVPN123/NiceVPN 候选文件经时间过滤后为空[2026-07-17 11:46:58] 👤 遍历用户仓库: sinavm

[2026-07-17 11:46:58] 👤 遍历用户仓库: NiceVPN123
[2026-07-17 11:47:04]   Compare API 返回 32 个变更文件 (3 次 API 调用)
[2026-07-17 11:47:04]   commits 过滤: 135 → 0 (变更文件 32 个)
[2026-07-17 11:47:04] 仓库 https://github.com/sinavm/SVM 候选文件经时间过滤后为空
[2026-07-17 11:47:04] 👤 遍历用户仓库: sinavm
[2026-07-17 11:47:10] 👤 遍历用户仓库: Ruk1ng001
[2026-07-17 11:47:10]   Compare API 返回 32 个变更文件 (3 次 API 调用)
[2026-07-17 11:47:10]   commits 过滤: 135 → 0 (变更文件 32 个)
[2026-07-17 11:47:10] 仓库 https://github.com/sinavm/SVM 候选文件经时间过滤后为空
[2026-07-17 11:47:10] 👤 遍历用户仓库: sinavm
[2026-07-17 11:47:12] repo info (mahdibland/V2RayAggregato) 404，跳过
[2026-07-17 11:47:12]   👤 用户仓库: 16 个 → 队列
[2026-07-17 11:47:12]   用户 sinavm 共查 0 个仓库
[2026-07-17 11:47:12]   用户 sinavm 共查 16 个仓库
[2026-07-17 11:47:12] 👤 遍历用户仓库: mfuu
[2026-07-17 11:47:16]   用户 sinavm 共查 0 个仓库[2026-07-17 11:47:16]   用户 sinavm 共查 0 个仓库[2026-07-17 11:47:16]   用户 sinavm 共查 0 个仓库

[2026-07-17 11:47:16]   用户 sinavm 共查 0 个仓库
[2026-07-17 11:47:16]   用户 sinavm 共查 0 个仓库[2026-07-17 11:47:16]   用户 sinavm 共查 0 个仓库[2026-07-17 11:47:16]   用户 sinavm 共查 0 个仓库[2026-07-17 11:47:16]   用户 sinavm 共查 0 个仓库
[2026-07-17 11:47:16]   用户 sinavm 共查 0 个仓库




[2026-07-17 11:47:16]   用户 sinavm 共查 0 个仓库
[2026-07-17 11:47:20]   👤 用户仓库: 3 个 → 队列
[2026-07-17 11:47:20]   用户 sinavm 共查 0 个仓库
[2026-07-17 11:47:20]   用户 NiceVPN123 共查 3 个仓库
[2026-07-17 11:47:20] ⏱️ [6/122] free hysteria nodes pushed:>2026-07-16T03:42:55Z fork:true - | 22s | +0 | 配额 4369/4800
[2026-07-17 11:47:26]   用户 sinavm 共查 0 个仓库
[2026-07-17 11:47:26]   👤 用户仓库: 16 个 → 队列
[2026-07-17 11:47:26]   用户 Ruk1ng001 共查 16 个仓库
[2026-07-17 11:47:26] 仓库在黑名单中: https://github.com/learnhard-cn/free_proxy_ss
[2026-07-17 11:47:26] 仓库 https://github.com/LingQingOutAt11/free-vpn-subscriptions (分支: main, size: 55241KB, pushed: 2026-07-17T03:42:16Z)
[2026-07-17 11:47:28]   用户 sinavm 共查 0 个仓库
[2026-07-17 11:47:28]   👤 用户仓库: 30 个 → 队列
[2026-07-17 11:47:28]   用户 mfuu 共查 30 个仓库
[2026-07-17 11:47:28] 👤 遍历用户仓库: sinavm
[2026-07-17 11:47:29] 仓库 https://github.com/LingQingOutAt11/free-vpn-subscriptions 候选文件 16 个
[2026-07-17 11:47:30] 🔗 查子仓库: LingQingOutAt11/free-vpn-subscriptions
[2026-07-17 11:47:31]   用户 sinavm 共查 0 个仓库
[2026-07-17 11:47:31] 🔗 查子仓库: Triton-ix/v2ray-Finder
[2026-07-17 11:47:31] 🔗 开始 Fork 链追踪 (LingQingOutAt11/free-vpn-subscriptions)
[2026-07-17 11:47:31] ⏱️ [7/122] free vless nodes pushed:>2026-07-16T03:42:55Z fork:true -lan | 5s | +4 | 配额 4358/4800
[2026-07-17 11:47:31] 🔗 开始 Fork 链追踪 (Triton-ix/v2ray-Finder)
[2026-07-17 11:47:32] 👤 遍历用户仓库: mahdibland
[2026-07-17 11:47:33]   父仓库: Au1rxx/free-vpn-subscriptions
[2026-07-17 11:47:34] 👤 遍历用户仓库: Triton-ix
[2026-07-17 11:47:36] 📦 批次 0003 已持久化: /home/runner/work/test-college/test-college/batches/no_batch_0003.txt (18635 个节点, 累计 34919 个)
[2026-07-17 11:47:36] SHA 缓存已保存: 60815 条, 1 分片
[2026-07-17 11:47:36] 🔗 查子仓库: 603711936/SmartSub
[2026-07-17 11:47:36]   用户 mahdibland 共查 0 个仓库
[2026-07-17 11:47:36] 🔗 开始 Fork 链追踪 (603711936/SmartSub)
[2026-07-17 11:47:38]   🍴 兄弟仓库: 30 个 → 队列
[2026-07-17 11:47:38] 👤 遍历用户仓库: LingQingOutAt11[2026-07-17 11:47:38] ⏱️ [8/122] free hysteria2 nodes pushed:>2026-07-16T03:42:55Z fork:true  | 6s | +13741 | 配额 4347/4800

[2026-07-17 11:47:40]   父仓库: noxenys/SmartSub
[2026-07-17 11:47:40] 仓库 https://github.com/noxenys/SmartSub (分支: main, size: 194489KB, pushed: 2026-07-16T21:22:04Z)
[2026-07-17 11:47:40]   👤 用户仓库: 4 个 → 队列
[2026-07-17 11:47:40]   用户 Triton-ix 共查 4 个仓库
[2026-07-17 11:47:40] 仓库 https://github.com/FreeFolksOn/abc-configs-free-vpn-proxy-list (分支: main, size: 4597KB, pushed: 2026-07-17T03:37:06Z)
[2026-07-17 11:47:40] ⏱️ [9/122] free tuic nodes pushed:>2026-07-16T03:42:55Z fork:true -lang | 2s | +0 | 配额 4344/4800
[2026-07-17 11:47:41] 🔗 查子仓库: mahdibland/V2RayAggregator
[2026-07-17 11:47:42] 仓库 https://github.com/noxenys/SmartSub 候选文件较多 (188 个)，先通过 commits API 过滤[2026-07-17 11:47:42] 仓库 https://github.com/FreeFolksOn/abc-configs-free-vpn-proxy-list 候选文件 1 个

[2026-07-17 11:47:43] 🔗 查子仓库: FreeFolksOn/abc-configs-free-vpn-proxy-list
[2026-07-17 11:47:44]   👤 用户仓库: 1 个 → 队列
[2026-07-17 11:47:44]   用户 LingQingOutAt11 共查 1 个仓库
[2026-07-17 11:47:44] 仓库 https://github.com/Au1rxx/free-vpn-subscriptions (分支: main, size: 67400KB, pushed: 2026-07-17T03:33:45Z)
[2026-07-17 11:47:44] ⏱️ [10/122] free reality nodes pushed:>2026-07-16T03:42:55Z fork:true -l | 4s | +1 | 配额 4337/4800
[2026-07-17 11:47:46] 仓库 https://github.com/Au1rxx/free-vpn-subscriptions 候选文件 23 个
[2026-07-17 11:47:47] 🔗 查子仓库: Au1rxx/free-vpn-subscriptions
[2026-07-17 11:47:48]   🍴 子仓库: 2 个 → 队列
[2026-07-17 11:47:48] 🔗 开始 Fork 链追踪 (FreeFolksOn/abc-configs-free-vpn-proxy-list)
[2026-07-17 11:47:49] 👤 遍历用户仓库: FreeFolksOn
[2026-07-17 11:47:51] ⏱️ [11/122] free singbox nodes pushed:>2026-07-16T03:42:55Z fork:true -l | 6s | +1 | 配额 4329/4800
[2026-07-17 11:47:51]   Compare API 返回 10 个变更文件 (3 次 API 调用)[2026-07-17 11:47:51]   🍴 子仓库: 30 个 → 队列

[2026-07-17 11:47:51] 🔗 开始 Fork 链追踪 (mahdibland/V2RayAggregator)[2026-07-17 11:47:51]   commits 过滤: 188 → 8 (变更文件 10 个)

[2026-07-17 11:47:51] 仓库 https://github.com/noxenys/SmartSub 候选文件 8 个
[2026-07-17 11:47:53]   👤 用户仓库: 5 个 → 队列
[2026-07-17 11:47:53]   用户 FreeFolksOn 共查 5 个仓库
[2026-07-17 11:47:53] 仓库 https://github.com/PENZA84/free-node (分支: main, size: 25378KB, pushed: 2026-07-17T03:23:26Z)
[2026-07-17 11:47:53]   🍴 子仓库: 2 个 → 队列
[2026-07-17 11:47:53] 🔗 开始 Fork 链追踪 (Au1rxx/free-vpn-subscriptions)
[2026-07-17 11:47:55] 👤 遍历用户仓库: mahdibland
[2026-07-17 11:47:55] 仓库 https://github.com/PENZA84/free-node 候选文件 1 个
[2026-07-17 11:47:55] 🔗 查子仓库: PENZA84/free-node
[2026-07-17 11:47:57] 👤 遍历用户仓库: Au1rxx
[2026-07-17 11:47:57] 🔗 开始 Fork 链追踪 (PENZA84/free-node)
[2026-07-17 11:47:57] ⏱️ [12/122] free shadowsocks nodes pushed:>2026-07-16T03:42:55Z fork:tru | 6s | +1809 | 配额 4316/4800
[2026-07-17 11:47:59]   用户 mahdibland 共查 0 个仓库
[2026-07-17 11:47:59]   父仓库: HakurouKen/free-node[2026-07-17 11:47:59] 仓库 https://github.com/muxd93/awesome-vpn (分支: master, size: 2978KB, pushed: 2026-07-17T03:09:34Z)

[2026-07-17 11:48:01] ⏱️ [13/122] free wireguard nodes pushed:>2026-07-16T03:42:55Z fork:true  | 4s | +0 | 配额 4312/4800
[2026-07-17 11:48:01]   👤 用户仓库: 25 个 → 队列
[2026-07-17 11:48:01]   用户 Au1rxx 共查 25 个仓库
[2026-07-17 11:48:01] 仓库 https://github.com/junjun266/FreeProxyGo (分支: main, size: 1522KB, pushed: 2026-07-17T03:00:02Z)
[2026-07-17 11:48:01] 仓库 https://github.com/muxd93/awesome-vpn 无候选文件 (总计 44 blob, 扩展名过滤 27, processed_shas 跳过 0, SHA 缓存跳过 17)
[2026-07-17 11:48:01] 🔗 查子仓库: muxd93/awesome-vpn
[2026-07-17 11:48:03] 仓库 https://github.com/junjun266/FreeProxyGo 候选文件 1 个[2026-07-17 11:48:03] 🔗 开始 Fork 链追踪 (muxd93/awesome-vpn)

[2026-07-17 11:48:04]   🍴 兄弟仓库: 17 个 → 队列
[2026-07-17 11:48:04] 👤 遍历用户仓库: PENZA84
[2026-07-17 11:48:04] 🔗 查子仓库: junjun266/FreeProxyGo
[2026-07-17 11:48:05] 👤 遍历用户仓库: noxenys
[2026-07-17 11:48:06]   父仓库: awesome-vpn/awesome-vpn
[2026-07-17 11:48:06]   🍴 子仓库: 3 个 → 队列
[2026-07-17 11:48:06] 🔗 开始 Fork 链追踪 (junjun266/FreeProxyGo)
[2026-07-17 11:48:10] 👤 遍历用户仓库: junjun266
[2026-07-17 11:48:10]   👤 用户仓库: 30 个 → 队列
[2026-07-17 11:48:10]   用户 noxenys 共查 30 个仓库
[2026-07-17 11:48:10]   父仓库 +2026 个节点
[2026-07-17 11:48:12]   🍴 兄弟仓库: 28 个 → 队列[2026-07-17 11:48:12] ⏱️ [14/122] free proxy list pushed:>2026-07-16T03:42:55Z fork:true -lang | 11s | +215 | 配额 4291/4800

[2026-07-17 11:48:12] 👤 遍历用户仓库: muxd93
[2026-07-17 11:48:14]   用户 junjun266 共查 0 个仓库
[2026-07-17 11:48:14] 仓库 https://github.com/HakurouKen/free-node (分支: main, size: 25372KB, pushed: 2026-07-17T02:47:47Z)
[2026-07-17 11:48:14]   👤 用户仓库: 30 个 → 队列
[2026-07-17 11:48:14]   用户 PENZA84 共查 30 个仓库
[2026-07-17 11:48:14] 仓库 https://github.com/wenxig/free-nodes-sub (分支: main, size: 12322KB, pushed: 2026-07-17T02:14:12Z)
[2026-07-17 11:48:16]   🍴 兄弟仓库: 6 个 → 队列
[2026-07-17 11:48:16] 仓库 https://github.com/HakurouKen/free-node 候选文件 1 个
[2026-07-17 11:48:16] 👤 遍历用户仓库: 603711936
[2026-07-17 11:48:16] 🔗 查子仓库: HakurouKen/free-node
[2026-07-17 11:48:18] 仓库 https://github.com/wenxig/free-nodes-sub 候选文件 3 个
[2026-07-17 11:48:18]   👤 用户仓库: 20 个 → 队列
[2026-07-17 11:48:18]   用户 muxd93 共查 20 个仓库
[2026-07-17 11:48:18] 仓库 https://github.com/Hei33enberg/RAK-OS (分支: main, size: 154KB, pushed: 2026-07-17T01:58:12Z)
[2026-07-17 11:48:20] 🔗 查子仓库: wenxig/free-nodes-sub
[2026-07-17 11:48:20] 仓库 https://github.com/Hei33enberg/RAK-OS 候选文件 80 个
[2026-07-17 11:48:21]   👤 用户仓库: 10 个 → 队列
[2026-07-17 11:48:21]   用户 603711936 共查 10 个仓库
[2026-07-17 11:48:21] 仓库 https://github.com/way-fu/free-nodes-auto (分支: main, size: 473KB, pushed: 2026-07-17T01:45:56Z)
[2026-07-17 11:48:22] 仓库 https://github.com/Hei33enberg/RAK-OS 未提取到节点，加入黑名单
[2026-07-17 11:48:22] 仓库 https://github.com/hansenlandun-prog/freeproxy-node-sub (分支: main, size: 74520KB, pushed: 2026-07-17T01:29:33Z)
[2026-07-17 11:48:23] 🔗 开始 Fork 链追踪 (HakurouKen/free-node)
[2026-07-17 11:48:23] ⏱️ [15/122] free proxy subscription pushed:>2026-07-16T03:42:55Z fork:tr | 10s | +306 | 配额 4276/4800
[2026-07-17 11:48:23]   🍴 子仓库: 9 个 → 队列
[2026-07-17 11:48:23] 🔗 开始 Fork 链追踪 (wenxig/free-nodes-sub)
[2026-07-17 11:48:25] 👤 遍历用户仓库: HakurouKen[2026-07-17 11:48:25] 仓库 https://github.com/hansenlandun-prog/freeproxy-node-sub 候选文件 4 个

[2026-07-17 11:48:25] 仓库 https://github.com/way-fu/free-nodes-auto 候选文件 3 个
[2026-07-17 11:48:25] 🔗 查子仓库: way-fu/free-nodes-auto
[2026-07-17 11:48:27] 👤 遍历用户仓库: wenxig
[2026-07-17 11:48:27] 🔗 开始 Fork 链追踪 (way-fu/free-nodes-auto)
[2026-07-17 11:48:29] ⏱️ [16/122] free proxy config pushed:>2026-07-16T03:42:55Z fork:true -la | 6s | +7 | 配额 4266/4800
[2026-07-17 11:48:29]   👤 用户仓库: 30 个 → 队列
[2026-07-17 11:48:29]   用户 HakurouKen 共查 30 个仓库
[2026-07-17 11:48:29] 仓库 https://github.com/xcai413/fanqiang-navigation (分支: master, size: 198KB, pushed: 2026-07-17T01:21:21Z)[2026-07-17 11:48:29]   👤 用户仓库: 14 个 → 队列

[2026-07-17 11:48:29]   用户 wenxig 共查 14 个仓库
[2026-07-17 11:48:29] 仓库 https://github.com/acirema792/vatnode-sdks (分支: main, size: 3KB, pushed: 2026-07-17T00:58:38Z)
[2026-07-17 11:48:30] 🔗 查子仓库: hansenlandun-prog/freeproxy-node-sub
[2026-07-17 11:48:31] 👤 遍历用户仓库: way-fu
[2026-07-17 11:48:33] 仓库 https://github.com/acirema792/vatnode-sdks 无候选文件 (总计 3 blob, 扩展名过滤 3, processed_shas 跳过 0, SHA 缓存跳过 0)[2026-07-17 11:48:33] 仓库 https://github.com/xcai413/fanqiang-navigation 候选文件 4 个

[2026-07-17 11:48:33] 🔗 开始 Fork 链追踪 (hansenlandun-prog/freeproxy-node-sub)
[2026-07-17 11:48:33] README (acirema792/vatnode-sdks) 404，跳过
[2026-07-17 11:48:33] 仓库 https://github.com/acirema792/vatnode-sdks 未提取到节点，加入黑名单
[2026-07-17 11:48:33] 仓库 https://github.com/lerjtl/Testfree (分支: main, size: 693KB, pushed: 2026-07-17T00:00:17Z)
[2026-07-17 11:48:33] ⏱️ [17/122] free proxy yaml pushed:>2026-07-16T03:42:55Z fork:true -lang | 4s | +0 | 配额 4258/4800
[2026-07-17 11:48:34] 🔗 查子仓库: xcai413/fanqiang-navigation
[2026-07-17 11:48:35] 👤 遍历用户仓库: hansenlandun-prog[2026-07-17 11:48:35] 仓库 https://github.com/lerjtl/Testfree 候选文件 2 个

[2026-07-17 11:48:36] 🔗 查子仓库: lerjtl/Testfree
[2026-07-17 11:48:37]   👤 用户仓库: 19 个 → 队列
[2026-07-17 11:48:37]   用户 way-fu 共查 19 个仓库
[2026-07-17 11:48:37] 仓库 https://github.com/birhantprkc/free-vpn-subscriptions (分支: main, size: 66491KB, pushed: 2026-07-16T22:33:53Z)
[2026-07-17 11:48:37] 🔗 开始 Fork 链追踪 (xcai413/fanqiang-navigation)
[2026-07-17 11:48:39] 仓库 https://github.com/birhantprkc/free-vpn-subscriptions 候选文件 29 个
[2026-07-17 11:48:39]   👤 用户仓库: 1 个 → 队列
[2026-07-17 11:48:39]   用户 hansenlandun-prog 共查 1 个仓库
[2026-07-17 11:48:39] 仓库 https://github.com/wang1680/proxypool (分支: main, size: 48867KB, pushed: 2026-07-16T22:19:05Z)
[2026-07-17 11:48:40] 🔗 查子仓库: birhantprkc/free-vpn-subscriptions
[2026-07-17 11:48:41]   🍴 子仓库: 1 个 → 队列
[2026-07-17 11:48:41] 👤 遍历用户仓库: xcai413
[2026-07-17 11:48:41] 🔗 开始 Fork 链追踪 (lerjtl/Testfree)
[2026-07-17 11:48:41] ⏱️ [18/122] free proxy json pushed:>2026-07-16T03:42:55Z fork:true -lang | 8s | +1 | 配额 4245/4800[2026-07-17 11:48:43] 仓库 https://github.com/wang1680/proxypool 无候选文件 (总计 38 blob, 扩展名过滤 24, processed_shas 跳过 0, SHA 缓存跳过 14)

[2026-07-17 11:48:43] 🔗 查子仓库: wang1680/proxypool
[2026-07-17 11:48:44] 🔗 开始 Fork 链追踪 (birhantprkc/free-vpn-subscriptions)
[2026-07-17 11:48:44] 🔗 开始 Fork 链追踪 (wang1680/proxypool)
[2026-07-17 11:48:46] 👤 遍历用户仓库: lerjtl[2026-07-17 11:48:46]   父仓库: Au1rxx/free-vpn-subscriptions
[2026-07-17 11:48:46] ⏱️ [19/122] free proxy base64 pushed:>2026-07-16T03:42:55Z fork:true -la | 2s | +0 | 配额 4238/4800

[2026-07-17 11:48:48]   父仓库: snakem982/proxypool
[2026-07-17 11:48:48]   👤 用户仓库: 4 个 → 队列
[2026-07-17 11:48:48]   用户 xcai413 共查 4 个仓库
[2026-07-17 11:48:48] 仓库 https://github.com/elgammalqa/freestyle-base-node-tool (分支: main, size: 5KB, pushed: 2026-07-16T22:14:33Z)
[2026-07-17 11:48:50] 仓库 https://github.com/elgammalqa/freestyle-base-node-tool 候选文件 5 个
[2026-07-17 11:48:51] 仓库 https://github.com/elgammalqa/freestyle-base-node-tool 未提取到节点，加入黑名单
[2026-07-17 11:48:51] 仓库 https://github.com/mfuu/v2ray (分支: master, size: 24KB, pushed: 2026-07-16T21:56:04Z)
[2026-07-17 11:48:52]   👤 用户仓库: 7 个 → 队列
[2026-07-17 11:48:52]   用户 lerjtl 共查 7 个仓库
[2026-07-17 11:48:52] 仓库 https://github.com/fahdbhatti/flowgram.ai (分支: main, size: 67795KB, pushed: 2026-07-16T20:55:32Z)
[2026-07-17 11:48:52] 👤 遍历用户仓库: birhantprkc
[2026-07-17 11:48:52] ⏱️ [20/122] ACL4SSR pushed:>2026-07-16T03:42:55Z fork:true -language:HTM | 6s | +0 | 配额 4228/4800
[2026-07-17 11:48:54]   🍴 兄弟仓库: 24 个 → 队列[2026-07-17 11:48:54] 仓库 https://github.com/mfuu/v2ray 无候选文件 (总计 12 blob, 扩展名过滤 3, processed_shas 跳过 3, SHA 缓存跳过 6)
[2026-07-17 11:48:54] 仓库 https://github.com/fahdbhatti/flowgram.ai 候选文件较多 (299 个)，先通过 commits API 过滤

[2026-07-17 11:48:54] 👤 遍历用户仓库: wang1680
[2026-07-17 11:48:54] 🔗 查子仓库: mfuu/v2ray
[2026-07-17 11:48:58]   👤 用户仓库: 30 个 → 队列
[2026-07-17 11:48:58]   用户 wang1680 共查 30 个仓库
[2026-07-17 11:48:58] 仓库 https://github.com/alvabillwu/token-budget-ts (分支: main, size: 4KB, pushed: 2026-07-16T20:49:09Z)
[2026-07-17 11:49:00]   commits 过滤: 299 → 0 (变更文件 0 个)
[2026-07-17 11:49:00] 仓库 https://github.com/fahdbhatti/flowgram.ai 候选文件经时间过滤后为空
[2026-07-17 11:49:00] 🔗 查子仓库: fahdbhatti/flowgram.ai[2026-07-17 11:49:00]   🍴 子仓库: 30 个 → 队列
[2026-07-17 11:49:00] ⏱️ [21/122] subconverter pushed:>2026-07-16T03:42:55Z fork:true -languag | 8s | +0 | 配额 4214/4800

[2026-07-17 11:49:00] 🔗 开始 Fork 链追踪 (mfuu/v2ray)
[2026-07-17 11:49:02] 仓库 https://github.com/alvabillwu/token-budget-ts 候选文件 6 个
[2026-07-17 11:49:02] 🔗 开始 Fork 链追踪 (fahdbhatti/flowgram.ai)
[2026-07-17 11:49:04] 仓库 https://github.com/alvabillwu/token-budget-ts 未提取到节点，加入黑名单
[2026-07-17 11:49:04] 仓库 https://github.com/hzhimingyang12345-a11y/airport-free (分支: main, size: 47564KB, pushed: 2026-07-16T20:45:41Z)
[2026-07-17 11:49:04] 👤 遍历用户仓库: mfuu[2026-07-17 11:49:04]   👤 用户仓库: 30 个 → 队列

[2026-07-17 11:49:04]   用户 birhantprkc 共查 30 个仓库
[2026-07-17 11:49:04] 仓库 https://github.com/Raad63/tamame-url-free-config-aliii-V2RAY-and-CLASH-Subscription-Links (分支: main, size: 2239KB, pushed: 2026-07-16T19:26:11Z)
[2026-07-17 11:49:05]   父仓库: bytedance/flowgram.ai
[2026-07-17 11:49:05] 仓库在黑名单中: https://github.com/bytedance/flowgram.ai
[2026-07-17 11:49:05]   父仓库 +0 个节点
[2026-07-17 11:49:07] 仓库 https://github.com/Raad63/tamame-url-free-config-aliii-V2RAY-and-CLASH-Subscription-Links 无候选文件 (总计 4 blob, 扩展名过滤 1, processed_shas 跳过 0, SHA 缓存跳过 3)
[2026-07-17 11:49:07] 🔗 查子仓库: Raad63/tamame-url-free-config-aliii-V2RAY-and-CLASH-Subscription-Links
[2026-07-17 11:49:07] 仓库 https://github.com/hzhimingyang12345-a11y/airport-free 候选文件 10 个
[2026-07-17 11:49:09] 🔗 开始 Fork 链追踪 (Raad63/tamame-url-free-config-aliii-V2RAY-and-CLASH-Subscription-Links)
[2026-07-17 11:49:09]   用户 mfuu 共查 0 个仓库
[2026-07-17 11:49:09] 仓库 https://github.com/omkargitcs/campus-share (分支: main, size: 56078KB, pushed: 2026-07-16T18:29:06Z)
[2026-07-17 11:49:09]   父仓库: mermeroo/V2RAY-CLASH-BASE64-Subscription.Links
[2026-07-17 11:49:09] 仓库在黑名单中: https://github.com/mermeroo/V2RAY-CLASH-BASE64-Subscription.Links
[2026-07-17 11:49:09]   父仓库 +0 个节点
[2026-07-17 11:49:11] 仓库 https://github.com/omkargitcs/campus-share 候选文件 10 个[2026-07-17 11:49:11]   🍴 兄弟仓库: 30 个 → 队列

[2026-07-17 11:49:11] 👤 遍历用户仓库: fahdbhatti
[2026-07-17 11:49:12] 🔗 查子仓库: hzhimingyang12345-a11y/airport-free
[2026-07-17 11:49:13] 仓库 https://github.com/omkargitcs/campus-share 未提取到节点，加入黑名单
[2026-07-17 11:49:13] 仓库 https://github.com/NevetCohen/comfyui-ux-combinatorial (分支: main, size: 3KB, pushed: 2026-07-16T18:17:32Z)
[2026-07-17 11:49:14]   👤 用户仓库: 30 个 → 队列
[2026-07-17 11:49:14]   用户 fahdbhatti 共查 30 个仓库
[2026-07-17 11:49:14] 仓库 https://github.com/parhelia512/V2RAY-CLASH-BASE64-Subscription.Links (分支: main, size: 2239KB, pushed: 2026-07-16T18:06:12Z)
[2026-07-17 11:49:14] 🔗 开始 Fork 链追踪 (hzhimingyang12345-a11y/airport-free)
[2026-07-17 11:49:14] 仓库 https://github.com/NevetCohen/comfyui-ux-combinatorial 候选文件 2 个
[2026-07-17 11:49:14]   父仓库: xiaoji235/airport-free
[2026-07-17 11:49:14] 仓库在黑名单中: https://github.com/xiaoji235/airport-free
[2026-07-17 11:49:14]   父仓库 +0 个节点
[2026-07-17 11:49:14] 仓库 https://github.com/NevetCohen/comfyui-ux-combinatorial 未提取到节点，加入黑名单
[2026-07-17 11:49:14] 仓库 https://github.com/superokde/free-nodes (分支: master, size: 576KB, pushed: 2026-07-16T17:13:03Z)
[2026-07-17 11:49:16] 仓库 https://github.com/parhelia512/V2RAY-CLASH-BASE64-Subscription.Links 无候选文件 (总计 4 blob, 扩展名过滤 1, processed_shas 跳过 0, SHA 缓存跳过 3)
[2026-07-17 11:49:16] 🔗 查子仓库: parhelia512/V2RAY-CLASH-BASE64-Subscription.Links
[2026-07-17 11:49:16]   🍴 兄弟仓库: 30 个 → 队列
[2026-07-17 11:49:16] 👤 遍历用户仓库: Raad63
[2026-07-17 11:49:18] 🔗 开始 Fork 链追踪 (parhelia512/V2RAY-CLASH-BASE64-Subscription.Links)
[2026-07-17 11:49:18]   🍴 兄弟仓库: 30 个 → 队列
[2026-07-17 11:49:18] 👤 遍历用户仓库: hzhimingyang12345-a11y
[2026-07-17 11:49:18] 仓库 https://github.com/superokde/free-nodes 候选文件 4 个
[2026-07-17 11:49:18]   父仓库: mermeroo/V2RAY-CLASH-BASE64-Subscription.Links
[2026-07-17 11:49:18] 仓库在黑名单中: https://github.com/mermeroo/V2RAY-CLASH-BASE64-Subscription.Links
[2026-07-17 11:49:18]   父仓库 +0 个节点
[2026-07-17 11:49:20] 🔗 查子仓库: superokde/free-nodes
[2026-07-17 11:49:22]   👤 用户仓库: 30 个 → 队列
[2026-07-17 11:49:22]   用户 Raad63 共查 30 个仓库
[2026-07-17 11:49:22] 仓库 https://github.com/Yannik666/nodes (分支: main, size: 1434842KB, pushed: 2026-07-16T16:43:30Z)
[2026-07-17 11:49:23]   👤 用户仓库: 4 个 → 队列
[2026-07-17 11:49:23]   用户 hzhimingyang12345-a11y 共查 4 个仓库
[2026-07-17 11:49:23] 仓库 https://github.com/glkdrlgkrlzflnjkgh/callum-pm (分支: master, size: 26KB, pushed: 2026-07-16T16:26:51Z)
[2026-07-17 11:49:25] 🔗 开始 Fork 链追踪 (superokde/free-nodes)[2026-07-17 11:49:25]   🍴 兄弟仓库: 23 个 → 队列[2026-07-17 11:49:25] 仓库 https://github.com/Yannik666/nodes 候选文件较多 (1132 个)，先通过 commits API 过滤


[2026-07-17 11:49:25] 👤 遍历用户仓库: parhelia512
[2026-07-17 11:49:27] 👤 遍历用户仓库: superokde[2026-07-17 11:49:27] 仓库 https://github.com/glkdrlgkrlzflnjkgh/callum-pm 候选文件 4 个

[2026-07-17 11:49:27] README (glkdrlgkrlzflnjkgh/callum-pm) 404，跳过
[2026-07-17 11:49:27] 仓库 https://github.com/glkdrlgkrlzflnjkgh/callum-pm 未提取到节点，加入黑名单
[2026-07-17 11:49:27] 仓库 https://github.com/XHegit/FreeNodes (分支: main, size: 18051KB, pushed: 2026-07-16T15:44:19Z)
[2026-07-17 11:49:29] 仓库 https://github.com/XHegit/FreeNodes 无候选文件 (总计 39 blob, 扩展名过滤 15, processed_shas 跳过 0, SHA 缓存跳过 24)
[2026-07-17 11:49:29] 🔗 查子仓库: XHegit/FreeNodes
[2026-07-17 11:49:29]   👤 用户仓库: 2 个 → 队列
[2026-07-17 11:49:29]   用户 superokde 共查 2 个仓库
[2026-07-17 11:49:29] 仓库 https://github.com/wanvfx/FreeNodes (分支: main, size: 22300KB, pushed: 2026-07-16T15:43:18Z)
[2026-07-17 11:49:31] 🔗 开始 Fork 链追踪 (XHegit/FreeNodes)
[2026-07-17 11:49:31]   Compare API 返回 3 个变更文件 (3 次 API 调用)
[2026-07-17 11:49:31]   commits 过滤: 1132 → 0 (变更文件 3 个)
[2026-07-17 11:49:31] 仓库 https://github.com/Yannik666/nodes 候选文件经时间过滤后为空
[2026-07-17 11:49:31] 🔗 查子仓库: Yannik666/nodes
[2026-07-17 11:49:33] 仓库 https://github.com/wanvfx/FreeNodes 无候选文件 (总计 41 blob, 扩展名过滤 15, processed_shas 跳过 0, SHA 缓存跳过 26)
[2026-07-17 11:49:33] 🔗 查子仓库: wanvfx/FreeNodes
[2026-07-17 11:49:33] 🔗 开始 Fork 链追踪 (Yannik666/nodes)
[2026-07-17 11:49:33] 🔗 开始 Fork 链追踪 (wanvfx/FreeNodes)
[2026-07-17 11:49:35]   父仓库: Barabama/FreeNodes[2026-07-17 11:49:35]   父仓库: imyaoxp/nodes

[2026-07-17 11:49:35] 仓库在黑名单中: https://github.com/imyaoxp/nodes
[2026-07-17 11:49:35]   父仓库 +0 个节点
[2026-07-17 11:49:37]   父仓库: Barabama/FreeNodes
[2026-07-17 11:49:37]   👤 用户仓库: 30 个 → 队列
[2026-07-17 11:49:37]   用户 parhelia512 共查 30 个仓库
[2026-07-17 11:49:37] 仓库 https://github.com/luochen1975/FreeNodes (分支: main, size: 22330KB, pushed: 2026-07-16T15:40:47Z)
[2026-07-17 11:49:39]   🍴 兄弟仓库: 6 个 → 队列
[2026-07-17 11:49:39] 👤 遍历用户仓库: Yannik666
[2026-07-17 11:49:39]   用户 Yannik666 共查 0 个仓库
[2026-07-17 11:49:39] 仓库 https://github.com/yangfh158/FreeNodes (分支: main, size: 20832KB, pushed: 2026-07-16T15:39:25Z)
[2026-07-17 11:49:42] 仓库 https://github.com/luochen1975/FreeNodes 无候选文件 (总计 41 blob, 扩展名过滤 15, processed_shas 跳过 0, SHA 缓存跳过 26)
[2026-07-17 11:49:42] 🔗 查子仓库: luochen1975/FreeNodes
[2026-07-17 11:49:42]   🍴 兄弟仓库: 30 个 → 队列
[2026-07-17 11:49:42] 仓库 https://github.com/yangfh158/FreeNodes 无候选文件 (总计 41 blob, 扩展名过滤 15, processed_shas 跳过 0, SHA 缓存跳过 26)[2026-07-17 11:49:42] 👤 遍历用户仓库: XHegit

[2026-07-17 11:49:42] 🔗 查子仓库: yangfh158/FreeNodes
[2026-07-17 11:49:44]   🍴 兄弟仓库: 25 个 → 队列
[2026-07-17 11:49:44] 👤 遍历用户仓库: wanvfx
[2026-07-17 11:49:44] 🔗 开始 Fork 链追踪 (yangfh158/FreeNodes)
[2026-07-17 11:49:44] 🔗 开始 Fork 链追踪 (luochen1975/FreeNodes)
[2026-07-17 11:49:46]   父仓库: Barabama/FreeNodes
[2026-07-17 11:49:46]   👤 用户仓库: 30 个 → 队列
[2026-07-17 11:49:46]   用户 wanvfx 共查 30 个仓库
[2026-07-17 11:49:46] 仓库 https://github.com/gwcctv/FreeNodes (分支: main, size: 20587KB, pushed: 2026-07-16T15:31:22Z)
[2026-07-17 11:49:48]   父仓库: Barabama/FreeNodes
[2026-07-17 11:49:50] 仓库 https://github.com/gwcctv/FreeNodes 无候选文件 (总计 41 blob, 扩展名过滤 15, processed_shas 跳过 0, SHA 缓存跳过 26)
[2026-07-17 11:49:50] 🔗 查子仓库: gwcctv/FreeNodes
[2026-07-17 11:49:50]   👤 用户仓库: 30 个 → 队列
[2026-07-17 11:49:50]   用户 XHegit 共查 30 个仓库
[2026-07-17 11:49:50] 仓库 https://github.com/chengege666/FreeNodes (分支: main, size: 22415KB, pushed: 2026-07-16T15:30:29Z)
[2026-07-17 11:49:50] 🔗 开始 Fork 链追踪 (gwcctv/FreeNodes)
[2026-07-17 11:49:52] 仓库 https://github.com/chengege666/FreeNodes 无候选文件 (总计 41 blob, 扩展名过滤 15, processed_shas 跳过 0, SHA 缓存跳过 26)[2026-07-17 11:49:52] 👤 遍历用户仓库: yangfh158

[2026-07-17 11:49:52] 🔗 查子仓库: chengege666/FreeNodes
[2026-07-17 11:49:52] 🔗 开始 Fork 链追踪 (chengege666/FreeNodes)
[2026-07-17 11:49:54]   父仓库: Barabama/FreeNodes[2026-07-17 11:49:54] 👤 遍历用户仓库: luochen1975

[2026-07-17 11:49:56]   父仓库: Barabama/FreeNodes
[2026-07-17 11:49:56]   👤 用户仓库: 4 个 → 队列
[2026-07-17 11:49:56]   用户 yangfh158 共查 4 个仓库
[2026-07-17 11:49:56] 仓库 https://github.com/DuChen212/Free-servers (分支: main, size: 68KB, pushed: 2026-07-16T11:54:41Z)
[2026-07-17 11:49:58] 仓库 https://github.com/DuChen212/Free-servers 无候选文件 (总计 49 blob, 扩展名过滤 17, processed_shas 跳过 0, SHA 缓存跳过 32)[2026-07-17 11:49:58] 👤 遍历用户仓库: chengege666

[2026-07-17 11:49:58] 🔗 查子仓库: DuChen212/Free-servers
[2026-07-17 11:50:00] 👤 遍历用户仓库: gwcctv
[2026-07-17 11:50:01] 🔗 开始 Fork 链追踪 (DuChen212/Free-servers)
[2026-07-17 11:50:01]   父仓库: Pawdroid/Free-servers
[2026-07-17 11:50:05]   👤 用户仓库: 22 个 → 队列
[2026-07-17 11:50:05]   用户 chengege666 共查 22 个仓库
[2026-07-17 11:50:05] 仓库 https://github.com/yafeisun/v2raynode (分支: main, size: 65323KB, pushed: 2026-07-16T09:17:28Z)
[2026-07-17 11:50:05]   👤 用户仓库: 30 个 → 队列
[2026-07-17 11:50:05]   用户 luochen1975 共查 30 个仓库
[2026-07-17 11:50:05] 仓库 https://github.com/twj0/subseek (分支: master, size: 63295KB, pushed: 2026-07-16T08:56:42Z)
[2026-07-17 11:50:05]   🍴 兄弟仓库: 26 个 → 队列
[2026-07-17 11:50:05] 👤 遍历用户仓库: DuChen212
[2026-07-17 11:50:05] 仓库 https://github.com/yafeisun/v2raynode 候选文件较多 (2085 个)，先通过 commits API 过滤
[2026-07-17 11:50:07] 仓库 https://github.com/twj0/subseek 候选文件较多 (194 个)，先通过 commits API 过滤
[2026-07-17 11:50:10]   👤 用户仓库: 30 个 → 队列
[2026-07-17 11:50:10]   用户 DuChen212 共查 30 个仓库
[2026-07-17 11:50:10] 仓库 https://github.com/sanelez/open-saas (分支: main, size: 136975KB, pushed: 2026-07-16T08:50:25Z)
[2026-07-17 11:50:10]   👤 用户仓库: 30 个 → 队列
[2026-07-17 11:50:10]   用户 gwcctv 共查 30 个仓库
[2026-07-17 11:50:10] 仓库 https://github.com/sanelez/flowgram.ai (分支: main, size: 67795KB, pushed: 2026-07-16T08:50:01Z)
[2026-07-17 11:50:12] 仓库 https://github.com/sanelez/open-saas 无候选文件 (总计 587 blob, 扩展名过滤 502, processed_shas 跳过 0, SHA 缓存跳过 85)[2026-07-17 11:50:12] 仓库 https://github.com/sanelez/flowgram.ai 候选文件较多 (299 个)，先通过 commits API 过滤

[2026-07-17 11:50:12] 🔗 查子仓库: sanelez/open-saas
[2026-07-17 11:50:14] 🔗 开始 Fork 链追踪 (sanelez/open-saas)
[2026-07-17 11:50:14]   父仓库: wasp-lang/open-saas
[2026-07-17 11:50:14] ⏭️ 仓库 https://github.com/wasp-lang/open-saas 67h 未更新，跳过解析（追踪 fork 链）
[2026-07-17 11:50:14] 👤 遍历用户仓库: wasp-lang
[2026-07-17 11:50:16]   Compare API 返回 11 个变更文件 (3 次 API 调用)[2026-07-17 11:50:16]   Compare API 返回 5 个变更文件 (3 次 API 调用)

[2026-07-17 11:50:16]   commits 过滤: 299 → 0 (变更文件 0 个)[2026-07-17 11:50:16]   commits 过滤: 194 → 0 (变更文件 5 个)[2026-07-17 11:50:16]   commits 过滤: 2085 → 0 (变更文件 11 个)
[2026-07-17 11:50:16] 仓库 https://github.com/twj0/subseek 候选文件经时间过滤后为空

[2026-07-17 11:50:16] 仓库 https://github.com/sanelez/flowgram.ai 候选文件经时间过滤后为空[2026-07-17 11:50:16] 🔗 查子仓库: twj0/subseek


[2026-07-17 11:50:16] 仓库 https://github.com/yafeisun/v2raynode 候选文件经时间过滤后为空[2026-07-17 11:50:16] 🔗 查子仓库: sanelez/flowgram.ai

[2026-07-17 11:50:16] 🔗 查子仓库: yafeisun/v2raynode
[2026-07-17 11:50:18]   👤 用户仓库: 30 个 → 队列
[2026-07-17 11:50:18]   用户 wasp-lang 共查 30 个仓库
[2026-07-17 11:50:18]   父仓库 +0 个节点
[2026-07-17 11:50:18] 🔗 开始 Fork 链追踪 (yafeisun/v2raynode)
[2026-07-17 11:50:20] 🔗 开始 Fork 链追踪 (sanelez/flowgram.ai)
[2026-07-17 11:50:20]   🍴 子仓库: 1 个 → 队列
[2026-07-17 11:50:20] 🔗 开始 Fork 链追踪 (twj0/subseek)
[2026-07-17 11:50:22] 👤 遍历用户仓库: yafeisun[2026-07-17 11:50:22]   父仓库: bytedance/flowgram.ai
[2026-07-17 11:50:22]   🍴 兄弟仓库: 30 个 → 队列

[2026-07-17 11:50:22] 👤 遍历用户仓库: sanelez
[2026-07-17 11:50:22] 仓库在黑名单中: https://github.com/bytedance/flowgram.ai
[2026-07-17 11:50:22]   父仓库 +0 个节点
[2026-07-17 11:50:24] 👤 遍历用户仓库: twj0
[2026-07-17 11:50:24]   👤 用户仓库: 2 个 → 队列
[2026-07-17 11:50:24]   用户 yafeisun 共查 2 个仓库
[2026-07-17 11:50:24] 仓库 https://github.com/hong066/AutoScrapeFreeNodes (分支: main, size: 1566KB, pushed: 2026-07-16T06:38:57Z)
[2026-07-17 11:50:27] 仓库 https://github.com/hong066/AutoScrapeFreeNodes 候选文件 3 个
[2026-07-17 11:50:28] 仓库 https://github.com/hong066/AutoScrapeFreeNodes 未提取到节点，加入黑名单
[2026-07-17 11:50:28] 仓库 https://github.com/g774320776-alt/AutoScrapeFreeNodes (分支: main, size: 1566KB, pushed: 2026-07-16T06:38:57Z)
[2026-07-17 11:50:29]   🍴 兄弟仓库: 22 个 → 队列
[2026-07-17 11:50:29] 👤 遍历用户仓库: sanelez
[2026-07-17 11:50:29]   👤 用户仓库: 30 个 → 队列
[2026-07-17 11:50:29]   用户 twj0 共查 30 个仓库
[2026-07-17 11:50:29] 仓库 https://github.com/rrzt/FreeNodes (分支: main, size: 22850KB, pushed: 2026-07-16T06:23:06Z)
[2026-07-17 11:50:29] 仓库 https://github.com/g774320776-alt/AutoScrapeFreeNodes 无候选文件 (总计 35 blob, 扩展名过滤 13, processed_shas 跳过 3, SHA 缓存跳过 19)
[2026-07-17 11:50:29] 🔗 查子仓库: g774320776-alt/AutoScrapeFreeNodes
[2026-07-17 11:50:29] 仓库 https://github.com/rrzt/FreeNodes 无候选文件 (总计 44 blob, 扩展名过滤 16, processed_shas 跳过 0, SHA 缓存跳过 28)
[2026-07-17 11:50:29] 🔗 查子仓库: rrzt/FreeNodes
[2026-07-17 11:50:31] 🔗 开始 Fork 链追踪 (g774320776-alt/AutoScrapeFreeNodes)
[2026-07-17 11:50:33] 🔗 开始 Fork 链追踪 (rrzt/FreeNodes)
[2026-07-17 11:50:33]   父仓库: Barabama/FreeNodes
[2026-07-17 11:50:33]   父仓库: Re0XIAOPA/AutoScrapeFreeNodes
[2026-07-17 11:50:33] 仓库在黑名单中: https://github.com/Re0XIAOPA/AutoScrapeFreeNodes
[2026-07-17 11:50:33]   父仓库 +0 个节点
[2026-07-17 11:50:36]   🍴 兄弟仓库: 19 个 → 队列
[2026-07-17 11:50:36] 👤 遍历用户仓库: g774320776-alt
[2026-07-17 11:50:38] 👤 遍历用户仓库: rrzt
[2026-07-17 11:50:38]   👤 用户仓库: 30 个 → 队列
[2026-07-17 11:50:38]   用户 sanelez 共查 30 个仓库
[2026-07-17 11:50:38] 仓库 https://github.com/viereck-lan/FreeNodes (分支: main, size: 24850KB, pushed: 2026-07-16T06:21:26Z)
