[2026-08-07 21:05:23] 🚀 程序启动
[2026-08-07 21:05:23] 关键词: 105 个
[2026-08-07 21:05:23] [MainThread] 加载 SHA 缓存 289616 条 (1 分片)
[2026-08-07 21:05:23] [MainThread] 加载已处理仓库缓存 25713 条
[2026-08-07 21:05:23] [MainThread] 已加载 404 仓库 201 条
[2026-08-07 21:05:23] [MainThread] 🚀 程序启动 | 配额上限 4800/小时
[2026-08-07 21:05:23] [MainThread] 🔵 阶段 1: 种子仓库 (634 个)
[2026-08-07 21:05:23] [种子] 🔵 种子仓库: 634 个 → 队列
[2026-08-07 21:05:23] [种子] 🔵 [种子 1/634] Raad63/v2ray-configs-sub-5 | 配额 4800/4800 13:05UTC | 主队列 1/200 发现队列 0/20000 [空] | Worker 0忙/36闲(0%)
[2026-08-07 21:05:23] [种子] 🔵 [种子 2/634] wang1680/proxypool | 配额 4800/4800 13:05UTC | 主队列 2/200 发现队列 0/20000 [空] | Worker 0忙/36闲(0%)
[2026-08-07 21:05:23] [种子] 🔵 [种子 3/634] Pawdroid/Free-servers | 配额 4800/4800 13:05UTC | 主队列 3/200 发现队列 0/20000 [空] | Worker 0忙/36闲(0%)
[2026-08-07 21:05:23] [种子] 🔵 [种子 4/634] LoneKingCode/free-proxy-db | 配额 4800/4800 13:05UTC | 主队列 4/200 发现队列 0/20000 [空] | Worker 0忙/36闲(0%)
[2026-08-07 21:05:23] [种子] 🔵 [种子 5/634] gfpcom/free-proxy-list | 配额 4800/4800 13:05UTC | 主队列 5/200 发现队列 0/20000 [空] | Worker 0忙/36闲(0%)
[2026-08-07 21:05:23] [种子] 🔵 [种子 6/634] mahdibland/get_v2 | 配额 4800/4800 13:05UTC | 主队列 6/200 发现队列 0/20000 [空] | Worker 0忙/36闲(0%)
[2026-08-07 21:05:23] [种子] 🔵 [种子 7/634] MhdiTaheri/V2rayCollector | 配额 4800/4800 13:05UTC | 主队列 7/200 发现队列 0/20000 [空] | Worker 0忙/36闲(0%)
[2026-08-07 21:05:23] [种子] 🔵 [种子 8/634] Raad63/nirevil | 配额 4800/4800 13:05UTC | 主队列 8/200 发现队列 0/20000 [空] | Worker 0忙/36闲(0%)
[2026-08-07 21:05:23] [种子] 🔵 [种子 9/634] cysk003/yebekhe-TVC | 配额 4800/4800 13:05UTC | 主队列 9/200 发现队列 0/20000 [空] | Worker 0忙/36闲(0%)
[2026-08-07 21:05:23] [种子] 🔵 [种子 10/634] chaoduzj/V2RayAutoConfig | 配额 4800/4800 13:05UTC | 主队列 10/200 发现队列 0/20000 [空] | Worker 0忙/36闲(0%)
[2026-08-07 21:05:23] [种子] 🔵 [种子 11/634] sclyxcn/airport-free | 配额 4800/4800 13:05UTC | 主队列 11/200 发现队列 0/20000 [空] | Worker 0忙/36闲(0%)
[2026-08-07 21:05:23] [种子] 🔵 [种子 12/634] MhdiTaheri/V2rayCollector_Py | 配额 4800/4800 13:05UTC | 主队列 12/200 发现队列 0/20000 [空] | Worker 0忙/36闲(0%)
[2026-08-07 21:05:23] [种子] 🔵 [种子 13/634] mr-mohamad-mr/multi-proxy-config-fetcher | 配额 4800/4800 13:05UTC | 主队列 13/200 发现队列 0/20000 [空] | Worker 0忙/36闲(0%)
[2026-08-07 21:05:23] [种子] 🔵 [种子 14/634] miladkantoori/multi-proxy-config-fetcher | 配额 4800/4800 13:05UTC | 主队列 14/200 发现队列 0/20000 [空] | Worker 0忙/36闲(0%)
[2026-08-07 21:05:23] [种子] 🔵 [种子 15/634] Rayan-Config/C-Sub | 配额 4800/4800 13:05UTC | 主队列 15/200 发现队列 0/20000 [空] | Worker 0忙/36闲(0%)
[2026-08-07 21:05:23] [种子] 🔵 [种子 16/634] mfuu/v2ray | 配额 4800/4800 13:05UTC | 主队列 16/200 发现队列 0/20000 [空] | Worker 0忙/36闲(0%)
[2026-08-07 21:05:23] [种子] 🔵 [种子 17/634] mahdibland/SSAggregator | 配额 4800/4800 13:05UTC | 主队列 17/200 发现队列 0/20000 [空] | Worker 0忙/36闲(0%)
[2026-08-07 21:05:23] [种子] 🔵 [种子 18/634] mahdibland/ShadowsocksAggregator | 配额 4800/4800 13:05UTC | 主队列 18/200 发现队列 0/20000 [空] | Worker 0忙/36闲(0%)
[2026-08-07 21:05:23] [种子] 🔵 [种子 19/634] free-nodes/clashfree | 配额 4800/4800 13:05UTC | 主队列 19/200 发现队列 0/20000 [空] | Worker 0忙/36闲(0%)
[2026-08-07 21:05:23] [种子] 🔵 [种子 20/634] ninjastrikers/nexus-nodes | 配额 4800/4800 13:05UTC | 主队列 20/200 发现队列 0/20000 [空] | Worker 0忙/36闲(0%)
[2026-08-07 21:05:23] [种子] 🔵 [种子 21/634] chaoduzj/aggregator | 配额 4800/4800 13:05UTC | 主队列 21/200 发现队列 0/20000 [空] | Worker 0忙/36闲(0%)
[2026-08-07 21:05:23] [种子] 🔵 [种子 22/634] Airuop/cross | 配额 4800/4800 13:05UTC | 主队列 22/200 发现队列 0/20000 [空] | Worker 0忙/36闲(0%)
[2026-08-07 21:05:23] [种子] 🔵 [种子 23/634] SkillfulElectro/V2RayCollector | 配额 4800/4800 13:05UTC | 主队列 23/200 发现队列 0/20000 [空] | Worker 0忙/36闲(0%)
[2026-08-07 21:05:23] [种子] 🔵 [种子 24/634] aiboboxx/v2rayfree | 配额 4800/4800 13:05UTC | 主队列 24/200 发现队列 0/20000 [空] | Worker 0忙/36闲(0%)
[2026-08-07 21:05:23] [种子] 🔵 [种子 25/634] iswhat/Chat2DB | 配额 4800/4800 13:05UTC | 主队列 25/200 发现队列 0/20000 [空] | Worker 0忙/36闲(0%)
[2026-08-07 21:05:23] [种子] 🔵 [种子 26/634] pooriaredorg/pooriaredorg | 配额 4800/4800 13:05UTC | 主队列 26/200 发现队列 0/20000 [空] | Worker 0忙/36闲(0%)
[2026-08-07 21:05:23] [种子] 🔵 [种子 27/634] ssrsub/ssr | 配额 4800/4800 13:05UTC | 主队列 27/200 发现队列 0/20000 [空] | Worker 0忙/36闲(0%)
[2026-08-07 21:05:23] [种子] 🔵 [种子 28/634] peasoft/NoMoreWalls | 配额 4800/4800 13:05UTC | 主队列 28/200 发现队列 0/20000 [空] | Worker 0忙/36闲(0%)
[2026-08-07 21:05:23] [种子] 🔵 [种子 29/634] 4n0nymou3/multi-proxy-config-fetcher | 配额 4800/4800 13:05UTC | 主队列 29/200 发现队列 0/20000 [空] | Worker 0忙/36闲(0%)
[2026-08-07 21:05:23] [种子] 🔵 [种子 30/634] wenxig/free-nodes-sub | 配额 4800/4800 13:05UTC | 主队列 30/200 发现队列 0/20000 [空] | Worker 0忙/36闲(0%)
[2026-08-07 21:05:23] [种子] 🔵 [种子 31/634] 10ium/multi-proxy-config-fetcher | 配额 4800/4800 13:05UTC | 主队列 31/200 发现队列 0/20000 [空] | Worker 0忙/36闲(0%)
[2026-08-07 21:05:23] [种子] 🔵 [种子 32/634] sclyxcn/v2ray-reaper | 配额 4800/4800 13:05UTC | 主队列 32/200 发现队列 0/20000 [空] | Worker 0忙/36闲(0%)
[2026-08-07 21:05:23] [种子] 🔵 [种子 33/634] cysk003/Epodonios-v2ray-configs | 配额 4800/4800 13:05UTC | 主队列 33/200 发现队列 0/20000 [空] | Worker 0忙/36闲(0%)
[2026-08-07 21:05:23] [种子] 🔵 [种子 34/634] cysk003/NoMoreWalls | 配额 4800/4800 13:05UTC | 主队列 34/200 发现队列 0/20000 [空] | Worker 0忙/36闲(0%)
[2026-08-07 21:05:23] [种子] 🔵 [种子 35/634] Misaka-blog/chromego_merge | 配额 4800/4800 13:05UTC | 主队列 35/200 发现队列 0/20000 [空] | Worker 0忙/36闲(0%)
[2026-08-07 21:05:23] [种子] 🔵 [种子 36/634] Aethersailor/SubConverter-Extended | 配额 4800/4800 13:05UTC | 主队列 36/200 发现队列 0/20000 [空] | Worker 0忙/36闲(0%)
[2026-08-07 21:05:23] [种子] 🔵 [种子 37/634] kafeixiang/mihomo | 配额 4800/4800 13:05UTC | 主队列 37/200 发现队列 0/20000 [空] | Worker 0忙/36闲(0%)
[2026-08-07 21:05:23] [种子] 🔵 [种子 38/634] anaer/Sub | 配额 4800/4800 13:05UTC | 主队列 38/200 发现队列 0/20000 [空] | Worker 0忙/36闲(0%)
[2026-08-07 21:05:23] [种子] 🔵 [种子 39/634] Leon406/SubCrawler | 配额 4800/4800 13:05UTC | 主队列 39/200 发现队列 0/20000 [空] | Worker 0忙/36闲(0%)
[2026-08-07 21:05:23] [种子] 🔵 [种子 40/634] Baobei321/-AutoMergePublicNodes | 配额 4800/4800 13:05UTC | 主队列 40/200 发现队列 0/20000 [空] | Worker 0忙/36闲(0%)
[2026-08-07 21:05:23] [种子] 🔵 [种子 41/634] ts-sf/fly | 配额 4800/4800 13:05UTC | 主队列 41/200 发现队列 0/20000 [空] | Worker 0忙/36闲(0%)
[2026-08-07 21:05:23] [种子] 🔵 [种子 42/634] chaoduzj/subs-check | 配额 4800/4800 13:05UTC | 主队列 42/200 发现队列 0/20000 [空] | Worker 0忙/36闲(0%)
[2026-08-07 21:05:23] [种子] 🔵 [种子 43/634] chaoduzj/pac2 | 配额 4800/4800 13:05UTC | 主队列 43/200 发现队列 0/20000 [空] | Worker 0忙/36闲(0%)
[2026-08-07 21:05:23] [种子] 🔵 [种子 44/634] ws94666ws/awesome-vpn | 配额 4800/4800 13:05UTC | 主队列 44/200 发现队列 0/20000 [空] | Worker 0忙/36闲(0%)
[2026-08-07 21:05:23] [种子] 🔵 [种子 45/634] ab13643832129/awesome-vpn | 配额 4800/4800 13:05UTC | 主队列 45/200 发现队列 0/20000 [空] | Worker 0忙/36闲(0%)
[2026-08-07 21:05:23] [种子] 🔵 [种子 46/634] xwcyg6/airport-free | 配额 4800/4800 13:05UTC | 主队列 46/200 发现队列 0/20000 [空] | Worker 0忙/36闲(0%)
[2026-08-07 21:05:23] [种子] 🔵 [种子 47/634] BiHuDeH/multi-proxy-config-fetcher | 配额 4800/4800 13:05UTC | 主队列 47/200 发现队列 0/20000 [空] | Worker 0忙/36闲(0%)
[2026-08-07 21:05:23] [种子] 🔵 [种子 48/634] sami4030/multi-proxy-config-fetcher | 配额 4800/4800 13:05UTC | 主队列 48/200 发现队列 0/20000 [空] | Worker 0忙/36闲(0%)
[2026-08-07 21:05:23] [种子] 🔵 [种子 49/634] ermaozi/get_subscribe | 配额 4800/4800 13:05UTC | 主队列 49/200 发现队列 0/20000 [空] | Worker 0忙/36闲(0%)
[2026-08-07 21:05:23] [种子] 🔵 [种子 50/634] Airuop/archive | 配额 4800/4800 13:05UTC | 主队列 50/200 发现队列 0/20000 [空] | Worker 0忙/36闲(0%)
[2026-08-07 21:05:23] [种子] 🔵 [种子 51/634] AtenaPV/PL4 | 配额 4800/4800 13:05UTC | 主队列 51/200 发现队列 0/20000 [空] | Worker 0忙/36闲(0%)
[2026-08-07 21:05:23] [种子] 🔵 [种子 52/634] AtenaPV/Main-DB | 配额 4800/4800 13:05UTC | 主队列 52/200 发现队列 0/20000 [空] | Worker 0忙/36闲(0%)
[2026-08-07 21:05:23] [种子] 🔵 [种子 53/634] AtenaPV/Sub-Sync | 配额 4800/4800 13:05UTC | 主队列 53/200 发现队列 0/20000 [空] | Worker 0忙/36闲(0%)
[2026-08-07 21:05:23] [种子] 🔵 [种子 54/634] sevcator/5ubscrpt10n | 配额 4800/4800 13:05UTC | 主队列 54/200 发现队列 0/20000 [空] | Worker 0忙/36闲(0%)
[2026-08-07 21:05:23] [种子] 🔵 [种子 55/634] V2RayRoot/V2RayConfig | 配额 4800/4800 13:05UTC | 主队列 55/200 发现队列 0/20000 [空] | Worker 0忙/36闲(0%)
[2026-08-07 21:05:23] [种子] 🔵 [种子 56/634] ehsanghaffar/config-sub-platform | 配额 4800/4800 13:05UTC | 主队列 56/200 发现队列 0/20000 [空] | Worker 0忙/36闲(0%)
[2026-08-07 21:05:23] [种子] 🔵 [种子 57/634] Airuop/config-fetcher | 配额 4800/4800 13:05UTC | 主队列 57/200 发现队列 0/20000 [空] | Worker 0忙/36闲(0%)
[2026-08-07 21:05:23] [种子] 🔵 [种子 58/634] free-nodes/v2rayfree | 配额 4800/4800 13:05UTC | 主队列 58/200 发现队列 0/20000 [空] | Worker 0忙/36闲(0%)
[2026-08-07 21:05:23] [种子] 🔵 [种子 59/634] crashgfw/free-airport-nodes | 配额 4800/4800 13:05UTC | 主队列 59/200 发现队列 0/20000 [空] | Worker 0忙/36闲(0%)
[2026-08-07 21:05:23] [种子] 🔵 [种子 60/634] lza6/free-VPN | 配额 4800/4800 13:05UTC | 主队列 60/200 发现队列 0/20000 [空] | Worker 0忙/36闲(0%)
[2026-08-07 21:05:23] [种子] 🔵 [种子 61/634] guying23/AutoMergePublicNodes | 配额 4800/4800 13:05UTC | 主队列 61/200 发现队列 0/20000 [空] | Worker 0忙/36闲(0%)
[2026-08-07 21:05:23] [种子] 🔵 [种子 62/634] wzdnzd/aggregator | 配额 4800/4800 13:05UTC | 主队列 62/200 发现队列 0/20000 [空] | Worker 0忙/36闲(0%)
[2026-08-07 21:05:23] [种子] 🔵 [种子 63/634] bruceblink/free-v2ray | 配额 4800/4800 13:05UTC | 主队列 63/200 发现队列 0/20000 [空] | Worker 0忙/36闲(0%)
[2026-08-07 21:05:23] [种子] 🔵 [种子 64/634] alanbobs999/TopFreeProxies | 配额 4800/4800 13:05UTC | 主队列 64/200 发现队列 0/20000 [空] | Worker 0忙/36闲(0%)
[2026-08-07 21:05:23] [种子] 🔵 [种子 65/634] wrfree/free | 配额 4800/4800 13:05UTC | 主队列 65/200 发现队列 0/20000 [空] | Worker 0忙/36闲(0%)
[2026-08-07 21:05:23] [种子] 🔵 [种子 66/634] learnhard-cn/free_proxy_ss | 配额 4800/4800 13:05UTC | 主队列 66/200 发现队列 0/20000 [空] | Worker 0忙/36闲(0%)
[2026-08-07 21:05:23] [种子] 🔵 [种子 67/634] mahsanet/MahsaFreeConfig | 配额 4800/4800 13:05UTC | 主队列 67/200 发现队列 0/20000 [空] | Worker 0忙/36闲(0%)
[2026-08-07 21:05:23] [种子] 🔵 [种子 68/634] Ashkan-m/v2ray | 配额 4800/4800 13:05UTC | 主队列 68/200 发现队列 0/20000 [空] | Worker 0忙/36闲(0%)
[2026-08-07 21:05:23] [种子] 🔵 [种子 69/634] Kamyar19/configMs | 配额 4800/4800 13:05UTC | 主队列 69/200 发现队列 0/20000 [空] | Worker 0忙/36闲(0%)
[2026-08-07 21:05:23] [种子] 🔵 [种子 70/634] junjun266/FreeProxyGo | 配额 4800/4800 13:05UTC | 主队列 70/200 发现队列 0/20000 [空] | Worker 0忙/36闲(0%)
[2026-08-07 21:05:23] [种子] 🔵 [种子 71/634] imalyzer/mihomo-node-checker | 配额 4800/4800 13:05UTC | 主队列 71/200 发现队列 0/20000 [空] | Worker 0忙/36闲(0%)
[2026-08-07 21:05:23] [种子] 🔵 [种子 72/634] lerjtl/Testfree | 配额 4800/4800 13:05UTC | 主队列 72/200 发现队列 0/20000 [空] | Worker 0忙/36闲(0%)
[2026-08-07 21:05:23] [种子] 🔵 [种子 73/634] superokde/free-nodes | 配额 4800/4800 13:05UTC | 主队列 73/200 发现队列 0/20000 [空] | Worker 0忙/36闲(0%)
[2026-08-07 21:05:23] [种子] 🔵 [种子 74/634] XHegit/FreeNodes | 配额 4800/4800 13:05UTC | 主队列 74/200 发现队列 0/20000 [空] | Worker 0忙/36闲(0%)
[2026-08-07 21:05:23] [种子] 🔵 [种子 75/634] Yannik666/nodes | 配额 4800/4800 13:05UTC | 主队列 75/200 发现队列 0/20000 [空] | Worker 0忙/36闲(0%)
[2026-08-07 21:05:23] [种子] 🔵 [种子 76/634] wanvfx/FreeNodes | 配额 4800/4800 13:05UTC | 主队列 76/200 发现队列 0/20000 [空] | Worker 0忙/36闲(0%)
[2026-08-07 21:05:23] [种子] 🔵 [种子 77/634] luochen1975/FreeNodes | 配额 4800/4800 13:05UTC | 主队列 77/200 发现队列 0/20000 [空] | Worker 0忙/36闲(0%)
[2026-08-07 21:05:23] [种子] 🔵 [种子 78/634] yangfh158/FreeNodes | 配额 4800/4800 13:05UTC | 主队列 78/200 发现队列 0/20000 [空] | Worker 0忙/36闲(0%)
[2026-08-07 21:05:23] [种子] 🔵 [种子 79/634] chengege666/FreeNodes | 配额 4800/4800 13:05UTC | 主队列 79/200 发现队列 0/20000 [空] | Worker 0忙/36闲(0%)
[2026-08-07 21:05:23] [种子] 🔵 [种子 80/634] gwcctv/FreeNodes | 配额 4800/4800 13:05UTC | 主队列 80/200 发现队列 0/20000 [空] | Worker 0忙/36闲(0%)
[2026-08-07 21:05:23] [种子] 🔵 [种子 81/634] HakurouKen/free-node | 配额 4800/4800 13:05UTC | 主队列 81/200 发现队列 0/20000 [空] | Worker 0忙/36闲(0%)
[2026-08-07 21:05:23] [种子] 🔵 [种子 82/634] PENZA84/free-node | 配额 4800/4800 13:05UTC | 主队列 82/200 发现队列 0/20000 [空] | Worker 0忙/36闲(0%)
[2026-08-07 21:05:23] [种子] 🔵 [种子 83/634] soufranciscoescola-png/Criar-fonte-TTF---BR---draw-your-font | 配额 4800/4800 13:05UTC | 主队列 83/200 发现队列 0/20000 [空] | Worker 0忙/36闲(0%)
[2026-08-07 21:05:23] [种子] 🔵 [种子 84/634] cheryomukhin/draw-your-font | 配额 4800/4800 13:05UTC | 主队列 84/200 发现队列 0/20000 [空] | Worker 0忙/36闲(0%)
[2026-08-07 21:05:23] [种子] 🔵 [种子 85/634] dhiaeddine-ayh/draw-your-font | 配额 4800/4800 13:05UTC | 主队列 85/200 发现队列 0/20000 [空] | Worker 0忙/36闲(0%)
[2026-08-07 21:05:23] [种子] 🔵 [种子 86/634] rrzt/FreeNodes | 配额 4800/4800 13:05UTC | 主队列 86/200 发现队列 0/20000 [空] | Worker 0忙/36闲(0%)
[2026-08-07 21:05:23] [种子] 🔵 [种子 87/634] cyj4215/FreeNodes | 配额 4800/4800 13:05UTC | 主队列 87/200 发现队列 0/20000 [空] | Worker 0忙/36闲(0%)
[2026-08-07 21:05:23] [种子] 🔵 [种子 88/634] shenguidao/FreeNodes | 配额 4800/4800 13:05UTC | 主队列 88/200 发现队列 0/20000 [空] | Worker 0忙/36闲(0%)
[2026-08-07 21:05:23] [种子] 🔵 [种子 89/634] jiayou88/FreeNodes- | 配额 4800/4800 13:05UTC | 主队列 89/200 发现队列 0/20000 [空] | Worker 0忙/36闲(0%)
[2026-08-07 21:05:23] [种子] 🔵 [种子 90/634] 4258806/FreeNodes | 配额 4800/4800 13:05UTC | 主队列 90/200 发现队列 0/20000 [空] | Worker 0忙/36闲(0%)
[2026-08-07 21:05:23] [种子] 🔵 [种子 91/634] muxd93/awesome-vpn | 配额 4800/4800 13:05UTC | 主队列 91/200 发现队列 0/20000 [空] | Worker 0忙/36闲(0%)
[2026-08-07 21:05:23] [种子] 🔵 [种子 92/634] Andyworldclub/openproxylist | 配额 4800/4800 13:05UTC | 主队列 92/200 发现队列 0/20000 [空] | Worker 0忙/36闲(0%)
[2026-08-07 21:05:23] [种子] 🔵 [种子 93/634] toda-adot/ACL4SSR | 配额 4800/4800 13:05UTC | 主队列 93/200 发现队列 0/20000 [空] | Worker 0忙/36闲(0%)
[2026-08-07 21:05:23] [种子] 🔵 [种子 94/634] superduke/ACL4SSR | 配额 4800/4800 13:05UTC | 主队列 94/200 发现队列 0/20000 [空] | Worker 0忙/36闲(0%)
[2026-08-07 21:05:23] [种子] 🔵 [种子 95/634] housaiyinmamaide/ACL4SSR | 配额 4800/4800 13:05UTC | 主队列 95/200 发现队列 0/20000 [空] | Worker 0忙/36闲(0%)
[2026-08-07 21:05:23] [种子] 🔵 [种子 96/634] fenwehome/ACL4SSR | 配额 4800/4800 13:05UTC | 主队列 96/200 发现队列 0/20000 [空] | Worker 0忙/36闲(0%)
[2026-08-07 21:05:23] [种子] 🔵 [种子 97/634] sclyxcn/ACL4SSR | 配额 4800/4800 13:05UTC | 主队列 97/200 发现队列 0/20000 [空] | Worker 0忙/36闲(0%)
[2026-08-07 21:05:23] [种子] 🔵 [种子 98/634] lilikimi/ACL4SSR | 配额 4800/4800 13:05UTC | 主队列 98/200 发现队列 0/20000 [空] | Worker 0忙/36闲(0%)
[2026-08-07 21:05:23] [种子] 🔵 [种子 99/634] zhalkzs/ACL4SSR | 配额 4800/4800 13:05UTC | 主队列 99/200 发现队列 0/20000 [空] | Worker 0忙/36闲(0%)
[2026-08-07 21:05:23] [种子] 🔵 [种子 100/634] orionmeetartemis/ACL4SSR | 配额 4800/4800 13:05UTC | 主队列 100/200 发现队列 0/20000 [空] | Worker 0忙/36闲(0%)
[2026-08-07 21:05:23] [种子] 🔵 [种子 101/634] cmliu/ACL4SSR | 配额 4800/4800 13:05UTC | 主队列 101/200 发现队列 0/20000 [空] | Worker 0忙/36闲(0%)
[2026-08-07 21:05:23] [种子] 🔵 [种子 102/634] zwdnwlm/ACL4SSR | 配额 4800/4800 13:05UTC | 主队列 102/200 发现队列 0/20000 [空] | Worker 0忙/36闲(0%)
[2026-08-07 21:05:23] [种子] 🔵 [种子 103/634] csxjf/ACL4SSR | 配额 4800/4800 13:05UTC | 主队列 103/200 发现队列 0/20000 [空] | Worker 0忙/36闲(0%)
[2026-08-07 21:05:23] [种子] 🔵 [种子 104/634] yilong001/ACL4SSR | 配额 4800/4800 13:05UTC | 主队列 104/200 发现队列 0/20000 [空] | Worker 0忙/36闲(0%)
[2026-08-07 21:05:23] [种子] 🔵 [种子 105/634] FaceAce1/ACL4SSR | 配额 4800/4800 13:05UTC | 主队列 105/200 发现队列 0/20000 [空] | Worker 0忙/36闲(0%)
[2026-08-07 21:05:23] [种子] 🔵 [种子 106/634] njuFerret/ACL4SSR | 配额 4800/4800 13:05UTC | 主队列 106/200 发现队列 0/20000 [空] | Worker 0忙/36闲(0%)
[2026-08-07 21:05:23] [种子] 🔵 [种子 107/634] kimmax603/ACL4SSR | 配额 4800/4800 13:05UTC | 主队列 107/200 发现队列 0/20000 [空] | Worker 0忙/36闲(0%)
[2026-08-07 21:05:23] [种子] 🔵 [种子 108/634] chris202010/ACL4SSR | 配额 4800/4800 13:05UTC | 主队列 108/200 发现队列 0/20000 [空] | Worker 0忙/36闲(0%)
[2026-08-07 21:05:23] [种子] 🔵 [种子 109/634] wjs876046992/subconverter | 配额 4800/4800 13:05UTC | 主队列 109/200 发现队列 0/20000 [空] | Worker 0忙/36闲(0%)
[2026-08-07 21:05:23] [种子] 🔵 [种子 110/634] Wyatt36/SubConverter-Extended | 配额 4800/4800 13:05UTC | 主队列 110/200 发现队列 0/20000 [空] | Worker 0忙/36闲(0%)
[2026-08-07 21:05:23] [种子] 🔵 [种子 111/634] clift190/v2rayNG | 配额 4800/4800 13:05UTC | 主队列 111/200 发现队列 0/20000 [空] | Worker 0忙/36闲(0%)
[2026-08-07 21:05:23] [种子] 🔵 [种子 112/634] 2dust/v2rayNG | 配额 4800/4800 13:05UTC | 主队列 112/200 发现队列 0/20000 [空] | Worker 0忙/36闲(0%)
[2026-08-07 21:05:23] [种子] 🔵 [种子 113/634] clift190/v2rayN | 配额 4800/4800 13:05UTC | 主队列 113/200 发现队列 0/20000 [空] | Worker 0忙/36闲(0%)
[2026-08-07 21:05:23] [种子] 🔵 [种子 114/634] hncsjmj/v2rayN | 配额 4800/4800 13:05UTC | 主队列 114/200 发现队列 0/20000 [空] | Worker 0忙/36闲(0%)
[2026-08-07 21:05:23] [种子] 🔵 [种子 115/634] flyhong666/v2rayN | 配额 4800/4800 13:05UTC | 主队列 115/200 发现队列 0/20000 [空] | Worker 0忙/36闲(0%)
[2026-08-07 21:05:23] [种子] 🔵 [种子 116/634] alxprgs/v2rayNG | 配额 4800/4800 13:05UTC | 主队列 116/200 发现队列 0/20000 [空] | Worker 0忙/36闲(0%)
[2026-08-07 21:05:23] [种子] 🔵 [种子 117/634] AvetGR8/EasyV2raySub | 配额 4800/4800 13:05UTC | 主队列 117/200 发现队列 0/20000 [空] | Worker 0忙/36闲(0%)
[2026-08-07 21:05:23] [种子] 🔵 [种子 118/634] Devindan/EasyV2raySub | 配额 4800/4800 13:05UTC | 主队列 118/200 发现队列 0/20000 [空] | Worker 0忙/36闲(0%)
[2026-08-07 21:05:23] [种子] 🔵 [种子 119/634] symantes/v2rayN | 配额 4800/4800 13:05UTC | 主队列 119/200 发现队列 0/20000 [空] | Worker 0忙/36闲(0%)
[2026-08-07 21:05:23] [种子] 🔵 [种子 120/634] maoxikun/v2rayN | 配额 4800/4800 13:05UTC | 主队列 120/200 发现队列 0/20000 [空] | Worker 0忙/36闲(0%)
[2026-08-07 21:05:23] [种子] 🔵 [种子 121/634] maoxikun/v2rayNG | 配额 4800/4800 13:05UTC | 主队列 121/200 发现队列 0/20000 [空] | Worker 0忙/36闲(0%)
[2026-08-07 21:05:23] [种子] 🔵 [种子 122/634] sec-js/v2rayN | 配额 4800/4800 13:05UTC | 主队列 122/200 发现队列 0/20000 [空] | Worker 0忙/36闲(0%)
[2026-08-07 21:05:23] [种子] 🔵 [种子 123/634] selenologist99/v2rayN | 配额 4800/4800 13:05UTC | 主队列 123/200 发现队列 0/20000 [空] | Worker 0忙/36闲(0%)
[2026-08-07 21:05:23] [种子] 🔵 [种子 124/634] kafeixiang/v2rayN | 配额 4800/4800 13:05UTC | 主队列 124/200 发现队列 0/20000 [空] | Worker 0忙/36闲(0%)
[2026-08-07 21:05:23] [种子] 🔵 [种子 125/634] chizee/v2rayN | 配额 4800/4800 13:05UTC | 主队列 125/200 发现队列 0/20000 [空] | Worker 0忙/36闲(0%)
[2026-08-07 21:05:23] [种子] 🔵 [种子 126/634] lwhx/v2rayN | 配额 4800/4800 13:05UTC | 主队列 126/200 发现队列 0/20000 [空] | Worker 0忙/36闲(0%)
[2026-08-07 21:05:23] [种子] 🔵 [种子 127/634] Orynomnix/v2rayN | 配额 4800/4800 13:05UTC | 主队列 127/200 发现队列 0/20000 [空] | Worker 0忙/36闲(0%)
[2026-08-07 21:05:23] [种子] 🔵 [种子 128/634] OmiSummy/v2rayNG | 配额 4800/4800 13:05UTC | 主队列 128/200 发现队列 0/20000 [空] | Worker 0忙/36闲(0%)
[2026-08-07 21:05:23] [种子] 🔵 [种子 129/634] iswhat/v2rayNG | 配额 4800/4800 13:05UTC | 主队列 129/200 发现队列 0/20000 [空] | Worker 0忙/36闲(0%)
[2026-08-07 21:05:23] [种子] 🔵 [种子 130/634] cysk003/v2rayNG | 配额 4800/4800 13:05UTC | 主队列 130/200 发现队列 0/20000 [空] | Worker 0忙/36闲(0%)
[2026-08-07 21:05:23] [种子] 🔵 [种子 131/634] Kiterepo/v2rayN-2 | 配额 4800/4800 13:05UTC | 主队列 131/200 发现队列 0/20000 [空] | Worker 0忙/36闲(0%)
[2026-08-07 21:05:23] [种子] 🔵 [种子 132/634] soitun/v2rayN | 配额 4800/4800 13:05UTC | 主队列 132/200 发现队列 0/20000 [空] | Worker 0忙/36闲(0%)
[2026-08-07 21:05:23] [种子] 🔵 [种子 133/634] xiechangan123/v2rayNG | 配额 4800/4800 13:05UTC | 主队列 133/200 发现队列 0/20000 [空] | Worker 0忙/36闲(0%)
[2026-08-07 21:05:23] [种子] 🔵 [种子 134/634] LHONG1008/v2rayN | 配额 4800/4800 13:05UTC | 主队列 134/200 发现队列 0/20000 [空] | Worker 0忙/36闲(0%)
[2026-08-07 21:05:23] [种子] 🔵 [种子 135/634] Superoldman96/v2rayNG | 配额 4800/4800 13:05UTC | 主队列 135/200 发现队列 0/20000 [空] | Worker 0忙/36闲(0%)
[2026-08-07 21:05:23] [种子] 🔵 [种子 136/634] fenwehome/v2rayN | 配额 4800/4800 13:05UTC | 主队列 136/200 发现队列 0/20000 [空] | Worker 0忙/36闲(0%)
[2026-08-07 21:05:23] [种子] 🔵 [种子 137/634] Mu-L/v2rayN | 配额 4800/4800 13:05UTC | 主队列 137/200 发现队列 0/20000 [空] | Worker 0忙/36闲(0%)
[2026-08-07 21:05:23] [种子] 🔵 [种子 138/634] ipx2001/v2rayN | 配额 4800/4800 13:05UTC | 主队列 138/200 发现队列 0/20000 [空] | Worker 0忙/36闲(0%)
[2026-08-07 21:05:23] [种子] 🔵 [种子 139/634] Little-Star888/v2rayN | 配额 4800/4800 13:05UTC | 主队列 139/200 发现队列 0/20000 [空] | Worker 0忙/36闲(0%)
[2026-08-07 21:05:23] [种子] 🔵 [种子 140/634] sujun2021/v2rayNG | 配额 4800/4800 13:05UTC | 主队列 140/200 发现队列 0/20000 [空] | Worker 0忙/36闲(0%)
[2026-08-07 21:05:23] [种子] 🔵 [种子 141/634] pthis/v2rayN | 配额 4800/4800 13:05UTC | 主队列 141/200 发现队列 0/20000 [空] | Worker 0忙/36闲(0%)
[2026-08-07 21:05:23] [种子] 🔵 [种子 142/634] a1wjun/v2rayN | 配额 4800/4800 13:05UTC | 主队列 142/200 发现队列 0/20000 [空] | Worker 0忙/36闲(0%)
[2026-08-07 21:05:23] [种子] 🔵 [种子 143/634] samling-jackyjyo/v2rayNG | 配额 4800/4800 13:05UTC | 主队列 143/200 发现队列 0/20000 [空] | Worker 0忙/36闲(0%)
[2026-08-07 21:05:23] [种子] 🔵 [种子 144/634] kafeixiang/v2rayNG | 配额 4800/4800 13:05UTC | 主队列 144/200 发现队列 0/20000 [空] | Worker 0忙/36闲(0%)
[2026-08-07 21:05:23] [种子] 🔵 [种子 145/634] RepoBackup/v2rayN | 配额 4800/4800 13:05UTC | 主队列 145/200 发现队列 0/20000 [空] | Worker 0忙/36闲(0%)
[2026-08-07 21:05:23] [种子] 🔵 [种子 146/634] phpmooc/v2rayN | 配额 4800/4800 13:05UTC | 主队列 146/200 发现队列 0/20000 [空] | Worker 0忙/36闲(0%)
[2026-08-07 21:05:23] [种子] 🔵 [种子 147/634] FairyWorld/fq_v2rayN | 配额 4800/4800 13:05UTC | 主队列 147/200 发现队列 0/20000 [空] | Worker 0忙/36闲(0%)
[2026-08-07 21:05:23] [种子] 🔵 [种子 148/634] Corey01327/v2rayN | 配额 4800/4800 13:05UTC | 主队列 148/200 发现队列 0/20000 [空] | Worker 0忙/36闲(0%)
[2026-08-07 21:05:23] [种子] 🔵 [种子 149/634] gowing520/v2rayN | 配额 4800/4800 13:05UTC | 主队列 149/200 发现队列 0/20000 [空] | Worker 0忙/36闲(0%)
[2026-08-07 21:05:23] [种子] 🔵 [种子 150/634] mengzhisuoliu/v2rayNG | 配额 4800/4800 13:05UTC | 主队列 150/200 发现队列 0/20000 [空] | Worker 0忙/36闲(0%)
[2026-08-07 21:05:23] [种子] 🔵 [种子 151/634] ayayime/v2rayNG | 配额 4800/4800 13:05UTC | 主队列 151/200 发现队列 0/20000 [空] | Worker 0忙/36闲(0%)
[2026-08-07 21:05:23] [种子] 🔵 [种子 152/634] juzi1994/v2rayN | 配额 4800/4800 13:05UTC | 主队列 152/200 发现队列 0/20000 [空] | Worker 0忙/36闲(0%)
[2026-08-07 21:05:23] [种子] 🔵 [种子 153/634] kimikkorow/v2rayN | 配额 4800/4800 13:05UTC | 主队列 153/200 发现队列 0/20000 [空] | Worker 0忙/36闲(0%)
[2026-08-07 21:05:23] [种子] 🔵 [种子 154/634] T00700/v2rayNG | 配额 4800/4800 13:05UTC | 主队列 154/200 发现队列 0/20000 [空] | Worker 0忙/36闲(0%)
[2026-08-07 21:05:23] [种子] 🔵 [种子 155/634] xiechangan123/v2rayN | 配额 4800/4800 13:05UTC | 主队列 155/200 发现队列 0/20000 [空] | Worker 0忙/36闲(0%)
[2026-08-07 21:05:23] [种子] 🔵 [种子 156/634] Super-Zoe/v2rayNG | 配额 4800/4800 13:05UTC | 主队列 156/200 发现队列 0/20000 [空] | Worker 0忙/36闲(0%)
[2026-08-07 21:05:23] [种子] 🔵 [种子 157/634] marstrix/v2rayNG | 配额 4800/4800 13:05UTC | 主队列 157/200 发现队列 0/20000 [空] | Worker 0忙/36闲(0%)
[2026-08-07 21:05:23] [种子] 🔵 [种子 158/634] cysk003/v2rayN | 配额 4800/4800 13:05UTC | 主队列 158/200 发现队列 0/20000 [空] | Worker 0忙/36闲(0%)
[2026-08-07 21:05:23] [种子] 🔵 [种子 159/634] utenkekkou/v2rayN | 配额 4800/4800 13:05UTC | 主队列 159/200 发现队列 0/20000 [空] | Worker 0忙/36闲(0%)
[2026-08-07 21:05:23] [种子] 🔵 [种子 160/634] ws94666ws/v2rayNG | 配额 4800/4800 13:05UTC | 主队列 160/200 发现队列 0/20000 [空] | Worker 0忙/36闲(0%)
[2026-08-07 21:05:23] [种子] 🔵 [种子 161/634] TZ0385/v2rayN | 配额 4800/4800 13:05UTC | 主队列 161/200 发现队列 0/20000 [空] | Worker 0忙/36闲(0%)
[2026-08-07 21:05:23] [种子] 🔵 [种子 162/634] mengzhisuoliu/v2rayN | 配额 4800/4800 13:05UTC | 主队列 162/200 发现队列 0/20000 [空] | Worker 0忙/36闲(0%)
[2026-08-07 21:05:23] [种子] 🔵 [种子 163/634] onekr-billy/v2rayN | 配额 4800/4800 13:05UTC | 主队列 163/200 发现队列 0/20000 [空] | Worker 0忙/36闲(0%)
[2026-08-07 21:05:23] [种子] 🔵 [种子 164/634] noaai/v2rayN | 配额 4800/4800 13:05UTC | 主队列 164/200 发现队列 0/20000 [空] | Worker 0忙/36闲(0%)
[2026-08-07 21:05:23] [种子] 🔵 [种子 165/634] Raad63/v2rayNG-android | 配额 4800/4800 13:05UTC | 主队列 165/200 发现队列 0/20000 [空] | Worker 0忙/36闲(0%)
[2026-08-07 21:05:23] [种子] 🔵 [种子 166/634] chaoduzj/v2rayN | 配额 4800/4800 13:05UTC | 主队列 166/200 发现队列 0/20000 [空] | Worker 0忙/36闲(0%)
[2026-08-07 21:05:23] [种子] 🔵 [种子 167/634] txwdzxq/v2rayN | 配额 4800/4800 13:05UTC | 主队列 167/200 发现队列 0/20000 [空] | Worker 0忙/36闲(0%)
[2026-08-07 21:05:23] [种子] 🔵 [种子 168/634] kany2000/v2rayN | 配额 4800/4800 13:05UTC | 主队列 168/200 发现队列 0/20000 [空] | Worker 0忙/36闲(0%)
[2026-08-07 21:05:23] [种子] 🔵 [种子 169/634] checkvip/v2rayN | 配额 4800/4800 13:05UTC | 主队列 169/200 发现队列 0/20000 [空] | Worker 0忙/36闲(0%)
[2026-08-07 21:05:23] [种子] 🔵 [种子 170/634] Neonity2020/v2rayN | 配额 4800/4800 13:05UTC | 主队列 170/200 发现队列 0/20000 [空] | Worker 0忙/36闲(0%)
[2026-08-07 21:05:23] [种子] 🔵 [种子 171/634] jasonperter/v2rayN | 配额 4800/4800 13:05UTC | 主队列 171/200 发现队列 0/20000 [空] | Worker 0忙/36闲(0%)
[2026-08-07 21:05:23] [种子] 🔵 [种子 172/634] Baobei321/v2rayN | 配额 4800/4800 13:05UTC | 主队列 172/200 发现队列 0/20000 [空] | Worker 0忙/36闲(0%)
[2026-08-07 21:05:23] [种子] 🔵 [种子 173/634] barreler126/v2rayN | 配额 4800/4800 13:05UTC | 主队列 173/200 发现队列 0/20000 [空] | Worker 0忙/36闲(0%)
[2026-08-07 21:05:23] [种子] 🔵 [种子 174/634] txwdzxq/v2rayNG | 配额 4800/4800 13:05UTC | 主队列 174/200 发现队列 0/20000 [空] | Worker 0忙/36闲(0%)
[2026-08-07 21:05:23] [种子] 🔵 [种子 175/634] qaz-t/v2rayNG | 配额 4800/4800 13:05UTC | 主队列 175/200 发现队列 0/20000 [空] | Worker 0忙/36闲(0%)
[2026-08-07 21:05:23] [种子] 🔵 [种子 176/634] dannysl/v2rayN | 配额 4800/4800 13:05UTC | 主队列 176/200 发现队列 0/20000 [空] | Worker 0忙/36闲(0%)
[2026-08-07 21:05:23] [种子] 🔵 [种子 177/634] Super-Zoe/v2rayN | 配额 4800/4800 13:05UTC | 主队列 177/200 发现队列 0/20000 [空] | Worker 0忙/36闲(0%)
[2026-08-07 21:05:23] [种子] 🔵 [种子 178/634] Raad63/v2rayN-windows | 配额 4800/4800 13:05UTC | 主队列 178/200 发现队列 0/20000 [空] | Worker 0忙/36闲(0%)
[2026-08-07 21:05:23] [种子] 🔵 [种子 179/634] shallowlong/v2rayN | 配额 4800/4800 13:05UTC | 主队列 179/200 发现队列 0/20000 [空] | Worker 0忙/36闲(0%)
[2026-08-07 21:05:23] [种子] 🔵 [种子 180/634] sincalaway/v2rayN | 配额 4800/4800 13:05UTC | 主队列 180/200 发现队列 0/20000 [空] | Worker 0忙/36闲(0%)
[2026-08-07 21:05:23] [种子] 🔵 [种子 181/634] cyzzc/v2rayN | 配额 4800/4800 13:05UTC | 主队列 181/200 发现队列 0/20000 [空] | Worker 0忙/36闲(0%)
[2026-08-07 21:05:23] [种子] 🔵 [种子 182/634] Arui66/v2rayN | 配额 4800/4800 13:05UTC | 主队列 182/200 发现队列 0/20000 [空] | Worker 0忙/36闲(0%)
[2026-08-07 21:05:23] [种子] 🔵 [种子 183/634] 957057/v2rayN | 配额 4800/4800 13:05UTC | 主队列 183/200 发现队列 0/20000 [空] | Worker 0忙/36闲(0%)
[2026-08-07 21:05:23] [种子] 🔵 [种子 184/634] xwcyg6/v2raynode | 配额 4800/4800 13:05UTC | 主队列 184/200 发现队列 0/20000 [空] | Worker 0忙/36闲(0%)
[2026-08-07 21:05:23] [种子] 🔵 [种子 185/634] q7451647-ship-it/v2rayN | 配额 4800/4800 13:05UTC | 主队列 185/200 发现队列 0/20000 [空] | Worker 0忙/36闲(0%)
[2026-08-07 21:05:23] [种子] 🔵 [种子 186/634] lidebyte/v2rayN | 配额 4800/4800 13:05UTC | 主队列 186/200 发现队列 0/20000 [空] | Worker 0忙/36闲(0%)
[2026-08-07 21:05:23] [种子] 🔵 [种子 187/634] guguji666666/v2rayNG | 配额 4800/4800 13:05UTC | 主队列 187/200 发现队列 0/20000 [空] | Worker 0忙/36闲(0%)
[2026-08-07 21:05:23] [种子] 🔵 [种子 188/634] linG5821/v2rayN | 配额 4800/4800 13:05UTC | 主队列 188/200 发现队列 0/20000 [空] | Worker 0忙/36闲(0%)
[2026-08-07 21:05:23] [种子] 🔵 [种子 189/634] teamy/v2rayN | 配额 4800/4800 13:05UTC | 主队列 189/200 发现队列 0/20000 [空] | Worker 0忙/36闲(0%)
[2026-08-07 21:05:23] [种子] 🔵 [种子 190/634] WANGjs6736/v2rayN | 配额 4800/4800 13:05UTC | 主队列 190/200 发现队列 0/20000 [空] | Worker 0忙/36闲(0%)
[2026-08-07 21:05:23] [种子] 🔵 [种子 191/634] qaz-t/v2rayN | 配额 4800/4800 13:05UTC | 主队列 191/200 发现队列 0/20000 [空] | Worker 0忙/36闲(0%)
[2026-08-07 21:05:23] [种子] 🔵 [种子 192/634] GH6324/v2rayN | 配额 4800/4800 13:05UTC | 主队列 192/200 发现队列 0/20000 [空] | Worker 0忙/36闲(0%)
[2026-08-07 21:05:23] [种子] 🔵 [种子 193/634] dumpmemory/v2rayN | 配额 4800/4800 13:05UTC | 主队列 193/200 发现队列 0/20000 [空] | Worker 0忙/36闲(0%)
[2026-08-07 21:05:23] [种子] 🔵 [种子 194/634] A-Archives-and-Forks/v2rayN | 配额 4800/4800 13:05UTC | 主队列 194/200 发现队列 0/20000 [空] | Worker 0忙/36闲(0%)
[2026-08-07 21:05:23] [种子] 🔵 [种子 195/634] windzyyy/v2rayN | 配额 4800/4800 13:05UTC | 主队列 195/200 发现队列 0/20000 [空] | Worker 0忙/36闲(0%)
[2026-08-07 21:05:23] [种子] 🔵 [种子 196/634] woyin/v2rayN | 配额 4800/4800 13:05UTC | 主队列 196/200 发现队列 0/20000 [空] | Worker 0忙/36闲(0%)
[2026-08-07 21:05:23] [种子] 🔵 [种子 197/634] ppker/v2rayN | 配额 4800/4800 13:05UTC | 主队列 197/200 发现队列 0/20000 [空] | Worker 0忙/36闲(0%)
[2026-08-07 21:05:23] [种子] 🔵 [种子 198/634] chenlong622/v2rayN | 配额 4800/4800 13:05UTC | 主队列 198/200 发现队列 0/20000 [空] | Worker 0忙/36闲(0%)
[2026-08-07 21:05:23] [种子] 🔵 [种子 199/634] 88alt/v2rayNG | 配额 4800/4800 13:05UTC | 主队列 199/200 发现队列 0/20000 [空] | Worker 0忙/36闲(0%)
[2026-08-07 21:05:23] [种子] 🔵 [种子 200/634] 88alt/v2rayN | 配额 4800/4800 13:05UTC | 主队列 200/200 发现队列 0/20000 [空] | Worker 0忙/36闲(0%)
[2026-08-07 21:05:23] [W-0] 🔧 开始处理 [种子仓库] Raad63/v2ray-configs-sub-5 [种子 1/634]
[2026-08-07 21:05:23] [W-0] ⏭️ [种子仓库] 仓库 https://github.com/Raad63/v2ray-configs-sub-5 已解析，跳过解析（无需追踪）
[2026-08-07 21:05:23] [W-0] ✅ 完成 [种子仓库] Raad63/v2ray-configs-sub-5 [种子 1/634] | 提取 0 | 新增 0 | 耗时 0s | 配额 4799/4800 13:05UTC | 主队列 199/200 发现队列 0/20000 [空] | Worker 1忙/35闲(2%)
[2026-08-07 21:05:23] [种子] 🔵 [种子 201/634] timeflysoon/v2rayNG | 配额 4799/4800 13:05UTC | 主队列 200/200 发现队列 0/20000 [空] | Worker 0忙/36闲(0%)
[2026-08-07 21:05:28] [W-1] ⏳ 等待任务中...
[2026-08-07 21:05:28] [W-1] 🔧 开始处理 [种子仓库] wang1680/proxypool [种子 2/634]
[2026-08-07 21:05:28] [W-2] ⏳ 等待任务中...
[2026-08-07 21:05:28] [W-2] 🔧 开始处理 [种子仓库] Pawdroid/Free-servers [种子 3/634]
[2026-08-07 21:05:28] [W-6] ⏳ 等待任务中...
[2026-08-07 21:05:28] [W-6] 🔧 开始处理 [种子仓库] LoneKingCode/free-proxy-db [种子 4/634]
[2026-08-07 21:05:28] [W-35] ⏳ 等待任务中...
[2026-08-07 21:05:28] [W-35] 🔧 开始处理 [种子仓库] gfpcom/free-proxy-list [种子 5/634]
[2026-08-07 21:05:28] [W-13] ⏳ 等待任务中...
[2026-08-07 21:05:28] [W-13] 🔧 开始处理 [种子仓库] mahdibland/get_v2 [种子 6/634]
[2026-08-07 21:05:28] [W-16] ⏳ 等待任务中...
[2026-08-07 21:05:28] [W-16] 🔧 开始处理 [种子仓库] MhdiTaheri/V2rayCollector [种子 7/634]
[2026-08-07 21:05:28] [W-21] ⏳ 等待任务中...
[2026-08-07 21:05:28] [W-21] 🔧 开始处理 [种子仓库] Raad63/nirevil [种子 8/634]
[2026-08-07 21:05:28] [W-26] ⏳ 等待任务中...
[2026-08-07 21:05:28] [W-26] 🔧 开始处理 [种子仓库] cysk003/yebekhe-TVC [种子 9/634]
[2026-08-07 21:05:28] [W-27] ⏳ 等待任务中...
[2026-08-07 21:05:28] [W-27] 🔧 开始处理 [种子仓库] chaoduzj/V2RayAutoConfig [种子 10/634]
[2026-08-07 21:05:28] [W-33] ⏳ 等待任务中...
[2026-08-07 21:05:28] [W-33] 🔧 开始处理 [种子仓库] sclyxcn/airport-free [种子 11/634]
[2026-08-07 21:05:28] [W-14] ⏳ 等待任务中...
[2026-08-07 21:05:28] [W-14] 🔧 开始处理 [种子仓库] MhdiTaheri/V2rayCollector_Py [种子 12/634]
[2026-08-07 21:05:28] [W-19] ⏳ 等待任务中...
[2026-08-07 21:05:28] [W-19] 🔧 开始处理 [种子仓库] mr-mohamad-mr/multi-proxy-config-fetcher [种子 13/634]
[2026-08-07 21:05:28] [W-23] ⏳ 等待任务中...
[2026-08-07 21:05:28] [W-23] 🔧 开始处理 [种子仓库] miladkantoori/multi-proxy-config-fetcher [种子 14/634]
[2026-08-07 21:05:28] [W-25] ⏳ 等待任务中...
[2026-08-07 21:05:28] [W-25] 🔧 开始处理 [种子仓库] Rayan-Config/C-Sub [种子 15/634]
[2026-08-07 21:05:28] [W-28] ⏳ 等待任务中...
[2026-08-07 21:05:28] [W-28] 🔧 开始处理 [种子仓库] mfuu/v2ray [种子 16/634]
[2026-08-07 21:05:28] [W-31] ⏳ 等待任务中...
[2026-08-07 21:05:28] [W-31] 🔧 开始处理 [种子仓库] mahdibland/SSAggregator [种子 17/634]
[2026-08-07 21:05:28] [W-34] ⏳ 等待任务中...
[2026-08-07 21:05:28] [W-34] 🔧 开始处理 [种子仓库] mahdibland/ShadowsocksAggregator [种子 18/634]
[2026-08-07 21:05:28] [W-12] ⏳ 等待任务中...
[2026-08-07 21:05:28] [W-12] 🔧 开始处理 [种子仓库] free-nodes/clashfree [种子 19/634]
[2026-08-07 21:05:28] [W-5] ⏳ 等待任务中...
[2026-08-07 21:05:28] [W-5] 🔧 开始处理 [种子仓库] ninjastrikers/nexus-nodes [种子 20/634]
[2026-08-07 21:05:28] [W-8] ⏳ 等待任务中...
[2026-08-07 21:05:28] [W-8] 🔧 开始处理 [种子仓库] chaoduzj/aggregator [种子 21/634]
[2026-08-07 21:05:28] [种子] 🔵 [种子 202/634] ethanjiang7/v2rayN | 配额 4799/4800 13:05UTC | 主队列 181/200 发现队列 0/20000 [空] | Worker 20忙/16闲(55%)
[2026-08-07 21:05:28] [种子] 🔵 [种子 203/634] timeflysoon/v2rayN | 配额 4799/4800 13:05UTC | 主队列 182/200 发现队列 0/20000 [空] | Worker 20忙/16闲(55%)
[2026-08-07 21:05:28] [种子] 🔵 [种子 204/634] linyanghao/v2rayN | 配额 4799/4800 13:05UTC | 主队列 183/200 发现队列 0/20000 [空] | Worker 20忙/16闲(55%)
[2026-08-07 21:05:28] [种子] 🔵 [种子 205/634] dxyzx0/v2rayN | 配额 4799/4800 13:05UTC | 主队列 184/200 发现队列 0/20000 [空] | Worker 20忙/16闲(55%)
[2026-08-07 21:05:28] [种子] 🔵 [种子 206/634] rsoorajs/v2rayN | 配额 4799/4800 13:05UTC | 主队列 185/200 发现队列 0/20000 [空] | Worker 20忙/16闲(55%)
[2026-08-07 21:05:28] [种子] 🔵 [种子 207/634] tianhm/v2rayN | 配额 4799/4800 13:05UTC | 主队列 186/200 发现队列 0/20000 [空] | Worker 20忙/16闲(55%)
[2026-08-07 21:05:28] [种子] 🔵 [种子 208/634] GH6324/v2rayNG | 配额 4799/4800 13:05UTC | 主队列 187/200 发现队列 0/20000 [空] | Worker 20忙/16闲(55%)
[2026-08-07 21:05:28] [种子] 🔵 [种子 209/634] catcat0921/v2rayN | 配额 4799/4800 13:05UTC | 主队列 188/200 发现队列 0/20000 [空] | Worker 20忙/16闲(55%)
[2026-08-07 21:05:28] [种子] 🔵 [种子 210/634] ofepo/v2rayN | 配额 4799/4800 13:05UTC | 主队列 189/200 发现队列 0/20000 [空] | Worker 20忙/16闲(55%)
[2026-08-07 21:05:28] [种子] 🔵 [种子 211/634] uvswifft/v2rayN | 配额 4799/4800 13:05UTC | 主队列 190/200 发现队列 0/20000 [空] | Worker 20忙/16闲(55%)
[2026-08-07 21:05:28] [种子] 🔵 [种子 212/634] noaai/v2rayNG | 配额 4799/4800 13:05UTC | 主队列 191/200 发现队列 0/20000 [空] | Worker 20忙/16闲(55%)
[2026-08-07 21:05:28] [种子] 🔵 [种子 213/634] chaud-03/v2rayN | 配额 4799/4800 13:05UTC | 主队列 192/200 发现队列 0/20000 [空] | Worker 20忙/16闲(55%)
[2026-08-07 21:05:28] [种子] 🔵 [种子 214/634] XXcipherX/v2rayN | 配额 4799/4800 13:05UTC | 主队列 193/200 发现队列 0/20000 [空] | Worker 20忙/16闲(55%)
[2026-08-07 21:05:28] [种子] 🔵 [种子 215/634] Parsa58/v2rayN | 配额 4799/4800 13:05UTC | 主队列 194/200 发现队列 0/20000 [空] | Worker 20忙/16闲(55%)
[2026-08-07 21:05:28] [种子] 🔵 [种子 216/634] exhaust-pipe/v2rayN | 配额 4799/4800 13:05UTC | 主队列 195/200 发现队列 0/20000 [空] | Worker 20忙/16闲(55%)
[2026-08-07 21:05:28] [种子] 🔵 [种子 217/634] FF-coder/v2rayN | 配额 4799/4800 13:05UTC | 主队列 196/200 发现队列 0/20000 [空] | Worker 20忙/16闲(55%)
[2026-08-07 21:05:28] [种子] 🔵 [种子 218/634] chenlong622/v2rayNG | 配额 4799/4800 13:05UTC | 主队列 197/200 发现队列 0/20000 [空] | Worker 20忙/16闲(55%)
[2026-08-07 21:05:28] [种子] 🔵 [种子 219/634] Ahmadkl054/v2rayNG | 配额 4799/4800 13:05UTC | 主队列 198/200 发现队列 0/20000 [空] | Worker 20忙/16闲(55%)
[2026-08-07 21:05:28] [种子] 🔵 [种子 220/634] exhaust-pipe/v2rayNG | 配额 4799/4800 13:05UTC | 主队列 199/200 发现队列 0/20000 [空] | Worker 20忙/16闲(55%)
[2026-08-07 21:05:28] [种子] 🔵 [种子 221/634] qq10373815/v2rayNG | 配额 4799/4800 13:05UTC | 主队列 200/200 发现队列 0/20000 [空] | Worker 20忙/16闲(55%)
[2026-08-07 21:05:28] [W-4] ⏳ 等待任务中...
[2026-08-07 21:05:28] [W-4] 🔧 开始处理 [种子仓库] Airuop/cross [种子 22/634]
[2026-08-07 21:05:28] [W-17] ⏳ 等待任务中...
[2026-08-07 21:05:28] [W-17] 🔧 开始处理 [种子仓库] SkillfulElectro/V2RayCollector [种子 23/634]
[2026-08-07 21:05:28] [W-7] ⏳ 等待任务中...
[2026-08-07 21:05:28] [W-7] 🔧 开始处理 [种子仓库] aiboboxx/v2rayfree [种子 24/634]
[2026-08-07 21:05:28] [W-30] ⏳ 等待任务中...
[2026-08-07 21:05:28] [W-30] 🔧 开始处理 [种子仓库] iswhat/Chat2DB [种子 25/634]
[2026-08-07 21:05:28] [W-10] ⏳ 等待任务中...
[2026-08-07 21:05:28] [W-10] 🔧 开始处理 [种子仓库] pooriaredorg/pooriaredorg [种子 26/634]
[2026-08-07 21:05:28] [W-22] ⏳ 等待任务中...
[2026-08-07 21:05:28] [W-22] 🔧 开始处理 [种子仓库] ssrsub/ssr [种子 27/634]
[2026-08-07 21:05:28] [W-32] ⏳ 等待任务中...
[2026-08-07 21:05:28] [W-32] 🔧 开始处理 [种子仓库] peasoft/NoMoreWalls [种子 28/634]
[2026-08-07 21:05:28] [W-18] ⏳ 等待任务中...
[2026-08-07 21:05:28] [W-18] 🔧 开始处理 [种子仓库] 4n0nymou3/multi-proxy-config-fetcher [种子 29/634]
[2026-08-07 21:05:28] [W-29] ⏳ 等待任务中...
[2026-08-07 21:05:28] [W-29] 🔧 开始处理 [种子仓库] wenxig/free-nodes-sub [种子 30/634]
[2026-08-07 21:05:28] [W-9] ⏳ 等待任务中...
[2026-08-07 21:05:28] [W-9] 🔧 开始处理 [种子仓库] 10ium/multi-proxy-config-fetcher [种子 31/634]
[2026-08-07 21:05:28] [W-11] ⏳ 等待任务中...
[2026-08-07 21:05:28] [W-11] 🔧 开始处理 [种子仓库] sclyxcn/v2ray-reaper [种子 32/634]
[2026-08-07 21:05:28] [W-20] ⏳ 等待任务中...
[2026-08-07 21:05:28] [W-20] 🔧 开始处理 [种子仓库] cysk003/Epodonios-v2ray-configs [种子 33/634]
[2026-08-07 21:05:28] [W-15] ⏳ 等待任务中...
[2026-08-07 21:05:28] [W-15] 🔧 开始处理 [种子仓库] cysk003/NoMoreWalls [种子 34/634]
[2026-08-07 21:05:28] [W-24] ⏳ 等待任务中...
[2026-08-07 21:05:28] [W-24] 🔧 开始处理 [种子仓库] Misaka-blog/chromego_merge [种子 35/634]
[2026-08-07 21:05:28] [W-3] ⏳ 等待任务中...
[2026-08-07 21:05:28] [W-3] 🔧 开始处理 [种子仓库] Aethersailor/SubConverter-Extended [种子 36/634]
[2026-08-07 21:05:28] [W-0] ⏳ 等待任务中...
[2026-08-07 21:05:28] [种子] 🔵 [种子 222/634] tristan-deng/v2rayNodesSelected | 配额 4799/4800 13:05UTC | 主队列 186/200 发现队列 0/20000 [空] | Worker 35忙/1闲(97%)
[2026-08-07 21:05:28] [种子] 🔵 [种子 223/634] hihi427/v2rayN_icon | 配额 4799/4800 13:05UTC | 主队列 187/200 发现队列 0/20000 [空] | Worker 35忙/1闲(97%)
[2026-08-07 21:05:28] [种子] 🔵 [种子 224/634] jing5460/v2rayN | 配额 4799/4800 13:05UTC | 主队列 188/200 发现队列 0/20000 [空] | Worker 35忙/1闲(97%)
[2026-08-07 21:05:28] [种子] 🔵 [种子 225/634] FILTERCUT/v2rayNG | 配额 4799/4800 13:05UTC | 主队列 189/200 发现队列 0/20000 [空] | Worker 35忙/1闲(97%)
[2026-08-07 21:05:28] [种子] 🔵 [种子 226/634] huanjk1/V2rayN_Clash_Node_Getter | 配额 4799/4800 13:05UTC | 主队列 190/200 发现队列 0/20000 [空] | Worker 35忙/1闲(97%)
[2026-08-07 21:05:28] [种子] 🔵 [种子 227/634] duming393/v2rayN | 配额 4799/4800 13:05UTC | 主队列 191/200 发现队列 0/20000 [空] | Worker 35忙/1闲(97%)
[2026-08-07 21:05:28] [种子] 🔵 [种子 228/634] fkii78809/v2rayN | 配额 4799/4800 13:05UTC | 主队列 192/200 发现队列 0/20000 [空] | Worker 35忙/1闲(97%)
[2026-08-07 21:05:28] [种子] 🔵 [种子 229/634] raihanyrahman-design/v2rayN | 配额 4799/4800 13:05UTC | 主队列 193/200 发现队列 0/20000 [空] | Worker 35忙/1闲(97%)
[2026-08-07 21:05:28] [种子] 🔵 [种子 230/634] xiejob/v2rayN | 配额 4799/4800 13:05UTC | 主队列 194/200 发现队列 0/20000 [空] | Worker 35忙/1闲(97%)
[2026-08-07 21:05:28] [种子] 🔵 [种子 231/634] hasanz74/V2rayConfigz | 配额 4799/4800 13:05UTC | 主队列 195/200 发现队列 0/20000 [空] | Worker 35忙/1闲(97%)
[2026-08-07 21:05:28] [种子] 🔵 [种子 232/634] luxxuria/harvester | 配额 4799/4800 13:05UTC | 主队列 196/200 发现队列 0/20000 [空] | Worker 35忙/1闲(97%)
[2026-08-07 21:05:28] [种子] 🔵 [种子 233/634] getpower668/kuaiji-vpn | 配额 4799/4800 13:05UTC | 主队列 197/200 发现队列 0/20000 [空] | Worker 35忙/1闲(97%)
[2026-08-07 21:05:28] [种子] 🔵 [种子 234/634] kia678/ClashMetaForAndroid | 配额 4799/4800 13:05UTC | 主队列 198/200 发现队列 0/20000 [空] | Worker 35忙/1闲(97%)
[2026-08-07 21:05:28] [种子] 🔵 [种子 235/634] PuddinCat/BestClash | 配额 4799/4800 13:05UTC | 主队列 199/200 发现队列 0/20000 [空] | Worker 35忙/1闲(97%)
[2026-08-07 21:05:28] [种子] 🔵 [种子 236/634] parhelia512/subs-check | 配额 4799/4800 13:05UTC | 主队列 200/200 发现队列 0/20000 [空] | Worker 35忙/1闲(97%)
[2026-08-07 21:05:28] [W-27] [种子仓库] 仓库 https://github.com/chaoduzj/V2RayAutoConfig (分支: main, size: 12933271KB, pushed: 2026-08-07T12:41:19Z)
[2026-08-07 21:05:28] [W-19] [种子仓库] 仓库 https://github.com/mr-mohamad-mr/multi-proxy-config-fetcher (分支: main, size: 62123KB, pushed: 2026-08-07T13:02:36Z)
[2026-08-07 21:05:29] [W-14] [种子仓库] 仓库 https://github.com/MhdiTaheri/V2rayCollector_Py (分支: main, size: 32045KB, pushed: 2026-08-07T13:05:22Z)
[2026-08-07 21:05:29] [W-6] ⏭️ [种子仓库] 仓库 https://github.com/LoneKingCode/free-proxy-db 已解析，跳过解析（无需追踪）
[2026-08-07 21:05:29] [W-6] ✅ 完成 [种子仓库] LoneKingCode/free-proxy-db [种子 4/634] | 提取 0 | 新增 0 | 耗时 1s | 配额 4795/4800 13:05UTC | 主队列 200/200 发现队列 0/20000 [空] | Worker 35忙/1闲(97%)
[2026-08-07 21:05:29] [W-12] ⏭️ [种子仓库] 仓库 https://github.com/free-nodes/clashfree 已解析，跳过解析（无需追踪）
[2026-08-07 21:05:29] [W-12] ✅ 完成 [种子仓库] free-nodes/clashfree [种子 19/634] | 提取 0 | 新增 0 | 耗时 1s | 配额 4794/4800 13:05UTC | 主队列 200/200 发现队列 0/20000 [空] | Worker 34忙/2闲(94%)
[2026-08-07 21:05:29] [W-16] [种子仓库] 仓库 https://github.com/MhdiTaheri/V2rayCollector (分支: main, size: 950113KB, pushed: 2026-08-07T12:51:23Z)
[2026-08-07 21:05:29] [W-2] [种子仓库] 仓库 https://github.com/Pawdroid/Free-servers (分支: main, size: 89KB, pushed: 2026-08-07T13:01:04Z)
[2026-08-07 21:05:29] [W-18] [种子仓库] 仓库 https://github.com/4n0nymou3/multi-proxy-config-fetcher (分支: main, size: 88787KB, pushed: 2026-08-07T12:57:08Z)
[2026-08-07 21:05:29] [W-35] [种子仓库] 仓库 https://github.com/gfpcom/free-proxy-list (分支: main, size: 37149KB, pushed: 2026-08-07T12:56:21Z)
[2026-08-07 21:05:30] [W-28] ⏭️ [种子仓库] 仓库 https://github.com/mfuu/v2ray 已解析，跳过解析（无需追踪）
[2026-08-07 21:05:30] [W-30] ⏭️ [种子仓库] 仓库 https://github.com/iswhat/Chat2DB 已解析，跳过解析（无需追踪）
[2026-08-07 21:05:30] [W-22] [种子仓库] 仓库 https://github.com/ssrsub/ssr (分支: master, size: 23355KB, pushed: 2026-08-07T13:04:52Z)
[2026-08-07 21:05:30] [W-29] [种子仓库] 仓库 https://github.com/wenxig/free-nodes-sub (分支: main, size: 15715KB, pushed: 2026-08-07T12:53:30Z)
[2026-08-07 21:05:30] [W-32] [种子仓库] 仓库 https://github.com/peasoft/NoMoreWalls (分支: master, size: 5054289KB, pushed: 2026-08-07T13:01:11Z)
[2026-08-07 21:05:30] [W-5] ⏭️ [种子仓库] 仓库 https://github.com/ninjastrikers/nexus-nodes 已解析，跳过解析（无需追踪）
[2026-08-07 21:05:30] [W-3] [种子仓库] 仓库 https://github.com/Aethersailor/SubConverter-Extended (分支: master, size: 11746KB, pushed: 2026-08-07T12:57:00Z)
[2026-08-07 21:05:30] [W-33] ⏭️ [种子仓库] 仓库 https://github.com/sclyxcn/airport-free 已解析，跳过解析（无需追踪）
[2026-08-07 21:05:30] [W-23] [种子仓库] 仓库 https://github.com/miladkantoori/multi-proxy-config-fetcher (分支: main, size: 66451KB, pushed: 2026-08-07T12:46:17Z)
[2026-08-07 21:05:30] [W-13] ⏭️ [种子仓库] 仓库 https://github.com/mahdibland/get_v2 已解析，跳过解析（无需追踪）
[2026-08-07 21:05:30] [W-10] ⏭️ [种子仓库] 仓库 https://github.com/pooriaredorg/pooriaredorg 已解析，跳过解析（无需追踪）
[2026-08-07 21:05:30] [W-10] ✅ 完成 [种子仓库] pooriaredorg/pooriaredorg [种子 26/634] | 提取 0 | 新增 0 | 耗时 2s | 配额 4779/4800 13:05UTC | 主队列 200/200 发现队列 0/20000 [空] | Worker 33忙/3闲(91%)
[2026-08-07 21:05:30] [W-4] ⏭️ [种子仓库] 仓库 https://github.com/Airuop/cross 已解析，跳过解析（无需追踪）
[2026-08-07 21:05:30] [W-19] 仓库 https://github.com/mr-mohamad-mr/multi-proxy-config-fetcher 候选文件 3 个
[2026-08-07 21:05:30] [W-26] ⏭️ [种子仓库] 仓库 https://github.com/cysk003/yebekhe-TVC 已解析，跳过解析（无需追踪）
[2026-08-07 21:05:30] [W-9] [种子仓库] 仓库 https://github.com/10ium/multi-proxy-config-fetcher (分支: main, size: 44314KB, pushed: 2026-08-07T12:56:12Z)
[2026-08-07 21:05:30] [W-27] 仓库 https://github.com/chaoduzj/V2RayAutoConfig 候选文件 27 个
[2026-08-07 21:05:30] [W-25] [种子仓库] 仓库 https://github.com/Rayan-Config/C-Sub (分支: main, size: 26491KB, pushed: 2026-08-07T12:41:52Z)
[2026-08-07 21:05:30] [W-15] [种子仓库] 仓库 https://github.com/cysk003/NoMoreWalls (分支: master, size: 5052384KB, pushed: 2026-08-07T12:43:13Z)
[2026-08-07 21:05:30] [W-20] ⏭️ [种子仓库] 仓库 https://github.com/cysk003/Epodonios-v2ray-configs 已解析，跳过解析（无需追踪）
[2026-08-07 21:05:30] [W-20] ✅ 完成 [种子仓库] cysk003/Epodonios-v2ray-configs [种子 33/634] | 提取 0 | 新增 0 | 耗时 2s | 配额 4771/4800 13:05UTC | 主队列 200/200 发现队列 0/20000 [空] | Worker 32忙/4闲(88%)
[2026-08-07 21:05:30] [W-24] ⏭️ [种子仓库] 仓库 https://github.com/Misaka-blog/chromego_merge 已解析，跳过解析（无需追踪）
[2026-08-07 21:05:30] [W-1] ⏭️ [种子仓库] 仓库 https://github.com/wang1680/proxypool 已解析，跳过解析（无需追踪）
[2026-08-07 21:05:30] [W-11] [种子仓库] 仓库 https://github.com/sclyxcn/v2ray-reaper (分支: main, size: 5490790KB, pushed: 2026-08-07T12:54:43Z)
[2026-08-07 21:05:31] [ThreadPoolExecutor-0_5] 🔗 [种子仓库] 发现仓库链接 Argh94/V2RayAutoConfig (来源 https://raw.githubusercontent.com/chaoduzj/V2RayAutoConfig/main/README.md)
[2026-08-07 21:05:32] [W-19] 🌱 加入种子: mr-mohamad-mr/multi-proxy-config-fetcher (提取 62 节点)
[2026-08-07 21:05:32] [ThreadPoolExecutor-0_4] 📦 批次 0001 已持久化: /home/runner/work/test-college/test-college/batches/no_batch_0001.txt (5441 个节点, 累计 5441 个) | 主队列 200/200 发现队列 0/20000 [空] | Worker 31忙/5闲(86%)
[2026-08-07 21:05:32] [W-31] ⏭️ [种子仓库] 仓库 https://github.com/mahdibland/SSAggregator 已解析，跳过解析（无需追踪）
[2026-08-07 21:05:32] [W-34] ⏭️ [种子仓库] 仓库 https://github.com/mahdibland/ShadowsocksAggregator 已解析，跳过解析（无需追踪）
[2026-08-07 21:05:32] [W-7] ⏭️ [种子仓库] 仓库 https://github.com/aiboboxx/v2rayfree 已解析，跳过解析（无需追踪）
[2026-08-07 21:05:32] [W-28] ✅ 完成 [种子仓库] mfuu/v2ray [种子 16/634] | 提取 0 | 新增 0 | 耗时 2s | 配额 4761/4800 13:05UTC | 主队列 200/200 发现队列 0/20000 [空] | Worker 31忙/5闲(86%)
[2026-08-07 21:05:32] [W-30] ✅ 完成 [种子仓库] iswhat/Chat2DB [种子 25/634] | 提取 0 | 新增 0 | 耗时 2s | 配额 4761/4800 13:05UTC | 主队列 200/200 发现队列 0/20000 [空] | Worker 30忙/6闲(83%)
[2026-08-07 21:05:33] [W-0] 🔧 开始处理 [种子仓库] kafeixiang/mihomo [种子 37/634]
[2026-08-07 21:05:34] [ThreadPoolExecutor-0_4] SHA 缓存已保存: 289642 条, 1 分片
[2026-08-07 21:05:34] [W-14] 仓库 https://github.com/MhdiTaheri/V2rayCollector_Py 候选文件 2 个
[2026-08-07 21:05:35] [W-18] 仓库 https://github.com/4n0nymou3/multi-proxy-config-fetcher 候选文件 12 个
[2026-08-07 21:05:35] [W-16] 仓库 https://github.com/MhdiTaheri/V2rayCollector 候选文件 14 个
[2026-08-07 21:05:35] [W-2] 仓库 https://github.com/Pawdroid/Free-servers 候选文件 32 个
[2026-08-07 21:05:39] [W-20] 🔧 开始处理 [种子仓库] anaer/Sub [种子 38/634]
[2026-08-07 21:05:39] [W-10] 🔧 开始处理 [种子仓库] Leon406/SubCrawler [种子 39/634]
[2026-08-07 21:05:39] [W-30] 🔧 开始处理 [种子仓库] Baobei321/-AutoMergePublicNodes [种子 40/634]
[2026-08-07 21:05:39] [W-28] 🔧 开始处理 [种子仓库] ts-sf/fly [种子 41/634]
[2026-08-07 21:05:39] [ThreadPoolExecutor-0_3] 📦 批次 0002 已持久化: /home/runner/work/test-college/test-college/batches/no_batch_0002.txt (5281 个节点, 累计 11232 个) | 主队列 195/200 发现队列 0/20000 [空] | Worker 34忙/2闲(94%)
[2026-08-07 21:05:39] [W-12] 🔧 开始处理 [种子仓库] chaoduzj/subs-check [种子 42/634]
[2026-08-07 21:05:39] [W-6] 🔧 开始处理 [种子仓库] chaoduzj/pac2 [种子 43/634]
[2026-08-07 21:05:41] [W-5] ✅ 完成 [种子仓库] ninjastrikers/nexus-nodes [种子 20/634] | 提取 0 | 新增 0 | 耗时 2s | 配额 4761/4800 13:05UTC | 主队列 194/200 发现队列 0/20000 [空] | Worker 36忙/0闲(100%)
[2026-08-07 21:05:41] [W-5] 🔧 开始处理 [种子仓库] ws94666ws/awesome-vpn [种子 44/634]
[2026-08-07 21:05:43] [ThreadPoolExecutor-0_3] SHA 缓存已保存: 289645 条, 1 分片
[2026-08-07 21:05:43] [W-33] ✅ 完成 [种子仓库] sclyxcn/airport-free [种子 11/634] | 提取 0 | 新增 0 | 耗时 2s | 配额 4761/4800 13:05UTC | 主队列 193/200 发现队列 0/20000 [空] | Worker 36忙/0闲(100%)
[2026-08-07 21:05:43] [W-33] 🔧 开始处理 [种子仓库] ab13643832129/awesome-vpn [种子 45/634]
[2026-08-07 21:05:43] [ThreadPoolExecutor-29_0] 🔗 [种子仓库] 递归发现仓库 Mahdi0024/ProxyCollector (来源 https://raw.githubusercontent.com/4n0nymou3/multi-proxy-config-fetcher/main/configs/channel_stats.json)
[2026-08-07 21:05:45] [W-13] ✅ 完成 [种子仓库] mahdibland/get_v2 [种子 6/634] | 提取 0 | 新增 0 | 耗时 2s | 配额 4761/4800 13:05UTC | 主队列 192/200 发现队列 0/20000 [空] | Worker 36忙/0闲(100%)
[2026-08-07 21:05:45] [W-21] ⏭️ [种子仓库] 仓库 https://github.com/Raad63/nirevil 已解析，跳过解析（无需追踪）
[2026-08-07 21:05:45] [W-13] 🔧 开始处理 [种子仓库] xwcyg6/airport-free [种子 46/634]
[2026-08-07 21:05:45] [W-4] ✅ 完成 [种子仓库] Airuop/cross [种子 22/634] | 提取 0 | 新增 0 | 耗时 2s | 配额 4760/4800 13:05UTC | 主队列 191/200 发现队列 0/20000 [空] | Worker 36忙/0闲(100%)
[2026-08-07 21:05:45] [W-26] ✅ 完成 [种子仓库] cysk003/yebekhe-TVC [种子 9/634] | 提取 0 | 新增 0 | 耗时 2s | 配额 4760/4800 13:05UTC | 主队列 190/200 发现队列 0/20000 [空] | Worker 35忙/1闲(97%)
[2026-08-07 21:05:45] [W-4] 🔧 开始处理 [种子仓库] BiHuDeH/multi-proxy-config-fetcher [种子 47/634]
[2026-08-07 21:05:45] [W-26] 🔧 开始处理 [种子仓库] sami4030/multi-proxy-config-fetcher [种子 48/634]
