[2026-07-16 16:17:10] 🚀 程序启动
[2026-07-16 16:17:10] 关键词: 90 个
[2026-07-16 16:17:10] 已加载黑名单: 3106 个
[2026-07-16 16:17:10] 加载 SHA 缓存 48748 条 (1 分片)
[2026-07-16 16:17:10] 🚀 程序启动 | 配额上限 4800/小时
[2026-07-16 16:17:10] 🔵 种子仓库: 38 个 → 队列
[2026-07-16 16:17:11] 仓库 https://github.com/mahdibland/V2RayAggregator (分支: master, size: 4486288KB, pushed: 2026-07-16T04:04:43Z)
[2026-07-16 16:17:11] ⏱️ Code [1/29] vmess:// extension:yaml | 1s | +0 节点 | 配额 4798/4800
[2026-07-16 16:17:12] 仓库 https://github.com/mahdibland/V2RayAggregator 候选文件较多 (1532 个)，先通过 commits API 过滤
[2026-07-16 16:17:12] 仓库 https://github.com/gfpcom/free-proxy-list (分支: main, size: 37043KB, pushed: 2026-07-16T05:26:37Z)
[2026-07-16 16:17:13] ⏱️ Code [2/29] vless:// extension:yaml | 2s | +0 节点 | 配额 4794/4800
[2026-07-16 16:17:15] 仓库 https://github.com/gfpcom/free-proxy-list 候选文件 1 个
[2026-07-16 16:17:15] 🔗 递归发现仓库 wiki/gfpcom (来源 https://raw.githubusercontent.com/gfpcom/free-proxy-list/main/README.md)
[2026-07-16 16:17:15] 仓库 https://github.com/ninjastrikers/nexus-nodes (分支: main, size: 865884KB, pushed: 2026-07-16T06:31:38Z)
[2026-07-16 16:17:16] ⏱️ Code [3/29] trojan:// extension:yaml | 1s | +2 节点 | 配额 4790/4800
[2026-07-16 16:17:18] repo info (wiki/gfpcom) 404，跳过[2026-07-16 16:17:18] 仓库 https://github.com/ermaozi/get_subscribe (分支: main, size: 148KB, pushed: 2026-07-16T00:40:40Z)[2026-07-16 16:17:18] 仓库 https://github.com/ninjastrikers/nexus-nodes 候选文件较多 (542 个)，先通过 commits API 过滤


[2026-07-16 16:17:18] 🔗 查子仓库: gfpcom/free-proxy-list
[2026-07-16 16:17:20]   Compare API 返回 26 个变更文件 (3 次 API 调用)
[2026-07-16 16:17:20]   commits 过滤: 1532 → 22 (变更文件 26 个)
[2026-07-16 16:17:20] 仓库 https://github.com/mahdibland/V2RayAggregator 候选文件 22 个
[2026-07-16 16:17:20] 🔗 递归发现仓库 pojiezhiyuanjun/freev2 (来源 https://raw.githubusercontent.com/mahdibland/V2RayAggregator/master/sub/sub_list.json)
[2026-07-16 16:17:21] 🔗 递归发现仓库 mahdibland/ShadowsocksAggregator (来源 https://raw.githubusercontent.com/mahdibland/V2RayAggregator/master/README.md)
[2026-07-16 16:17:22] 仓库 https://github.com/ermaozi/get_subscribe 无候选文件 (总计 73 blob, 扩展名过滤 64, processed_shas 跳过 0, SHA 缓存跳过 9)
[2026-07-16 16:17:22] 🔗 查子仓库: ermaozi/get_subscribe
[2026-07-16 16:17:24] 📦 批次 0001 已持久化: /home/runner/work/test-college/test-college/batches/no_batch_0001.txt (5116 个节点, 累计 5116 个)
[2026-07-16 16:17:22] ⏱️ Code [4/29] ss:// extension:yaml | 5s | +2785 节点 | 配额 4780/4800
[2026-07-16 16:17:25] ⚠️ 仓库 https://github.com/pojiezhiyuanjun/freev2 30091h 未更新，废弃 → 加入黑名单
[2026-07-16 16:17:25] 🔗 递归发现仓库 mianfeifq/share (来源 https://raw.githubusercontent.com/mahdibland/V2RayAggregator/master/sub/sub_list.json)
[2026-07-16 16:17:25] 仓库 https://github.com/mahdibland/ShadowsocksAggregator (分支: master, size: 4486288KB, pushed: 2026-07-16T04:04:43Z)
[2026-07-16 16:17:25] ⏱️ Code [5/29] hysteria2:// extension:yaml | 1s | +0 节点 | 配额 4776/4800
[2026-07-16 16:17:25]   🍴 子仓库: 30 个 → 队列
[2026-07-16 16:17:25] 🔗 开始 Fork 链追踪 (gfpcom/free-proxy-list)
[2026-07-16 16:17:26] SHA 缓存已保存: 48765 条, 1 分片
[2026-07-16 16:17:28] ⏱️ Code [6/29] tuic:// extension:yaml | 3s | +0 节点 | 配额 4772/4800
[2026-07-16 16:17:28] repo info (mianfeifq/share) 404，跳过[2026-07-16 16:17:28] 👤 遍历用户仓库: gfpcom

[2026-07-16 16:17:29] 🔗 递归发现仓库 vpei/Free-Node-Merge (来源 https://raw.githubusercontent.com/mahdibland/V2RayAggregator/master/sub/sub_list.json)
[2026-07-16 16:17:30] 仓库 https://github.com/mahdibland/ShadowsocksAggregator 候选文件较多 (1513 个)，先通过 commits API 过滤
[2026-07-16 16:17:30]   🍴 子仓库: 30 个 → 队列
[2026-07-16 16:17:30]   Compare API 返回 300 个变更文件 (3 次 API 调用)
[2026-07-16 16:17:30] 🔗 开始 Fork 链追踪 (ermaozi/get_subscribe)
[2026-07-16 16:17:30]   commits 过滤: 542 → 288 (变更文件 300 个)
[2026-07-16 16:17:31] 仓库 https://github.com/ninjastrikers/nexus-nodes 候选文件 288 个
[2026-07-16 16:17:32] repo info (vpei/Free-Node-Merge) 返回 403 (尝试 1/2)
[2026-07-16 16:17:32] repo info (vpei/Free-Node-Merge) 403（访问被拒，配额剩余 4974），跳过
[2026-07-16 16:17:32] 🔗 递归发现仓库 openrunner/clash-freenode (来源 https://raw.githubusercontent.com/mahdibland/V2RayAggregator/master/sub/sub_list.json)
[2026-07-16 16:17:35] ⏱️ Code [7/29] vmess:// extension:txt | 6s | +271 节点 | 配额 4762/4800
[2026-07-16 16:17:35]   👤 用户仓库: 5 个 → 队列
[2026-07-16 16:17:35]   用户 gfpcom 共查 5 个仓库
[2026-07-16 16:17:35] 仓库 https://github.com/pawdroid/Free-servers (分支: main, size: 85KB, pushed: 2026-07-16T08:00:40Z)
[2026-07-16 16:17:35] 👤 遍历用户仓库: ermaozi
[2026-07-16 16:17:37] 仓库 https://github.com/openrunner/clash-freenode (分支: main, size: 206KB, pushed: 2026-07-15T21:00:57Z)
[2026-07-16 16:17:37] 仓库 https://github.com/pawdroid/Free-servers 候选文件 32 个
[2026-07-16 16:17:39] 🔗 递归发现仓库 Pawdroid/Free-servers (来源 https://raw.githubusercontent.com/pawdroid/Free-servers/main/static/README-en.md)
[2026-07-16 16:17:39] 🔗 递归发现仓库 Pawdroid/Free-servers (来源 https://raw.githubusercontent.com/pawdroid/Free-servers/main/static/README-id.md)
[2026-07-16 16:17:39] 🔗 递归发现仓库 Pawdroid/Free-servers (来源 https://raw.githubusercontent.com/pawdroid/Free-servers/main/static/README-de.md)
[2026-07-16 16:17:39] 🔗 递归发现仓库 Pawdroid/Free-servers (来源 https://raw.githubusercontent.com/pawdroid/Free-servers/main/static/README-es.md)
[2026-07-16 16:17:39] 🔗 递归发现仓库 Pawdroid/Free-servers (来源 https://raw.githubusercontent.com/pawdroid/Free-servers/main/static/README-ko-KR.md)
[2026-07-16 16:17:39] ⏱️ Code [8/29] vless:// extension:txt | 4s | +1180 节点 | 配额 4754/4800
[2026-07-16 16:17:40] 🔗 递归发现仓库 Pawdroid/Free-servers (来源 https://raw.githubusercontent.com/pawdroid/Free-servers/main/static/README-pt-BR.md)[2026-07-16 16:17:40] 🔗 递归发现仓库 Pawdroid/Free-servers (来源 https://raw.githubusercontent.com/pawdroid/Free-servers/main/static/README-pl.md)

[2026-07-16 16:17:40] 🔗 递归发现仓库 Pawdroid/Free-servers (来源 https://raw.githubusercontent.com/pawdroid/Free-servers/main/static/README-vi.md)[2026-07-16 16:17:40] 仓库 https://github.com/openrunner/clash-freenode 候选文件 1 个

[2026-07-16 16:17:40] 🔗 递归发现仓库 Pawdroid/Free-servers (来源 https://raw.githubusercontent.com/pawdroid/Free-servers/main/static/README-fr.md)
[2026-07-16 16:17:41] 🔗 递归发现仓库 Pawdroid/Free-servers (来源 https://raw.githubusercontent.com/pawdroid/Free-servers/main/static/README-ar.md)
[2026-07-16 16:17:41] 🔗 递归发现仓库 Pawdroid/Free-servers (来源 https://raw.githubusercontent.com/pawdroid/Free-servers/main/static/README-ur-PK.md)
[2026-07-16 16:17:41] 🔗 递归发现仓库 Pawdroid/Free-servers (来源 https://raw.githubusercontent.com/pawdroid/Free-servers/main/static/README-ja.md)
[2026-07-16 16:17:41] 🔗 递归发现仓库 Pawdroid/Free-servers (来源 https://raw.githubusercontent.com/pawdroid/Free-servers/main/static/README-ru.md)
[2026-07-16 16:17:41] 🔗 递归发现仓库 Pawdroid/Free-servers (来源 https://raw.githubusercontent.com/pawdroid/Free-servers/main/README.md)
[2026-07-16 16:17:41] 🔗 递归发现仓库 Pawdroid/Free-servers (来源 https://raw.githubusercontent.com/pawdroid/Free-servers/main/static/README-bn.md)
[2026-07-16 16:17:41] 🔗 发现仓库链接 openrunner/clash-freenod (来源 https://raw.githubusercontent.com/openrunner/clash-freenode/main/README.md)
[2026-07-16 16:17:41] 🔗 递归发现仓库 Pawdroid/Free-servers (来源 https://raw.githubusercontent.com/pawdroid/Free-servers/main/static/README-hi.md)
[2026-07-16 16:17:42]   👤 用户仓库: 22 个 → 队列
[2026-07-16 16:17:42]   用户 ermaozi 共查 22 个仓库
[2026-07-16 16:17:42] 仓库 https://github.com/sevcator/5ubscrpt10n (分支: main, size: 66441688KB, pushed: 2026-07-16T06:29:35Z)
[2026-07-16 16:17:42] 仓库 https://github.com/Pawdroid/Free-servers (分支: main, size: 85KB, pushed: 2026-07-16T08:00:40Z)
[2026-07-16 16:17:42] 仓库 https://github.com/Pawdroid/Free-servers (分支: main, size: 85KB, pushed: 2026-07-16T08:00:40Z)[2026-07-16 16:17:42] 仓库 https://github.com/Pawdroid/Free-servers (分支: main, size: 85KB, pushed: 2026-07-16T08:00:40Z)

[2026-07-16 16:17:44] 仓库 https://github.com/Pawdroid/Free-servers (分支: main, size: 85KB, pushed: 2026-07-16T08:00:40Z)
[2026-07-16 16:17:45] 仓库 https://github.com/Pawdroid/Free-servers (分支: main, size: 85KB, pushed: 2026-07-16T08:00:40Z)
[2026-07-16 16:17:46] 🔗 查子仓库: ninjastrikers/nexus-nodes
[2026-07-16 16:17:47] 仓库 https://github.com/Pawdroid/Free-servers (分支: main, size: 85KB, pushed: 2026-07-16T08:00:40Z)[2026-07-16 16:17:47] 仓库 https://github.com/Pawdroid/Free-servers (分支: main, size: 85KB, pushed: 2026-07-16T08:00:40Z)[2026-07-16 16:17:47] 仓库 https://github.com/Pawdroid/Free-servers (分支: main, size: 85KB, pushed: 2026-07-16T08:00:40Z)[2026-07-16 16:17:45] ⏱️ Code [9/29] trojan:// extension:txt | 5s | +891 节点 | 配额 4742/4800



[2026-07-16 16:17:49] 仓库 https://github.com/Pawdroid/Free-servers (分支: main, size: 85KB, pushed: 2026-07-16T08:00:40Z)
[2026-07-16 16:17:49] 仓库 https://github.com/Pawdroid/Free-servers 无候选文件 (总计 49 blob, 扩展名过滤 17, processed_shas 跳过 32, SHA 缓存跳过 0)
[2026-07-16 16:17:49] 👤 遍历用户仓库: Pawdroid[2026-07-16 16:17:49] 仓库 https://github.com/Pawdroid/Free-servers 无候选文件 (总计 49 blob, 扩展名过滤 17, processed_shas 跳过 32, SHA 缓存跳过 0)

[2026-07-16 16:17:49] 仓库 https://github.com/Pawdroid/Free-servers (分支: main, size: 85KB, pushed: 2026-07-16T08:00:40Z)[2026-07-16 16:17:49] 仓库 https://github.com/Pawdroid/Free-servers (分支: main, size: 85KB, pushed: 2026-07-16T08:00:40Z)[2026-07-16 16:17:49] repo info (openrunner/clash-freenod) 404，跳过[2026-07-16 16:17:49] 仓库 https://github.com/Pawdroid/Free-servers (分支: main, size: 85KB, pushed: 2026-07-16T08:00:40Z)[2026-07-16 16:17:49]   Compare API 返回 26 个变更文件 (3 次 API 调用)[2026-07-16 16:17:49] 仓库 https://github.com/Pawdroid/Free-servers (分支: main, size: 85KB, pushed: 2026-07-16T08:00:40Z)[2026-07-16 16:17:49] 仓库 https://github.com/Pawdroid/Free-servers (分支: main, size: 85KB, pushed: 2026-07-16T08:00:40Z)



[2026-07-16 16:17:49] 仓库 https://github.com/Pawdroid/Free-servers (分支: main, size: 85KB, pushed: 2026-07-16T08:00:40Z)

[2026-07-16 16:17:49] 👤 遍历用户仓库: Pawdroid

[2026-07-16 16:17:49]   commits 过滤: 1513 → 3 (变更文件 26 个)

[2026-07-16 16:17:49] 仓库 https://github.com/mahdibland/ShadowsocksAggregator 候选文件 3 个
[2026-07-16 16:17:49] 仓库 https://github.com/openrunner/clash-freenode 未提取到节点，加入黑名单
[2026-07-16 16:17:49] 🔗 递归发现仓库 ssrsub/ssr (来源 https://raw.githubusercontent.com/mahdibland/V2RayAggregator/master/sub/sub_list.json)
[2026-07-16 16:17:51] 仓库 https://github.com/Pawdroid/Free-servers (分支: main, size: 85KB, pushed: 2026-07-16T08:00:40Z)[2026-07-16 16:17:51] 仓库 https://github.com/sevcator/5ubscrpt10n 候选文件较多 (212 个)，先通过 commits API 过滤

[2026-07-16 16:17:57] 仓库 https://github.com/Pawdroid/Free-servers 无候选文件 (总计 49 blob, 扩展名过滤 17, processed_shas 跳过 32, SHA 缓存跳过 0)[2026-07-16 16:17:57] 仓库 https://github.com/Pawdroid/Free-servers 无候选文件 (总计 49 blob, 扩展名过滤 17, processed_shas 跳过 32, SHA 缓存跳过 0)

[2026-07-16 16:17:57] 仓库 https://github.com/Pawdroid/Free-servers 无候选文件 (总计 49 blob, 扩展名过滤 17, processed_shas 跳过 32, SHA 缓存跳过 0)[2026-07-16 16:17:57] 👤 遍历用户仓库: Pawdroid
[2026-07-16 16:17:57] 👤 遍历用户仓库: Pawdroid

[2026-07-16 16:17:57] 👤 遍历用户仓库: Pawdroid
[2026-07-16 16:17:58] 👤 遍历用户仓库: mahdibland
[2026-07-16 16:17:59] 仓库 https://github.com/Pawdroid/Free-servers 无候选文件 (总计 49 blob, 扩展名过滤 17, processed_shas 跳过 32, SHA 缓存跳过 0)[2026-07-16 16:17:59] 仓库 https://github.com/Pawdroid/Free-servers 无候选文件 (总计 49 blob, 扩展名过滤 17, processed_shas 跳过 32, SHA 缓存跳过 0)
[2026-07-16 16:17:59] 仓库 https://github.com/Pawdroid/Free-servers 无候选文件 (总计 49 blob, 扩展名过滤 17, processed_shas 跳过 32, SHA 缓存跳过 0)[2026-07-16 16:17:59] 👤 遍历用户仓库: Pawdroid[2026-07-16 16:17:59] 仓库 https://github.com/Pawdroid/Free-servers 无候选文件 (总计 49 blob, 扩展名过滤 17, processed_shas 跳过 32, SHA 缓存跳过 0)[2026-07-16 16:17:59] 仓库 https://github.com/Pawdroid/Free-servers 无候选文件 (总计 49 blob, 扩展名过滤 17, processed_shas 跳过 32, SHA 缓存跳过 0)
[2026-07-16 16:17:59] 仓库 https://github.com/Pawdroid/Free-servers 无候选文件 (总计 49 blob, 扩展名过滤 17, processed_shas 跳过 32, SHA 缓存跳过 0)


[2026-07-16 16:17:59] 仓库 https://github.com/Pawdroid/Free-servers 无候选文件 (总计 49 blob, 扩展名过滤 17, processed_shas 跳过 32, SHA 缓存跳过 0)
[2026-07-16 16:17:59] 仓库 https://github.com/Pawdroid/Free-servers 无候选文件 (总计 49 blob, 扩展名过滤 17, processed_shas 跳过 32, SHA 缓存跳过 0)[2026-07-16 16:17:59] 仓库 https://github.com/Pawdroid/Free-servers 无候选文件 (总计 49 blob, 扩展名过滤 17, processed_shas 跳过 32, SHA 缓存跳过 0)[2026-07-16 16:17:59] 仓库 https://github.com/Pawdroid/Free-servers 无候选文件 (总计 49 blob, 扩展名过滤 17, processed_shas 跳过 32, SHA 缓存跳过 0)
[2026-07-16 16:17:59] 👤 遍历用户仓库: Pawdroid
[2026-07-16 16:17:59] 👤 遍历用户仓库: Pawdroid
[2026-07-16 16:17:59] 👤 遍历用户仓库: Pawdroid

[2026-07-16 16:17:59] 👤 遍历用户仓库: Pawdroid

[2026-07-16 16:17:59] 👤 遍历用户仓库: Pawdroid
[2026-07-16 16:17:59] 👤 遍历用户仓库: Pawdroid

[2026-07-16 16:17:59] 👤 遍历用户仓库: Pawdroid[2026-07-16 16:17:59] 👤 遍历用户仓库: Pawdroid


[2026-07-16 16:17:59] 👤 遍历用户仓库: Pawdroid
[2026-07-16 16:17:59] ⏱️ Code [10/29] ss:// extension:txt | 12s | +0 节点 | 配额 4710/4800
[2026-07-16 16:18:07] 仓库 https://github.com/ssrsub/ssr (分支: master, size: 22798KB, pushed: 2026-07-16T02:41:19Z)
[2026-07-16 16:18:07] 仓库 https://github.com/Pawdroid/Free-servers 无候选文件 (总计 49 blob, 扩展名过滤 17, processed_shas 跳过 32, SHA 缓存跳过 0)
[2026-07-16 16:18:07] 👤 遍历用户仓库: Pawdroid
[2026-07-16 16:18:11]   🍴 子仓库: 6 个 → 队列
[2026-07-16 16:18:11] 🔗 开始 Fork 链追踪 (ninjastrikers/nexus-nodes)
[2026-07-16 16:18:19]   👤 用户仓库: 17 个 → 队列
[2026-07-16 16:18:19]   用户 Pawdroid 共查 17 个仓库
[2026-07-16 16:18:19]   用户 Pawdroid 共查 0 个仓库[2026-07-16 16:18:19] 🔗 发现仓库链接 2dust/v2ray (来源 https://raw.githubusercontent.com/pawdroid/Free-servers/main/static/README-en.md)

[2026-07-16 16:18:19] 🔗 发现仓库链接 Cenmrev/V2Ray (来源 https://raw.githubusercontent.com/pawdroid/Free-servers/main/static/README-id.md)
[2026-07-16 16:18:21]   用户 Pawdroid 共查 0 个仓库[2026-07-16 16:18:21]   用户 Pawdroid 共查 0 个仓库[2026-07-16 16:18:21]   用户 Pawdroid 共查 0 个仓库


[2026-07-16 16:18:21] 仓库 https://github.com/ssrsub/ssr 候选文件 3 个[2026-07-16 16:18:21] 🔗 发现仓库链接 Cenmrev/V2Ray (来源 https://raw.githubusercontent.com/pawdroid/Free-servers/main/static/README-ko-KR.md)[2026-07-16 16:18:21] 🔗 发现仓库链接 Cenmrev/V2Ray (来源 https://raw.githubusercontent.com/pawdroid/Free-servers/main/static/README-de.md)[2026-07-16 16:18:21] 🔗 发现仓库链接 Cenmrev/V2Ray (来源 https://raw.githubusercontent.com/pawdroid/Free-servers/main/static/README-es.md)



[2026-07-16 16:18:22] 🔗 发现仓库链接 MetaCubeX/metacubexd (来源 https://raw.githubusercontent.com/ssrsub/ssr/master/singbox.json)
[2026-07-16 16:18:23]   👤 用户仓库: 20 个 → 队列
[2026-07-16 16:18:23]   用户 mahdibland 共查 20 个仓库
[2026-07-16 16:18:23]   用户 Pawdroid 共查 0 个仓库[2026-07-16 16:18:19] ⏱️ Code [11/29] hysteria2:// extension:txt | 16s | +0 节点 | 配额 4680/4800[2026-07-16 16:18:23] 👤 遍历用户仓库: ninjastrikers[2026-07-16 16:18:23] 🔗 发现仓库链接 mahdibland/SSAggregator (来源 https://raw.githubusercontent.com/mahdibland/V2RayAggregator/master/README.md)



[2026-07-16 16:18:23] 🔗 发现仓库链接 Cenmrev/V2Ray (来源 https://raw.githubusercontent.com/pawdroid/Free-servers/main/static/README-pl.md)
[2026-07-16 16:18:27]   用户 Pawdroid 共查 0 个仓库[2026-07-16 16:18:27]   用户 Pawdroid 共查 0 个仓库

[2026-07-16 16:18:27]   用户 Pawdroid 共查 0 个仓库[2026-07-16 16:18:27]   用户 Pawdroid 共查 0 个仓库[2026-07-16 16:18:27]   用户 Pawdroid 共查 0 个仓库[2026-07-16 16:18:27]   用户 Pawdroid 共查 0 个仓库[2026-07-16 16:18:27]   用户 Pawdroid 共查 0 个仓库

[2026-07-16 16:18:27] 🔗 发现仓库链接 Cenmrev/V2Ray (来源 https://raw.githubusercontent.com/pawdroid/Free-servers/main/static/README-ru.md)[2026-07-16 16:18:27]   用户 Pawdroid 共查 0 个仓库
[2026-07-16 16:18:27]   用户 Pawdroid 共查 0 个仓库

[2026-07-16 16:18:27] 🔗 发现仓库链接 Cenmrev/V2Ray (来源 https://raw.githubusercontent.com/pawdroid/Free-servers/main/static/README-bn.md)


[2026-07-16 16:18:27] 🔗 发现仓库链接 Cenmrev/V2Ray (来源 https://raw.githubusercontent.com/pawdroid/Free-servers/main/static/README-fr.md)
[2026-07-16 16:18:27] 🔗 发现仓库链接 2dust/v2ray (来源 https://raw.githubusercontent.com/pawdroid/Free-servers/main/README.md)
[2026-07-16 16:18:27] 🔗 发现仓库链接 Cenmrev/V2Ray (来源 https://raw.githubusercontent.com/pawdroid/Free-servers/main/static/README-ja.md)
[2026-07-16 16:18:27] 🔗 发现仓库链接 Cenmrev/V2Ray (来源 https://raw.githubusercontent.com/pawdroid/Free-servers/main/static/README-pt-BR.md)

[2026-07-16 16:18:27] 🔗 发现仓库链接 Cenmrev/V2Ray (来源 https://raw.githubusercontent.com/pawdroid/Free-servers/main/static/README-ar.md)[2026-07-16 16:18:27] 🔗 发现仓库链接 Cenmrev/V2Ray (来源 https://raw.githubusercontent.com/pawdroid/Free-servers/main/static/README-ur-PK.md)[2026-07-16 16:18:27] 🔗 发现仓库链接 Cenmrev/V2Ray (来源 https://raw.githubusercontent.com/pawdroid/Free-servers/main/static/README-vi.md)


[2026-07-16 16:18:33]   用户 Pawdroid 共查 0 个仓库
[2026-07-16 16:18:33] 🔗 发现仓库链接 2dust/v2ray (来源 https://raw.githubusercontent.com/pawdroid/Free-servers/main/static/README-hi.md)
[2026-07-16 16:18:33] repo info (2dust/v2ray) 404，跳过
[2026-07-16 16:18:33] 🔗 发现仓库链接 Cenmrev/V2Ray (来源 https://raw.githubusercontent.com/pawdroid/Free-servers/main/static/README-en.md)[2026-07-16 16:18:33] repo info (Cenmrev/V2Ray) 404，跳过

[2026-07-16 16:18:33] 🔗 发现仓库链接 Fndroid/clash_for_windows_pk (来源 https://raw.githubusercontent.com/pawdroid/Free-servers/main/static/README-id.md)
[2026-07-16 16:18:35] repo info (Cenmrev/V2Ray) 404，跳过
[2026-07-16 16:18:35] 🔗 发现仓库链接 Fndroid/clash_for_windows_pk (来源 https://raw.githubusercontent.com/pawdroid/Free-servers/main/static/README-de.md)[2026-07-16 16:18:35] repo info (Cenmrev/V2Ray) 404，跳过

[2026-07-16 16:18:35] 🔗 发现仓库链接 Fndroid/clash_for_windows_pk (来源 https://raw.githubusercontent.com/pawdroid/Free-servers/main/static/README-ko-KR.md)[2026-07-16 16:18:35] repo info (Cenmrev/V2Ray) 404，跳过
[2026-07-16 16:18:35] 仓库 https://github.com/mahdibland/SSAggregator (分支: master, size: 4486288KB, pushed: 2026-07-16T04:04:43Z)[2026-07-16 16:18:35] 仓库 https://github.com/MetaCubeX/metacubexd (分支: main, size: 253532KB, pushed: 2026-07-16T07:27:37Z)[2026-07-16 16:18:35] repo info (Cenmrev/V2Ray) 404，跳过



[2026-07-16 16:18:35] 🔗 发现仓库链接 Fndroid/clash_for_windows_pk (来源 https://raw.githubusercontent.com/pawdroid/Free-servers/main/static/README-es.md)[2026-07-16 16:18:35] 🔗 发现仓库链接 Fndroid/clash_for_windows_pk (来源 https://raw.githubusercontent.com/pawdroid/Free-servers/main/static/README-pl.md)

[2026-07-16 16:18:39]   Compare API 返回 214 个变更文件 (3 次 API 调用)
[2026-07-16 16:18:39]   commits 过滤: 212 → 132 (变更文件 214 个)
[2026-07-16 16:18:39] 仓库 https://github.com/sevcator/5ubscrpt10n 候选文件 132 个
[2026-07-16 16:18:39] repo info (Cenmrev/V2Ray) 404，跳过[2026-07-16 16:18:39] repo info (Cenmrev/V2Ray) 404，跳过
[2026-07-16 16:18:39] repo info (Cenmrev/V2Ray) 404，跳过
[2026-07-16 16:18:39] repo info (2dust/v2ray) 404，跳过[2026-07-16 16:18:39] repo info (Cenmrev/V2Ray) 404，跳过
[2026-07-16 16:18:39] repo info (Cenmrev/V2Ray) 404，跳过

[2026-07-16 16:18:39] 🔗 发现仓库链接 Fndroid/clash_for_windows_pk (来源 https://raw.githubusercontent.com/pawdroid/Free-servers/main/README.md)[2026-07-16 16:18:39] repo info (Cenmrev/V2Ray) 404，跳过[2026-07-16 16:18:39] repo info (Cenmrev/V2Ray) 404，跳过
[2026-07-16 16:18:39] 🔗 发现仓库链接 Fndroid/clash_for_windows_pk (来源 https://raw.githubusercontent.com/pawdroid/Free-servers/main/static/README-vi.md)[2026-07-16 16:18:39] 🔗 发现仓库链接 Fndroid/clash_for_windows_pk (来源 https://raw.githubusercontent.com/pawdroid/Free-servers/main/static/README-ur-PK.md)[2026-07-16 16:18:39] repo info (Cenmrev/V2Ray) 404，跳过[2026-07-16 16:18:39] 🔗 发现仓库链接 Fndroid/clash_for_windows_pk (来源 https://raw.githubusercontent.com/pawdroid/Free-servers/main/static/README-ru.md)[2026-07-16 16:18:39] 🔗 发现仓库链接 Fndroid/clash_for_windows_pk (来源 https://raw.githubusercontent.com/pawdroid/Free-servers/main/static/README-fr.md)





[2026-07-16 16:18:39] 🔗 发现仓库链接 Fndroid/clash_for_windows_pk (来源 https://raw.githubusercontent.com/pawdroid/Free-servers/main/static/README-ar.md)


[2026-07-16 16:18:42] 📦 批次 0002 已持久化: /home/runner/work/test-college/test-college/batches/no_batch_0002.txt (6144 个节点, 累计 11260 个)
[2026-07-16 16:18:43] SHA 缓存已保存: 49104 条, 1 分片
[2026-07-16 16:18:45] repo info (2dust/v2ray) 404，跳过
[2026-07-16 16:18:45]   👤 用户仓库: 30 个 → 队列[2026-07-16 16:18:45] repo info (Cenmrev/V2Ray) 404，跳过[2026-07-16 16:18:45] repo info (Fndroid/clash_for_windows_pk) 404，跳过


[2026-07-16 16:18:45] 仓库 https://github.com/MetaCubeX/metacubexd 候选文件 8 个[2026-07-16 16:18:45]   用户 ninjastrikers 共查 30 个仓库

[2026-07-16 16:18:45] 仓库 https://github.com/roosterkid/openproxylist (分支: main, size: 1069921KB, pushed: 2026-07-16T08:00:31Z)
[2026-07-16 16:18:47] 📦 批次 0003 已持久化: /home/runner/work/test-college/test-college/batches/no_batch_0003.txt (7188 个节点, 累计 18448 个)
[2026-07-16 16:18:49] 仓库 https://github.com/MetaCubeX/metacubexd 未提取到节点，加入黑名单
[2026-07-16 16:18:49] SHA 缓存已保存: 49122 条, 1 分片
[2026-07-16 16:18:49] 👤 遍历用户仓库: ssrsub
[2026-07-16 16:18:50] repo info (Fndroid/clash_for_windows_pk) 404，跳过
[2026-07-16 16:18:50] repo info (Fndroid/clash_for_windows_pk) 404，跳过
[2026-07-16 16:18:51] 仓库 https://github.com/mahdibland/SSAggregator 候选文件较多 (1510 个)，先通过 commits API 过滤[2026-07-16 16:18:51] repo info (Fndroid/clash_for_windows_pk) 404，跳过[2026-07-16 16:18:51] repo info (Fndroid/clash_for_windows_pk) 404，跳过
[2026-07-16 16:18:45] ⏱️ Code [12/29] tuic:// extension:txt | 22s | +5598 节点 | 配额 4639/4800


[2026-07-16 16:18:52] 📦 批次 0004 已持久化: /home/runner/work/test-college/test-college/batches/no_batch_0004.txt (6031 个节点, 累计 24479 个)
[2026-07-16 16:18:53] ⚠️ 并行下载异常: mini/m1n1-5ub-14.txt: dictionary changed size during iteration
[2026-07-16 16:18:53] repo info (Fndroid/clash_for_windows_pk) 404，跳过[2026-07-16 16:18:53] repo info (Fndroid/clash_for_windows_pk) 404，跳过
[2026-07-16 16:18:53] repo info (Fndroid/clash_for_windows_pk) 404，跳过

[2026-07-16 16:18:53] 📦 批次 0005 已持久化: /home/runner/work/test-college/test-college/batches/no_batch_0005.txt (7259 个节点, 累计 31738 个)
[2026-07-16 16:18:54] SHA 缓存已保存: 49128 条, 1 分片
[2026-07-16 16:18:55] repo info (Fndroid/clash_for_windows_pk) 404，跳过
[2026-07-16 16:18:55] repo info (Fndroid/clash_for_windows_pk) 404，跳过
[2026-07-16 16:18:55] repo info (Fndroid/clash_for_windows_pk) 404，跳过
[2026-07-16 16:18:56] 📦 批次 0006 已持久化: /home/runner/work/test-college/test-college/batches/no_batch_0006.txt (5280 个节点, 累计 37018 个)
[2026-07-16 16:18:56] 🔗 查子仓库: pawdroid/Free-servers
[2026-07-16 16:18:57] SHA 缓存已保存: 49130 条, 1 分片
[2026-07-16 16:18:57] 仓库 https://github.com/roosterkid/openproxylist 候选文件 9 个
[2026-07-16 16:18:58]   👤 用户仓库: 5 个 → 队列
[2026-07-16 16:18:58]   用户 ssrsub 共查 5 个仓库
[2026-07-16 16:19:00] 📦 批次 0007 已持久化: /home/runner/work/test-college/test-college/batches/no_batch_0007.txt (5773 个节点, 累计 43982 个)
Traceback (most recent call last):
  File "/home/runner/work/test-college/test-college/collector.py", line 701, in _pool_worker
    self.process_repo(repo, **kwargs)
  File "/home/runner/work/test-college/test-college/collector.py", line 1130, in process_repo
    success = self._process_with_recursive_tree(
              ^^^^^^^^^^^^^^^^^^^^^^^^^^^^^^^^^^
  File "/home/runner/work/test-college/test-college/collector.py", line 1492, in _process_with_recursive_tree
    self._handle_one_file(repo, branch, file_path, sha, has_nodes, depth)
  File "/home/runner/work/test-college/test-college/collector.py", line 1754, in _handle_one_file
    self._flush_batch()
  File "/home/runner/work/test-college/test-college/collector.py", line 315, in _flush_batch
    self.save_sha_cache()
  File "/home/runner/work/test-college/test-college/collector.py", line 226, in save_sha_cache
    self.sha_cache = {sha: ts for sha, ts in self.sha_cache.items() if ts > cutoff}
                                             ^^^^^^^^^^^^^^^^^^^^^^
RuntimeError: dictionary changed size during iteration
[2026-07-16 16:19:00] ⚠️ Worker 异常: roosterkid/openproxylist: dictionary changed size during iteration
[2026-07-16 16:19:00] 仓库 https://github.com/V2RayRoot/V2RayConfig (分支: main, size: 508194KB, pushed: 2026-07-16T06:42:18Z)
[2026-07-16 16:19:01] 📦 批次 0008 已持久化: /home/runner/work/test-college/test-college/batches/no_batch_0008.txt (8455 个节点, 累计 51246 个)
[2026-07-16 16:19:01] ⏱️ Code [13/29] vmess:// extension:json | 9s | +27734 节点 | 配额 4623/4800
[2026-07-16 16:19:01] SHA 缓存已保存: 49136 条, 1 分片
[2026-07-16 16:19:02] 仓库 https://github.com/V2RayRoot/V2RayConfig 无候选文件 (总计 19 blob, 扩展名过滤 2, processed_shas 跳过 0, SHA 缓存跳过 17)
[2026-07-16 16:19:02] 🔗 查子仓库: V2RayRoot/V2RayConfig
[2026-07-16 16:19:03] 📦 批次 0009 已持久化: /home/runner/work/test-college/test-college/batches/no_batch_0009.txt (5149 个节点, 累计 56395 个)
[2026-07-16 16:19:04]   🍴 子仓库: 30 个 → 队列
[2026-07-16 16:19:04] 🔗 开始 Fork 链追踪 (pawdroid/Free-servers)[2026-07-16 16:19:04] ⏱️ Code [14/29] vless:// extension:json | 3s | +5149 节点 | 配额 4618/4800

[2026-07-16 16:19:04] SHA 缓存已保存: 49137 条, 1 分片
[2026-07-16 16:19:05] 👤 遍历用户仓库: pawdroid
[2026-07-16 16:19:07] ⏱️ Code [15/29] hysteria2:// extension:json | 3s | +1198 节点 | 配额 4613/4800
[2026-07-16 16:19:08]   用户 pawdroid 共查 0 个仓库
[2026-07-16 16:19:08] 仓库 https://github.com/Farid-Karimi/Config-Collector (分支: main, size: 326197KB, pushed: 2026-07-16T06:16:56Z)
[2026-07-16 16:19:08]   🍴 子仓库: 19 个 → 队列
[2026-07-16 16:19:08] 🔗 开始 Fork 链追踪 (V2RayRoot/V2RayConfig)
[2026-07-16 16:19:10]   Compare API 返回 26 个变更文件 (3 次 API 调用)[2026-07-16 16:19:10] ⏱️ Code [16/29] tuic:// extension:json | 2s | +301 节点 | 配额 4608/4800

[2026-07-16 16:19:10]   commits 过滤: 1510 → 0 (变更文件 26 个)
[2026-07-16 16:19:10] 仓库 https://github.com/mahdibland/SSAggregator 候选文件经时间过滤后为空
[2026-07-16 16:19:10] 👤 遍历用户仓库: mahdibland
[2026-07-16 16:19:11] 📦 批次 0010 已持久化: /home/runner/work/test-college/test-college/batches/no_batch_0010.txt (14292 个节点, 累计 70735 个)
[2026-07-16 16:19:11] SHA 缓存已保存: 49138 条, 1 分片
[2026-07-16 16:19:12] 📦 批次 0011 已持久化: /home/runner/work/test-college/test-college/batches/no_batch_0011.txt (7822 个节点, 累计 78532 个)
[2026-07-16 16:19:12] 👤 遍历用户仓库: V2RayRoot
[2026-07-16 16:19:12] SHA 缓存已保存: 49139 条, 1 分片
[2026-07-16 16:19:12] 仓库 https://github.com/Farid-Karimi/Config-Collector 候选文件 4 个
[2026-07-16 16:19:14] ⏱️ Code [17/29] "type: vmess" extension:yaml | 4s | +22444 节点 | 配额 4602/4800
[2026-07-16 16:19:14]   👤 用户仓库: 8 个 → 队列
[2026-07-16 16:19:14]   用户 V2RayRoot 共查 8 个仓库
[2026-07-16 16:19:14] 仓库在黑名单中: https://github.com/ehsanghaffar/config-sub-platform
[2026-07-16 16:19:14] 仓库在黑名单中: https://github.com/Airuop/config-fetcher
[2026-07-16 16:19:14] 仓库 https://github.com/free-nodes/v2rayfree (分支: main, size: 18453KB, pushed: 2026-07-16T06:21:56Z)
[2026-07-16 16:19:14] 📦 批次 0012 已持久化: /home/runner/work/test-college/test-college/batches/no_batch_0012.txt (7178 个节点, 累计 85770 个)
[2026-07-16 16:19:14] SHA 缓存已保存: 49146 条, 1 分片
[2026-07-16 16:19:16]   用户 mahdibland 共查 0 个仓库[2026-07-16 16:19:16] ⏱️ Code [18/29] "type: vless" extension:yaml | 2s | +10053 节点 | 配额 4598/4800

[2026-07-16 16:19:16] 🔗 查子仓库: Farid-Karimi/Config-Collector
[2026-07-16 16:19:17] 🔗 查子仓库: mahdibland/V2RayAggregator
[2026-07-16 16:19:19] 仓库 https://github.com/free-nodes/v2rayfree 候选文件 3 个
[2026-07-16 16:19:20]   🍴 子仓库: 2 个 → 队列
[2026-07-16 16:19:20] 🔗 开始 Fork 链追踪 (Farid-Karimi/Config-Collector)
[2026-07-16 16:19:20] 📦 批次 0013 已持久化: /home/runner/work/test-college/test-college/batches/no_batch_0013.txt (7191 个节点, 累计 92878 个)
[2026-07-16 16:19:20]   父仓库: mrvcoder/V2rayCollector
[2026-07-16 16:19:20] 仓库在黑名单中: https://github.com/mrvcoder/V2rayCollector
[2026-07-16 16:19:20]   父仓库 +0 个节点
[2026-07-16 16:19:21] ⏱️ Code [19/29] "type: trojan" extension:yaml | 4s | +2467 节点 | 配额 4592/4800
[2026-07-16 16:19:21] ⏱️ Code [20/29] "type: hysteria2" extension:json | 1s | +0 节点 | 配额 4590/4800
[2026-07-16 16:19:22] SHA 缓存已保存: 49154 条, 1 分片
[2026-07-16 16:19:24] ⏱️ Code [21/29] proxy-groups extension:yaml | 2s | +3073 节点 | 配额 4586/4800
[2026-07-16 16:19:25] 📦 批次 0014 已持久化: /home/runner/work/test-college/test-college/batches/no_batch_0014.txt (6090 个节点, 累计 98968 个)
[2026-07-16 16:19:26] SHA 缓存已保存: 49159 条, 1 分片
[2026-07-16 16:19:26]   🍴 子仓库: 30 个 → 队列
[2026-07-16 16:19:26]   🍴 兄弟仓库: 30 个 → 队列[2026-07-16 16:19:26] 🔗 开始 Fork 链追踪 (mahdibland/V2RayAggregator)

[2026-07-16 16:19:26] 👤 遍历用户仓库: Farid-Karimi
[2026-07-16 16:19:26] 👤 遍历用户仓库: mahdibland
[2026-07-16 16:19:28] 🔗 查子仓库: free-nodes/v2rayfree
[2026-07-16 16:19:28] ⏱️ Code [22/29] outbounds extension:json | 5s | +3501 节点 | 配额 4580/4800
[2026-07-16 16:19:29]   👤 用户仓库: 29 个 → 队列
[2026-07-16 16:19:29]   用户 Farid-Karimi 共查 29 个仓库
[2026-07-16 16:19:29] 仓库在黑名单中: https://github.com/crashgfw/free-airport-nodes
[2026-07-16 16:19:29] 仓库在黑名单中: https://github.com/lza6/free-VPN
[2026-07-16 16:19:29] 仓库在黑名单中: https://github.com/guying23/AutoMergePublicNodes
[2026-07-16 16:19:29] 仓库 https://github.com/rtwo2/FastNodes (分支: main, size: 1653015KB, pushed: 2026-07-16T02:29:44Z)
[2026-07-16 16:19:31] ⏱️ Code [23/29] subscription-userinfo extension:txt | 3s | +1587 节点 | 配额 4575/4800
[2026-07-16 16:19:31]   用户 mahdibland 共查 0 个仓库
[2026-07-16 16:19:32] ⏭️ 仓库 https://github.com/wzdnzd/aggregator 166h 未更新，跳过解析（追踪 fork 链）
[2026-07-16 16:19:32] 🔗 查子仓库: wzdnzd/aggregator
[2026-07-16 16:19:32] ⏱️ Code [24/29] raw.githubusercontent.com extension:yaml | 1s | +0 节点 | 配额 4573/4800
[2026-07-16 16:19:34] 仓库 https://github.com/rtwo2/FastNodes 无候选文件 (总计 247 blob, 扩展名过滤 14, processed_shas 跳过 0, SHA 缓存跳过 233)
[2026-07-16 16:19:34]   🍴 子仓库: 30 个 → 队列
[2026-07-16 16:19:34] 🔗 查子仓库: rtwo2/FastNodes[2026-07-16 16:19:34] 🔗 开始 Fork 链追踪 (free-nodes/v2rayfree)

[2026-07-16 16:19:35] ⏱️ Code [25/29] raw.githubusercontent.com extension:json | 3s | +0 节点 | 配额 4569/4800
[2026-07-16 16:19:37] 👤 遍历用户仓库: free-nodes
[2026-07-16 16:19:38] ⏱️ Code [26/29] raw.githubusercontent.com extension:txt | 3s | +1176 节点 | 配额 4564/4800
[2026-07-16 16:19:38]   🍴 子仓库: 6 个 → 队列
[2026-07-16 16:19:38] 🔗 开始 Fork 链追踪 (rtwo2/FastNodes)
[2026-07-16 16:19:41]   🍴 子仓库: 30 个 → 队列
[2026-07-16 16:19:41] 🔗 开始 Fork 链追踪 (wzdnzd/aggregator)[2026-07-16 16:19:41] Code搜索第1页 返回 403 (尝试 1/2)

[2026-07-16 16:19:41] 触发限流，等待 36s ...
[2026-07-16 16:19:43]   👤 用户仓库: 12 个 → 队列
[2026-07-16 16:19:43] 👤 遍历用户仓库: rtwo2[2026-07-16 16:19:43]   用户 free-nodes 共查 12 个仓库

[2026-07-16 16:19:43] 仓库 https://github.com/aiboboxx/v2rayfree (分支: main, size: 18453KB, pushed: 2026-07-16T06:21:56Z)
[2026-07-16 16:19:43] 👤 遍历用户仓库: wzdnzd
[2026-07-16 16:19:46] 仓库 https://github.com/aiboboxx/v2rayfree 无候选文件 (总计 11 blob, 扩展名过滤 0, processed_shas 跳过 3, SHA 缓存跳过 8)
[2026-07-16 16:19:46] 🔗 查子仓库: aiboboxx/v2rayfree
[2026-07-16 16:19:48]   👤 用户仓库: 1 个 → 队列
[2026-07-16 16:19:48]   用户 rtwo2 共查 1 个仓库
[2026-07-16 16:19:48] 仓库 https://github.com/awesome-vpn/awesome-vpn (分支: master, size: 2982KB, pushed: 2026-07-16T01:55:18Z)
[2026-07-16 16:19:48]   👤 用户仓库: 30 个 → 队列
[2026-07-16 16:19:48]   用户 wzdnzd 共查 30 个仓库
[2026-07-16 16:19:48] 仓库在黑名单中: https://github.com/bruceblink/free-v2ray
[2026-07-16 16:19:48] 仓库 https://github.com/Mr-Meshky/vify (分支: main, size: 161209KB, pushed: 2026-07-16T08:04:56Z)
[2026-07-16 16:19:48] 仓库 https://github.com/awesome-vpn/awesome-vpn 无候选文件 (总计 44 blob, 扩展名过滤 27, processed_shas 跳过 0, SHA 缓存跳过 17)
[2026-07-16 16:19:48] 🔗 查子仓库: awesome-vpn/awesome-vpn
[2026-07-16 16:19:48] 📦 批次 0015 已持久化: /home/runner/work/test-college/test-college/batches/no_batch_0015.txt (6643 个节点, 累计 105611 个)
[2026-07-16 16:19:50] SHA 缓存已保存: 49169 条, 1 分片
[2026-07-16 16:19:51] 仓库 https://github.com/Mr-Meshky/vify 候选文件 64 个
[2026-07-16 16:19:51] repo info (alanbobs999/TopFreeProxies) 返回 403 (尝试 1/2)
[2026-07-16 16:19:51] repo info (alanbobs999/TopFreeProxies) 403（访问被拒，配额剩余 4845），跳过
[2026-07-16 16:19:52]   🍴 子仓库: 17 个 → 队列
[2026-07-16 16:19:52] 🔗 开始 Fork 链追踪 (aiboboxx/v2rayfree)
[2026-07-16 16:19:54]   🍴 子仓库: 30 个 → 队列
[2026-07-16 16:19:54] 🔗 开始 Fork 链追踪 (awesome-vpn/awesome-vpn)
[2026-07-16 16:19:55] 👤 遍历用户仓库: aiboboxx[2026-07-16 16:19:55] 👤 遍历用户仓库: awesome-vpn

[2026-07-16 16:19:55]   用户 aiboboxx 共查 0 个仓库
[2026-07-16 16:19:55] 仓库 https://github.com/pog7x/vpn-configs (分支: master, size: 682235KB, pushed: 2026-07-16T06:21:08Z)
[2026-07-16 16:19:58]   👤 用户仓库: 3 个 → 队列
[2026-07-16 16:19:58]   用户 awesome-vpn 共查 3 个仓库
[2026-07-16 16:19:58] 仓库 https://github.com/mheidari98/.proxy (分支: main, size: 95390KB, pushed: 2026-07-16T08:13:45Z)
[2026-07-16 16:19:59] 🔵 关键词: 122 个
[2026-07-16 16:19:59] 仓库 https://github.com/mheidari98/.proxy 候选文件 6 个
[2026-07-16 16:20:05] 仓库 https://github.com/pog7x/vpn-configs 候选文件 19 个
[2026-07-16 16:20:13] ⏱️ [1/122] free nodes pushed:>2026-07-15T08:17:10Z fork:true -language: | 14s | +127 | 配额 4527/4800
[2026-07-16 16:20:17] ⏱️ [2/122] free proxy nodes pushed:>2026-07-15T08:17:10Z fork:true -lan | 4s | +18 | 配额 4525/4800
[2026-07-16 16:20:18] ⏱️ Code [27/29] v2ray aggregator extension:py | 40s | +6993 节点 | 配额 4524/4800
[2026-07-16 16:20:18] ⏱️ Code [28/29] proxy collector extension:py | 0s | +1 节点 | 配额 4523/4800
[2026-07-16 16:20:19] ⏱️ Code [29/29] vmess:// raw.githubusercontent extension:py | 0s | +5 节点 | 配额 4522/4800
[2026-07-16 16:20:23] ⏱️ [3/122] free v2ray nodes pushed:>2026-07-15T08:17:10Z fork:true -lan | 6s | +50 | 配额 4520/4800
[2026-07-16 16:20:28] ⏱️ [4/122] free clash nodes pushed:>2026-07-15T08:17:10Z fork:true -lan | 5s | +21 | 配额 4518/4800
[2026-07-16 16:20:32] ⏱️ [5/122] free trojan nodes pushed:>2026-07-15T08:17:10Z fork:true -la | 5s | +14 | 配额 4516/4800
[2026-07-16 16:20:35] ⏱️ [6/122] free hysteria nodes pushed:>2026-07-15T08:17:10Z fork:true - | 3s | +28 | 配额 4514/4800
[2026-07-16 16:20:39] ⏱️ [7/122] free vless nodes pushed:>2026-07-15T08:17:10Z fork:true -lan | 3s | +502 | 配额 4512/4800
[2026-07-16 16:20:42] ⏱️ [8/122] free hysteria2 nodes pushed:>2026-07-15T08:17:10Z fork:true  | 3s | +41 | 配额 4510/4800
[2026-07-16 16:20:42] ⏱️ [9/122] free tuic nodes pushed:>2026-07-15T08:17:10Z fork:true -lang | 0s | +2 | 配额 4509/4800
[2026-07-16 16:20:45] ⏱️ [10/122] free reality nodes pushed:>2026-07-15T08:17:10Z fork:true -l | 3s | +13 | 配额 4507/4800
[2026-07-16 16:20:48] ⏱️ [11/122] free singbox nodes pushed:>2026-07-15T08:17:10Z fork:true -l | 3s | +4 | 配额 4505/4800
[2026-07-16 16:20:53] ⏱️ [12/122] free shadowsocks nodes pushed:>2026-07-15T08:17:10Z fork:tru | 5s | +5 | 配额 4503/4800
[2026-07-16 16:20:53] ⏱️ [13/122] free wireguard nodes pushed:>2026-07-15T08:17:10Z fork:true  | 0s | +2 | 配额 4502/4800
[2026-07-16 16:21:05] ⏱️ [14/122] free proxy list pushed:>2026-07-15T08:17:10Z fork:true -lang | 12s | +109 | 配额 4499/4800
[2026-07-16 16:21:06] 📦 批次 0016 已持久化: /home/runner/work/test-college/test-college/batches/no_batch_0016.txt (5424 个节点, 累计 111037 个)
[2026-07-16 16:21:06] SHA 缓存已保存: 49249 条, 1 分片
[2026-07-16 16:21:06] 🔗 查子仓库: Mr-Meshky/vify
[2026-07-16 16:21:07]   🍴 子仓库: 2 个 → 队列
[2026-07-16 16:21:07] 🔗 开始 Fork 链追踪 (Mr-Meshky/vify)
[2026-07-16 16:21:07] 🔗 查子仓库: pog7x/vpn-configs
[2026-07-16 16:21:07] 👤 遍历用户仓库: Mr-Meshky
[2026-07-16 16:21:08]   🍴 子仓库: 6 个 → 队列
[2026-07-16 16:21:08] 🔗 开始 Fork 链追踪 (pog7x/vpn-configs)
[2026-07-16 16:21:08]   👤 用户仓库: 19 个 → 队列
[2026-07-16 16:21:08] 👤 遍历用户仓库: pog7x[2026-07-16 16:21:08]   用户 Mr-Meshky 共查 19 个仓库

[2026-07-16 16:21:08] 仓库 https://github.com/yitong2333/proxy-minging (分支: main, size: 1744402KB, pushed: 2026-07-16T08:11:44Z)
[2026-07-16 16:21:08] 仓库 https://github.com/yitong2333/proxy-minging 候选文件 3 个
[2026-07-16 16:21:08] ⏱️ [15/122] free proxy subscription pushed:>2026-07-15T08:17:10Z fork:tr | 3s | +3178 | 配额 4487/4800
[2026-07-16 16:21:08]   👤 用户仓库: 15 个 → 队列
[2026-07-16 16:21:08]   用户 pog7x 共查 15 个仓库
[2026-07-16 16:21:08] 仓库 https://github.com/MhdiTaheri/V2rayCollector_Py (分支: main, size: 31316KB, pushed: 2026-07-16T08:14:04Z)
[2026-07-16 16:21:09] 仓库 https://github.com/MhdiTaheri/V2rayCollector_Py 候选文件 2 个
[2026-07-16 16:21:15] 🔗 查子仓库: MhdiTaheri/V2rayCollector_Py
[2026-07-16 16:21:16] ⏱️ [16/122] free proxy config pushed:>2026-07-15T08:17:10Z fork:true -la | 8s | +7 | 配额 4482/4800
[2026-07-16 16:21:16]   🍴 子仓库: 30 个 → 队列
[2026-07-16 16:21:16] 🔗 开始 Fork 链追踪 (MhdiTaheri/V2rayCollector_Py)
[2026-07-16 16:21:16] 👤 遍历用户仓库: MhdiTaheri
[2026-07-16 16:21:17]   👤 用户仓库: 13 个 → 队列
[2026-07-16 16:21:17]   用户 MhdiTaheri 共查 13 个仓库
[2026-07-16 16:21:17] 仓库 https://github.com/mohamadfg-dev/telegram-v2ray-configs-collector (分支: main, size: 52904KB, pushed: 2026-07-16T06:51:40Z)
[2026-07-16 16:21:17] 🔗 查子仓库: yitong2333/proxy-minging
[2026-07-16 16:21:18] 仓库 https://github.com/mohamadfg-dev/telegram-v2ray-configs-collector 候选文件 27 个
[2026-07-16 16:21:18]   🍴 子仓库: 7 个 → 队列
[2026-07-16 16:21:18] 🔗 开始 Fork 链追踪 (yitong2333/proxy-minging)
[2026-07-16 16:21:18]   父仓库: anaer/proxy-minging
[2026-07-16 16:21:18] 仓库在黑名单中: https://github.com/anaer/proxy-minging
[2026-07-16 16:21:18]   父仓库 +0 个节点
[2026-07-16 16:21:19] ⏱️ [17/122] free proxy yaml pushed:>2026-07-15T08:17:10Z fork:true -lang | 3s | +26 | 配额 4471/4800
[2026-07-16 16:21:19]   🍴 兄弟仓库: 5 个 → 队列
[2026-07-16 16:21:19] 👤 遍历用户仓库: yitong2333
[2026-07-16 16:21:20] 🔗 查子仓库: mohamadfg-dev/telegram-v2ray-configs-collector
[2026-07-16 16:21:21]   🍴 子仓库: 8 个 → 队列
[2026-07-16 16:21:21] 🔗 开始 Fork 链追踪 (mohamadfg-dev/telegram-v2ray-configs-collector)
[2026-07-16 16:21:22] 👤 遍历用户仓库: mohamadfg-dev
[2026-07-16 16:21:22]   👤 用户仓库: 30 个 → 队列
[2026-07-16 16:21:22]   用户 yitong2333 共查 30 个仓库
[2026-07-16 16:21:22] 仓库 https://github.com/free18/v2ray (分支: main, size: 17826KB, pushed: 2026-07-16T04:41:36Z)
[2026-07-16 16:21:22]   👤 用户仓库: 1 个 → 队列
[2026-07-16 16:21:22]   用户 mohamadfg-dev 共查 1 个仓库
[2026-07-16 16:21:22] 仓库 https://github.com/Epodonios/v2ray-configs (分支: main, size: 25200919KB, pushed: 2026-07-16T07:19:29Z)
[2026-07-16 16:21:22] 仓库 https://github.com/free18/v2ray 候选文件 1 个
[2026-07-16 16:21:23] ⏱️ [18/122] free proxy json pushed:>2026-07-15T08:17:10Z fork:true -lang | 4s | +0 | 配额 4460/4800
[2026-07-16 16:21:24] 🔗 查子仓库: free18/v2ray
[2026-07-16 16:21:24] 仓库 https://github.com/Epodonios/v2ray-configs 候选文件较多 (992 个)，先通过 commits API 过滤
[2026-07-16 16:21:25]   🍴 子仓库: 30 个 → 队列
[2026-07-16 16:21:25] 🔗 开始 Fork 链追踪 (free18/v2ray)
[2026-07-16 16:21:26] ⏱️ [19/122] free proxy base64 pushed:>2026-07-15T08:17:10Z fork:true -la | 3s | +0 | 配额 4453/4800[2026-07-16 16:21:26] 👤 遍历用户仓库: free18

[2026-07-16 16:21:26]   Compare API 返回 20 个变更文件 (3 次 API 调用)
[2026-07-16 16:21:26]   commits 过滤: 992 → 20 (变更文件 20 个)
[2026-07-16 16:21:26] 仓库 https://github.com/Epodonios/v2ray-configs 候选文件 20 个
[2026-07-16 16:21:27]   👤 用户仓库: 3 个 → 队列
[2026-07-16 16:21:27]   用户 free18 共查 3 个仓库
[2026-07-16 16:21:27] 仓库 https://github.com/acymz/AutoVPN (分支: main, size: 153606KB, pushed: 2026-07-16T06:23:59Z)
[2026-07-16 16:21:31] ⏱️ [20/122] ACL4SSR pushed:>2026-07-15T08:17:10Z fork:true -language:HTM | 5s | +0 | 配额 4447/4800
[2026-07-16 16:21:35] ⏱️ [21/122] subconverter pushed:>2026-07-15T08:17:10Z fork:true -languag | 3s | +0 | 配额 4445/4800
[2026-07-16 16:21:38] 🔗 查子仓库: mheidari98/.proxy
[2026-07-16 16:21:39]   🍴 子仓库: 24 个 → 队列
[2026-07-16 16:21:39] 🔗 开始 Fork 链追踪 (mheidari98/.proxy)
[2026-07-16 16:21:39] 👤 遍历用户仓库: mheidari98[2026-07-16 16:21:39] 🔗 查子仓库: Epodonios/v2ray-configs

[2026-07-16 16:21:40]   👤 用户仓库: 30 个 → 队列
[2026-07-16 16:21:40]   用户 mheidari98 共查 30 个仓库
[2026-07-16 16:21:40] 仓库 https://github.com/snakem982/proxypool (分支: main, size: 48912KB, pushed: 2026-07-16T03:36:17Z)
[2026-07-16 16:21:40]   🍴 子仓库: 30 个 → 队列
[2026-07-16 16:21:40] 🔗 开始 Fork 链追踪 (Epodonios/v2ray-configs)
[2026-07-16 16:21:41] 👤 遍历用户仓库: Epodonios
[2026-07-16 16:21:41] 仓库 https://github.com/snakem982/proxypool 候选文件 2 个
[2026-07-16 16:21:41] 仓库 https://github.com/acymz/AutoVPN 候选文件较多 (14899 个)，先通过 commits API 过滤[2026-07-16 16:21:41]   👤 用户仓库: 8 个 → 队列

[2026-07-16 16:21:41]   用户 Epodonios 共查 8 个仓库
[2026-07-16 16:21:41] 仓库 https://github.com/Leon406/SubCrawler (分支: main, size: 2043358KB, pushed: 2026-07-16T07:20:40Z)
[2026-07-16 16:21:44] 仓库 https://github.com/Leon406/SubCrawler 候选文件 5 个
[2026-07-16 16:21:46]   Compare API 返回 11 个变更文件 (3 次 API 调用)
[2026-07-16 16:21:46]   commits 过滤: 14899 → 2 (变更文件 11 个)
[2026-07-16 16:21:46] 仓库 https://github.com/acymz/AutoVPN 候选文件 2 个
[2026-07-16 16:21:47] 🔗 查子仓库: snakem982/proxypool
[2026-07-16 16:21:47] 🔗 查子仓库: sevcator/5ubscrpt10n
[2026-07-16 16:21:47] 🔗 查子仓库: acymz/AutoVPN
[2026-07-16 16:21:51]   🍴 子仓库: 19 个 → 队列
[2026-07-16 16:21:51]   🍴 子仓库: 20 个 → 队列
[2026-07-16 16:21:51] 🔗 开始 Fork 链追踪 (acymz/AutoVPN)[2026-07-16 16:21:51] 🔗 开始 Fork 链追踪 (sevcator/5ubscrpt10n)

[2026-07-16 16:21:51] 👤 遍历用户仓库: sevcator
[2026-07-16 16:21:51] 👤 遍历用户仓库: acymz
[2026-07-16 16:21:51]   🍴 子仓库: 30 个 → 队列
[2026-07-16 16:21:51] 🔗 开始 Fork 链追踪 (snakem982/proxypool)
[2026-07-16 16:21:52] 👤 遍历用户仓库: snakem982
[2026-07-16 16:21:52]   👤 用户仓库: 5 个 → 队列
[2026-07-16 16:21:52]   用户 acymz 共查 5 个仓库
[2026-07-16 16:21:52] 仓库 https://github.com/603711936/SmartSub (分支: main, size: 205319KB, pushed: 2026-07-15T20:58:14Z)
[2026-07-16 16:21:52]   👤 用户仓库: 7 个 → 队列
[2026-07-16 16:21:52]   用户 snakem982 共查 7 个仓库
[2026-07-16 16:21:52] ⏭️ 仓库 https://github.com/Triton-ix/v2ray-Finder 31h 未更新，跳过解析（追踪 fork 链）
[2026-07-16 16:21:52] 🔗 查子仓库: Triton-ix/v2ray-Finder
[2026-07-16 16:21:52]   👤 用户仓库: 30 个 → 队列
[2026-07-16 16:21:52]   用户 sevcator 共查 30 个仓库
[2026-07-16 16:21:52] 仓库在黑名单中: https://github.com/wrfree/free
[2026-07-16 16:21:52] 仓库 https://github.com/barry-far/V2ray-Config (分支: main, size: 9639624KB, pushed: 2026-07-16T06:48:42Z)
[2026-07-16 16:21:52] 🔗 开始 Fork 链追踪 (Triton-ix/v2ray-Finder)
[2026-07-16 16:21:52] 仓库 https://github.com/603711936/SmartSub 候选文件较多 (183 个)，先通过 commits API 过滤
[2026-07-16 16:21:53] 仓库 https://github.com/barry-far/V2ray-Config 候选文件 34 个
[2026-07-16 16:21:53] 👤 遍历用户仓库: Triton-ix
[2026-07-16 16:21:53]   👤 用户仓库: 5 个 → 队列
[2026-07-16 16:21:53]   用户 Triton-ix 共查 5 个仓库
[2026-07-16 16:21:53] 仓库 https://github.com/Ruk1ng001/freeSub (分支: main, size: 535KB, pushed: 2026-07-16T02:00:06Z)
[2026-07-16 16:21:54] 仓库 https://github.com/Ruk1ng001/freeSub 无候选文件 (总计 7 blob, 扩展名过滤 2, processed_shas 跳过 0, SHA 缓存跳过 5)
[2026-07-16 16:21:55] 🔗 查子仓库: Ruk1ng001/freeSub
[2026-07-16 16:21:55]   Compare API 返回 11 个变更文件 (3 次 API 调用)
[2026-07-16 16:21:55]   commits 过滤: 183 → 1 (变更文件 11 个)
[2026-07-16 16:21:55] 仓库 https://github.com/603711936/SmartSub 候选文件 1 个
[2026-07-16 16:21:57]   🍴 子仓库: 30 个 → 队列
[2026-07-16 16:21:57] 🔗 开始 Fork 链追踪 (Ruk1ng001/freeSub)
[2026-07-16 16:21:57] 👤 遍历用户仓库: Ruk1ng001
[2026-07-16 16:21:58]   👤 用户仓库: 17 个 → 队列
[2026-07-16 16:21:58]   用户 Ruk1ng001 共查 17 个仓库
[2026-07-16 16:21:58] 仓库在黑名单中: https://github.com/learnhard-cn/free_proxy_ss
[2026-07-16 16:21:58] 仓库 https://github.com/FreeFolksOn/abc-configs-free-vpn-proxy-list (分支: main, size: 4406KB, pushed: 2026-07-16T08:16:55Z)
[2026-07-16 16:21:58] 仓库 https://github.com/FreeFolksOn/abc-configs-free-vpn-proxy-list 候选文件 1 个
[2026-07-16 16:21:59] 🔗 查子仓库: FreeFolksOn/abc-configs-free-vpn-proxy-list
[2026-07-16 16:22:00]   🍴 子仓库: 2 个 → 队列
[2026-07-16 16:22:00] 🔗 开始 Fork 链追踪 (FreeFolksOn/abc-configs-free-vpn-proxy-list)
[2026-07-16 16:22:00] 👤 遍历用户仓库: FreeFolksOn
[2026-07-16 16:22:01]   用户 FreeFolksOn 共查 0 个仓库
[2026-07-16 16:22:02] 仓库 https://github.com/Au1rxx/free-vpn-subscriptions (分支: main, size: 64674KB, pushed: 2026-07-16T08:08:32Z)
[2026-07-16 16:22:02] 仓库 https://github.com/Au1rxx/free-vpn-subscriptions 候选文件 32 个
[2026-07-16 16:22:03] 🔗 查子仓库: barry-far/V2ray-Config
[2026-07-16 16:22:04] 🔗 查子仓库: Au1rxx/free-vpn-subscriptions
[2026-07-16 16:22:04]   🍴 子仓库: 30 个 → 队列
[2026-07-16 16:22:04] 🔗 开始 Fork 链追踪 (barry-far/V2ray-Config)
[2026-07-16 16:22:05] 👤 遍历用户仓库: barry-far
[2026-07-16 16:22:05]   🍴 子仓库: 30 个 → 队列
[2026-07-16 16:22:05] 🔗 开始 Fork 链追踪 (Au1rxx/free-vpn-subscriptions)
[2026-07-16 16:22:05]   👤 用户仓库: 6 个 → 队列
[2026-07-16 16:22:05]   用户 barry-far 共查 6 个仓库
[2026-07-16 16:22:05] 仓库 https://github.com/wenxig/free-nodes-sub (分支: main, size: 12198KB, pushed: 2026-07-16T08:05:27Z)
[2026-07-16 16:22:05] 👤 遍历用户仓库: Au1rxx
[2026-07-16 16:22:06] 仓库 https://github.com/wenxig/free-nodes-sub 候选文件 3 个
[2026-07-16 16:22:06]   👤 用户仓库: 25 个 → 队列
[2026-07-16 16:22:06]   用户 Au1rxx 共查 25 个仓库
[2026-07-16 16:22:06] 仓库 https://github.com/junjun266/FreeProxyGo (分支: main, size: 1517KB, pushed: 2026-07-16T08:00:03Z)
[2026-07-16 16:22:07] 仓库 https://github.com/junjun266/FreeProxyGo 候选文件 1 个
[2026-07-16 16:22:08] 🔗 查子仓库: wenxig/free-nodes-sub[2026-07-16 16:22:08] 🔗 查子仓库: junjun266/FreeProxyGo

[2026-07-16 16:22:08]   🍴 子仓库: 3 个 → 队列
[2026-07-16 16:22:08] 🔗 开始 Fork 链追踪 (junjun266/FreeProxyGo)
[2026-07-16 16:22:08]   🍴 子仓库: 9 个 → 队列
[2026-07-16 16:22:08] 🔗 开始 Fork 链追踪 (wenxig/free-nodes-sub)
[2026-07-16 16:22:08] 👤 遍历用户仓库: junjun266
[2026-07-16 16:22:09] 👤 遍历用户仓库: wenxig
[2026-07-16 16:22:09]   用户 junjun266 共查 0 个仓库
[2026-07-16 16:22:09] 仓库 https://github.com/hansenlandun-prog/freeproxy-node-sub (分支: main, size: 73890KB, pushed: 2026-07-16T07:53:12Z)
[2026-07-16 16:22:09] 仓库 https://github.com/hansenlandun-prog/freeproxy-node-sub 候选文件 4 个
[2026-07-16 16:22:09]   👤 用户仓库: 14 个 → 队列
[2026-07-16 16:22:10]   用户 wenxig 共查 14 个仓库
[2026-07-16 16:22:10] 仓库 https://github.com/xcai413/fanqiang-navigation (分支: master, size: 178KB, pushed: 2026-07-16T07:51:02Z)
[2026-07-16 16:22:10] 仓库 https://github.com/xcai413/fanqiang-navigation 候选文件 4 个
[2026-07-16 16:22:12] 🔗 查子仓库: xcai413/fanqiang-navigation
[2026-07-16 16:22:12] 🔗 开始 Fork 链追踪 (xcai413/fanqiang-navigation)
[2026-07-16 16:22:13] 👤 遍历用户仓库: xcai413
[2026-07-16 16:22:13]   👤 用户仓库: 4 个 → 队列
[2026-07-16 16:22:13]   用户 xcai413 共查 4 个仓库
[2026-07-16 16:22:13] 仓库 https://github.com/davidchim/proxypool (分支: main, size: 48905KB, pushed: 2026-07-16T07:25:06Z)
[2026-07-16 16:22:14] 仓库 https://github.com/davidchim/proxypool 无候选文件 (总计 38 blob, 扩展名过滤 24, processed_shas 跳过 2, SHA 缓存跳过 12)
[2026-07-16 16:22:14] 🔗 查子仓库: davidchim/proxypool
[2026-07-16 16:22:14] 🔗 开始 Fork 链追踪 (davidchim/proxypool)
[2026-07-16 16:22:15]   父仓库: snakem982/proxypool
[2026-07-16 16:22:16]   🍴 兄弟仓库: 21 个 → 队列
[2026-07-16 16:22:16] 👤 遍历用户仓库: davidchim
[2026-07-16 16:22:22] 📦 批次 0017 已持久化: /home/runner/work/test-college/test-college/batches/no_batch_0017.txt (5426 个节点, 累计 116461 个)
[2026-07-16 16:22:22] SHA 缓存已保存: 49405 条, 1 分片
[2026-07-16 16:22:22] 🔗 查子仓库: 603711936/SmartSub
[2026-07-16 16:22:23] 🔗 开始 Fork 链追踪 (603711936/SmartSub)
[2026-07-16 16:22:23]   父仓库: noxenys/SmartSub
[2026-07-16 16:22:23] 仓库 https://github.com/noxenys/SmartSub (分支: main, size: 193047KB, pushed: 2026-07-15T21:12:02Z)
[2026-07-16 16:22:23] 仓库 https://github.com/noxenys/SmartSub 候选文件较多 (188 个)，先通过 commits API 过滤
[2026-07-16 16:22:24]   👤 用户仓库: 30 个 → 队列
[2026-07-16 16:22:24]   用户 davidchim 共查 30 个仓库
[2026-07-16 16:22:24] ⚠️ 仓库 https://github.com/oktayhaktan0/eventrelay-api 大小为 0，跳过
[2026-07-16 16:22:24] 仓库 https://github.com/mfuu/v2ray (分支: master, size: 23KB, pushed: 2026-07-16T07:15:20Z)
[2026-07-16 16:22:24] 仓库 https://github.com/mfuu/v2ray 候选文件 3 个
[2026-07-16 16:22:25]   Compare API 返回 9 个变更文件 (3 次 API 调用)
[2026-07-16 16:22:25]   commits 过滤: 188 → 8 (变更文件 9 个)
[2026-07-16 16:22:25] 仓库 https://github.com/noxenys/SmartSub 候选文件 8 个
[2026-07-16 16:22:25] 🔗 查子仓库: mfuu/v2ray
[2026-07-16 16:22:28]   🍴 子仓库: 30 个 → 队列
[2026-07-16 16:22:28] 🔗 开始 Fork 链追踪 (mfuu/v2ray)
[2026-07-16 16:22:28] 🔗 查子仓库: hansenlandun-prog/freeproxy-node-sub
[2026-07-16 16:22:28] 🔗 开始 Fork 链追踪 (hansenlandun-prog/freeproxy-node-sub)
[2026-07-16 16:22:28] 👤 遍历用户仓库: mfuu
[2026-07-16 16:22:28] 👤 遍历用户仓库: hansenlandun-prog
[2026-07-16 16:22:29]   👤 用户仓库: 1 个 → 队列
[2026-07-16 16:22:29]   用户 hansenlandun-prog 共查 1 个仓库
[2026-07-16 16:22:29] 仓库 https://github.com/zheyuanhu2-sketch/webhook-replay-lab (分支: main, size: 4KB, pushed: 2026-07-16T07:05:49Z)
[2026-07-16 16:22:29] 仓库 https://github.com/zheyuanhu2-sketch/webhook-replay-lab 候选文件 4 个
[2026-07-16 16:22:30]   👤 用户仓库: 30 个 → 队列
[2026-07-16 16:22:30]   用户 mfuu 共查 30 个仓库
[2026-07-16 16:22:30] 仓库 https://github.com/khushisingh14/Shift-Summarizer-Siemens-Ltd (分支: main, size: 45KB, pushed: 2026-07-16T06:56:59Z)
[2026-07-16 16:22:31] 仓库 https://github.com/khushisingh14/Shift-Summarizer-Siemens-Ltd 候选文件 7 个
[2026-07-16 16:22:31] 仓库 https://github.com/zheyuanhu2-sketch/webhook-replay-lab 未提取到节点，加入黑名单
[2026-07-16 16:22:31] 仓库 https://github.com/Yannik666/nodes (分支: main, size: 1434842KB, pushed: 2026-07-16T06:33:15Z)
[2026-07-16 16:22:32] 仓库 https://github.com/Yannik666/nodes 候选文件较多 (1134 个)，先通过 commits API 过滤
[2026-07-16 16:22:33] 仓库 https://github.com/khushisingh14/Shift-Summarizer-Siemens-Ltd 未提取到节点，加入黑名单
[2026-07-16 16:22:33] 仓库 https://github.com/rrzt/FreeNodes (分支: main, size: 22850KB, pushed: 2026-07-16T06:23:06Z)
[2026-07-16 16:22:33] 仓库 https://github.com/rrzt/FreeNodes 无候选文件 (总计 44 blob, 扩展名过滤 16, processed_shas 跳过 0, SHA 缓存跳过 28)
[2026-07-16 16:22:33] 🔗 查子仓库: rrzt/FreeNodes
[2026-07-16 16:22:33] 🔗 开始 Fork 链追踪 (rrzt/FreeNodes)
[2026-07-16 16:22:34]   父仓库: Barabama/FreeNodes
[2026-07-16 16:22:34]   Compare API 返回 4 个变更文件 (3 次 API 调用)
[2026-07-16 16:22:34]   commits 过滤: 1134 → 2 (变更文件 4 个)
[2026-07-16 16:22:34] 仓库 https://github.com/Yannik666/nodes 候选文件 2 个
[2026-07-16 16:22:36] 📦 批次 0018 已持久化: /home/runner/work/test-college/test-college/batches/no_batch_0018.txt (13277 个节点, 累计 129738 个)
[2026-07-16 16:22:36]   🍴 兄弟仓库: 30 个 → 队列
[2026-07-16 16:22:36] 👤 遍历用户仓库: rrzt
[2026-07-16 16:22:36] SHA 缓存已保存: 49425 条, 1 分片
[2026-07-16 16:22:38]   👤 用户仓库: 30 个 → 队列
[2026-07-16 16:22:38]   用户 rrzt 共查 30 个仓库
[2026-07-16 16:22:38] 仓库 https://github.com/viereck-lan/FreeNodes (分支: main, size: 24850KB, pushed: 2026-07-16T06:21:26Z)
[2026-07-16 16:22:39] 仓库 https://github.com/viereck-lan/FreeNodes 候选文件 8 个
[2026-07-16 16:22:43] 🔗 查子仓库: Yannik666/nodes
[2026-07-16 16:22:44] 🔗 开始 Fork 链追踪 (Yannik666/nodes)
[2026-07-16 16:22:45]   父仓库: imyaoxp/nodes
[2026-07-16 16:22:45] 仓库在黑名单中: https://github.com/imyaoxp/nodes
[2026-07-16 16:22:45]   父仓库 +0 个节点
[2026-07-16 16:22:46]   🍴 兄弟仓库: 6 个 → 队列
[2026-07-16 16:22:47] 🔗 查子仓库: viereck-lan/FreeNodes
[2026-07-16 16:22:47] 👤 遍历用户仓库: Yannik666
[2026-07-16 16:22:48] 🔗 开始 Fork 链追踪 (viereck-lan/FreeNodes)
[2026-07-16 16:22:48]   用户 Yannik666 共查 0 个仓库
[2026-07-16 16:22:49] 仓库 https://github.com/cyj4215/FreeNodes (分支: main, size: 22836KB, pushed: 2026-07-16T06:20:45Z)
[2026-07-16 16:22:49]   父仓库: Barabama/FreeNodes
[2026-07-16 16:22:49] 🔗 查子仓库: Leon406/SubCrawler
[2026-07-16 16:22:50] 仓库 https://github.com/cyj4215/FreeNodes 无候选文件 (总计 43 blob, 扩展名过滤 16, processed_shas 跳过 0, SHA 缓存跳过 27)
[2026-07-16 16:22:50] 🔗 查子仓库: cyj4215/FreeNodes
[2026-07-16 16:22:50] 🔗 开始 Fork 链追踪 (cyj4215/FreeNodes)
[2026-07-16 16:22:50]   父仓库: Barabama/FreeNodes
[2026-07-16 16:22:50]   🍴 兄弟仓库: 25 个 → 队列
[2026-07-16 16:22:50] 👤 遍历用户仓库: viereck-lan
[2026-07-16 16:22:51]   👤 用户仓库: 1 个 → 队列
[2026-07-16 16:22:51]   用户 viereck-lan 共查 1 个仓库
[2026-07-16 16:22:51] 仓库 https://github.com/shenguidao/FreeNodes (分支: main, size: 21752KB, pushed: 2026-07-16T06:19:38Z)
[2026-07-16 16:22:51] 仓库 https://github.com/shenguidao/FreeNodes 无候选文件 (总计 41 blob, 扩展名过滤 15, processed_shas 跳过 0, SHA 缓存跳过 26)
[2026-07-16 16:22:51] 🔗 查子仓库: shenguidao/FreeNodes
[2026-07-16 16:22:51] 👤 遍历用户仓库: cyj4215
[2026-07-16 16:22:51]   🍴 子仓库: 30 个 → 队列
[2026-07-16 16:22:51] 🔗 开始 Fork 链追踪 (Leon406/SubCrawler)
[2026-07-16 16:22:51] 🔗 开始 Fork 链追踪 (shenguidao/FreeNodes)
[2026-07-16 16:22:52] 👤 遍历用户仓库: Leon406
[2026-07-16 16:22:52]   👤 用户仓库: 3 个 → 队列
[2026-07-16 16:22:52]   用户 cyj4215 共查 3 个仓库
[2026-07-16 16:22:52] 仓库 https://github.com/jiayou88/FreeNodes- (分支: main, size: 22760KB, pushed: 2026-07-16T06:18:02Z)
[2026-07-16 16:22:52]   父仓库: Barabama/FreeNodes
[2026-07-16 16:22:52] 仓库 https://github.com/jiayou88/FreeNodes- 无候选文件 (总计 43 blob, 扩展名过滤 16, processed_shas 跳过 0, SHA 缓存跳过 27)
[2026-07-16 16:22:52] 🔗 查子仓库: jiayou88/FreeNodes-
[2026-07-16 16:22:52] 🔗 开始 Fork 链追踪 (jiayou88/FreeNodes-)
[2026-07-16 16:22:52]   👤 用户仓库: 30 个 → 队列
[2026-07-16 16:22:52]   用户 Leon406 共查 30 个仓库
[2026-07-16 16:22:52] 仓库 https://github.com/4258806/FreeNodes (分支: main, size: 20689KB, pushed: 2026-07-16T06:17:39Z)
[2026-07-16 16:22:53]   父仓库: Barabama/FreeNodes
[2026-07-16 16:22:53] 👤 遍历用户仓库: shenguidao
[2026-07-16 16:22:53] 仓库 https://github.com/4258806/FreeNodes 无候选文件 (总计 41 blob, 扩展名过滤 15, processed_shas 跳过 0, SHA 缓存跳过 26)
[2026-07-16 16:22:53] 🔗 查子仓库: 4258806/FreeNodes
[2026-07-16 16:22:53] 🔗 开始 Fork 链追踪 (4258806/FreeNodes)
[2026-07-16 16:22:53]   父仓库: Barabama/FreeNodes
[2026-07-16 16:22:54] 👤 遍历用户仓库: jiayou88
[2026-07-16 16:22:54]   👤 用户仓库: 30 个 → 队列
[2026-07-16 16:22:54]   用户 shenguidao 共查 30 个仓库
[2026-07-16 16:22:54] 仓库 https://github.com/Barabama/FreeNodes (分支: feat/ai-crawler-v2, size: 30680KB, pushed: 2026-07-16T06:14:36Z)
[2026-07-16 16:22:55] 仓库 https://github.com/Barabama/FreeNodes 候选文件 14 个
[2026-07-16 16:22:55] 👤 遍历用户仓库: 4258806
[2026-07-16 16:22:55]   👤 用户仓库: 30 个 → 队列
[2026-07-16 16:22:55]   用户 jiayou88 共查 30 个仓库
[2026-07-16 16:22:55] 仓库 https://github.com/hank66zxc/FreeNodes (分支: main, size: 22851KB, pushed: 2026-07-16T06:09:02Z)
[2026-07-16 16:22:56]   👤 用户仓库: 10 个 → 队列
[2026-07-16 16:22:56]   用户 4258806 共查 10 个仓库
[2026-07-16 16:22:56] 仓库 https://github.com/perfectweiwei-rgb/FreeNodes (分支: main, size: 22866KB, pushed: 2026-07-16T06:08:41Z)
[2026-07-16 16:22:56] 仓库 https://github.com/hank66zxc/FreeNodes 无候选文件 (总计 43 blob, 扩展名过滤 16, processed_shas 跳过 0, SHA 缓存跳过 27)
[2026-07-16 16:22:56] 🔗 查子仓库: hank66zxc/FreeNodes
[2026-07-16 16:22:56] 🔗 开始 Fork 链追踪 (hank66zxc/FreeNodes)
[2026-07-16 16:22:56] 仓库 https://github.com/perfectweiwei-rgb/FreeNodes 无候选文件 (总计 43 blob, 扩展名过滤 16, processed_shas 跳过 0, SHA 缓存跳过 27)
[2026-07-16 16:22:56] 🔗 查子仓库: perfectweiwei-rgb/FreeNodes
[2026-07-16 16:22:57] 🔗 开始 Fork 链追踪 (perfectweiwei-rgb/FreeNodes)
[2026-07-16 16:22:57]   父仓库: Barabama/FreeNodes
[2026-07-16 16:22:57]   父仓库: Barabama/FreeNodes[2026-07-16 16:22:57] 👤 遍历用户仓库: noxenys

[2026-07-16 16:22:58] 👤 遍历用户仓库: hank66zxc
[2026-07-16 16:22:59] 👤 遍历用户仓库: perfectweiwei-rgb
[2026-07-16 16:22:59]   👤 用户仓库: 10 个 → 队列
[2026-07-16 16:22:59]   用户 hank66zxc 共查 10 个仓库
[2026-07-16 16:22:59] 仓库 https://github.com/LingQingOutAt11/free-vpn-subscriptions (分支: main, size: 55050KB, pushed: 2026-07-16T06:07:39Z)
[2026-07-16 16:22:59]   👤 用户仓库: 1 个 → 队列
[2026-07-16 16:23:00]   用户 perfectweiwei-rgb 共查 1 个仓库
[2026-07-16 16:23:00] 仓库 https://github.com/lerjtl/Testfree (分支: main, size: 684KB, pushed: 2026-07-16T06:00:17Z)
[2026-07-16 16:23:00]   👤 用户仓库: 30 个 → 队列
[2026-07-16 16:23:00]   用户 noxenys 共查 30 个仓库
[2026-07-16 16:23:00]   父仓库 +13376 个节点
[2026-07-16 16:23:00] 仓库 https://github.com/LingQingOutAt11/free-vpn-subscriptions 候选文件 18 个
[2026-07-16 16:23:00] 仓库 https://github.com/lerjtl/Testfree 候选文件 2 个
[2026-07-16 16:23:01]   🍴 兄弟仓库: 7 个 → 队列
[2026-07-16 16:23:01] 👤 遍历用户仓库: 603711936
[2026-07-16 16:23:02]   👤 用户仓库: 10 个 → 队列
[2026-07-16 16:23:03]   用户 603711936 共查 10 个仓库
[2026-07-16 16:23:03] 仓库 https://github.com/githubwubian/proxypool (分支: main, size: 48912KB, pushed: 2026-07-16T05:38:07Z)
[2026-07-16 16:23:06] 🔗 查子仓库: lerjtl/Testfree
[2026-07-16 16:23:06] 仓库 https://github.com/githubwubian/proxypool 无候选文件 (总计 38 blob, 扩展名过滤 24, processed_shas 跳过 2, SHA 缓存跳过 12)
[2026-07-16 16:23:06] 🔗 查子仓库: githubwubian/proxypool
[2026-07-16 16:23:07]   🍴 子仓库: 1 个 → 队列
[2026-07-16 16:23:07] 🔗 开始 Fork 链追踪 (lerjtl/Testfree)
[2026-07-16 16:23:07] 🔗 开始 Fork 链追踪 (githubwubian/proxypool)
[2026-07-16 16:23:07] 👤 遍历用户仓库: lerjtl
[2026-07-16 16:23:07] 🔗 查子仓库: LingQingOutAt11/free-vpn-subscriptions
[2026-07-16 16:23:08]   父仓库: snakem982/proxypool
[2026-07-16 16:23:08] 🔗 开始 Fork 链追踪 (LingQingOutAt11/free-vpn-subscriptions)
[2026-07-16 16:23:08]   👤 用户仓库: 7 个 → 队列
[2026-07-16 16:23:08]   用户 lerjtl 共查 7 个仓库
[2026-07-16 16:23:08] 仓库 https://github.com/XHegit/FreeNodes (分支: main, size: 18048KB, pushed: 2026-07-16T05:19:04Z)
[2026-07-16 16:23:08]   父仓库: Au1rxx/free-vpn-subscriptions
[2026-07-16 16:23:09] 仓库 https://github.com/XHegit/FreeNodes 无候选文件 (总计 39 blob, 扩展名过滤 15, processed_shas 跳过 0, SHA 缓存跳过 24)
[2026-07-16 16:23:09] 🔗 查子仓库: XHegit/FreeNodes
[2026-07-16 16:23:09] 🔗 开始 Fork 链追踪 (XHegit/FreeNodes)
[2026-07-16 16:23:10]   父仓库: Barabama/FreeNodes
[2026-07-16 16:23:10]   🍴 兄弟仓库: 3 个 → 队列
[2026-07-16 16:23:10] 👤 遍历用户仓库: LingQingOutAt11
[2026-07-16 16:23:10] 👤 遍历用户仓库: githubwubian
[2026-07-16 16:23:11]   👤 用户仓库: 1 个 → 队列
[2026-07-16 16:23:11]   用户 LingQingOutAt11 共查 1 个仓库
[2026-07-16 16:23:11] 仓库 https://github.com/wanvfx/FreeNodes (分支: main, size: 22297KB, pushed: 2026-07-16T05:18:34Z)
[2026-07-16 16:23:11] 🔗 查子仓库: Barabama/FreeNodes
[2026-07-16 16:23:11] 👤 遍历用户仓库: XHegit
[2026-07-16 16:23:11] 仓库 https://github.com/wanvfx/FreeNodes 无候选文件 (总计 41 blob, 扩展名过滤 15, processed_shas 跳过 0, SHA 缓存跳过 26)
[2026-07-16 16:23:11] 🔗 查子仓库: wanvfx/FreeNodes
[2026-07-16 16:23:11] 🔗 开始 Fork 链追踪 (wanvfx/FreeNodes)
[2026-07-16 16:23:12]   👤 用户仓库: 30 个 → 队列
[2026-07-16 16:23:12]   用户 githubwubian 共查 30 个仓库
[2026-07-16 16:23:12] 仓库 https://github.com/fushuain-collab/free-nodes (分支: main, size: 66KB, pushed: 2026-07-16T05:14:56Z)
[2026-07-16 16:23:12]   父仓库: Barabama/FreeNodes
[2026-07-16 16:23:12] 仓库 https://github.com/fushuain-collab/free-nodes 候选文件 1 个
[2026-07-16 16:23:12] 🔗 开始 Fork 链追踪 (Barabama/FreeNodes)
[2026-07-16 16:23:12] 🔗 查子仓库: fushuain-collab/free-nodes
[2026-07-16 16:23:12] 👤 遍历用户仓库: Barabama
[2026-07-16 16:23:12] 👤 遍历用户仓库: wanvfx
[2026-07-16 16:23:12] 🔗 开始 Fork 链追踪 (fushuain-collab/free-nodes)
[2026-07-16 16:23:13] 👤 遍历用户仓库: fushuain-collab
[2026-07-16 16:23:15]   👤 用户仓库: 10 个 → 队列
[2026-07-16 16:23:15]   用户 Barabama 共查 10 个仓库
[2026-07-16 16:23:15] 仓库 https://github.com/luochen1975/FreeNodes (分支: main, size: 22327KB, pushed: 2026-07-16T05:12:40Z)
[2026-07-16 16:23:17]   👤 用户仓库: 30 个 → 队列
[2026-07-16 16:23:17]   用户 wanvfx 共查 30 个仓库
[2026-07-16 16:23:17] 仓库 https://github.com/yangfh158/FreeNodes (分支: main, size: 20829KB, pushed: 2026-07-16T05:00:26Z)
[2026-07-16 16:23:17]   👤 用户仓库: 8 个 → 队列
[2026-07-16 16:23:17]   用户 fushuain-collab 共查 8 个仓库
[2026-07-16 16:23:17] 仓库 https://github.com/gwcctv/FreeNodes (分支: main, size: 20585KB, pushed: 2026-07-16T04:58:36Z)
[2026-07-16 16:23:17] 仓库 https://github.com/luochen1975/FreeNodes 无候选文件 (总计 41 blob, 扩展名过滤 15, processed_shas 跳过 0, SHA 缓存跳过 26)
[2026-07-16 16:23:17] 🔗 查子仓库: luochen1975/FreeNodes
[2026-07-16 16:23:19] 仓库 https://github.com/yangfh158/FreeNodes 无候选文件 (总计 41 blob, 扩展名过滤 15, processed_shas 跳过 0, SHA 缓存跳过 26)
[2026-07-16 16:23:19] 🔗 查子仓库: yangfh158/FreeNodes
[2026-07-16 16:23:19] 仓库 https://github.com/gwcctv/FreeNodes 无候选文件 (总计 41 blob, 扩展名过滤 15, processed_shas 跳过 0, SHA 缓存跳过 26)
[2026-07-16 16:23:19] 🔗 查子仓库: gwcctv/FreeNodes
[2026-07-16 16:23:21] 🔗 开始 Fork 链追踪 (luochen1975/FreeNodes)
[2026-07-16 16:23:21]   👤 用户仓库: 30 个 → 队列
[2026-07-16 16:23:21]   用户 XHegit 共查 30 个仓库
[2026-07-16 16:23:21] 仓库 https://github.com/chengege666/FreeNodes (分支: main, size: 22412KB, pushed: 2026-07-16T04:58:17Z)
[2026-07-16 16:23:21] 🔗 开始 Fork 链追踪 (yangfh158/FreeNodes)
[2026-07-16 16:23:21] 🔗 开始 Fork 链追踪 (gwcctv/FreeNodes)
[2026-07-16 16:23:23]   父仓库: Barabama/FreeNodes[2026-07-16 16:23:23]   父仓库: Barabama/FreeNodes
[2026-07-16 16:23:23] 仓库 https://github.com/chengege666/FreeNodes 无候选文件 (总计 41 blob, 扩展名过滤 15, processed_shas 跳过 0, SHA 缓存跳过 26)

[2026-07-16 16:23:23] 🔗 查子仓库: chengege666/FreeNodes
[2026-07-16 16:23:25]   父仓库: Barabama/FreeNodes
[2026-07-16 16:23:25] 🔗 开始 Fork 链追踪 (chengege666/FreeNodes)
[2026-07-16 16:23:28]   父仓库: Barabama/FreeNodes
[2026-07-16 16:23:28] 👤 遍历用户仓库: gwcctv
[2026-07-16 16:23:30] 👤 遍历用户仓库: yangfh158
[2026-07-16 16:23:30] 👤 遍历用户仓库: luochen1975
[2026-07-16 16:23:30]   👤 用户仓库: 4 个 → 队列
[2026-07-16 16:23:30]   用户 yangfh158 共查 4 个仓库
[2026-07-16 16:23:30] 仓库 https://github.com/PENZA84/subseek (分支: master, size: 67966KB, pushed: 2026-07-16T04:54:20Z)
[2026-07-16 16:23:34] 仓库 https://github.com/PENZA84/subseek 候选文件较多 (147 个)，先通过 commits API 过滤
[2026-07-16 16:23:34] 👤 遍历用户仓库: chengege666
[2026-07-16 16:23:38]   Compare API 返回 2 个变更文件 (3 次 API 调用)
[2026-07-16 16:23:38]   commits 过滤: 147 → 2 (变更文件 2 个)
[2026-07-16 16:23:38] 仓库 https://github.com/PENZA84/subseek 候选文件 2 个
[2026-07-16 16:23:39]   👤 用户仓库: 22 个 → 队列
[2026-07-16 16:23:39]   用户 chengege666 共查 22 个仓库
[2026-07-16 16:23:39] 仓库 https://github.com/Velcent/PCGExtendedToolkit (分支: main, size: 238030KB, pushed: 2026-07-16T04:26:55Z)
[2026-07-16 16:23:39]   👤 用户仓库: 30 个 → 队列
[2026-07-16 16:23:39]   用户 luochen1975 共查 30 个仓库
[2026-07-16 16:23:39] 仓库 https://github.com/wang1680/proxypool (分支: main, size: 48912KB, pushed: 2026-07-16T04:19:05Z)
[2026-07-16 16:23:39]   👤 用户仓库: 30 个 → 队列
[2026-07-16 16:23:39]   用户 gwcctv 共查 30 个仓库
[2026-07-16 16:23:39] 仓库 https://github.com/Akshay1274/Decentralized-Freelance-Marketplace (分支: main, size: 47KB, pushed: 2026-07-16T03:58:50Z)
[2026-07-16 16:23:39] 🔗 查子仓库: PENZA84/subseek
[2026-07-16 16:23:41] 仓库 https://github.com/wang1680/proxypool 无候选文件 (总计 38 blob, 扩展名过滤 24, processed_shas 跳过 2, SHA 缓存跳过 12)
[2026-07-16 16:23:41] 仓库 https://github.com/Velcent/PCGExtendedToolkit 无候选文件 (总计 2156 blob, 扩展名过滤 2140, processed_shas 跳过 0, SHA 缓存跳过 16)
[2026-07-16 16:23:41] 🔗 查子仓库: wang1680/proxypool[2026-07-16 16:23:41] 🔗 查子仓库: Velcent/PCGExtendedToolkit

[2026-07-16 16:23:41] 🔗 开始 Fork 链追踪 (Velcent/PCGExtendedToolkit)
[2026-07-16 16:23:43] 🔗 开始 Fork 链追踪 (PENZA84/subseek)[2026-07-16 16:23:43] 🔗 开始 Fork 链追踪 (wang1680/proxypool)[2026-07-16 16:23:43] 仓库 https://github.com/Akshay1274/Decentralized-Freelance-Marketplace 候选文件 10 个


[2026-07-16 16:23:44] 仓库 https://github.com/Akshay1274/Decentralized-Freelance-Marketplace 未提取到节点，加入黑名单
[2026-07-16 16:23:44] 仓库 https://github.com/twj0/subseek (分支: master, size: 63170KB, pushed: 2026-07-16T03:55:49Z)
[2026-07-16 16:23:45]   父仓库: PCGEx/PCGExtendedToolkit
[2026-07-16 16:23:45] 仓库 https://github.com/PCGEx/PCGExtendedToolkit (分支: main, size: 198327KB, pushed: 2026-07-16T04:45:59Z)
[2026-07-16 16:23:45]   父仓库: twj0/subseek
[2026-07-16 16:23:45]   父仓库: snakem982/proxypool
[2026-07-16 16:23:45] 仓库 https://github.com/PCGEx/PCGExtendedToolkit 无候选文件 (总计 2156 blob, 扩展名过滤 2140, processed_shas 跳过 0, SHA 缓存跳过 16)
[2026-07-16 16:23:45] 👤 遍历用户仓库: PCGEx
[2026-07-16 16:23:47] 仓库 https://github.com/twj0/subseek 候选文件较多 (196 个)，先通过 commits API 过滤
[2026-07-16 16:23:49]   👤 用户仓库: 8 个 → 队列
[2026-07-16 16:23:49]   用户 PCGEx 共查 8 个仓库
[2026-07-16 16:23:49]   父仓库 +0 个节点
[2026-07-16 16:23:49]   🍴 兄弟仓库: 1 个 → 队列
[2026-07-16 16:23:49] 👤 遍历用户仓库: PENZA84
[2026-07-16 16:23:51] 👤 遍历用户仓库: wang1680
[2026-07-16 16:23:54]   Compare API 返回 6 个变更文件 (3 次 API 调用)
[2026-07-16 16:23:54]   commits 过滤: 196 → 2 (变更文件 6 个)
[2026-07-16 16:23:54] 仓库 https://github.com/twj0/subseek 候选文件 2 个
[2026-07-16 16:23:54]   🍴 兄弟仓库: 30 个 → 队列
[2026-07-16 16:23:54] 👤 遍历用户仓库: Velcent
[2026-07-16 16:23:54] 🔗 查子仓库: twj0/subseek
[2026-07-16 16:23:56]   👤 用户仓库: 30 个 → 队列
[2026-07-16 16:23:56]   用户 PENZA84 共查 30 个仓库
[2026-07-16 16:23:56] 仓库 https://github.com/snakem982/proxypool (分支: main, size: 48912KB, pushed: 2026-07-16T03:36:17Z)
[2026-07-16 16:23:56]   👤 用户仓库: 30 个 → 队列
[2026-07-16 16:23:56]   用户 wang1680 共查 30 个仓库
[2026-07-16 16:23:56] 仓库 https://github.com/PENZA84/free-node (分支: main, size: 25376KB, pushed: 2026-07-16T03:20:13Z)
[2026-07-16 16:23:58] 仓库 https://github.com/snakem982/proxypool 无候选文件 (总计 38 blob, 扩展名过滤 24, processed_shas 跳过 2, SHA 缓存跳过 12)
[2026-07-16 16:23:58] 仓库 https://github.com/PENZA84/free-node 无候选文件 (总计 16 blob, 扩展名过滤 6, processed_shas 跳过 0, SHA 缓存跳过 10)
[2026-07-16 16:23:58] 🔗 查子仓库: snakem982/proxypool[2026-07-16 16:23:58] 🔗 查子仓库: PENZA84/free-node

[2026-07-16 16:24:00] 🔗 开始 Fork 链追踪 (twj0/subseek)
[2026-07-16 16:24:00]   👤 用户仓库: 30 个 → 队列
[2026-07-16 16:24:00]   用户 Velcent 共查 30 个仓库
[2026-07-16 16:24:00] 仓库 https://github.com/turkcode-ai/awesome-free-apis- (分支: main, size: 11KB, pushed: 2026-07-16T03:12:55Z)
[2026-07-16 16:24:00] 🔗 开始 Fork 链追踪 (PENZA84/free-node)
[2026-07-16 16:24:00] 👤 遍历用户仓库: twj0
[2026-07-16 16:24:02] 仓库 https://github.com/turkcode-ai/awesome-free-apis- 候选文件 2 个[2026-07-16 16:24:02]   父仓库: HakurouKen/free-node

[2026-07-16 16:24:03] 仓库 https://github.com/turkcode-ai/awesome-free-apis- 未提取到节点，加入黑名单
[2026-07-16 16:24:03] 仓库 https://github.com/muxd93/awesome-vpn (分支: master, size: 2978KB, pushed: 2026-07-16T03:09:33Z)
[2026-07-16 16:24:05]   👤 用户仓库: 30 个 → 队列
[2026-07-16 16:24:05]   用户 twj0 共查 30 个仓库
[2026-07-16 16:24:05] 仓库 https://github.com/HakurouKen/free-node (分支: main, size: 25370KB, pushed: 2026-07-16T02:45:21Z)
[2026-07-16 16:24:05] 仓库 https://github.com/muxd93/awesome-vpn 无候选文件 (总计 44 blob, 扩展名过滤 27, processed_shas 跳过 0, SHA 缓存跳过 17)
[2026-07-16 16:24:05] 🔗 查子仓库: muxd93/awesome-vpn
[2026-07-16 16:24:05] 🔗 开始 Fork 链追踪 (snakem982/proxypool)
[2026-07-16 16:24:07] 🔗 开始 Fork 链追踪 (muxd93/awesome-vpn)[2026-07-16 16:24:07] 仓库 https://github.com/HakurouKen/free-node 无候选文件 (总计 16 blob, 扩展名过滤 6, processed_shas 跳过 0, SHA 缓存跳过 10)

[2026-07-16 16:24:07] 🔗 查子仓库: HakurouKen/free-node
[2026-07-16 16:24:09] 👤 遍历用户仓库: snakem982
[2026-07-16 16:24:09]   🍴 兄弟仓库: 17 个 → 队列
[2026-07-16 16:24:09] 👤 遍历用户仓库: PENZA84
[2026-07-16 16:24:11]   父仓库: awesome-vpn/awesome-vpn[2026-07-16 16:24:11]   用户 snakem982 共查 0 个仓库

[2026-07-16 16:24:11] 仓库 https://github.com/Auto-001/free-nodes (分支: main, size: 725KB, pushed: 2026-07-16T02:10:01Z)
[2026-07-16 16:24:13] 🔗 开始 Fork 链追踪 (HakurouKen/free-node)
[2026-07-16 16:24:13] 👤 遍历用户仓库: HakurouKen
[2026-07-16 16:24:13] 仓库 https://github.com/Auto-001/free-nodes 无候选文件 (总计 3 blob, 扩展名过滤 0, processed_shas 跳过 0, SHA 缓存跳过 3)
[2026-07-16 16:24:13] 🔗 查子仓库: Auto-001/free-nodes
[2026-07-16 16:24:14] 🔗 开始 Fork 链追踪 (Auto-001/free-nodes)
[2026-07-16 16:24:18] 👤 遍历用户仓库: Auto-001
[2026-07-16 16:24:18]   👤 用户仓库: 30 个 → 队列
[2026-07-16 16:24:18]   用户 HakurouKen 共查 30 个仓库
[2026-07-16 16:24:18]   👤 用户仓库: 30 个 → 队列
[2026-07-16 16:24:18] 仓库 https://github.com/way-fu/free-nodes-auto (分支: main, size: 469KB, pushed: 2026-07-16T01:42:58Z)[2026-07-16 16:24:18]   用户 PENZA84 共查 30 个仓库

[2026-07-16 16:24:18] 仓库 https://github.com/bad-hope/freenode (分支: main, size: 1305KB, pushed: 2026-07-16T01:13:24Z)
[2026-07-16 16:24:20]   🍴 兄弟仓库: 28 个 → 队列
[2026-07-16 16:24:20] 👤 遍历用户仓库: muxd93
[2026-07-16 16:24:20]   👤 用户仓库: 16 个 → 队列
[2026-07-16 16:24:20]   用户 Auto-001 共查 16 个仓库
[2026-07-16 16:24:20] 仓库 https://github.com/mbdrivechains/freebank-gui (分支: master, size: 151KB, pushed: 2026-07-15T23:59:56Z)
[2026-07-16 16:24:20] 仓库 https://github.com/bad-hope/freenode 候选文件 7 个
[2026-07-16 16:24:22] 仓库 https://github.com/way-fu/free-nodes-auto 无候选文件 (总计 7 blob, 扩展名过滤 1, processed_shas 跳过 0, SHA 缓存跳过 6)
[2026-07-16 16:24:22] 🔗 查子仓库: way-fu/free-nodes-auto[2026-07-16 16:24:22] 仓库 https://github.com/mbdrivechains/freebank-gui 候选文件 12 个

[2026-07-16 16:24:22]   👤 用户仓库: 20 个 → 队列
[2026-07-16 16:24:22]   用户 muxd93 共查 20 个仓库
[2026-07-16 16:24:22] 仓库 https://github.com/ysdy44/FanKit.Transformer-Nuget (分支: master, size: 2187KB, pushed: 2026-07-15T23:43:48Z)
[2026-07-16 16:24:22] 🔗 查子仓库: bad-hope/freenode
[2026-07-16 16:24:23] 仓库 https://github.com/mbdrivechains/freebank-gui 未提取到节点，加入黑名单
[2026-07-16 16:24:23] 仓库 https://github.com/cara/plasmid (分支: main, size: 58KB, pushed: 2026-07-15T21:32:07Z)
[2026-07-16 16:24:24] 🔗 开始 Fork 链追踪 (way-fu/free-nodes-auto)
[2026-07-16 16:24:24] 🔗 开始 Fork 链追踪 (bad-hope/freenode)
[2026-07-16 16:24:25] 👤 遍历用户仓库: way-fu
[2026-07-16 16:24:27] 👤 遍历用户仓库: bad-hope[2026-07-16 16:24:27] 仓库 https://github.com/cara/plasmid 候选文件 8 个[2026-07-16 16:24:27] 仓库 https://github.com/ysdy44/FanKit.Transformer-Nuget 候选文件 2 个


[2026-07-16 16:24:27] README (ysdy44/FanKit.Transformer-Nuget) 404，跳过
[2026-07-16 16:24:27] 仓库 https://github.com/ysdy44/FanKit.Transformer-Nuget 未提取到节点，加入黑名单
[2026-07-16 16:24:27] 仓库 https://github.com/hzhimingyang12345-a11y/airport-free (分支: main, size: 47344KB, pushed: 2026-07-15T20:49:45Z)
[2026-07-16 16:24:28] 仓库 https://github.com/cara/plasmid 未提取到节点，加入黑名单
[2026-07-16 16:24:28] 仓库 https://github.com/BYULabs/wdd330 (分支: main, size: 588KB, pushed: 2026-07-15T19:39:31Z)
[2026-07-16 16:24:29]   👤 用户仓库: 19 个 → 队列
[2026-07-16 16:24:29]   用户 way-fu 共查 19 个仓库
[2026-07-16 16:24:29] 仓库 https://github.com/aditibh19/Prep-Ai (分支: main, size: 3005KB, pushed: 2026-07-15T18:20:29Z)
[2026-07-16 16:24:29]   👤 用户仓库: 21 个 → 队列
[2026-07-16 16:24:29]   用户 bad-hope 共查 21 个仓库
[2026-07-16 16:24:29] 仓库 https://github.com/opentoonz-2d-animation-ui88/.github (分支: main, size: 4KB, pushed: 2026-07-15T17:35:58Z)
[2026-07-16 16:24:29] 仓库 https://github.com/hzhimingyang12345-a11y/airport-free 候选文件 10 个
[2026-07-16 16:24:29] 仓库 https://github.com/BYULabs/wdd330 候选文件 12 个
[2026-07-16 16:24:29] 仓库 https://github.com/opentoonz-2d-animation-ui88/.github 候选文件 2 个
[2026-07-16 16:24:30] 仓库 https://github.com/opentoonz-2d-animation-ui88/.github 未提取到节点，加入黑名单
[2026-07-16 16:24:30] 仓库 https://github.com/superokde/free-nodes (分支: master, size: 560KB, pushed: 2026-07-15T17:14:56Z)
[2026-07-16 16:24:32] 仓库 https://github.com/BYULabs/wdd330 未提取到节点，加入黑名单
[2026-07-16 16:24:32] 仓库 https://github.com/LabinatorSolutions/open-saas (分支: main, size: 136975KB, pushed: 2026-07-15T16:19:37Z)
[2026-07-16 16:24:32] 仓库 https://github.com/aditibh19/Prep-Ai 候选文件 41 个
[2026-07-16 16:24:32] 仓库 https://github.com/superokde/free-nodes 候选文件 4 个
[2026-07-16 16:24:33] 仓库 https://github.com/LabinatorSolutions/open-saas 无候选文件 (总计 587 blob, 扩展名过滤 502, processed_shas 跳过 0, SHA 缓存跳过 85)
[2026-07-16 16:24:33] 🔗 查子仓库: LabinatorSolutions/open-saas
[2026-07-16 16:24:33] 🔗 开始 Fork 链追踪 (LabinatorSolutions/open-saas)
[2026-07-16 16:24:35] 仓库 https://github.com/aditibh19/Prep-Ai 未提取到节点，加入黑名单
[2026-07-16 16:24:35] 仓库 https://github.com/ConvoyPanel/panel (分支: main, size: 74923KB, pushed: 2026-07-16T00:46:21Z)
[2026-07-16 16:24:35] 🔗 查子仓库: superokde/free-nodes
[2026-07-16 16:24:35]   父仓库: wasp-lang/open-saas
[2026-07-16 16:24:35] ⏭️ 仓库 https://github.com/wasp-lang/open-saas 47h 未更新，跳过解析（追踪 fork 链）
[2026-07-16 16:24:35] 👤 遍历用户仓库: wasp-lang
[2026-07-16 16:24:35] 🔗 开始 Fork 链追踪 (superokde/free-nodes)
[2026-07-16 16:24:36] 👤 遍历用户仓库: superokde
[2026-07-16 16:24:36] 仓库 https://github.com/ConvoyPanel/panel 无候选文件 (总计 868 blob, 扩展名过滤 804, processed_shas 跳过 0, SHA 缓存跳过 64)
[2026-07-16 16:24:36] 🔗 查子仓库: ConvoyPanel/panel
[2026-07-16 16:24:37] 🔗 查子仓库: hzhimingyang12345-a11y/airport-free
[2026-07-16 16:24:38]   👤 用户仓库: 2 个 → 队列
[2026-07-16 16:24:38]   用户 superokde 共查 2 个仓库
[2026-07-16 16:24:38] 仓库 https://github.com/parhelia512/V2RAY-CLASH-BASE64-Subscription.Links (分支: main, size: 2238KB, pushed: 2026-07-15T12:06:10Z)
[2026-07-16 16:24:40]   👤 用户仓库: 30 个 → 队列[2026-07-16 16:24:40] 🔗 开始 Fork 链追踪 (hzhimingyang12345-a11y/airport-free)
[2026-07-16 16:24:40]   🍴 子仓库: 30 个 → 队列[2026-07-16 16:24:40]   用户 wasp-lang 共查 30 个仓库

[2026-07-16 16:24:40] 🔗 开始 Fork 链追踪 (ConvoyPanel/panel)
[2026-07-16 16:24:40]   父仓库 +0 个节点

[2026-07-16 16:24:42] 仓库 https://github.com/parhelia512/V2RAY-CLASH-BASE64-Subscription.Links 无候选文件 (总计 4 blob, 扩展名过滤 1, processed_shas 跳过 0, SHA 缓存跳过 3)
[2026-07-16 16:24:42] 🔗 查子仓库: parhelia512/V2RAY-CLASH-BASE64-Subscription.Links
[2026-07-16 16:24:42] 🔗 开始 Fork 链追踪 (parhelia512/V2RAY-CLASH-BASE64-Subscription.Links)
[2026-07-16 16:24:42]   父仓库: xiaoji235/airport-free
[2026-07-16 16:24:42] 仓库在黑名单中: https://github.com/xiaoji235/airport-free
[2026-07-16 16:24:42]   父仓库 +0 个节点
[2026-07-16 16:24:42] 👤 遍历用户仓库: ConvoyPanel
[2026-07-16 16:24:44]   父仓库: mermeroo/V2RAY-CLASH-BASE64-Subscription.Links
[2026-07-16 16:24:44] 仓库在黑名单中: https://github.com/mermeroo/V2RAY-CLASH-BASE64-Subscription.Links
[2026-07-16 16:24:44]   父仓库 +0 个节点
[2026-07-16 16:24:47]   👤 用户仓库: 10 个 → 队列
[2026-07-16 16:24:47]   用户 ConvoyPanel 共查 10 个仓库
[2026-07-16 16:24:47] 仓库 https://github.com/DuChen212/Free-servers (分支: main, size: 69KB, pushed: 2026-07-15T11:57:38Z)
[2026-07-16 16:24:47] 仓库 https://github.com/DuChen212/Free-servers 无候选文件 (总计 49 blob, 扩展名过滤 17, processed_shas 跳过 0, SHA 缓存跳过 32)
[2026-07-16 16:24:47] 🔗 查子仓库: DuChen212/Free-servers
[2026-07-16 16:24:47] 🔗 开始 Fork 链追踪 (DuChen212/Free-servers)
[2026-07-16 16:24:49]   🍴 兄弟仓库: 30 个 → 队列
[2026-07-16 16:24:49] 👤 遍历用户仓库: hzhimingyang12345-a11y
[2026-07-16 16:24:49]   🍴 兄弟仓库: 30 个 → 队列
[2026-07-16 16:24:49] 👤 遍历用户仓库: LabinatorSolutions
[2026-07-16 16:24:51]   父仓库: Pawdroid/Free-servers
[2026-07-16 16:24:51]   🍴 兄弟仓库: 30 个 → 队列
[2026-07-16 16:24:51] 👤 遍历用户仓库: parhelia512
[2026-07-16 16:24:53]   👤 用户仓库: 4 个 → 队列
[2026-07-16 16:24:53]   用户 hzhimingyang12345-a11y 共查 4 个仓库
[2026-07-16 16:24:53] 仓库 https://github.com/DuChen212/proxypool (分支: main, size: 48813KB, pushed: 2026-07-15T11:56:32Z)
[2026-07-16 16:24:54] 仓库 https://github.com/DuChen212/proxypool 无候选文件 (总计 38 blob, 扩展名过滤 24, processed_shas 跳过 0, SHA 缓存跳过 14)
[2026-07-16 16:24:54] 🔗 查子仓库: DuChen212/proxypool
[2026-07-16 16:24:54] 🔗 开始 Fork 链追踪 (DuChen212/proxypool)
[2026-07-16 16:24:54]   父仓库: snakem982/proxypool
[2026-07-16 16:24:56]   🍴 兄弟仓库: 26 个 → 队列
[2026-07-16 16:24:56] 👤 遍历用户仓库: DuChen212
[2026-07-16 16:24:58]   👤 用户仓库: 30 个 → 队列
[2026-07-16 16:24:58]   用户 LabinatorSolutions 共查 30 个仓库
[2026-07-16 16:24:58] 仓库 https://github.com/yafeisun/v2raynode (分支: main, size: 65228KB, pushed: 2026-07-15T09:13:22Z)
[2026-07-16 16:24:59] 👤 遍历用户仓库: DuChen212
[2026-07-16 16:24:59] 仓库 https://github.com/yafeisun/v2raynode 候选文件较多 (2085 个)，先通过 commits API 过滤
[2026-07-16 16:25:03]   👤 用户仓库: 30 个 → 队列
[2026-07-16 16:25:03]   用户 DuChen212 共查 30 个仓库
[2026-07-16 16:25:03] 仓库 https://github.com/ebrasha/free-v2ray-public-list (分支: main, size: 31636KB, pushed: 2026-07-16T08:12:51Z)
[2026-07-16 16:25:03]   👤 用户仓库: 7 个 → 队列
[2026-07-16 16:25:03]   用户 DuChen212 共查 7 个仓库
[2026-07-16 16:25:03] 仓库 https://github.com/armanridho/ProxyJson-toYaml (分支: main, size: 59KB, pushed: 2026-07-16T08:00:42Z)
[2026-07-16 16:25:05] 仓库 https://github.com/armanridho/ProxyJson-toYaml 候选文件 3 个
[2026-07-16 16:25:05] 仓库 https://github.com/ebrasha/free-v2ray-public-list 候选文件较多 (537 个)，先通过 commits API 过滤
[2026-07-16 16:25:06] 仓库 https://github.com/armanridho/ProxyJson-toYaml 未提取到节点，加入黑名单
[2026-07-16 16:25:06] 仓库 https://github.com/roosterkid/openproxylist (分支: main, size: 1069921KB, pushed: 2026-07-16T08:00:31Z)
[2026-07-16 16:25:07]   Compare API 返回 11 个变更文件 (3 次 API 调用)
[2026-07-16 16:25:07]   commits 过滤: 2085 → 0 (变更文件 11 个)
[2026-07-16 16:25:07] 仓库 https://github.com/yafeisun/v2raynode 候选文件经时间过滤后为空
[2026-07-16 16:25:07] 🔗 查子仓库: yafeisun/v2raynode[2026-07-16 16:25:07] ⏱️ [22/122] v2rayN pushed:>2026-07-15T08:17:10Z fork:true -language:HTML | 212s | +16888 | 配额 4037/4800

[2026-07-16 16:25:07] 🔗 开始 Fork 链追踪 (yafeisun/v2raynode)
[2026-07-16 16:25:09]   仓库无 24h 前 commit（新仓库/新分支），不跳过任何文件
[2026-07-16 16:25:09] 仓库 https://github.com/roosterkid/openproxylist 候选文件 7 个[2026-07-16 16:25:09]   commits API 失败，降级为直接下载

[2026-07-16 16:25:09] 仓库 https://github.com/ebrasha/free-v2ray-public-list 候选文件 537 个
[2026-07-16 16:25:09]   👤 用户仓库: 30 个 → 队列
[2026-07-16 16:25:09]   用户 parhelia512 共查 30 个仓库
[2026-07-16 16:25:09] 仓库 https://github.com/slxkware/Vless-list (分支: main, size: 1195KB, pushed: 2026-07-16T07:55:07Z)
[2026-07-16 16:25:12] 👤 遍历用户仓库: yafeisun
[2026-07-16 16:25:12]   👤 用户仓库: 2 个 → 队列[2026-07-16 16:25:12] 仓库 https://github.com/slxkware/Vless-list 候选文件 2 个

[2026-07-16 16:25:12]   用户 yafeisun 共查 2 个仓库
[2026-07-16 16:25:12] 仓库 https://github.com/gnxD3RfTT2WE/free-proxy-endpoints (分支: main, size: 11KB, pushed: 2026-07-16T07:48:54Z)
[2026-07-16 16:25:12] 🔗 查子仓库: roosterkid/openproxylist
[2026-07-16 16:25:13] 🔗 查子仓库: slxkware/Vless-list
[2026-07-16 16:25:15] 🔗 开始 Fork 链追踪 (slxkware/Vless-list)
[2026-07-16 16:25:15] 仓库 https://github.com/gnxD3RfTT2WE/free-proxy-endpoints 候选文件 3 个
[2026-07-16 16:25:15] 👤 遍历用户仓库: slxkware
[2026-07-16 16:25:17] 仓库 https://github.com/gnxD3RfTT2WE/free-proxy-endpoints 未提取到节点，加入黑名单
[2026-07-16 16:25:17] 仓库 https://github.com/gavinhomework/free-proxy-list (分支: main, size: 37051KB, pushed: 2026-07-16T07:35:20Z)
[2026-07-16 16:25:18]   用户 slxkware 共查 0 个仓库
[2026-07-16 16:25:18] 仓库 https://github.com/Andyworldclub/openproxylist (分支: main, size: 1069790KB, pushed: 2026-07-16T07:30:25Z)
[2026-07-16 16:25:18] 仓库 https://github.com/gavinhomework/free-proxy-list 候选文件 1 个
[2026-07-16 16:25:18]   🍴 子仓库: 30 个 → 队列
[2026-07-16 16:25:18] 🔗 开始 Fork 链追踪 (roosterkid/openproxylist)
[2026-07-16 16:25:18] 仓库 https://github.com/Andyworldclub/openproxylist 候选文件 8 个
[2026-07-16 16:25:19] 🔗 查子仓库: gavinhomework/free-proxy-list[2026-07-16 16:25:19] 👤 遍历用户仓库: roosterkid

[2026-07-16 16:25:21] 🔗 开始 Fork 链追踪 (gavinhomework/free-proxy-list)
[2026-07-16 16:25:22]   父仓库: gfpcom/free-proxy-list
[2026-07-16 16:25:22]   👤 用户仓库: 11 个 → 队列
[2026-07-16 16:25:22]   用户 roosterkid 共查 11 个仓库
[2026-07-16 16:25:22] 仓库 https://github.com/nikita29a/FreeProxyList (分支: main, size: 1624395KB, pushed: 2026-07-16T07:00:20Z)
[2026-07-16 16:25:23] 仓库 https://github.com/nikita29a/FreeProxyList 候选文件 1 个
[2026-07-16 16:25:23] 🔗 查子仓库: Andyworldclub/openproxylist[2026-07-16 16:25:23]   🍴 兄弟仓库: 16 个 → 队列

[2026-07-16 16:25:23] 👤 遍历用户仓库: gavinhomework
[2026-07-16 16:25:24] 🔗 开始 Fork 链追踪 (Andyworldclub/openproxylist)
[2026-07-16 16:25:26]   父仓库: roosterkid/openproxylist
[2026-07-16 16:25:29]   🍴 兄弟仓库: 21 个 → 队列
[2026-07-16 16:25:29] 👤 遍历用户仓库: Andyworldclub
[2026-07-16 16:25:30]   👤 用户仓库: 30 个 → 队列
[2026-07-16 16:25:30]   用户 gavinhomework 共查 30 个仓库
[2026-07-16 16:25:30] 仓库 https://github.com/changsongyang/free-proxy-list (分支: main, size: 37044KB, pushed: 2026-07-16T06:46:16Z)
[2026-07-16 16:25:30]   👤 用户仓库: 30 个 → 队列
[2026-07-16 16:25:30]   用户 Andyworldclub 共查 30 个仓库
[2026-07-16 16:25:31] 仓库 https://github.com/fenwehome/free-proxy-list (分支: main, size: 36992KB, pushed: 2026-07-16T06:43:48Z)
[2026-07-16 16:25:31] 仓库 https://github.com/changsongyang/free-proxy-list 候选文件 1 个
[2026-07-16 16:25:32] 仓库 https://github.com/fenwehome/free-proxy-list 候选文件 1 个
[2026-07-16 16:25:32] 🔗 查子仓库: changsongyang/free-proxy-list
[2026-07-16 16:25:32] 🔗 开始 Fork 链追踪 (changsongyang/free-proxy-list)
[2026-07-16 16:25:33] 🔗 查子仓库: fenwehome/free-proxy-list
[2026-07-16 16:25:33] 🔗 开始 Fork 链追踪 (fenwehome/free-proxy-list)[2026-07-16 16:25:33]   父仓库: gfpcom/free-proxy-list

[2026-07-16 16:25:34]   父仓库: gfpcom/free-proxy-list
[2026-07-16 16:25:35] 👤 遍历用户仓库: changsongyang
[2026-07-16 16:25:36] 👤 遍历用户仓库: fenwehome
[2026-07-16 16:25:37] 🔗 查子仓库: nikita29a/FreeProxyList
[2026-07-16 16:25:38]   🍴 子仓库: 8 个 → 队列
[2026-07-16 16:25:38] 🔗 开始 Fork 链追踪 (nikita29a/FreeProxyList)
[2026-07-16 16:25:38] 👤 遍历用户仓库: nikita29a
[2026-07-16 16:25:39]   👤 用户仓库: 1 个 → 队列
[2026-07-16 16:25:39]   用户 nikita29a 共查 1 个仓库
[2026-07-16 16:25:39] 仓库 https://github.com/Cuarentas/free-proxy-list (分支: main, size: 36886KB, pushed: 2026-07-16T06:15:47Z)
[2026-07-16 16:25:40] 仓库 https://github.com/Cuarentas/free-proxy-list 候选文件 1 个
[2026-07-16 16:25:41] 🔗 查子仓库: Cuarentas/free-proxy-list
[2026-07-16 16:25:42] 🔗 开始 Fork 链追踪 (Cuarentas/free-proxy-list)
[2026-07-16 16:25:43]   父仓库: gfpcom/free-proxy-list
[2026-07-16 16:25:45]   👤 用户仓库: 30 个 → 队列
[2026-07-16 16:25:45]   用户 fenwehome 共查 30 个仓库
[2026-07-16 16:25:45] 仓库 https://github.com/gnxD3RfTT2WE/mass-http-proxy-list (分支: main, size: 23KB, pushed: 2026-07-16T05:48:29Z)
[2026-07-16 16:25:45] 👤 遍历用户仓库: Cuarentas
[2026-07-16 16:25:46] 仓库 https://github.com/gnxD3RfTT2WE/mass-http-proxy-list 候选文件 3 个
[2026-07-16 16:25:47] 仓库 https://github.com/gnxD3RfTT2WE/mass-http-proxy-list 未提取到节点，加入黑名单
[2026-07-16 16:25:47] 仓库 https://github.com/Baobei321/openproxylist- (分支: main, size: 1069992KB, pushed: 2026-07-16T05:05:11Z)
[2026-07-16 16:25:47]   👤 用户仓库: 30 个 → 队列
[2026-07-16 16:25:48]   用户 Cuarentas 共查 30 个仓库
[2026-07-16 16:25:48] 仓库 https://github.com/gnxD3RfTT2WE/proxies-st-bulk-list (分支: main, size: 21KB, pushed: 2026-07-16T04:48:17Z)
[2026-07-16 16:25:48] 仓库 https://github.com/Baobei321/openproxylist- 候选文件 9 个
[2026-07-16 16:25:48] 仓库 https://github.com/gnxD3RfTT2WE/proxies-st-bulk-list 候选文件 3 个
[2026-07-16 16:25:50] 仓库 https://github.com/gnxD3RfTT2WE/proxies-st-bulk-list 未提取到节点，加入黑名单
[2026-07-16 16:25:50] 仓库 https://github.com/catcat0921/openproxylist (分支: main, size: 1069889KB, pushed: 2026-07-16T03:51:17Z)
[2026-07-16 16:25:51] 仓库 https://github.com/catcat0921/openproxylist 无候选文件 (总计 10 blob, 扩展名过滤 0, processed_shas 跳过 0, SHA 缓存跳过 10)
[2026-07-16 16:25:51] 🔗 查子仓库: catcat0921/openproxylist
[2026-07-16 16:25:51] 🔗 开始 Fork 链追踪 (catcat0921/openproxylist)
[2026-07-16 16:25:51]   父仓库: roosterkid/openproxylist
[2026-07-16 16:25:53] 🔗 查子仓库: Baobei321/openproxylist-
[2026-07-16 16:25:53] 🔗 开始 Fork 链追踪 (Baobei321/openproxylist-)
[2026-07-16 16:25:53] 👤 遍历用户仓库: catcat0921
[2026-07-16 16:25:53]   父仓库: roosterkid/openproxylist
[2026-07-16 16:25:55] 👤 遍历用户仓库: Baobei321
[2026-07-16 16:25:56]   👤 用户仓库: 30 个 → 队列
[2026-07-16 16:25:56]   用户 changsongyang 共查 30 个仓库
[2026-07-16 16:25:56] 仓库 https://github.com/gnxD3RfTT2WE/socks4-proxy-feed (分支: main, size: 23KB, pushed: 2026-07-16T03:48:04Z)
[2026-07-16 16:25:56] 仓库 https://github.com/gnxD3RfTT2WE/socks4-proxy-feed 候选文件 3 个
[2026-07-16 16:25:58] 仓库 https://github.com/gnxD3RfTT2WE/socks4-proxy-feed 未提取到节点，加入黑名单
[2026-07-16 16:25:58] 仓库 https://github.com/ws94666ws/awesome-vpn (分支: master, size: 8547KB, pushed: 2026-07-16T03:19:53Z)
[2026-07-16 16:25:59] 仓库 https://github.com/ws94666ws/awesome-vpn 候选文件 3 个
[2026-07-16 16:25:59] ⏱️ [23/122] v2rayNG pushed:>2026-07-15T08:17:10Z fork:true -language:HTM | 52s | +80 | 配额 3955/4800
[2026-07-16 16:26:01]   👤 用户仓库: 30 个 → 队列
[2026-07-16 16:26:01]   用户 Baobei321 共查 30 个仓库
[2026-07-16 16:26:01] 仓库 https://github.com/worldmarketing02-design/proxy-master-list (分支: main, size: 6275KB, pushed: 2026-07-16T03:11:58Z)
[2026-07-16 16:26:02] 仓库 https://github.com/worldmarketing02-design/proxy-master-list 候选文件 2 个
[2026-07-16 16:26:04]   👤 用户仓库: 30 个 → 队列
[2026-07-16 16:26:04]   用户 catcat0921 共查 30 个仓库
[2026-07-16 16:26:04] 仓库 https://github.com/gnxD3RfTT2WE/socks5-proxy-feed (分支: main, size: 20KB, pushed: 2026-07-16T02:47:51Z)
[2026-07-16 16:26:05] 仓库 https://github.com/gnxD3RfTT2WE/socks5-proxy-feed 候选文件 3 个
[2026-07-16 16:26:06] 🔗 查子仓库: worldmarketing02-design/proxy-master-list
[2026-07-16 16:26:06] 🔗 开始 Fork 链追踪 (worldmarketing02-design/proxy-master-list)
[2026-07-16 16:26:07] 👤 遍历用户仓库: worldmarketing02-design
[2026-07-16 16:26:07] 🔗 查子仓库: ws94666ws/awesome-vpn
[2026-07-16 16:26:07]   用户 worldmarketing02-design 共查 0 个仓库
[2026-07-16 16:26:07] 仓库 https://github.com/joy-deploy/free-proxy-list (分支: main, size: 2610KB, pushed: 2026-07-16T02:42:46Z)
[2026-07-16 16:26:07] 仓库 https://github.com/gnxD3RfTT2WE/socks5-proxy-feed 未提取到节点，加入黑名单
[2026-07-16 16:26:07] 仓库 https://github.com/chancat87/awesome-vpn (分支: master, size: 8716KB, pushed: 2026-07-16T01:49:03Z)
[2026-07-16 16:26:08] 🔗 开始 Fork 链追踪 (ws94666ws/awesome-vpn)
[2026-07-16 16:26:08]   父仓库: awesome-vpn/awesome-vpn
[2026-07-16 16:26:08] 仓库 https://github.com/chancat87/awesome-vpn 候选文件 3 个
[2026-07-16 16:26:10] 👤 遍历用户仓库: ws94666ws
[2026-07-16 16:26:10] 仓库 https://github.com/joy-deploy/free-proxy-list 候选文件较多 (1425 个)，先通过 commits API 过滤
[2026-07-16 16:26:11]   Compare API 返回 6 个变更文件 (3 次 API 调用)
[2026-07-16 16:26:11]   commits 过滤: 1425 → 0 (变更文件 6 个)
[2026-07-16 16:26:11] 仓库 https://github.com/joy-deploy/free-proxy-list 候选文件经时间过滤后为空
[2026-07-16 16:26:12] 🔗 查子仓库: joy-deploy/free-proxy-list
[2026-07-16 16:26:12] 🔗 开始 Fork 链追踪 (joy-deploy/free-proxy-list)
[2026-07-16 16:26:14] 👤 遍历用户仓库: joy-deploy
[2026-07-16 16:26:15]   👤 用户仓库: 7 个 → 队列
[2026-07-16 16:26:15]   用户 joy-deploy 共查 7 个仓库
[2026-07-16 16:26:15] 仓库 https://github.com/gnxD3RfTT2WE/http-proxy-feed (分支: main, size: 22KB, pushed: 2026-07-16T01:47:38Z)
[2026-07-16 16:26:16] 仓库 https://github.com/gnxD3RfTT2WE/http-proxy-feed 候选文件 3 个
[2026-07-16 16:26:16] 🔗 查子仓库: chancat87/awesome-vpn
[2026-07-16 16:26:16] 🔗 开始 Fork 链追踪 (chancat87/awesome-vpn)
[2026-07-16 16:26:17]   👤 用户仓库: 30 个 → 队列
[2026-07-16 16:26:17]   用户 ws94666ws 共查 30 个仓库
[2026-07-16 16:26:17] 仓库 https://github.com/gnxD3RfTT2WE/free-global-proxies (分支: main, size: 22KB, pushed: 2026-07-16T00:47:26Z)
[2026-07-16 16:26:18] 仓库 https://github.com/gnxD3RfTT2WE/http-proxy-feed 未提取到节点，加入黑名单
[2026-07-16 16:26:18] 仓库 https://github.com/gnxD3RfTT2WE/proxy-list-github (分支: main, size: 20KB, pushed: 2026-07-15T23:47:13Z)
[2026-07-16 16:26:19]   父仓库: awesome-vpn/awesome-vpn
[2026-07-16 16:26:19] 仓库 https://github.com/gnxD3RfTT2WE/free-global-proxies 候选文件 3 个
[2026-07-16 16:26:19] 仓库 https://github.com/gnxD3RfTT2WE/proxy-list-github 候选文件 3 个
[2026-07-16 16:26:21] 仓库 https://github.com/gnxD3RfTT2WE/proxy-list-github 未提取到节点，加入黑名单[2026-07-16 16:26:21] 仓库 https://github.com/gnxD3RfTT2WE/free-global-proxies 未提取到节点，加入黑名单

[2026-07-16 16:26:21] 仓库 https://github.com/hos2500/mtproto (分支: master, size: 677KB, pushed: 2026-07-15T21:00:49Z)[2026-07-16 16:26:21] 仓库 https://github.com/gnxD3RfTT2WE/checked-http-proxies (分支: main, size: 20KB, pushed: 2026-07-15T21:46:48Z)

[2026-07-16 16:26:22] 👤 遍历用户仓库: chancat87
[2026-07-16 16:26:22] 仓库 https://github.com/gnxD3RfTT2WE/checked-http-proxies 候选文件 3 个[2026-07-16 16:26:22] 仓库 https://github.com/hos2500/mtproto 候选文件 1 个

[2026-07-16 16:26:24] 仓库 https://github.com/hos2500/mtproto 未提取到节点，加入黑名单
[2026-07-16 16:26:24] 仓库 https://github.com/gnxD3RfTT2WE/proxies-st-free-list (分支: main, size: 23KB, pushed: 2026-07-15T20:46:35Z)
[2026-07-16 16:26:24] 仓库 https://github.com/gnxD3RfTT2WE/checked-http-proxies 未提取到节点，加入黑名单
[2026-07-16 16:26:24] 仓库 https://github.com/gnxD3RfTT2WE/proxies-for-automation (分支: main, size: 21KB, pushed: 2026-07-15T19:46:22Z)
[2026-07-16 16:26:25] 仓库 https://github.com/gnxD3RfTT2WE/proxies-st-free-list 候选文件 3 个
[2026-07-16 16:26:25] 仓库 https://github.com/gnxD3RfTT2WE/proxies-for-automation 候选文件 3 个
[2026-07-16 16:26:26] 仓库 https://github.com/gnxD3RfTT2WE/proxies-st-free-list 未提取到节点，加入黑名单
[2026-07-16 16:26:26] 仓库 https://github.com/gnxD3RfTT2WE/proxies-for-developers (分支: main, size: 22KB, pushed: 2026-07-15T18:46:09Z)
[2026-07-16 16:26:27] 仓库 https://github.com/gnxD3RfTT2WE/proxies-for-developers 候选文件 3 个
[2026-07-16 16:26:27] 仓库 https://github.com/gnxD3RfTT2WE/proxies-for-automation 未提取到节点，加入黑名单
[2026-07-16 16:26:27] 仓库 https://github.com/gnxD3RfTT2WE/free-endpoint-list (分支: main, size: 20KB, pushed: 2026-07-15T16:45:43Z)
[2026-07-16 16:26:28] 仓库 https://github.com/gnxD3RfTT2WE/free-endpoint-list 候选文件 3 个
[2026-07-16 16:26:28] 仓库 https://github.com/gnxD3RfTT2WE/proxies-for-developers 未提取到节点，加入黑名单
[2026-07-16 16:26:28] 仓库 https://github.com/Chm0kes/ssclprlist (分支: main, size: 1022KB, pushed: 2026-07-15T08:54:35Z)
[2026-07-16 16:26:29] 仓库 https://github.com/Chm0kes/ssclprlist 无候选文件 (总计 2 blob, 扩展名过滤 0, processed_shas 跳过 0, SHA 缓存跳过 2)
[2026-07-16 16:26:29] 仓库 https://github.com/gnxD3RfTT2WE/free-endpoint-list 未提取到节点，加入黑名单[2026-07-16 16:26:29] 🔗 查子仓库: Chm0kes/ssclprlist

[2026-07-16 16:26:29] 仓库 https://github.com/asgharkapk/Sub-Config-Extractor (分支: main, size: 739722KB, pushed: 2026-07-16T08:18:01Z)
[2026-07-16 16:26:30] 🔗 开始 Fork 链追踪 (Chm0kes/ssclprlist)
[2026-07-16 16:26:30] 👤 遍历用户仓库: Chm0kes
[2026-07-16 16:26:31]   用户 Chm0kes 共查 0 个仓库
[2026-07-16 16:26:31] 仓库 https://github.com/F0rc3Run/F0rc3Run (分支: main, size: 445375KB, pushed: 2026-07-16T08:05:01Z)
[2026-07-16 16:26:31] 仓库 https://github.com/F0rc3Run/F0rc3Run 候选文件 56 个
[2026-07-16 16:26:35] 仓库 https://github.com/asgharkapk/Sub-Config-Extractor 候选文件较多 (947 个)，先通过 commits API 过滤
[2026-07-16 16:26:37]   👤 用户仓库: 30 个 → 队列
[2026-07-16 16:26:38]   用户 chancat87 共查 30 个仓库
[2026-07-16 16:26:38] 仓库 https://github.com/sunmiao4458/free-proxy-airport (分支: main, size: 127KB, pushed: 2026-07-16T07:49:20Z)
[2026-07-16 16:26:39] 仓库 https://github.com/sunmiao4458/free-proxy-airport 候选文件 2 个
[2026-07-16 16:26:40] 🔗 查子仓库: F0rc3Run/F0rc3Run
[2026-07-16 16:26:41] 🔗 查子仓库: sunmiao4458/free-proxy-airport
[2026-07-16 16:26:41] 🔗 开始 Fork 链追踪 (sunmiao4458/free-proxy-airport)
[2026-07-16 16:26:41] 👤 遍历用户仓库: sunmiao4458
[2026-07-16 16:26:41]   Compare API 返回 300 个变更文件 (3 次 API 调用)
[2026-07-16 16:26:41]   commits 过滤: 947 → 295 (变更文件 300 个)
[2026-07-16 16:26:41] 仓库 https://github.com/asgharkapk/Sub-Config-Extractor 候选文件 295 个
[2026-07-16 16:26:41]   🍴 子仓库: 16 个 → 队列
[2026-07-16 16:26:41] 🔗 开始 Fork 链追踪 (F0rc3Run/F0rc3Run)
[2026-07-16 16:26:41]   👤 用户仓库: 1 个 → 队列
[2026-07-16 16:26:41]   用户 sunmiao4458 共查 1 个仓库
[2026-07-16 16:26:42] 仓库 https://github.com/Alirewa/V2ray-Configs (分支: main, size: 24477KB, pushed: 2026-07-16T07:38:45Z)
[2026-07-16 16:26:42] 👤 遍历用户仓库: F0rc3Run
[2026-07-16 16:26:42] 仓库 https://github.com/Alirewa/V2ray-Configs 候选文件 4 个
[2026-07-16 16:26:42]   👤 用户仓库: 2 个 → 队列
[2026-07-16 16:26:42]   用户 F0rc3Run 共查 2 个仓库
[2026-07-16 16:26:42] 仓库 https://github.com/cautonwong/free-proxy-sub (分支: master, size: 2400KB, pushed: 2026-07-16T07:36:15Z)
[2026-07-16 16:26:43] 仓库 https://github.com/cautonwong/free-proxy-sub 候选文件 2 个
[2026-07-16 16:26:45] 🔗 查子仓库: cautonwong/free-proxy-sub
[2026-07-16 16:26:46] 🔗 开始 Fork 链追踪 (cautonwong/free-proxy-sub)
[2026-07-16 16:26:46]   父仓库: steam-100/free-proxy-sub
[2026-07-16 16:26:46] 仓库在黑名单中: https://github.com/steam-100/free-proxy-sub
[2026-07-16 16:26:46]   父仓库 +0 个节点
[2026-07-16 16:26:47]   🍴 兄弟仓库: 1 个 → 队列
[2026-07-16 16:26:47] 👤 遍历用户仓库: cautonwong
[2026-07-16 16:26:48] 🔗 查子仓库: Alirewa/V2ray-Configs
[2026-07-16 16:26:49] 🔗 开始 Fork 链追踪 (Alirewa/V2ray-Configs)
[2026-07-16 16:26:49] 👤 遍历用户仓库: Alirewa
[2026-07-16 16:26:50]   👤 用户仓库: 20 个 → 队列
[2026-07-16 16:26:50]   用户 Alirewa 共查 20 个仓库
[2026-07-16 16:26:50] 仓库 https://github.com/GodLamp1982/Free-AppleId-Serve (分支: main, size: 7405KB, pushed: 2026-07-16T05:56:24Z)
[2026-07-16 16:26:51] 仓库 https://github.com/GodLamp1982/Free-AppleId-Serve 候选文件 17 个
[2026-07-16 16:26:54] 仓库 https://github.com/GodLamp1982/Free-AppleId-Serve README 含广告词，加入黑名单
[2026-07-16 16:26:54] 仓库 https://github.com/SnapdragonLee/SystemProxy (分支: master, size: 9921KB, pushed: 2026-07-16T02:47:29Z)
[2026-07-16 16:26:55] 仓库 https://github.com/SnapdragonLee/SystemProxy 候选文件 2 个
[2026-07-16 16:27:00] 🔗 查子仓库: SnapdragonLee/SystemProxy[2026-07-16 16:27:00]   👤 用户仓库: 30 个 → 队列

[2026-07-16 16:27:00]   用户 cautonwong 共查 30 个仓库
[2026-07-16 16:27:00] 仓库 https://github.com/AmirrezaFarnamTaheri/ConfigStream (分支: main, size: 845854KB, pushed: 2026-07-15T17:12:22Z)
[2026-07-16 16:27:03]   🍴 子仓库: 17 个 → 队列
[2026-07-16 16:27:03] 🔗 开始 Fork 链追踪 (SnapdragonLee/SystemProxy)
[2026-07-16 16:27:03] 👤 遍历用户仓库: SnapdragonLee
[2026-07-16 16:27:07]   👤 用户仓库: 22 个 → 队列
[2026-07-16 16:27:07]   用户 SnapdragonLee 共查 22 个仓库
[2026-07-16 16:27:08] 仓库 https://github.com/iboxz/free-v2ray-collector (分支: main, size: 31851KB, pushed: 2026-07-16T08:15:45Z)
[2026-07-16 16:27:11] 仓库 https://github.com/AmirrezaFarnamTaheri/ConfigStream 候选文件较多 (144 个)，先通过 commits API 过滤
[2026-07-16 16:27:11] 仓库 https://github.com/iboxz/free-v2ray-collector 候选文件 2 个
[2026-07-16 16:27:15]   Compare API 返回 11 个变更文件 (3 次 API 调用)
[2026-07-16 16:27:16]   commits 过滤: 144 → 2 (变更文件 11 个)
[2026-07-16 16:27:16] 仓库 https://github.com/AmirrezaFarnamTaheri/ConfigStream 候选文件 2 个
[2026-07-16 16:27:20] 仓库 https://github.com/AmirrezaFarnamTaheri/ConfigStream 未提取到节点，加入黑名单
[2026-07-16 16:27:20] 仓库 https://github.com/MohammadBahemmat/V2ray-Collector (分支: main, size: 23290057KB, pushed: 2026-07-16T08:12:00Z)
[2026-07-16 16:27:22] 仓库 https://github.com/MohammadBahemmat/V2ray-Collector 候选文件 14 个
[2026-07-16 16:27:23] 🔗 查子仓库: iboxz/free-v2ray-collector
[2026-07-16 16:27:27]   🍴 子仓库: 13 个 → 队列
[2026-07-16 16:27:27] 🔗 开始 Fork 链追踪 (iboxz/free-v2ray-collector)
[2026-07-16 16:27:29] 👤 遍历用户仓库: iboxz
[2026-07-16 16:27:31]   👤 用户仓库: 4 个 → 队列
[2026-07-16 16:27:32]   用户 iboxz 共查 4 个仓库
[2026-07-16 16:27:32] 仓库 https://github.com/kort0881/vpn-vless-configs-russia (分支: main, size: 1822179KB, pushed: 2026-07-16T08:02:28Z)
[2026-07-16 16:27:37] 仓库 https://github.com/kort0881/vpn-vless-configs-russia 候选文件 75 个
[2026-07-16 16:28:59] 🔗 查子仓库: kort0881/vpn-vless-configs-russia
[2026-07-16 16:29:00]   🍴 子仓库: 30 个 → 队列
[2026-07-16 16:29:00] 🔗 开始 Fork 链追踪 (kort0881/vpn-vless-configs-russia)
[2026-07-16 16:29:00] 👤 遍历用户仓库: kort0881
[2026-07-16 16:29:00] 🔗 查子仓库: asgharkapk/Sub-Config-Extractor
[2026-07-16 16:29:01]   👤 用户仓库: 24 个 → 队列
[2026-07-16 16:29:01]   用户 kort0881 共查 24 个仓库
[2026-07-16 16:29:01] 仓库 https://github.com/lm705/vair (分支: main, size: 9382KB, pushed: 2026-07-16T08:00:53Z)
[2026-07-16 16:29:01]   🍴 子仓库: 4 个 → 队列
[2026-07-16 16:29:01] 🔗 开始 Fork 链追踪 (asgharkapk/Sub-Config-Extractor)
[2026-07-16 16:29:01] 👤 遍历用户仓库: asgharkapk
[2026-07-16 16:29:01] 仓库 https://github.com/lm705/vair 候选文件 1 个
[2026-07-16 16:29:02]   👤 用户仓库: 14 个 → 队列
[2026-07-16 16:29:02]   用户 asgharkapk 共查 14 个仓库
[2026-07-16 16:29:02] 仓库 https://github.com/sasabuzovkin9-lgtm/vpn-vless-configs-russia (分支: main, size: 1615512KB, pushed: 2026-07-16T06:24:29Z)
[2026-07-16 16:29:02] 🔗 查子仓库: lm705/vair
[2026-07-16 16:29:02]   🍴 子仓库: 3 个 → 队列
[2026-07-16 16:29:02] 🔗 开始 Fork 链追踪 (lm705/vair)
[2026-07-16 16:29:03] 仓库 https://github.com/sasabuzovkin9-lgtm/vpn-vless-configs-russia 候选文件 3 个
[2026-07-16 16:29:03] 👤 遍历用户仓库: lm705
[2026-07-16 16:29:03]   用户 lm705 共查 0 个仓库
[2026-07-16 16:29:03] 仓库 https://github.com/Freedom-Guard-Builder/Freedom-Finder (分支: main, size: 7328KB, pushed: 2026-07-16T05:45:41Z)
[2026-07-16 16:29:03] 🔗 查子仓库: sasabuzovkin9-lgtm/vpn-vless-configs-russia
[2026-07-16 16:29:03] 仓库 https://github.com/Freedom-Guard-Builder/Freedom-Finder 候选文件 10 个
[2026-07-16 16:29:04] 🔗 开始 Fork 链追踪 (sasabuzovkin9-lgtm/vpn-vless-configs-russia)
[2026-07-16 16:29:04]   父仓库: kort0881/vpn-vless-configs-russia
