[2026-08-06 17:46:48] 🚀 程序启动
[2026-08-06 17:46:48] 关键词: 105 个
[2026-08-06 17:46:48] [MainThread] 加载 SHA 缓存 260318 条 (1 分片)
[2026-08-06 17:46:48] [MainThread] 加载已处理仓库缓存 19180 条
[2026-08-06 17:46:48] [MainThread] 🚀 程序启动 | 配额上限 4800/小时
[2026-08-06 17:46:48] [MainThread] 🔵 阶段 1: 种子仓库 (634 个)
[2026-08-06 17:46:48] [种子] 🔵 种子仓库: 634 个 → 队列
[2026-08-06 17:46:48] [种子] 🔵 [种子 1/634] Raad63/v2ray-configs-sub-5 | 配额 4800/4800 09:46UTC | 主队列 1/200 发现队列 0/20000 [空]
[2026-08-06 17:46:48] [W-0] 🔧 开始处理 [种子仓库] Raad63/v2ray-configs-sub-5
[2026-08-06 17:46:48] [W-0] ⏭️ [种子仓库] 仓库 https://github.com/Raad63/v2ray-configs-sub-5 已解析，跳过解析（需追踪）
[2026-08-06 17:46:48] [W-0] 🔗 [种子仓库] 查子仓库: Raad63/v2ray-configs-sub-5
[2026-08-06 17:46:49] [种子] 🔵 [种子 2/634] wang1680/proxypool | 配额 4799/4800 09:46UTC | 主队列 1/200 发现队列 0/20000 [空]
[2026-08-06 17:46:49] [W-0] 🔗 [种子仓库] 开始 Fork 链追踪 (Raad63/v2ray-configs-sub-5)
[2026-08-06 17:46:49] [种子] 🔵 [种子 3/634] Pawdroid/Free-servers | 配额 4798/4800 09:46UTC | 主队列 2/200 发现队列 0/20000 [空]
[2026-08-06 17:46:49] [W-0]   [种子仓库] 父仓库: Epodonios/v2ray-configs
[2026-08-06 17:46:49] [W-0] [fork1] 仓库 https://github.com/Epodonios/v2ray-configs (分支: main, size: 25367743KB, pushed: 2026-08-06T07:33:59Z)
[2026-08-06 17:46:50] [种子] 🔵 [种子 4/634] LoneKingCode/free-proxy-db | 配额 4797/4800 09:46UTC | 主队列 3/200 发现队列 0/20000 [空]
[2026-08-06 17:46:50] [W-0] 仓库 https://github.com/Epodonios/v2ray-configs 候选文件较多 (990 个)，先通过 commits API 过滤
[2026-08-06 17:46:51] [种子] 🔵 [种子 5/634] gfpcom/free-proxy-list | 配额 4796/4800 09:46UTC | 主队列 4/200 发现队列 0/20000 [空]
[2026-08-06 17:46:52] [种子] 🔵 [种子 6/634] mahdibland/get_v2 | 配额 4794/4800 09:46UTC | 主队列 5/200 发现队列 0/20000 [空]
[2026-08-06 17:46:53] [种子] 🔵 [种子 7/634] MhdiTaheri/V2rayCollector | 配额 4794/4800 09:46UTC | 主队列 6/200 发现队列 0/20000 [空]
[2026-08-06 17:46:53] [W-0]   Compare API 返回 20 个变更文件 (3 次 API 调用)
[2026-08-06 17:46:53] [W-0]   commits 过滤: 990 → 20 (变更文件 20 个)
[2026-08-06 17:46:53] [W-0] 仓库 https://github.com/Epodonios/v2ray-configs 候选文件 20 个
[2026-08-06 17:46:53] [W-1] ⏳ 等待任务中...
[2026-08-06 17:46:53] [W-1] 🔧 开始处理 [种子仓库] wang1680/proxypool
[2026-08-06 17:46:53] [W-4] ⏳ 等待任务中...
[2026-08-06 17:46:53] [W-2] ⏳ 等待任务中...
[2026-08-06 17:46:53] [W-3] ⏳ 等待任务中...
[2026-08-06 17:46:53] [W-6] ⏳ 等待任务中...
[2026-08-06 17:46:53] [W-7] ⏳ 等待任务中...
[2026-08-06 17:46:53] [W-8] ⏳ 等待任务中...
[2026-08-06 17:46:53] [W-9] ⏳ 等待任务中...
[2026-08-06 17:46:53] [W-10] ⏳ 等待任务中...
[2026-08-06 17:46:53] [W-11] ⏳ 等待任务中...
[2026-08-06 17:46:53] [W-12] ⏳ 等待任务中...
[2026-08-06 17:46:53] [W-13] ⏳ 等待任务中...
[2026-08-06 17:46:53] [W-14] ⏳ 等待任务中...
[2026-08-06 17:46:53] [W-15] ⏳ 等待任务中...
[2026-08-06 17:46:53] [W-16] ⏳ 等待任务中...
[2026-08-06 17:46:53] [W-17] ⏳ 等待任务中...
[2026-08-06 17:46:53] [W-18] ⏳ 等待任务中...
[2026-08-06 17:46:53] [W-21] ⏳ 等待任务中...
[2026-08-06 17:46:53] [W-5] ⏳ 等待任务中...
[2026-08-06 17:46:53] [W-23] ⏳ 等待任务中...
[2026-08-06 17:46:53] [W-19] ⏳ 等待任务中...
[2026-08-06 17:46:53] [W-20] ⏳ 等待任务中...
[2026-08-06 17:46:53] [W-22] ⏳ 等待任务中...
[2026-08-06 17:46:53] [种子] 🔵 [种子 8/634] Raad63/nirevil | 配额 4793/4800 09:46UTC | 主队列 6/200 发现队列 0/20000 [空]
[2026-08-06 17:46:54] [W-1] ⏭️ [种子仓库] 仓库 https://github.com/wang1680/proxypool 已解析，跳过解析（需追踪）
[2026-08-06 17:46:54] [W-1] 🔗 [种子仓库] 查子仓库: wang1680/proxypool
[2026-08-06 17:46:54] [种子] 🔵 [种子 9/634] cysk003/yebekhe-TVC | 配额 4792/4800 09:46UTC | 主队列 7/200 发现队列 0/20000 [空]
[2026-08-06 17:46:54] [W-1] 🔗 [种子仓库] 开始 Fork 链追踪 (wang1680/proxypool)
[2026-08-06 17:46:54] [W-1]   [种子仓库] 父仓库: snakem982/proxypool
[2026-08-06 17:46:54] [W-1] [fork1] 仓库 https://github.com/snakem982/proxypool (分支: main, size: 50671KB, pushed: 2026-08-06T04:15:05Z)
[2026-08-06 17:46:54] [种子] 🔵 [种子 10/634] chaoduzj/V2RayAutoConfig | 配额 4790/4800 09:46UTC | 主队列 8/200 发现队列 0/20000 [空]
[2026-08-06 17:46:55] [W-1] 仓库 https://github.com/snakem982/proxypool 无候选文件 (总计 6 blob, 扩展名过滤 0, processed_shas 跳过 0, SHA 缓存跳过 6)
[2026-08-06 17:46:55] [W-1]   父仓库 +0 个节点
[2026-08-06 17:46:56] [种子] 🔵 [种子 11/634] sclyxcn/airport-free | 配额 4789/4800 09:46UTC | 主队列 9/200 发现队列 0/20000 [空]
[2026-08-06 17:46:57] [种子] 🔵 [种子 12/634] MhdiTaheri/V2rayCollector_Py | 配额 4789/4800 09:46UTC | 主队列 10/200 发现队列 0/20000 [空]
[2026-08-06 17:46:57] [种子] 🔵 [种子 13/634] mr-mohamad-mr/multi-proxy-config-fetcher | 配额 4789/4800 09:46UTC | 主队列 11/200 发现队列 0/20000 [空]
[2026-08-06 17:46:58] [种子] 🔵 [种子 14/634] miladkantoori/multi-proxy-config-fetcher | 配额 4789/4800 09:46UTC | 主队列 12/200 发现队列 0/20000 [空]
[2026-08-06 17:46:59] [种子] 🔵 [种子 15/634] Rayan-Config/C-Sub | 配额 4789/4800 09:46UTC | 主队列 13/200 发现队列 0/20000 [空]
[2026-08-06 17:46:59] [W-21] 🔧 开始处理 [fork1] githubwubian/proxypool
[2026-08-06 17:46:59] [W-21] [fork1] 仓库 https://github.com/githubwubian/proxypool (分支: main, size: 50671KB, pushed: 2026-08-06T05:38:06Z)
[2026-08-06 17:46:59] [W-17] 🔧 开始处理 [fork1] yirenchengfeng/proxypool
[2026-08-06 17:46:59] [W-17] ⏭️ [fork1] 仓库 https://github.com/yirenchengfeng/proxypool 24698h 未更新，跳过解析（无需追踪）
[2026-08-06 17:46:59] [W-6] 🔧 开始处理 [fork1] baipengyan/proxypool
[2026-08-06 17:46:59] [W-6] ⏭️ [fork1] 仓库 https://github.com/baipengyan/proxypool 23744h 未更新，跳过解析（无需追踪）
[2026-08-06 17:46:59] [W-7] 🔧 开始处理 [fork1] hzjnet/proxypool-from-snakem982
[2026-08-06 17:46:59] [W-7] ⏭️ [fork1] 仓库 https://github.com/hzjnet/proxypool-from-snakem982 23190h 未更新，跳过解析（无需追踪）
[2026-08-06 17:46:59] [种子] 🔵 [种子 16/634] mfuu/v2ray | 配额 4788/4800 09:46UTC | 主队列 14/200 发现队列 33/20000 [[fork1]:36]
[2026-08-06 17:46:59] [W-3] 🔧 开始处理 [fork1] xzg268/proxypool
[2026-08-06 17:46:59] [W-3] ⏭️ [fork1] 仓库 https://github.com/xzg268/proxypool 22634h 未更新，跳过解析（无需追踪）
[2026-08-06 17:46:59] [W-2] 🔧 开始处理 [fork1] aqjiuweng/proxypool
[2026-08-06 17:46:59] [W-2] ⏭️ [fork1] 仓库 https://github.com/aqjiuweng/proxypool 12652h 未更新，跳过解析（无需追踪）
[2026-08-06 17:46:59] [W-9] 🔧 开始处理 [fork1] davidchim/proxypool
[2026-08-06 17:46:59] [W-9] [fork1] 仓库 https://github.com/davidchim/proxypool (分支: main, size: 50671KB, pushed: 2026-08-06T07:25:06Z)
[2026-08-06 17:46:59] [W-8] 🔧 开始处理 [fork1] ph41re/proxypool
[2026-08-06 17:46:59] [W-8] ⏭️ [fork1] 仓库 https://github.com/ph41re/proxypool 8109h 未更新，跳过解析（无需追踪）
[2026-08-06 17:46:59] [W-8] ✅ 完成 [fork1] ph41re/proxypool | 提取 0 | 新增 0 | 耗时 0s | 配额 4788/4800 09:46UTC | 主队列 14/200 发现队列 29/20000 [[fork1]:29]
[2026-08-06 17:46:59] [W-11] 🔧 开始处理 [fork1] yangliu173/proxypool
[2026-08-06 17:46:59] [W-11] ⏭️ [fork1] 仓库 https://github.com/yangliu173/proxypool 4923h 未更新，跳过解析（无需追踪）
[2026-08-06 17:46:59] [W-15] 🔧 开始处理 [fork1] asdlokj1qpi23/proxypool-1
[2026-08-06 17:46:59] [W-15] ⏭️ [fork1] 仓库 https://github.com/asdlokj1qpi23/proxypool-1 26576h 未更新，跳过解析（无需追踪）
[2026-08-06 17:46:59] [W-10] 🔧 开始处理 [fork1] wuxinqi/proxypool
[2026-08-06 17:46:59] [W-10] ⏭️ [fork1] 仓库 https://github.com/wuxinqi/proxypool 26200h 未更新，跳过解析（无需追踪）
[2026-08-06 17:46:59] [W-12] 🔧 开始处理 [fork1] BARRYJSW/proxypool
[2026-08-06 17:46:59] [W-12] ⏭️ [fork1] 仓库 https://github.com/BARRYJSW/proxypool 25852h 未更新，跳过解析（无需追踪）
[2026-08-06 17:46:59] [W-14] 🔧 开始处理 [fork1] dongfangy2011/proxypool
[2026-08-06 17:46:59] [W-14] ⏭️ [fork1] 仓库 https://github.com/dongfangy2011/proxypool 21412h 未更新，跳过解析（无需追踪）
[2026-08-06 17:46:59] [W-18] 🔧 开始处理 [fork1] anjue39/proxypoollll
[2026-08-06 17:46:59] [W-18] ⏭️ [fork1] 仓库 https://github.com/anjue39/proxypoollll 25324h 未更新，跳过解析（无需追踪）
[2026-08-06 17:46:59] [W-4] 🔧 开始处理 [fork1] ace0000011/proxypool
[2026-08-06 17:46:59] [W-4] ⏭️ [fork1] 仓库 https://github.com/ace0000011/proxypool 25270h 未更新，跳过解析（无需追踪）
[2026-08-06 17:46:59] [W-5] 🔧 开始处理 [fork1] ningye2012/proxypool
[2026-08-06 17:46:59] [W-5] ⏭️ [fork1] 仓库 https://github.com/ningye2012/proxypool 25220h 未更新，跳过解析（无需追踪）
[2026-08-06 17:46:59] [W-19] 🔧 开始处理 [fork1] yusipu2/proxypool
[2026-08-06 17:46:59] [W-19] ⏭️ [fork1] 仓库 https://github.com/yusipu2/proxypool 25192h 未更新，跳过解析（无需追踪）
[2026-08-06 17:46:59] [W-22] 🔧 开始处理 [fork1] iii80/proxy-pool
[2026-08-06 17:46:59] [W-22] ⏭️ [fork1] 仓库 https://github.com/iii80/proxy-pool 25010h 未更新，跳过解析（无需追踪）
[2026-08-06 17:46:59] [W-16] 🔧 开始处理 [fork1] hjchjchjc4352/proxypool
[2026-08-06 17:46:59] [W-16] ⏭️ [fork1] 仓库 https://github.com/hjchjchjc4352/proxypool 22419h 未更新，跳过解析（无需追踪）
[2026-08-06 17:46:59] [W-23] 🔧 开始处理 [fork1] flyarong/proxypool-clashv2ray-freenode
[2026-08-06 17:46:59] [W-23] ⏭️ [fork1] 仓库 https://github.com/flyarong/proxypool-clashv2ray-freenode 24414h 未更新，跳过解析（无需追踪）
[2026-08-06 17:46:59] [W-20] 🔧 开始处理 [fork1] youyashuai/proxypools
[2026-08-06 17:46:59] [W-20] ⏭️ [fork1] 仓库 https://github.com/youyashuai/proxypools 24318h 未更新，跳过解析（无需追踪）
[2026-08-06 17:46:59] [W-6] ✅ 完成 [fork1] baipengyan/proxypool | 提取 0 | 新增 0 | 耗时 0s | 配额 4788/4800 09:46UTC | 主队列 14/200 发现队列 17/20000 [[fork1]:34]
[2026-08-06 17:46:59] [W-7] ✅ 完成 [fork1] hzjnet/proxypool-from-snakem982 | 提取 0 | 新增 0 | 耗时 0s | 配额 4788/4800 09:46UTC | 主队列 14/200 发现队列 17/20000 [[fork1]:33]
[2026-08-06 17:46:59] [W-3] ✅ 完成 [fork1] xzg268/proxypool | 提取 0 | 新增 0 | 耗时 0s | 配额 4788/4800 09:46UTC | 主队列 14/200 发现队列 17/20000 [[fork1]:32]
[2026-08-06 17:46:59] [W-2] ✅ 完成 [fork1] aqjiuweng/proxypool | 提取 0 | 新增 0 | 耗时 0s | 配额 4788/4800 09:46UTC | 主队列 14/200 发现队列 17/20000 [[fork1]:31]
[2026-08-06 17:46:59] [W-13] 🔧 开始处理 [fork1] hoheiya9527/clash-proxypool
[2026-08-06 17:46:59] [W-13] ⏭️ [fork1] 仓库 https://github.com/hoheiya9527/clash-proxypool 14697h 未更新，跳过解析（无需追踪）
[2026-08-06 17:46:59] [W-11] ✅ 完成 [fork1] yangliu173/proxypool | 提取 0 | 新增 0 | 耗时 0s | 配额 4788/4800 09:46UTC | 主队列 14/200 发现队列 16/20000 [[fork1]:28]
[2026-08-06 17:46:59] [W-11] 🔧 开始处理 [fork1] issakk/proxypool1
[2026-08-06 17:46:59] [W-11] ⏭️ [fork1] 仓库 https://github.com/issakk/proxypool1 23860h 未更新，跳过解析（无需追踪）
[2026-08-06 17:47:00] [W-21] 仓库 https://github.com/githubwubian/proxypool 无候选文件 (总计 6 blob, 扩展名过滤 0, processed_shas 跳过 0, SHA 缓存跳过 6)
[2026-08-06 17:47:00] [W-10] ✅ 完成 [fork1] wuxinqi/proxypool | 提取 0 | 新增 0 | 耗时 0s | 配额 4788/4800 09:46UTC | 主队列 14/200 发现队列 15/20000 [[fork1]:26]
[2026-08-06 17:47:00] [W-14] ✅ 完成 [fork1] dongfangy2011/proxypool | 提取 0 | 新增 0 | 耗时 0s | 配额 4788/4800 09:46UTC | 主队列 14/200 发现队列 15/20000 [[fork1]:24]
[2026-08-06 17:47:00] [W-18] ✅ 完成 [fork1] anjue39/proxypoollll | 提取 0 | 新增 0 | 耗时 0s | 配额 4788/4800 09:46UTC | 主队列 14/200 发现队列 15/20000 [[fork1]:23]
[2026-08-06 17:47:00] [W-4] ✅ 完成 [fork1] ace0000011/proxypool | 提取 0 | 新增 0 | 耗时 0s | 配额 4788/4800 09:46UTC | 主队列 14/200 发现队列 15/20000 [[fork1]:22]
[2026-08-06 17:47:00] [W-5] ✅ 完成 [fork1] ningye2012/proxypool | 提取 0 | 新增 0 | 耗时 0s | 配额 4788/4800 09:46UTC | 主队列 14/200 发现队列 15/20000 [[fork1]:21]
[2026-08-06 17:47:00] [W-19] ✅ 完成 [fork1] yusipu2/proxypool | 提取 0 | 新增 0 | 耗时 0s | 配额 4788/4800 09:46UTC | 主队列 14/200 发现队列 15/20000 [[fork1]:20]
[2026-08-06 17:47:00] [W-22] ✅ 完成 [fork1] iii80/proxy-pool | 提取 0 | 新增 0 | 耗时 0s | 配额 4788/4800 09:46UTC | 主队列 14/200 发现队列 15/20000 [[fork1]:19]
[2026-08-06 17:47:00] [W-16] ✅ 完成 [fork1] hjchjchjc4352/proxypool | 提取 0 | 新增 0 | 耗时 0s | 配额 4788/4800 09:46UTC | 主队列 14/200 发现队列 15/20000 [[fork1]:18]
[2026-08-06 17:47:00] [W-9] 仓库 https://github.com/davidchim/proxypool 无候选文件 (总计 6 blob, 扩展名过滤 0, processed_shas 跳过 0, SHA 缓存跳过 6)
[2026-08-06 17:47:00] [W-23] ✅ 完成 [fork1] flyarong/proxypool-clashv2ray-freenode | 提取 0 | 新增 0 | 耗时 0s | 配额 4788/4800 09:46UTC | 主队列 14/200 发现队列 15/20000 [[fork1]:17]
[2026-08-06 17:47:00] [W-20] ✅ 完成 [fork1] youyashuai/proxypools | 提取 0 | 新增 0 | 耗时 0s | 配额 4788/4800 09:46UTC | 主队列 14/200 发现队列 15/20000 [[fork1]:16]
[2026-08-06 17:47:00] [W-17] ✅ 完成 [fork1] yirenchengfeng/proxypool | 提取 0 | 新增 0 | 耗时 0s | 配额 4788/4800 09:46UTC | 主队列 14/200 发现队列 15/20000 [[fork1]:35]
[2026-08-06 17:47:00] [W-6] 🔧 开始处理 [fork1] aifreevpn/proxypool
[2026-08-06 17:47:00] [W-6] ⏭️ [fork1] 仓库 https://github.com/aifreevpn/proxypool 23618h 未更新，跳过解析（无需追踪）
[2026-08-06 17:47:00] [W-3] 🔧 开始处理 [fork1] ttzhenhao/-proxypool
[2026-08-06 17:47:00] [W-3] ⏭️ [fork1] 仓库 https://github.com/ttzhenhao/-proxypool 23512h 未更新，跳过解析（无需追踪）
[2026-08-06 17:47:00] [W-8] 🔧 开始处理 [fork1] NuoL5623/proxypool
[2026-08-06 17:47:00] [W-8] ⏭️ [fork1] 仓库 https://github.com/NuoL5623/proxypool 22735h 未更新，跳过解析（无需追踪）
[2026-08-06 17:47:00] [W-13] ✅ 完成 [fork1] hoheiya9527/clash-proxypool | 提取 0 | 新增 0 | 耗时 0s | 配额 4788/4800 09:46UTC | 主队列 14/200 发现队列 12/20000 [[fork1]:16]
[2026-08-06 17:47:00] [W-12] ✅ 完成 [fork1] BARRYJSW/proxypool | 提取 0 | 新增 0 | 耗时 0s | 配额 4788/4800 09:46UTC | 主队列 14/200 发现队列 12/20000 [[fork1]:25]
[2026-08-06 17:47:00] [W-11] ✅ 完成 [fork1] issakk/proxypool1 | 提取 0 | 新增 0 | 耗时 0s | 配额 4788/4800 09:46UTC | 主队列 14/200 发现队列 12/20000 [[fork1]:15]
[2026-08-06 17:47:00] [W-15] ✅ 完成 [fork1] asdlokj1qpi23/proxypool-1 | 提取 0 | 新增 0 | 耗时 0s | 配额 4788/4800 09:46UTC | 主队列 14/200 发现队列 12/20000 [[fork1]:27]
[2026-08-06 17:47:00] [W-21] ✅ 完成 [fork1] githubwubian/proxypool | 提取 0 | 新增 0 | 耗时 0s | 配额 4787/4800 09:47UTC | 主队列 14/200 发现队列 12/20000 [[fork1]:15]
[2026-08-06 17:47:00] [W-10] 🔧 开始处理 [fork1] Lv-Yi/proxypool
[2026-08-06 17:47:00] [W-10] ⏭️ [fork1] 仓库 https://github.com/Lv-Yi/proxypool 23280h 未更新，跳过解析（无需追踪）
[2026-08-06 17:47:00] [W-18] 🔧 开始处理 [fork1] Gmotoi/proxypool
[2026-08-06 17:47:00] [W-18] ⏭️ [fork1] 仓库 https://github.com/Gmotoi/proxypool 22975h 未更新，跳过解析（无需追踪）
[2026-08-06 17:47:00] [W-5] 🔧 开始处理 [fork1] ttbuqi/pool
[2026-08-06 17:47:00] [W-5] ⏭️ [fork1] 仓库 https://github.com/ttbuqi/pool 22988h 未更新，跳过解析（无需追踪）
[2026-08-06 17:47:00] [W-9] ✅ 完成 [fork1] davidchim/proxypool | 提取 0 | 新增 0 | 耗时 0s | 配额 4786/4800 09:47UTC | 主队列 14/200 发现队列 9/20000 [[fork1]:15]
[2026-08-06 17:47:00] [W-23] 🔧 开始处理 [fork1] sparkyangglory/proxypool-
[2026-08-06 17:47:00] [W-23] ⏭️ [fork1] 仓库 https://github.com/sparkyangglory/proxypool- 22846h 未更新，跳过解析（无需追踪）
[2026-08-06 17:47:00] [W-17] 🔧 开始处理 [fork1] shipeng101/proxypool2
[2026-08-06 17:47:00] [W-17] ⏭️ [fork1] 仓库 https://github.com/shipeng101/proxypool2 22658h 未更新，跳过解析（无需追踪）
[2026-08-06 17:47:00] [W-7] 🔧 开始处理 [fork1] zhbjzhql1/proxypool
[2026-08-06 17:47:00] [W-7] ⏭️ [fork1] 仓库 https://github.com/zhbjzhql1/proxypool 22630h 未更新，跳过解析（无需追踪）
[2026-08-06 17:47:00] [W-6] ✅ 完成 [fork1] aifreevpn/proxypool | 提取 0 | 新增 0 | 耗时 0s | 配额 4786/4800 09:47UTC | 主队列 14/200 发现队列 6/20000 [[fork1]:14]
[2026-08-06 17:47:00] [W-3] ✅ 完成 [fork1] ttzhenhao/-proxypool | 提取 0 | 新增 0 | 耗时 0s | 配额 4786/4800 09:47UTC | 主队列 14/200 发现队列 6/20000 [[fork1]:13]
[2026-08-06 17:47:00] [W-8] ✅ 完成 [fork1] NuoL5623/proxypool | 提取 0 | 新增 0 | 耗时 0s | 配额 4786/4800 09:47UTC | 主队列 14/200 发现队列 6/20000 [[fork1]:12]
[2026-08-06 17:47:00] [W-13] 🔧 开始处理 [fork1] ARPHS/proxypool
[2026-08-06 17:47:00] [W-13] ⏭️ [fork1] 仓库 https://github.com/ARPHS/proxypool 22568h 未更新，跳过解析（无需追踪）
[2026-08-06 17:47:00] [W-15] 🔧 开始处理 [fork1] ellondoa/snakem982-proxypool
[2026-08-06 17:47:00] [W-15] ⏭️ [fork1] 仓库 https://github.com/ellondoa/snakem982-proxypool 21572h 未更新，跳过解析（无需追踪）
[2026-08-06 17:47:00] [W-21] 🔧 开始处理 [fork1] dingchundong/proxypool
[2026-08-06 17:47:00] [W-21] ⏭️ [fork1] 仓库 https://github.com/dingchundong/proxypool 22419h 未更新，跳过解析（无需追踪）
[2026-08-06 17:47:00] [W-14] 🔧 开始处理 [fork1] bjxdqs/proxypool
[2026-08-06 17:47:00] [W-14] ⏭️ [fork1] 仓库 https://github.com/bjxdqs/proxypool 16536h 未更新，跳过解析（无需追踪）
[2026-08-06 17:47:00] [W-18] ✅ 完成 [fork1] Gmotoi/proxypool | 提取 0 | 新增 0 | 耗时 0s | 配额 4786/4800 09:47UTC | 主队列 15/200 发现队列 2/20000 [[fork1]:10]
[2026-08-06 17:47:00] [W-18] 🔧 开始处理 [fork1] zyjia/proxypool
[2026-08-06 17:47:00] [W-18] ⏭️ [fork1] 仓库 https://github.com/zyjia/proxypool 12536h 未更新，跳过解析（无需追踪）
[2026-08-06 17:47:00] [W-22] 🔧 开始处理 [fork1] usinmine/proxypool
[2026-08-06 17:47:00] [W-22] ⏭️ [fork1] 仓库 https://github.com/usinmine/proxypool 22014h 未更新，跳过解析（无需追踪）
[2026-08-06 17:47:00] [W-23] ✅ 完成 [fork1] sparkyangglory/proxypool- | 提取 0 | 新增 0 | 耗时 0s | 配额 4786/4800 09:47UTC | 主队列 15/200 发现队列 0/20000 [[fork1]:8]
[2026-08-06 17:47:00] [W-17] ✅ 完成 [fork1] shipeng101/proxypool2 | 提取 0 | 新增 0 | 耗时 0s | 配额 4786/4800 09:47UTC | 主队列 15/200 发现队列 1/20000 [[fork1]:7]
[2026-08-06 17:47:00] [W-7] ✅ 完成 [fork1] zhbjzhql1/proxypool | 提取 0 | 新增 0 | 耗时 0s | 配额 4786/4800 09:47UTC | 主队列 15/200 发现队列 1/20000 [[fork1]:6]
[2026-08-06 17:47:00] [W-6] 🔧 开始处理 [fork1] xingkexian/proxypool
[2026-08-06 17:47:00] [W-6] ⏭️ [fork1] 仓库 https://github.com/xingkexian/proxypool 21931h 未更新，跳过解析（无需追踪）
[2026-08-06 17:47:00] [种子] 🔵 [种子 17/634] mahdibland/SSAggregator | 配额 4786/4800 09:47UTC | 主队列 15/200 发现队列 0/20000 [[fork1]:12]
[2026-08-06 17:47:00] [W-10] ✅ 完成 [fork1] Lv-Yi/proxypool | 提取 0 | 新增 0 | 耗时 0s | 配额 4786/4800 09:47UTC | 主队列 15/200 发现队列 0/20000 [[fork1]:11]
[2026-08-06 17:47:00] [W-21] ✅ 完成 [fork1] dingchundong/proxypool | 提取 0 | 新增 0 | 耗时 0s | 配额 4786/4800 09:47UTC | 主队列 15/200 发现队列 0/20000 [[fork1]:3]
[2026-08-06 17:47:00] [W-22] ✅ 完成 [fork1] usinmine/proxypool | 提取 0 | 新增 0 | 耗时 0s | 配额 4786/4800 09:47UTC | 主队列 15/200 发现队列 0/20000 [空]
[2026-08-06 17:47:00] [W-13] ✅ 完成 [fork1] ARPHS/proxypool | 提取 0 | 新增 0 | 耗时 0s | 配额 4786/4800 09:47UTC | 主队列 15/200 发现队列 0/20000 [[fork1]:5]
[2026-08-06 17:47:00] [W-14] ✅ 完成 [fork1] bjxdqs/proxypool | 提取 0 | 新增 0 | 耗时 0s | 配额 4786/4800 09:47UTC | 主队列 15/200 发现队列 0/20000 [[fork1]:2]
[2026-08-06 17:47:00] [W-5] ✅ 完成 [fork1] ttbuqi/pool | 提取 0 | 新增 0 | 耗时 0s | 配额 4786/4800 09:47UTC | 主队列 15/200 发现队列 0/20000 [[fork1]:9]
[2026-08-06 17:47:00] [W-18] ✅ 完成 [fork1] zyjia/proxypool | 提取 0 | 新增 0 | 耗时 0s | 配额 4786/4800 09:47UTC | 主队列 15/200 发现队列 0/20000 [[fork1]:1]
[2026-08-06 17:47:00] [W-6] ✅ 完成 [fork1] xingkexian/proxypool | 提取 0 | 新增 0 | 耗时 0s | 配额 4786/4800 09:47UTC | 主队列 15/200 发现队列 0/20000 [空]
[2026-08-06 17:47:00] [W-0] 🌱 加入种子: Epodonios/v2ray-configs (+3365 节点)
[2026-08-06 17:47:00] [W-0]   父仓库 +3365 个节点
[2026-08-06 17:47:00] [W-15] ✅ 完成 [fork1] ellondoa/snakem982-proxypool | 提取 0 | 新增 0 | 耗时 0s | 配额 4786/4800 09:47UTC | 主队列 15/200 发现队列 0/20000 [[fork1]:4]
[2026-08-06 17:47:00] [W-7] 🔧 开始处理 [fork1] changeng2006/proxypool-list
[2026-08-06 17:47:00] [W-7] ⏭️ [fork1] 仓库 https://github.com/changeng2006/proxypool-list 21666h 未更新，跳过解析（无需追踪）
[2026-08-06 17:47:00] [W-7] ✅ 完成 [fork1] changeng2006/proxypool-list | 提取 0 | 新增 0 | 耗时 0s | 配额 4786/4800 09:47UTC | 主队列 15/200 发现队列 1/20000 [空]
[2026-08-06 17:47:00] [W-21] 🔧 开始处理 [fork1] lblwb/proxypool
[2026-08-06 17:47:00] [W-21] ⏭️ [fork1] 仓库 https://github.com/lblwb/proxypool 21595h 未更新，跳过解析（无需追踪）
[2026-08-06 17:47:00] [W-8] 🔧 开始处理 [fork1] mengxianbo/proxypool
[2026-08-06 17:47:00] [W-8] ⏭️ [fork1] 仓库 https://github.com/mengxianbo/proxypool 20594h 未更新，跳过解析（无需追踪）
[2026-08-06 17:47:00] [W-21] ✅ 完成 [fork1] lblwb/proxypool | 提取 0 | 新增 0 | 耗时 0s | 配额 4786/4800 09:47UTC | 主队列 15/200 发现队列 0/20000 [空]
[2026-08-06 17:47:00] [W-8] ✅ 完成 [fork1] mengxianbo/proxypool | 提取 0 | 新增 0 | 耗时 0s | 配额 4786/4800 09:47UTC | 主队列 15/200 发现队列 0/20000 [空]
[2026-08-06 17:47:00] [W-8] 🔧 开始处理 [fork1] storevpsnet/proxypool
[2026-08-06 17:47:00] [W-8] ⏭️ [fork1] 仓库 https://github.com/storevpsnet/proxypool 20336h 未更新，跳过解析（无需追踪）
[2026-08-06 17:47:00] [W-8] ✅ 完成 [fork1] storevpsnet/proxypool | 提取 0 | 新增 0 | 耗时 0s | 配额 4786/4800 09:47UTC | 主队列 15/200 发现队列 0/20000 [空]
[2026-08-06 17:47:00] [W-1]   🍴 兄弟仓库: 80 个 → 主队列 15/200 发现队列 37/20000 [[fork1]:37]
[2026-08-06 17:47:00] [W-1] 👤 [种子仓库] 遍历用户仓库: wang1680
[2026-08-06 17:47:00] [W-17] 🔧 开始处理 [fork1] Li1398211077/proxypool
[2026-08-06 17:47:00] [W-17] ⏭️ [fork1] 仓库 https://github.com/Li1398211077/proxypool 20289h 未更新，跳过解析（无需追踪）
[2026-08-06 17:47:00] [W-8] 🔧 开始处理 [fork1] GOD-XINGCHEN/proxypool
[2026-08-06 17:47:00] [W-8] ⏭️ [fork1] 仓库 https://github.com/GOD-XINGCHEN/proxypool 20191h 未更新，跳过解析（无需追踪）
[2026-08-06 17:47:00] [W-13] 🔧 开始处理 [fork1] fenzaiway/proxypool_new
[2026-08-06 17:47:00] [W-13] ⏭️ [fork1] 仓库 https://github.com/fenzaiway/proxypool_new 20094h 未更新，跳过解析（无需追踪）
[2026-08-06 17:47:00] [W-17] ✅ 完成 [fork1] Li1398211077/proxypool | 提取 0 | 新增 0 | 耗时 0s | 配额 4786/4800 09:47UTC | 主队列 15/200 发现队列 34/20000 [[fork1]:36]
[2026-08-06 17:47:00] [W-17] 🔧 开始处理 [fork1] lanmeng521ly/proxypool
[2026-08-06 17:47:00] [W-17] ⏭️ [fork1] 仓库 https://github.com/lanmeng521ly/proxypool 20094h 未更新，跳过解析（无需追踪）
[2026-08-06 17:47:00] [W-2] 🔧 开始处理 [fork1] wqs8050080/proxypool
[2026-08-06 17:47:00] [W-2] ⏭️ [fork1] 仓库 https://github.com/wqs8050080/proxypool 19594h 未更新，跳过解析（无需追踪）
[2026-08-06 17:47:00] [W-11] 🔧 开始处理 [fork1] AkrielMrong/proxypool
[2026-08-06 17:47:00] [W-11] ⏭️ [fork1] 仓库 https://github.com/AkrielMrong/proxypool 19585h 未更新，跳过解析（无需追踪）
[2026-08-06 17:47:00] [W-10] 🔧 开始处理 [fork1] limintara/-proxypool
[2026-08-06 17:47:00] [W-10] ⏭️ [fork1] 仓库 https://github.com/limintara/-proxypool 17588h 未更新，跳过解析（无需追踪）
[2026-08-06 17:47:00] [W-18] 🔧 开始处理 [fork1] riverli01/proxypool
[2026-08-06 17:47:00] [W-18] ⏭️ [fork1] 仓库 https://github.com/riverli01/proxypool 19159h 未更新，跳过解析（无需追踪）
[2026-08-06 17:47:00] [W-23] 🔧 开始处理 [fork1] qiubei000/proxypool
[2026-08-06 17:47:00] [W-23] ⏭️ [fork1] 仓库 https://github.com/qiubei000/proxypool 18264h 未更新，跳过解析（无需追踪）
[2026-08-06 17:47:00] [W-6] 🔧 开始处理 [fork1] shanddl/proxypool
[2026-08-06 17:47:00] [W-6] ⏭️ [fork1] 仓库 https://github.com/shanddl/proxypool 15452h 未更新，跳过解析（无需追踪）
[2026-08-06 17:47:00] [W-9] 🔧 开始处理 [fork1] charliechenlie/proxypool
[2026-08-06 17:47:00] [W-9] ⏭️ [fork1] 仓库 https://github.com/charliechenlie/proxypool 18244h 未更新，跳过解析（无需追踪）
[2026-08-06 17:47:00] [W-15] 🔧 开始处理 [fork1] sxfsq/proxypool-snakem982
[2026-08-06 17:47:00] [W-15] ⏭️ [fork1] 仓库 https://github.com/sxfsq/proxypool-snakem982 17791h 未更新，跳过解析（无需追踪）
[2026-08-06 17:47:00] [W-5] 🔧 开始处理 [fork1] QQ248411282/proxypool
[2026-08-06 17:47:00] [W-5] ⏭️ [fork1] 仓库 https://github.com/QQ248411282/proxypool 17791h 未更新，跳过解析（无需追踪）
[2026-08-06 17:47:00] [W-16] 🔧 开始处理 [fork1] techblack/proxypool
[2026-08-06 17:47:00] [W-16] ⏭️ [fork1] 仓库 https://github.com/techblack/proxypool 16834h 未更新，跳过解析（无需追踪）
[2026-08-06 17:47:00] [W-12] 🔧 开始处理 [fork1] Emilia-ab1/proxypool
[2026-08-06 17:47:00] [W-12] ⏭️ [fork1] 仓库 https://github.com/Emilia-ab1/proxypool 16823h 未更新，跳过解析（无需追踪）
[2026-08-06 17:47:00] [W-12] ✅ 完成 [fork1] Emilia-ab1/proxypool | 提取 0 | 新增 0 | 耗时 0s | 配额 4786/4800 09:47UTC | 主队列 15/200 发现队列 22/20000 [[fork1]:22]
[2026-08-06 17:47:00] [W-19] 🔧 开始处理 [fork1] yxcqr/proxypool
[2026-08-06 17:47:00] [W-19] ⏭️ [fork1] 仓库 https://github.com/yxcqr/proxypool 16523h 未更新，跳过解析（无需追踪）
[2026-08-06 17:47:00] [W-21] 🔧 开始处理 [fork1] XSVPN/proxypool
[2026-08-06 17:47:00] [W-21] ⏭️ [fork1] 仓库 https://github.com/XSVPN/proxypool 16523h 未更新，跳过解析（无需追踪）
[2026-08-06 17:47:00] [W-21] ✅ 完成 [fork1] XSVPN/proxypool | 提取 0 | 新增 0 | 耗时 0s | 配额 4786/4800 09:47UTC | 主队列 15/200 发现队列 20/20000 [[fork1]:20]
[2026-08-06 17:47:00] [W-20] 🔧 开始处理 [fork1] littlezo/proxypool
[2026-08-06 17:47:00] [W-20] ⏭️ [fork1] 仓库 https://github.com/littlezo/proxypool 16247h 未更新，跳过解析（无需追踪）
[2026-08-06 17:47:00] [W-8] ✅ 完成 [fork1] GOD-XINGCHEN/proxypool | 提取 0 | 新增 0 | 耗时 0s | 配额 4786/4800 09:47UTC | 主队列 15/200 发现队列 19/20000 [[fork1]:35]
[2026-08-06 17:47:00] [W-13] ✅ 完成 [fork1] fenzaiway/proxypool_new | 提取 0 | 新增 0 | 耗时 0s | 配额 4786/4800 09:47UTC | 主队列 15/200 发现队列 19/20000 [[fork1]:34]
[2026-08-06 17:47:00] [W-4] 🔧 开始处理 [fork1] changsongyang/proxypools
[2026-08-06 17:47:00] [W-4] ⏭️ [fork1] 仓库 https://github.com/changsongyang/proxypools 576h 未更新，跳过解析（无需追踪）
[2026-08-06 17:47:00] [W-3] 🔧 开始处理 [fork1] guosongjun/proxypool
[2026-08-06 17:47:00] [W-3] ⏭️ [fork1] 仓库 https://github.com/guosongjun/proxypool 15682h 未更新，跳过解析（无需追踪）
[2026-08-06 17:47:00] [W-22] 🔧 开始处理 [fork1] nuowoo/proxypool
[2026-08-06 17:47:00] [W-22] ⏭️ [fork1] 仓库 https://github.com/nuowoo/proxypool 15561h 未更新，跳过解析（无需追踪）
[2026-08-06 17:47:00] [W-17] ✅ 完成 [fork1] lanmeng521ly/proxypool | 提取 0 | 新增 0 | 耗时 0s | 配额 4786/4800 09:47UTC | 主队列 15/200 发现队列 16/20000 [[fork1]:33]
[2026-08-06 17:47:00] [W-17] 🔧 开始处理 [fork1] 0xlol-dev/proxypool
[2026-08-06 17:47:00] [W-17] ⏭️ [fork1] 仓库 https://github.com/0xlol-dev/proxypool 15393h 未更新，跳过解析（无需追踪）
[2026-08-06 17:47:00] [W-11] ✅ 完成 [fork1] AkrielMrong/proxypool | 提取 0 | 新增 0 | 耗时 0s | 配额 4786/4800 09:47UTC | 主队列 15/200 发现队列 15/20000 [[fork1]:31]
[2026-08-06 17:47:00] [W-18] ✅ 完成 [fork1] riverli01/proxypool | 提取 0 | 新增 0 | 耗时 0s | 配额 4786/4800 09:47UTC | 主队列 15/200 发现队列 15/20000 [[fork1]:29]
[2026-08-06 17:47:00] [W-18] 🔧 开始处理 [fork1] CyrusTheV/proxypool
[2026-08-06 17:47:00] [W-18] ⏭️ [fork1] 仓库 https://github.com/CyrusTheV/proxypool 15381h 未更新，跳过解析（无需追踪）
[2026-08-06 17:47:00] [W-6] ✅ 完成 [fork1] shanddl/proxypool | 提取 0 | 新增 0 | 耗时 0s | 配额 4786/4800 09:47UTC | 主队列 15/200 发现队列 14/20000 [[fork1]:26]
[2026-08-06 17:47:00] [W-15] ✅ 完成 [fork1] sxfsq/proxypool-snakem982 | 提取 0 | 新增 0 | 耗时 0s | 配额 4786/4800 09:47UTC | 主队列 15/200 发现队列 14/20000 [[fork1]:25]
[2026-08-06 17:47:00] [W-5] ✅ 完成 [fork1] QQ248411282/proxypool | 提取 0 | 新增 0 | 耗时 0s | 配额 4786/4800 09:47UTC | 主队列 15/200 发现队列 14/20000 [[fork1]:24]
[2026-08-06 17:47:00] [W-16] ✅ 完成 [fork1] techblack/proxypool | 提取 0 | 新增 0 | 耗时 0s | 配额 4786/4800 09:47UTC | 主队列 15/200 发现队列 14/20000 [[fork1]:23]
[2026-08-06 17:47:00] [W-12] 🔧 开始处理 [fork1] hkwpc/kszd13
[2026-08-06 17:47:00] [W-12] ⏭️ [fork1] 仓库 https://github.com/hkwpc/kszd13 14335h 未更新，跳过解析（无需追踪）
[2026-08-06 17:47:00] [W-19] ✅ 完成 [fork1] yxcqr/proxypool | 提取 0 | 新增 0 | 耗时 0s | 配额 4786/4800 09:47UTC | 主队列 15/200 发现队列 13/20000 [[fork1]:21]
[2026-08-06 17:47:00] [W-21] 🔧 开始处理 [fork1] okok2024/proxypool
[2026-08-06 17:47:00] [W-21] ⏭️ [fork1] 仓库 https://github.com/okok2024/proxypool 13699h 未更新，跳过解析（无需追踪）
[2026-08-06 17:47:00] [W-20] ✅ 完成 [fork1] littlezo/proxypool | 提取 0 | 新增 0 | 耗时 0s | 配额 4786/4800 09:47UTC | 主队列 15/200 发现队列 12/20000 [[fork1]:19]
[2026-08-06 17:47:00] [W-8] 🔧 开始处理 [fork1] xiguangking/proxypool
[2026-08-06 17:47:00] [W-8] ⏭️ [fork1] 仓库 https://github.com/xiguangking/proxypool 14421h 未更新，跳过解析（无需追踪）
[2026-08-06 17:47:00] [W-8] ✅ 完成 [fork1] xiguangking/proxypool | 提取 0 | 新增 0 | 耗时 0s | 配额 4786/4800 09:47UTC | 主队列 15/200 发现队列 11/20000 [[fork1]:11]
[2026-08-06 17:47:00] [W-3] ✅ 完成 [fork1] guosongjun/proxypool | 提取 0 | 新增 0 | 耗时 0s | 配额 4786/4800 09:47UTC | 主队列 15/200 发现队列 11/20000 [[fork1]:17]
[2026-08-06 17:47:00] [W-22] ✅ 完成 [fork1] nuowoo/proxypool | 提取 0 | 新增 0 | 耗时 0s | 配额 4786/4800 09:47UTC | 主队列 15/200 发现队列 11/20000 [[fork1]:16]
[2026-08-06 17:47:00] [W-22] 🔧 开始处理 [fork1] unrivalled88888/proxypool
[2026-08-06 17:47:00] [W-22] ⏭️ [fork1] 仓库 https://github.com/unrivalled88888/proxypool 10233h 未更新，跳过解析（无需追踪）
[2026-08-06 17:47:00] [W-17] ✅ 完成 [fork1] 0xlol-dev/proxypool | 提取 0 | 新增 0 | 耗时 0s | 配额 4786/4800 09:47UTC | 主队列 15/200 发现队列 10/20000 [[fork1]:15]
[2026-08-06 17:47:00] [W-11] 🔧 开始处理 [fork1] richard10129/proxypool
[2026-08-06 17:47:00] [W-11] ⏭️ [fork1] 仓库 https://github.com/richard10129/proxypool 14068h 未更新，跳过解析（无需追踪）
[2026-08-06 17:47:00] [W-23] ✅ 完成 [fork1] qiubei000/proxypool | 提取 0 | 新增 0 | 耗时 0s | 配额 4786/4800 09:47UTC | 主队列 15/200 发现队列 9/20000 [[fork1]:28]
[2026-08-06 17:47:00] [W-18] ✅ 完成 [fork1] CyrusTheV/proxypool | 提取 0 | 新增 0 | 耗时 0s | 配额 4786/4800 09:47UTC | 主队列 15/200 发现队列 9/20000 [[fork1]:14]
[2026-08-06 17:47:00] [W-15] 🔧 开始处理 [fork1] TristanHoward/ProxyPool
[2026-08-06 17:47:00] [W-15] ⏭️ [fork1] 仓库 https://github.com/TristanHoward/ProxyPool 14025h 未更新，跳过解析（无需追踪）
[2026-08-06 17:47:00] [W-16] 🔧 开始处理 [fork1] linbmv/proxypool
[2026-08-06 17:47:00] [W-16] ⏭️ [fork1] 仓库 https://github.com/linbmv/proxypool 14020h 未更新，跳过解析（无需追踪）
[2026-08-06 17:47:00] [W-12] ✅ 完成 [fork1] hkwpc/kszd13 | 提取 0 | 新增 0 | 耗时 0s | 配额 4786/4800 09:47UTC | 主队列 15/200 发现队列 7/20000 [[fork1]:13]
[2026-08-06 17:47:00] [W-19] 🔧 开始处理 [fork1] PouletBenson/proxypool
[2026-08-06 17:47:00] [W-19] ⏭️ [fork1] 仓库 https://github.com/PouletBenson/proxypool 14013h 未更新，跳过解析（无需追踪）
[2026-08-06 17:47:00] [W-19] ✅ 完成 [fork1] PouletBenson/proxypool | 提取 0 | 新增 0 | 耗时 0s | 配额 4786/4800 09:47UTC | 主队列 15/200 发现队列 6/20000 [[fork1]:6]
[2026-08-06 17:47:00] [W-13] 🔧 开始处理 [fork1] wgdute/proxypool
[2026-08-06 17:47:00] [W-13] ⏭️ [fork1] 仓库 https://github.com/wgdute/proxypool 13864h 未更新，跳过解析（无需追踪）
[2026-08-06 17:47:00] [W-3] 🔧 开始处理 [fork1] oneperfect01/proxypool
[2026-08-06 17:47:00] [W-3] ⏭️ [fork1] 仓库 https://github.com/oneperfect01/proxypool 11478h 未更新，跳过解析（无需追踪）
[2026-08-06 17:47:00] [W-2] ✅ 完成 [fork1] wqs8050080/proxypool | 提取 0 | 新增 0 | 耗时 0s | 配额 4786/4800 09:47UTC | 主队列 15/200 发现队列 4/20000 [[fork1]:32]
[2026-08-06 17:47:00] [W-22] ✅ 完成 [fork1] unrivalled88888/proxypool | 提取 0 | 新增 0 | 耗时 0s | 配额 4786/4800 09:47UTC | 主队列 15/200 发现队列 4/20000 [[fork1]:10]
[2026-08-06 17:47:00] [W-17] 🔧 开始处理 [fork1] Cyssor/proxypool
[2026-08-06 17:47:00] [W-17] ⏭️ [fork1] 仓库 https://github.com/Cyssor/proxypool 13725h 未更新，跳过解析（无需追踪）
[2026-08-06 17:47:00] [W-9] ✅ 完成 [fork1] charliechenlie/proxypool | 提取 0 | 新增 0 | 耗时 0s | 配额 4786/4800 09:47UTC | 主队列 15/200 发现队列 3/20000 [[fork1]:26]
[2026-08-06 17:47:00] [W-9] 🔧 开始处理 [fork1] altmanPowell/proxypool
[2026-08-06 17:47:00] [W-9] ⏭️ [fork1] 仓库 https://github.com/altmanPowell/proxypool 13605h 未更新，跳过解析（无需追踪）
[2026-08-06 17:47:00] [W-18] 🔧 开始处理 [fork1] Yumore/proxypool
[2026-08-06 17:47:00] [W-18] ⏭️ [fork1] 仓库 https://github.com/Yumore/proxypool 12813h 未更新，跳过解析（无需追踪）
[2026-08-06 17:47:00] [W-5] 🔧 开始处理 [fork1] jangocheng/vpn-proxypool
[2026-08-06 17:47:00] [W-5] ⏭️ [fork1] 仓库 https://github.com/jangocheng/vpn-proxypool 12772h 未更新，跳过解析（无需追踪）
[2026-08-06 17:47:00] [W-4] ✅ 完成 [fork1] changsongyang/proxypools | 提取 0 | 新增 0 | 耗时 0s | 配额 4786/4800 09:47UTC | 主队列 15/200 发现队列 0/20000 [[fork1]:18]
[2026-08-06 17:47:00] [W-9] ✅ 完成 [fork1] altmanPowell/proxypool | 提取 0 | 新增 0 | 耗时 0s | 配额 4786/4800 09:47UTC | 主队列 15/200 发现队列 0/20000 [[fork1]:2]
[2026-08-06 17:47:00] [W-15] ✅ 完成 [fork1] TristanHoward/ProxyPool | 提取 0 | 新增 0 | 耗时 0s | 配额 4786/4800 09:47UTC | 主队列 15/200 发现队列 0/20000 [[fork1]:8]
[2026-08-06 17:47:00] [W-21] ✅ 完成 [fork1] okok2024/proxypool | 提取 0 | 新增 0 | 耗时 0s | 配额 4786/4800 09:47UTC | 主队列 15/200 发现队列 0/20000 [[fork1]:12]
[2026-08-06 17:47:00] [W-11] ✅ 完成 [fork1] richard10129/proxypool | 提取 0 | 新增 0 | 耗时 0s | 配额 4786/4800 09:47UTC | 主队列 15/200 发现队列 0/20000 [[fork1]:9]
[2026-08-06 17:47:00] [W-16] ✅ 完成 [fork1] linbmv/proxypool | 提取 0 | 新增 0 | 耗时 0s | 配额 4786/4800 09:47UTC | 主队列 15/200 发现队列 0/20000 [[fork1]:7]
[2026-08-06 17:47:00] [W-3] ✅ 完成 [fork1] oneperfect01/proxypool | 提取 0 | 新增 0 | 耗时 0s | 配额 4786/4800 09:47UTC | 主队列 15/200 发现队列 0/20000 [[fork1]:4]
[2026-08-06 17:47:00] [W-13] ✅ 完成 [fork1] wgdute/proxypool | 提取 0 | 新增 0 | 耗时 0s | 配额 4786/4800 09:47UTC | 主队列 15/200 发现队列 0/20000 [[fork1]:5]
[2026-08-06 17:47:00] [W-10] ✅ 完成 [fork1] limintara/-proxypool | 提取 0 | 新增 0 | 耗时 0s | 配额 4786/4800 09:47UTC | 主队列 15/200 发现队列 0/20000 [[fork1]:30]
[2026-08-06 17:47:00] [W-17] ✅ 完成 [fork1] Cyssor/proxypool | 提取 0 | 新增 0 | 耗时 0s | 配额 4786/4800 09:47UTC | 主队列 15/200 发现队列 0/20000 [[fork1]:3]
[2026-08-06 17:47:00] [W-18] ✅ 完成 [fork1] Yumore/proxypool | 提取 0 | 新增 0 | 耗时 0s | 配额 4786/4800 09:47UTC | 主队列 15/200 发现队列 0/20000 [[fork1]:1]
[2026-08-06 17:47:00] [W-5] ✅ 完成 [fork1] jangocheng/vpn-proxypool | 提取 0 | 新增 0 | 耗时 0s | 配额 4786/4800 09:47UTC | 主队列 15/200 发现队列 0/20000 [空]
[2026-08-06 17:47:00] [种子] 🔵 [种子 18/634] mahdibland/ShadowsocksAggregator | 配额 4786/4800 09:47UTC | 主队列 16/200 发现队列 0/20000 [空]
[2026-08-06 17:47:01] [种子] 🔵 [种子 19/634] free-nodes/clashfree | 配额 4786/4800 09:47UTC | 主队列 17/200 发现队列 0/20000 [空]
[2026-08-06 17:47:01] [W-0]   🍴 兄弟仓库: 80 个 → 主队列 17/200 发现队列 80/20000 [[fork1]:80]
[2026-08-06 17:47:01] [W-0] 👤 [种子仓库] 遍历用户仓库: Raad63
[2026-08-06 17:47:01] [W-7] 🔧 开始处理 [fork1] Alexhub967/v2ray-configs
[2026-08-06 17:47:01] [W-7] ⏭️ [fork1] 仓库 https://github.com/Alexhub967/v2ray-configs 6998h 未更新，跳过解析（无需追踪）
[2026-08-06 17:47:01] [W-7] ✅ 完成 [fork1] Alexhub967/v2ray-configs | 提取 0 | 新增 0 | 耗时 0s | 配额 4785/4800 09:47UTC | 主队列 17/200 发现队列 79/20000 [[fork1]:79]
[2026-08-06 17:47:01] [W-7] 🔧 开始处理 [fork1] fengfp/v2ray-configs-free
[2026-08-06 17:47:01] [W-7] ⏭️ [fork1] 仓库 https://github.com/fengfp/v2ray-configs-free 16750h 未更新，跳过解析（无需追踪）
[2026-08-06 17:47:01] [W-7] ✅ 完成 [fork1] fengfp/v2ray-configs-free | 提取 0 | 新增 0 | 耗时 0s | 配额 4785/4800 09:47UTC | 主队列 17/200 发现队列 78/20000 [[fork1]:78]
[2026-08-06 17:47:01] [W-7] 🔧 开始处理 [fork1] cysk003/Epodonios-v2ray-configs
[2026-08-06 17:47:01] [W-7] [fork1] 仓库 https://github.com/cysk003/Epodonios-v2ray-configs (分支: main, size: 25367740KB, pushed: 2026-08-06T07:56:29Z)
[2026-08-06 17:47:01] [W-12] 🔧 开始处理 [fork1] darknessm427/v2ray-configs
[2026-08-06 17:47:01] [W-12] ⏭️ [fork1] 仓库 https://github.com/darknessm427/v2ray-configs 9460h 未更新，跳过解析（无需追踪）
[2026-08-06 17:47:01] [W-12] ✅ 完成 [fork1] darknessm427/v2ray-configs | 提取 0 | 新增 0 | 耗时 0s | 配额 4785/4800 09:47UTC | 主队列 17/200 发现队列 76/20000 [[fork1]:76]
[2026-08-06 17:47:01] [W-12] 🔧 开始处理 [fork1] Mohsen-malekifard/v2ray-configs
[2026-08-06 17:47:01] [W-12] ⏭️ [fork1] 仓库 https://github.com/Mohsen-malekifard/v2ray-configs 4395h 未更新，跳过解析（无需追踪）
[2026-08-06 17:47:01] [W-12] ✅ 完成 [fork1] Mohsen-malekifard/v2ray-configs | 提取 0 | 新增 0 | 耗时 0s | 配额 4785/4800 09:47UTC | 主队列 17/200 发现队列 75/20000 [[fork1]:75]
[2026-08-06 17:47:01] [W-12] 🔧 开始处理 [fork1] wanghz/v2ray-configs
[2026-08-06 17:47:01] [W-12] ⏭️ [fork1] 仓库 https://github.com/wanghz/v2ray-configs 20623h 未更新，跳过解析（无需追踪）
[2026-08-06 17:47:01] [W-12] ✅ 完成 [fork1] wanghz/v2ray-configs | 提取 0 | 新增 0 | 耗时 0s | 配额 4785/4800 09:47UTC | 主队列 17/200 发现队列 74/20000 [[fork1]:74]
[2026-08-06 17:47:01] [W-12] 🔧 开始处理 [fork1] wan0909/v2ray-configs
[2026-08-06 17:47:01] [W-12] ⏭️ [fork1] 仓库 https://github.com/wan0909/v2ray-configs 20550h 未更新，跳过解析（无需追踪）
[2026-08-06 17:47:01] [W-12] ✅ 完成 [fork1] wan0909/v2ray-configs | 提取 0 | 新增 0 | 耗时 0s | 配额 4785/4800 09:47UTC | 主队列 17/200 发现队列 73/20000 [[fork1]:73]
[2026-08-06 17:47:01] [W-12] 🔧 开始处理 [fork1] chinaHEN/v2ray-configs4
[2026-08-06 17:47:01] [W-12] ⏭️ [fork1] 仓库 https://github.com/chinaHEN/v2ray-configs4 8574h 未更新，跳过解析（无需追踪）
[2026-08-06 17:47:01] [W-12] ✅ 完成 [fork1] chinaHEN/v2ray-configs4 | 提取 0 | 新增 0 | 耗时 0s | 配额 4785/4800 09:47UTC | 主队列 17/200 发现队列 72/20000 [[fork1]:72]
[2026-08-06 17:47:01] [W-12] 🔧 开始处理 [fork1] fatemehasln/v2ray-configs
[2026-08-06 17:47:01] [W-12] ⏭️ [fork1] 仓库 https://github.com/fatemehasln/v2ray-configs 6662h 未更新，跳过解析（无需追踪）
[2026-08-06 17:47:01] [W-12] ✅ 完成 [fork1] fatemehasln/v2ray-configs | 提取 0 | 新增 0 | 耗时 0s | 配额 4785/4800 09:47UTC | 主队列 17/200 发现队列 71/20000 [[fork1]:71]
[2026-08-06 17:47:01] [W-12] 🔧 开始处理 [fork1] jamesmora396/v2ray-configs
[2026-08-06 17:47:01] [W-12] [fork1] 仓库 https://github.com/jamesmora396/v2ray-configs (分支: main, size: 25367219KB, pushed: 2026-08-06T07:01:44Z)
[2026-08-06 17:47:01] [W-22] 🔧 开始处理 [fork1] yd072/v2ray-configs
[2026-08-06 17:47:01] [W-22] ⏭️ [fork1] 仓库 https://github.com/yd072/v2ray-configs 6510h 未更新，跳过解析（无需追踪）
[2026-08-06 17:47:01] [W-22] ✅ 完成 [fork1] yd072/v2ray-configs | 提取 0 | 新增 0 | 耗时 0s | 配额 4785/4800 09:47UTC | 主队列 17/200 发现队列 69/20000 [[fork1]:69]
[2026-08-06 17:47:01] [W-22] 🔧 开始处理 [fork1] Danialsamadi/v2ray-configsapp
[2026-08-06 17:47:01] [W-22] ⏭️ [fork1] 仓库 https://github.com/Danialsamadi/v2ray-configsapp 9109h 未更新，跳过解析（无需追踪）
[2026-08-06 17:47:01] [W-22] ✅ 完成 [fork1] Danialsamadi/v2ray-configsapp | 提取 0 | 新增 0 | 耗时 0s | 配额 4785/4800 09:47UTC | 主队列 17/200 发现队列 68/20000 [[fork1]:68]
[2026-08-06 17:47:01] [W-22] 🔧 开始处理 [fork1] MEHR1DAD/v2ray-configs
[2026-08-06 17:47:01] [W-22] ⏭️ [fork1] 仓库 https://github.com/MEHR1DAD/v2ray-configs 20255h 未更新，跳过解析（无需追踪）
[2026-08-06 17:47:01] [W-22] ✅ 完成 [fork1] MEHR1DAD/v2ray-configs | 提取 0 | 新增 0 | 耗时 0s | 配额 4785/4800 09:47UTC | 主队列 17/200 发现队列 67/20000 [[fork1]:67]
[2026-08-06 17:47:01] [W-22] 🔧 开始处理 [fork1] jueson/v2ray-configs
[2026-08-06 17:47:01] [W-22] ⏭️ [fork1] 仓库 https://github.com/jueson/v2ray-configs 4595h 未更新，跳过解析（无需追踪）
[2026-08-06 17:47:01] [W-22] ✅ 完成 [fork1] jueson/v2ray-configs | 提取 0 | 新增 0 | 耗时 0s | 配额 4785/4800 09:47UTC | 主队列 17/200 发现队列 66/20000 [[fork1]:66]
[2026-08-06 17:47:01] [W-22] 🔧 开始处理 [fork1] mahditaqipour/v2ray-configs
[2026-08-06 17:47:01] [W-22] ⏭️ [fork1] 仓库 https://github.com/mahditaqipour/v2ray-configs 19179h 未更新，跳过解析（无需追踪）
[2026-08-06 17:47:01] [W-22] ✅ 完成 [fork1] mahditaqipour/v2ray-configs | 提取 0 | 新增 0 | 耗时 0s | 配额 4785/4800 09:47UTC | 主队列 17/200 发现队列 65/20000 [[fork1]:65]
[2026-08-06 17:47:01] [W-22] 🔧 开始处理 [fork1] YasserDivaR/v2ray-configs
[2026-08-06 17:47:01] [W-22] ⏭️ [fork1] 仓库 https://github.com/YasserDivaR/v2ray-configs 19000h 未更新，跳过解析（无需追踪）
[2026-08-06 17:47:01] [W-22] ✅ 完成 [fork1] YasserDivaR/v2ray-configs | 提取 0 | 新增 0 | 耗时 0s | 配额 4785/4800 09:47UTC | 主队列 17/200 发现队列 64/20000 [[fork1]:64]
[2026-08-06 17:47:01] [W-22] 🔧 开始处理 [fork1] mohsenmojadam2019/v2ray-configs
[2026-08-06 17:47:01] [W-22] ⏭️ [fork1] 仓库 https://github.com/mohsenmojadam2019/v2ray-configs 18674h 未更新，跳过解析（无需追踪）
[2026-08-06 17:47:01] [W-22] ✅ 完成 [fork1] mohsenmojadam2019/v2ray-configs | 提取 0 | 新增 0 | 耗时 0s | 配额 4785/4800 09:47UTC | 主队列 17/200 发现队列 63/20000 [[fork1]:63]
[2026-08-06 17:47:01] [W-22] 🔧 开始处理 [fork1] xsyszf/Epodonios-v2ray-configs
[2026-08-06 17:47:01] [W-22] ⏭️ [fork1] 仓库 https://github.com/xsyszf/Epodonios-v2ray-configs 2566h 未更新，跳过解析（无需追踪）
[2026-08-06 17:47:01] [W-22] ✅ 完成 [fork1] xsyszf/Epodonios-v2ray-configs | 提取 0 | 新增 0 | 耗时 0s | 配额 4785/4800 09:47UTC | 主队列 17/200 发现队列 62/20000 [[fork1]:62]
[2026-08-06 17:47:01] [W-22] 🔧 开始处理 [fork1] gohtorohetfilterchi/v2ray-configs
[2026-08-06 17:47:01] [W-22] ⏭️ [fork1] 仓库 https://github.com/gohtorohetfilterchi/v2ray-configs 17967h 未更新，跳过解析（无需追踪）
[2026-08-06 17:47:01] [W-22] ✅ 完成 [fork1] gohtorohetfilterchi/v2ray-configs | 提取 0 | 新增 0 | 耗时 0s | 配额 4785/4800 09:47UTC | 主队列 17/200 发现队列 61/20000 [[fork1]:61]
[2026-08-06 17:47:01] [W-22] 🔧 开始处理 [fork1] yq1233/v2ray-configs
[2026-08-06 17:47:01] [W-22] ⏭️ [fork1] 仓库 https://github.com/yq1233/v2ray-configs 4775h 未更新，跳过解析（无需追踪）
[2026-08-06 17:47:01] [W-22] ✅ 完成 [fork1] yq1233/v2ray-configs | 提取 0 | 新增 0 | 耗时 0s | 配额 4785/4800 09:47UTC | 主队列 17/200 发现队列 60/20000 [[fork1]:60]
[2026-08-06 17:47:01] [W-22] 🔧 开始处理 [fork1] shiaomi3926-cmd/v2ray-configs-1
[2026-08-06 17:47:01] [W-22] ⏭️ [fork1] 仓库 https://github.com/shiaomi3926-cmd/v2ray-configs-1 2435h 未更新，跳过解析（无需追踪）
[2026-08-06 17:47:01] [W-22] ✅ 完成 [fork1] shiaomi3926-cmd/v2ray-configs-1 | 提取 0 | 新增 0 | 耗时 0s | 配额 4785/4800 09:47UTC | 主队列 17/200 发现队列 59/20000 [[fork1]:59]
[2026-08-06 17:47:01] [W-22] 🔧 开始处理 [fork1] Alims581979/v2ray-configs
[2026-08-06 17:47:01] [W-22] ⏭️ [fork1] 仓库 https://github.com/Alims581979/v2ray-configs 9262h 未更新，跳过解析（无需追踪）
[2026-08-06 17:47:01] [W-22] ✅ 完成 [fork1] Alims581979/v2ray-configs | 提取 0 | 新增 0 | 耗时 0s | 配额 4785/4800 09:47UTC | 主队列 17/200 发现队列 58/20000 [[fork1]:58]
[2026-08-06 17:47:01] [W-22] 🔧 开始处理 [fork1] mehrasraziii/v2ray-configs
[2026-08-06 17:47:01] [W-22] ⏭️ [fork1] 仓库 https://github.com/mehrasraziii/v2ray-configs 4515h 未更新，跳过解析（无需追踪）
[2026-08-06 17:47:01] [W-22] ✅ 完成 [fork1] mehrasraziii/v2ray-configs | 提取 0 | 新增 0 | 耗时 0s | 配额 4785/4800 09:47UTC | 主队列 17/200 发现队列 57/20000 [[fork1]:57]
[2026-08-06 17:47:01] [W-22] 🔧 开始处理 [fork1] aligol3572/v2ray-configs
[2026-08-06 17:47:01] [W-22] ⏭️ [fork1] 仓库 https://github.com/aligol3572/v2ray-configs 2052h 未更新，跳过解析（无需追踪）
[2026-08-06 17:47:01] [W-22] ✅ 完成 [fork1] aligol3572/v2ray-configs | 提取 0 | 新增 0 | 耗时 0s | 配额 4785/4800 09:47UTC | 主队列 17/200 发现队列 56/20000 [[fork1]:56]
[2026-08-06 17:47:01] [W-22] 🔧 开始处理 [fork1] run-my-job/v2ray-configs
[2026-08-06 17:47:01] [W-22] ⏭️ [fork1] 仓库 https://github.com/run-my-job/v2ray-configs 9504h 未更新，跳过解析（无需追踪）
[2026-08-06 17:47:01] [W-22] ✅ 完成 [fork1] run-my-job/v2ray-configs | 提取 0 | 新增 0 | 耗时 0s | 配额 4785/4800 09:47UTC | 主队列 17/200 发现队列 55/20000 [[fork1]:55]
[2026-08-06 17:47:01] [W-22] 🔧 开始处理 [fork1] routir/v2ray-configs
[2026-08-06 17:47:01] [W-22] ⏭️ [fork1] 仓库 https://github.com/routir/v2ray-configs 13780h 未更新，跳过解析（无需追踪）
[2026-08-06 17:47:01] [W-22] ✅ 完成 [fork1] routir/v2ray-configs | 提取 0 | 新增 0 | 耗时 0s | 配额 4785/4800 09:47UTC | 主队列 17/200 发现队列 54/20000 [[fork1]:54]
[2026-08-06 17:47:01] [W-22] 🔧 开始处理 [fork1] aqjiuweng/v2ray-configs
[2026-08-06 17:47:01] [W-22] ⏭️ [fork1] 仓库 https://github.com/aqjiuweng/v2ray-configs 12622h 未更新，跳过解析（无需追踪）
[2026-08-06 17:47:01] [W-22] ✅ 完成 [fork1] aqjiuweng/v2ray-configs | 提取 0 | 新增 0 | 耗时 0s | 配额 4785/4800 09:47UTC | 主队列 17/200 发现队列 53/20000 [[fork1]:53]
[2026-08-06 17:47:01] [W-22] 🔧 开始处理 [fork1] ehsan7672/v2ray-configsehsan
[2026-08-06 17:47:01] [W-22] ⏭️ [fork1] 仓库 https://github.com/ehsan7672/v2ray-configsehsan 13008h 未更新，跳过解析（无需追踪）
[2026-08-06 17:47:01] [W-22] ✅ 完成 [fork1] ehsan7672/v2ray-configsehsan | 提取 0 | 新增 0 | 耗时 0s | 配额 4785/4800 09:47UTC | 主队列 17/200 发现队列 52/20000 [[fork1]:52]
[2026-08-06 17:47:01] [W-22] 🔧 开始处理 [fork1] kfcxzaq084/v2ray-configs
[2026-08-06 17:47:01] [W-22] ⏭️ [fork1] 仓库 https://github.com/kfcxzaq084/v2ray-configs 5404h 未更新，跳过解析（无需追踪）
[2026-08-06 17:47:01] [W-22] ✅ 完成 [fork1] kfcxzaq084/v2ray-configs | 提取 0 | 新增 0 | 耗时 0s | 配额 4785/4800 09:47UTC | 主队列 17/200 发现队列 51/20000 [[fork1]:51]
[2026-08-06 17:47:01] [W-22] 🔧 开始处理 [fork1] Vahidi72/v2ray-configs
[2026-08-06 17:47:01] [W-22] ⏭️ [fork1] 仓库 https://github.com/Vahidi72/v2ray-configs 10572h 未更新，跳过解析（无需追踪）
[2026-08-06 17:47:01] [W-22] ✅ 完成 [fork1] Vahidi72/v2ray-configs | 提取 0 | 新增 0 | 耗时 0s | 配额 4785/4800 09:47UTC | 主队列 17/200 发现队列 50/20000 [[fork1]:50]
[2026-08-06 17:47:01] [W-22] 🔧 开始处理 [fork1] amirhosseinesmaeilnejadtanha-cloud/v2ray-configs
[2026-08-06 17:47:01] [W-22] ⏭️ [fork1] 仓库 https://github.com/amirhosseinesmaeilnejadtanha-cloud/v2ray-configs 2297h 未更新，跳过解析（无需追踪）
[2026-08-06 17:47:01] [W-22] ✅ 完成 [fork1] amirhosseinesmaeilnejadtanha-cloud/v2ray-configs | 提取 0 | 新增 0 | 耗时 0s | 配额 4785/4800 09:47UTC | 主队列 17/200 发现队列 49/20000 [[fork1]:49]
[2026-08-06 17:47:01] [W-22] 🔧 开始处理 [fork1] Nimabeik60/v2ray-configs
[2026-08-06 17:47:01] [W-22] ⏭️ [fork1] 仓库 https://github.com/Nimabeik60/v2ray-configs 4324h 未更新，跳过解析（无需追踪）
[2026-08-06 17:47:01] [W-22] ✅ 完成 [fork1] Nimabeik60/v2ray-configs | 提取 0 | 新增 0 | 耗时 0s | 配额 4785/4800 09:47UTC | 主队列 17/200 发现队列 48/20000 [[fork1]:48]
[2026-08-06 17:47:01] [W-22] 🔧 开始处理 [fork1] xiamenhappy/VPN-v2ray-configs
[2026-08-06 17:47:01] [W-22] ⏭️ [fork1] 仓库 https://github.com/xiamenhappy/VPN-v2ray-configs 16687h 未更新，跳过解析（无需追踪）
[2026-08-06 17:47:01] [W-22] ✅ 完成 [fork1] xiamenhappy/VPN-v2ray-configs | 提取 0 | 新增 0 | 耗时 0s | 配额 4785/4800 09:47UTC | 主队列 17/200 发现队列 47/20000 [[fork1]:47]
[2026-08-06 17:47:01] [W-22] 🔧 开始处理 [fork1] f246369/-v2ray-configs
[2026-08-06 17:47:01] [W-22] ⏭️ [fork1] 仓库 https://github.com/f246369/-v2ray-configs 16584h 未更新，跳过解析（无需追踪）
[2026-08-06 17:47:01] [W-22] ✅ 完成 [fork1] f246369/-v2ray-configs | 提取 0 | 新增 0 | 耗时 0s | 配额 4785/4800 09:47UTC | 主队列 17/200 发现队列 46/20000 [[fork1]:46]
[2026-08-06 17:47:01] [W-22] 🔧 开始处理 [fork1] poommin2543/v2ray-configsNew
[2026-08-06 17:47:01] [W-22] [fork1] 仓库 https://github.com/poommin2543/v2ray-configsNew (分支: main, size: 25551571KB, pushed: 2026-08-06T07:30:25Z)
[2026-08-06 17:47:01] [W-6] 🔧 开始处理 [fork1] laus-tech/v2ray-configs
[2026-08-06 17:47:01] [W-6] ⏭️ [fork1] 仓库 https://github.com/laus-tech/v2ray-configs 6940h 未更新，跳过解析（无需追踪）
[2026-08-06 17:47:01] [W-6] ✅ 完成 [fork1] laus-tech/v2ray-configs | 提取 0 | 新增 0 | 耗时 0s | 配额 4785/4800 09:47UTC | 主队列 17/200 发现队列 44/20000 [[fork1]:44]
[2026-08-06 17:47:01] [W-6] 🔧 开始处理 [fork1] amirsource133/zed_secure
[2026-08-06 17:47:01] [W-6] ⏭️ [fork1] 仓库 https://github.com/amirsource133/zed_secure 1932h 未更新，跳过解析（无需追踪）
[2026-08-06 17:47:01] [W-6] ✅ 完成 [fork1] amirsource133/zed_secure | 提取 0 | 新增 0 | 耗时 0s | 配额 4785/4800 09:47UTC | 主队列 17/200 发现队列 43/20000 [[fork1]:43]
[2026-08-06 17:47:01] [W-6] 🔧 开始处理 [fork1] chinahappyhome/v2ray-configs
[2026-08-06 17:47:01] [W-6] ⏭️ [fork1] 仓库 https://github.com/chinahappyhome/v2ray-configs 3571h 未更新，跳过解析（无需追踪）
[2026-08-06 17:47:01] [W-6] ✅ 完成 [fork1] chinahappyhome/v2ray-configs | 提取 0 | 新增 0 | 耗时 0s | 配额 4785/4800 09:47UTC | 主队列 17/200 发现队列 42/20000 [[fork1]:42]
[2026-08-06 17:47:01] [W-6] 🔧 开始处理 [fork1] yds965/v2ray-configs
[2026-08-06 17:47:01] [W-6] ⏭️ [fork1] 仓库 https://github.com/yds965/v2ray-configs 1629h 未更新，跳过解析（无需追踪）
[2026-08-06 17:47:01] [W-6] ✅ 完成 [fork1] yds965/v2ray-configs | 提取 0 | 新增 0 | 耗时 0s | 配额 4785/4800 09:47UTC | 主队列 17/200 发现队列 41/20000 [[fork1]:41]
[2026-08-06 17:47:01] [W-6] 🔧 开始处理 [fork1] codenger7-oss/v2ray-configs
[2026-08-06 17:47:01] [W-6] ⏭️ [fork1] 仓库 https://github.com/codenger7-oss/v2ray-configs 4649h 未更新，跳过解析（无需追踪）
[2026-08-06 17:47:01] [W-6] ✅ 完成 [fork1] codenger7-oss/v2ray-configs | 提取 0 | 新增 0 | 耗时 0s | 配额 4785/4800 09:47UTC | 主队列 17/200 发现队列 40/20000 [[fork1]:40]
[2026-08-06 17:47:01] [W-6] 🔧 开始处理 [fork1] Bobyyy70/v2ray-configs
[2026-08-06 17:47:01] [W-6] ⏭️ [fork1] 仓库 https://github.com/Bobyyy70/v2ray-configs 9665h 未更新，跳过解析（无需追踪）
[2026-08-06 17:47:01] [W-6] ✅ 完成 [fork1] Bobyyy70/v2ray-configs | 提取 0 | 新增 0 | 耗时 0s | 配额 4785/4800 09:47UTC | 主队列 17/200 发现队列 39/20000 [[fork1]:39]
[2026-08-06 17:47:01] [W-6] 🔧 开始处理 [fork1] Dachao1988/v2ray-configs
[2026-08-06 17:47:01] [W-6] ⏭️ [fork1] 仓库 https://github.com/Dachao1988/v2ray-configs 15418h 未更新，跳过解析（无需追踪）
[2026-08-06 17:47:01] [W-6] ✅ 完成 [fork1] Dachao1988/v2ray-configs | 提取 0 | 新增 0 | 耗时 0s | 配额 4785/4800 09:47UTC | 主队列 17/200 发现队列 38/20000 [[fork1]:38]
[2026-08-06 17:47:01] [W-6] 🔧 开始处理 [fork1] MizunaRei/v2ray-configs
[2026-08-06 17:47:01] [W-6] ⏭️ [fork1] 仓库 https://github.com/MizunaRei/v2ray-configs 12709h 未更新，跳过解析（无需追踪）
[2026-08-06 17:47:01] [W-6] ✅ 完成 [fork1] MizunaRei/v2ray-configs | 提取 0 | 新增 0 | 耗时 0s | 配额 4785/4800 09:47UTC | 主队列 17/200 发现队列 37/20000 [[fork1]:37]
[2026-08-06 17:47:01] [W-6] 🔧 开始处理 [fork1] yuzengbaocy/v2ray-configs
[2026-08-06 17:47:01] [W-6] [fork1] 仓库 https://github.com/yuzengbaocy/v2ray-configs (分支: main, size: 25368679KB, pushed: 2026-08-06T08:56:07Z)
[2026-08-06 17:47:01] [W-11] 🔧 开始处理 [fork1] hoseyn111329-ui/v2ray-configs
[2026-08-06 17:47:01] [W-11] ⏭️ [fork1] 仓库 https://github.com/hoseyn111329-ui/v2ray-configs 3871h 未更新，跳过解析（无需追踪）
[2026-08-06 17:47:01] [W-11] ✅ 完成 [fork1] hoseyn111329-ui/v2ray-configs | 提取 0 | 新增 0 | 耗时 0s | 配额 4785/4800 09:47UTC | 主队列 17/200 发现队列 35/20000 [[fork1]:35]
[2026-08-06 17:47:01] [W-11] 🔧 开始处理 [fork1] Atenaam/v2ray-configs
[2026-08-06 17:47:01] [W-11] ⏭️ [fork1] 仓库 https://github.com/Atenaam/v2ray-configs 4406h 未更新，跳过解析（无需追踪）
[2026-08-06 17:47:01] [W-11] ✅ 完成 [fork1] Atenaam/v2ray-configs | 提取 0 | 新增 0 | 耗时 0s | 配额 4785/4800 09:47UTC | 主队列 17/200 发现队列 34/20000 [[fork1]:34]
[2026-08-06 17:47:01] [W-11] 🔧 开始处理 [fork1] web3even/v2ray-configs
[2026-08-06 17:47:01] [W-11] ⏭️ [fork1] 仓库 https://github.com/web3even/v2ray-configs 20078h 未更新，跳过解析（无需追踪）
[2026-08-06 17:47:01] [W-11] ✅ 完成 [fork1] web3even/v2ray-configs | 提取 0 | 新增 0 | 耗时 0s | 配额 4785/4800 09:47UTC | 主队列 17/200 发现队列 33/20000 [[fork1]:33]
[2026-08-06 17:47:01] [W-11] 🔧 开始处理 [fork1] catdogchen97/v2ray-configs
[2026-08-06 17:47:01] [W-11] ⏭️ [fork1] 仓库 https://github.com/catdogchen97/v2ray-configs 10231h 未更新，跳过解析（无需追踪）
[2026-08-06 17:47:01] [W-11] ✅ 完成 [fork1] catdogchen97/v2ray-configs | 提取 0 | 新增 0 | 耗时 0s | 配额 4785/4800 09:47UTC | 主队列 17/200 发现队列 32/20000 [[fork1]:32]
[2026-08-06 17:47:01] [W-11] 🔧 开始处理 [fork1] Amir7337/v2ray-configs
[2026-08-06 17:47:01] [W-11] ⏭️ [fork1] 仓库 https://github.com/Amir7337/v2ray-configs 2889h 未更新，跳过解析（无需追踪）
[2026-08-06 17:47:01] [W-11] ✅ 完成 [fork1] Amir7337/v2ray-configs | 提取 0 | 新增 0 | 耗时 0s | 配额 4785/4800 09:47UTC | 主队列 17/200 发现队列 31/20000 [[fork1]:31]
[2026-08-06 17:47:01] [W-11] 🔧 开始处理 [fork1] ngwayzinmoe/v2ray-configs
[2026-08-06 17:47:01] [W-11] ⏭️ [fork1] 仓库 https://github.com/ngwayzinmoe/v2ray-configs 4564h 未更新，跳过解析（无需追踪）
[2026-08-06 17:47:01] [W-11] ✅ 完成 [fork1] ngwayzinmoe/v2ray-configs | 提取 0 | 新增 0 | 耗时 0s | 配额 4785/4800 09:47UTC | 主队列 17/200 发现队列 30/20000 [[fork1]:30]
[2026-08-06 17:47:01] [W-11] 🔧 开始处理 [fork1] li0591888/v2ray-configs
[2026-08-06 17:47:01] [W-11] ⏭️ [fork1] 仓库 https://github.com/li0591888/v2ray-configs 9887h 未更新，跳过解析（无需追踪）
[2026-08-06 17:47:01] [W-11] ✅ 完成 [fork1] li0591888/v2ray-configs | 提取 0 | 新增 0 | 耗时 0s | 配额 4785/4800 09:47UTC | 主队列 17/200 发现队列 29/20000 [[fork1]:29]
[2026-08-06 17:47:01] [W-11] 🔧 开始处理 [fork1] goodboys155/v2ray-configs
[2026-08-06 17:47:01] [W-11] ⏭️ [fork1] 仓库 https://github.com/goodboys155/v2ray-configs 18222h 未更新，跳过解析（无需追踪）
[2026-08-06 17:47:01] [W-11] ✅ 完成 [fork1] goodboys155/v2ray-configs | 提取 0 | 新增 0 | 耗时 0s | 配额 4785/4800 09:47UTC | 主队列 17/200 发现队列 28/20000 [[fork1]:28]
[2026-08-06 17:47:01] [W-11] 🔧 开始处理 [fork1] DongJiHui/v2ray-configs
[2026-08-06 17:47:01] [W-11] ⏭️ [fork1] 仓库 https://github.com/DongJiHui/v2ray-configs 4748h 未更新，跳过解析（无需追踪）
[2026-08-06 17:47:01] [W-11] ✅ 完成 [fork1] DongJiHui/v2ray-configs | 提取 0 | 新增 0 | 耗时 0s | 配额 4785/4800 09:47UTC | 主队列 17/200 发现队列 27/20000 [[fork1]:27]
[2026-08-06 17:47:01] [W-11] 🔧 开始处理 [fork1] Noboru-Chen/v2ray-configs-fork
[2026-08-06 17:47:01] [W-11] ⏭️ [fork1] 仓库 https://github.com/Noboru-Chen/v2ray-configs-fork 6425h 未更新，跳过解析（无需追踪）
[2026-08-06 17:47:01] [W-11] ✅ 完成 [fork1] Noboru-Chen/v2ray-configs-fork | 提取 0 | 新增 0 | 耗时 0s | 配额 4785/4800 09:47UTC | 主队列 17/200 发现队列 26/20000 [[fork1]:26]
[2026-08-06 17:47:01] [W-11] 🔧 开始处理 [fork1] Mitchll1214/v2ray-configs
[2026-08-06 17:47:01] [W-11] ⏭️ [fork1] 仓库 https://github.com/Mitchll1214/v2ray-configs 5591h 未更新，跳过解析（无需追踪）
[2026-08-06 17:47:01] [W-11] ✅ 完成 [fork1] Mitchll1214/v2ray-configs | 提取 0 | 新增 0 | 耗时 0s | 配额 4785/4800 09:47UTC | 主队列 17/200 发现队列 25/20000 [[fork1]:25]
[2026-08-06 17:47:01] [W-11] 🔧 开始处理 [fork1] Longzhan2027/v2ray-configs
[2026-08-06 17:47:01] [W-11] ⏭️ [fork1] 仓库 https://github.com/Longzhan2027/v2ray-configs 12337h 未更新，跳过解析（无需追踪）
[2026-08-06 17:47:01] [W-11] ✅ 完成 [fork1] Longzhan2027/v2ray-configs | 提取 0 | 新增 0 | 耗时 0s | 配额 4785/4800 09:47UTC | 主队列 17/200 发现队列 24/20000 [[fork1]:24]
[2026-08-06 17:47:01] [W-11] 🔧 开始处理 [fork1] jida100/v2ray-configs
[2026-08-06 17:47:01] [W-11] ⏭️ [fork1] 仓库 https://github.com/jida100/v2ray-configs 11875h 未更新，跳过解析（无需追踪）
[2026-08-06 17:47:01] [W-11] ✅ 完成 [fork1] jida100/v2ray-configs | 提取 0 | 新增 0 | 耗时 0s | 配额 4785/4800 09:47UTC | 主队列 17/200 发现队列 23/20000 [[fork1]:23]
[2026-08-06 17:47:01] [W-11] 🔧 开始处理 [fork1] pedramabaspooor-cpu/v2ray-configs
[2026-08-06 17:47:01] [W-11] ⏭️ [fork1] 仓库 https://github.com/pedramabaspooor-cpu/v2ray-configs 1344h 未更新，跳过解析（无需追踪）
[2026-08-06 17:47:01] [W-11] ✅ 完成 [fork1] pedramabaspooor-cpu/v2ray-configs | 提取 0 | 新增 0 | 耗时 0s | 配额 4785/4800 09:47UTC | 主队列 17/200 发现队列 22/20000 [[fork1]:22]
[2026-08-06 17:47:01] [W-11] 🔧 开始处理 [fork1] mosaalrzaalizadeyami2-sudo/v2ray-configs
[2026-08-06 17:47:01] [W-11] ⏭️ [fork1] 仓库 https://github.com/mosaalrzaalizadeyami2-sudo/v2ray-configs 1184h 未更新，跳过解析（无需追踪）
[2026-08-06 17:47:01] [W-11] ✅ 完成 [fork1] mosaalrzaalizadeyami2-sudo/v2ray-configs | 提取 0 | 新增 0 | 耗时 0s | 配额 4785/4800 09:47UTC | 主队列 17/200 发现队列 21/20000 [[fork1]:21]
[2026-08-06 17:47:01] [W-11] 🔧 开始处理 [fork1] ata666data-oss/v2ray-configs
[2026-08-06 17:47:01] [W-11] ⏭️ [fork1] 仓库 https://github.com/ata666data-oss/v2ray-configs 6904h 未更新，跳过解析（无需追踪）
[2026-08-06 17:47:01] [W-11] ✅ 完成 [fork1] ata666data-oss/v2ray-configs | 提取 0 | 新增 0 | 耗时 0s | 配额 4785/4800 09:47UTC | 主队列 17/200 发现队列 20/20000 [[fork1]:20]
[2026-08-06 17:47:01] [W-11] 🔧 开始处理 [fork1] ZEROANISA/v2ray-configs
[2026-08-06 17:47:01] [W-11] ⏭️ [fork1] 仓库 https://github.com/ZEROANISA/v2ray-configs 9939h 未更新，跳过解析（无需追踪）
[2026-08-06 17:47:01] [W-11] ✅ 完成 [fork1] ZEROANISA/v2ray-configs | 提取 0 | 新增 0 | 耗时 0s | 配额 4785/4800 09:47UTC | 主队列 17/200 发现队列 19/20000 [[fork1]:19]
[2026-08-06 17:47:01] [W-11] 🔧 开始处理 [fork1] bankz1990/v2ray-configs
[2026-08-06 17:47:01] [W-11] ⏭️ [fork1] 仓库 https://github.com/bankz1990/v2ray-configs 9632h 未更新，跳过解析（无需追踪）
[2026-08-06 17:47:01] [W-11] ✅ 完成 [fork1] bankz1990/v2ray-configs | 提取 0 | 新增 0 | 耗时 0s | 配额 4785/4800 09:47UTC | 主队列 17/200 发现队列 18/20000 [[fork1]:18]
[2026-08-06 17:47:01] [W-11] 🔧 开始处理 [fork1] farzad1810/v2ray-configs
[2026-08-06 17:47:01] [W-11] ⏭️ [fork1] 仓库 https://github.com/farzad1810/v2ray-configs 2483h 未更新，跳过解析（无需追踪）
[2026-08-06 17:47:01] [W-11] ✅ 完成 [fork1] farzad1810/v2ray-configs | 提取 0 | 新增 0 | 耗时 0s | 配额 4785/4800 09:47UTC | 主队列 17/200 发现队列 17/20000 [[fork1]:17]
[2026-08-06 17:47:01] [W-11] 🔧 开始处理 [fork1] Chiowe/v2ray-configs
[2026-08-06 17:47:01] [W-11] ⏭️ [fork1] 仓库 https://github.com/Chiowe/v2ray-configs 16754h 未更新，跳过解析（无需追踪）
[2026-08-06 17:47:01] [W-11] ✅ 完成 [fork1] Chiowe/v2ray-configs | 提取 0 | 新增 0 | 耗时 0s | 配额 4785/4800 09:47UTC | 主队列 17/200 发现队列 16/20000 [[fork1]:16]
[2026-08-06 17:47:01] [W-11] 🔧 开始处理 [fork1] Dencan00/v2ray-configs
[2026-08-06 17:47:01] [W-11] ⏭️ [fork1] 仓库 https://github.com/Dencan00/v2ray-configs 16754h 未更新，跳过解析（无需追踪）
[2026-08-06 17:47:01] [W-11] ✅ 完成 [fork1] Dencan00/v2ray-configs | 提取 0 | 新增 0 | 耗时 0s | 配额 4785/4800 09:47UTC | 主队列 17/200 发现队列 15/20000 [[fork1]:15]
[2026-08-06 17:47:01] [W-11] 🔧 开始处理 [fork1] zcy0776/v2ray-configs
[2026-08-06 17:47:01] [W-11] ⏭️ [fork1] 仓库 https://github.com/zcy0776/v2ray-configs 1508h 未更新，跳过解析（无需追踪）
[2026-08-06 17:47:01] [W-11] ✅ 完成 [fork1] zcy0776/v2ray-configs | 提取 0 | 新增 0 | 耗时 0s | 配额 4785/4800 09:47UTC | 主队列 17/200 发现队列 14/20000 [[fork1]:14]
[2026-08-06 17:47:01] [W-11] 🔧 开始处理 [fork1] youshengxu/v2ray-configs
[2026-08-06 17:47:01] [W-11] ⏭️ [fork1] 仓库 https://github.com/youshengxu/v2ray-configs 16754h 未更新，跳过解析（无需追踪）
[2026-08-06 17:47:01] [W-11] ✅ 完成 [fork1] youshengxu/v2ray-configs | 提取 0 | 新增 0 | 耗时 0s | 配额 4785/4800 09:47UTC | 主队列 17/200 发现队列 13/20000 [[fork1]:13]
[2026-08-06 17:47:01] [W-11] 🔧 开始处理 [fork1] karsaz-bot/v2ray-configs
[2026-08-06 17:47:01] [W-11] ⏭️ [fork1] 仓库 https://github.com/karsaz-bot/v2ray-configs 5932h 未更新，跳过解析（无需追踪）
[2026-08-06 17:47:01] [W-11] ✅ 完成 [fork1] karsaz-bot/v2ray-configs | 提取 0 | 新增 0 | 耗时 0s | 配额 4785/4800 09:47UTC | 主队列 17/200 发现队列 12/20000 [[fork1]:12]
[2026-08-06 17:47:01] [W-11] 🔧 开始处理 [fork1] hamide50/v2ray-configs
[2026-08-06 17:47:01] [W-11] ⏭️ [fork1] 仓库 https://github.com/hamide50/v2ray-configs 2254h 未更新，跳过解析（无需追踪）
[2026-08-06 17:47:01] [W-11] ✅ 完成 [fork1] hamide50/v2ray-configs | 提取 0 | 新增 0 | 耗时 0s | 配额 4785/4800 09:47UTC | 主队列 17/200 发现队列 11/20000 [[fork1]:11]
[2026-08-06 17:47:01] [W-11] 🔧 开始处理 [fork1] uhtzyj/Nv2ray-configs
[2026-08-06 17:47:01] [W-11] ⏭️ [fork1] 仓库 https://github.com/uhtzyj/Nv2ray-configs 3561h 未更新，跳过解析（无需追踪）
[2026-08-06 17:47:01] [W-11] ✅ 完成 [fork1] uhtzyj/Nv2ray-configs | 提取 0 | 新增 0 | 耗时 0s | 配额 4785/4800 09:47UTC | 主队列 17/200 发现队列 10/20000 [[fork1]:10]
[2026-08-06 17:47:01] [W-11] 🔧 开始处理 [fork1] souer-cl/v2ray-configs
[2026-08-06 17:47:01] [W-11] ⏭️ [fork1] 仓库 https://github.com/souer-cl/v2ray-configs 16750h 未更新，跳过解析（无需追踪）
[2026-08-06 17:47:01] [W-11] ✅ 完成 [fork1] souer-cl/v2ray-configs | 提取 0 | 新增 0 | 耗时 0s | 配额 4785/4800 09:47UTC | 主队列 17/200 发现队列 9/20000 [[fork1]:9]
[2026-08-06 17:47:01] [W-11] 🔧 开始处理 [fork1] 279458179/proxifier
[2026-08-06 17:47:01] [W-11] ⏭️ [fork1] 仓库 https://github.com/279458179/proxifier 5697h 未更新，跳过解析（无需追踪）
[2026-08-06 17:47:01] [W-11] ✅ 完成 [fork1] 279458179/proxifier | 提取 0 | 新增 0 | 耗时 0s | 配额 4785/4800 09:47UTC | 主队列 17/200 发现队列 8/20000 [[fork1]:8]
[2026-08-06 17:47:01] [W-11] 🔧 开始处理 [fork1] nivalamata/v2ray-configs
[2026-08-06 17:47:01] [W-11] ⏭️ [fork1] 仓库 https://github.com/nivalamata/v2ray-configs 6568h 未更新，跳过解析（无需追踪）
[2026-08-06 17:47:01] [W-11] ✅ 完成 [fork1] nivalamata/v2ray-configs | 提取 0 | 新增 0 | 耗时 0s | 配额 4785/4800 09:47UTC | 主队列 17/200 发现队列 7/20000 [[fork1]:7]
[2026-08-06 17:47:01] [W-11] 🔧 开始处理 [fork1] kirichand/v2ray-configs
[2026-08-06 17:47:01] [W-11] ⏭️ [fork1] 仓库 https://github.com/kirichand/v2ray-configs 3122h 未更新，跳过解析（无需追踪）
[2026-08-06 17:47:01] [W-11] ✅ 完成 [fork1] kirichand/v2ray-configs | 提取 0 | 新增 0 | 耗时 0s | 配额 4785/4800 09:47UTC | 主队列 17/200 发现队列 6/20000 [[fork1]:6]
[2026-08-06 17:47:01] [W-11] 🔧 开始处理 [fork1] erorr74/v2ray-configs
[2026-08-06 17:47:01] [W-11] ⏭️ [fork1] 仓库 https://github.com/erorr74/v2ray-configs 2029h 未更新，跳过解析（无需追踪）
[2026-08-06 17:47:01] [W-11] ✅ 完成 [fork1] erorr74/v2ray-configs | 提取 0 | 新增 0 | 耗时 0s | 配额 4785/4800 09:47UTC | 主队列 17/200 发现队列 5/20000 [[fork1]:5]
[2026-08-06 17:47:01] [W-11] 🔧 开始处理 [fork1] leeg00gle433-oss/v2ray-configs
[2026-08-06 17:47:01] [W-11] ⏭️ [fork1] 仓库 https://github.com/leeg00gle433-oss/v2ray-configs 191h 未更新，跳过解析（无需追踪）
[2026-08-06 17:47:01] [W-11] ✅ 完成 [fork1] leeg00gle433-oss/v2ray-configs | 提取 0 | 新增 0 | 耗时 0s | 配额 4785/4800 09:47UTC | 主队列 17/200 发现队列 4/20000 [[fork1]:4]
[2026-08-06 17:47:01] [W-11] 🔧 开始处理 [fork1] XHegit/v2ray-configs
[2026-08-06 17:47:01] [W-11] ⏭️ [fork1] 仓库 https://github.com/XHegit/v2ray-configs 10482h 未更新，跳过解析（无需追踪）
[2026-08-06 17:47:01] [W-11] ✅ 完成 [fork1] XHegit/v2ray-configs | 提取 0 | 新增 0 | 耗时 0s | 配额 4785/4800 09:47UTC | 主队列 17/200 发现队列 3/20000 [[fork1]:3]
[2026-08-06 17:47:01] [W-11] 🔧 开始处理 [fork1] Kazemiani/v2ray-configs
[2026-08-06 17:47:01] [W-11] ⏭️ [fork1] 仓库 https://github.com/Kazemiani/v2ray-configs 9745h 未更新，跳过解析（无需追踪）
[2026-08-06 17:47:01] [W-11] ✅ 完成 [fork1] Kazemiani/v2ray-configs | 提取 0 | 新增 0 | 耗时 0s | 配额 4785/4800 09:47UTC | 主队列 17/200 发现队列 2/20000 [[fork1]:2]
[2026-08-06 17:47:01] [W-11] 🔧 开始处理 [fork1] reza1m72/v2ray-configs
[2026-08-06 17:47:01] [W-11] ⏭️ [fork1] 仓库 https://github.com/reza1m72/v2ray-configs 9636h 未更新，跳过解析（无需追踪）
[2026-08-06 17:47:01] [W-11] ✅ 完成 [fork1] reza1m72/v2ray-configs | 提取 0 | 新增 0 | 耗时 0s | 配额 4785/4800 09:47UTC | 主队列 17/200 发现队列 1/20000 [[fork1]:1]
[2026-08-06 17:47:01] [W-11] 🔧 开始处理 [fork1] twillight1996/v2ray-configs
[2026-08-06 17:47:01] [W-11] ⏭️ [fork1] 仓库 https://github.com/twillight1996/v2ray-configs 11291h 未更新，跳过解析（无需追踪）
[2026-08-06 17:47:01] [W-11] ✅ 完成 [fork1] twillight1996/v2ray-configs | 提取 0 | 新增 0 | 耗时 0s | 配额 4785/4800 09:47UTC | 主队列 17/200 发现队列 0/20000 [空]
[2026-08-06 17:47:01] [种子] 🔵 [种子 20/634] ninjastrikers/nexus-nodes | 配额 4785/4800 09:47UTC | 主队列 18/200 发现队列 0/20000 [空]
[2026-08-06 17:47:02] [W-7] 仓库 https://github.com/cysk003/Epodonios-v2ray-configs 候选文件较多 (970 个)，先通过 commits API 过滤
[2026-08-06 17:47:02] [W-6] 仓库 https://github.com/yuzengbaocy/v2ray-configs 候选文件较多 (970 个)，先通过 commits API 过滤
[2026-08-06 17:47:02] [W-12] 仓库 https://github.com/jamesmora396/v2ray-configs 候选文件较多 (971 个)，先通过 commits API 过滤
[2026-08-06 17:47:02] [W-22] 仓库 https://github.com/poommin2543/v2ray-configsNew 候选文件较多 (1055 个)，先通过 commits API 过滤
[2026-08-06 17:47:04] [种子] 🔵 [种子 21/634] chaoduzj/aggregator | 配额 4773/4800 09:47UTC | 主队列 19/200 发现队列 0/20000 [空]
[2026-08-06 17:47:06] [种子] 🔵 [种子 22/634] Airuop/cross | 配额 4771/4800 09:47UTC | 主队列 20/200 发现队列 0/20000 [空]
[2026-08-06 17:47:08] [W-0]   👤 用户仓库: 30 个 → 主队列 21/200 发现队列 30/20000 [[user1]:30]
[2026-08-06 17:47:08] [W-0]   用户 Raad63 共查 30 个仓库
[2026-08-06 17:47:08] [W-20] 🔧 开始处理 [user1] Raad63/Free-sub-fly
[2026-08-06 17:47:08] [W-20] [user1] 仓库 https://github.com/Raad63/Free-sub-fly (分支: main, size: 13458713KB, pushed: 2026-08-06T08:49:11Z)
[2026-08-06 17:47:08] [W-14] 🔧 开始处理 [user1] Raad63/Contry-bulk-xray-v2ray-vless-vmess-...-configs
[2026-08-06 17:47:08] [W-14] [user1] 仓库 https://github.com/Raad63/Contry-bulk-xray-v2ray-vless-vmess-...-configs (分支: main, size: 23854KB, pushed: 2026-08-06T08:32:14Z)
[2026-08-06 17:47:08] [W-21] 🔧 开始处理 [user1] Raad63/Mahdibland-V2RayAggregator
[2026-08-06 17:47:08] [W-21] [user1] 仓库 https://github.com/Raad63/Mahdibland-V2RayAggregator (分支: master, size: 4546795KB, pushed: 2026-08-06T08:19:13Z)
[2026-08-06 17:47:08] [W-15] 🔧 开始处理 [user1] Raad63/kamaji-sub-vmess-vless-telegram
[2026-08-06 17:47:08] [W-15] [user1] 仓库 https://github.com/Raad63/kamaji-sub-vmess-vless-telegram (分支: master, size: 1335513KB, pushed: 2026-08-06T07:05:15Z)
[2026-08-06 17:47:08] [W-2] 🔧 开始处理 [user1] Raad63/v2rayN-windows
[2026-08-06 17:47:08] [W-2] ⏭️ [user1] 仓库 https://github.com/Raad63/v2rayN-windows 已解析，跳过解析（无需追踪）
[2026-08-06 17:47:08] [W-23] 🔧 开始处理 [user1] Raad63/tamame-url-free-config-aliii-V2RAY-and-CLASH-Subscription-Links
[2026-08-06 17:47:08] [W-23] ⏭️ [user1] 仓库 https://github.com/Raad63/tamame-url-free-config-aliii-V2RAY-and-CLASH-Subscription-Links 已解析，跳过解析（无需追踪）
[2026-08-06 17:47:08] [W-16] 🔧 开始处理 [user1] Raad63/v2rayNG-android
[2026-08-06 17:47:08] [W-16] ⏭️ [user1] 仓库 https://github.com/Raad63/v2rayNG-android 已解析，跳过解析（无需追踪）
[2026-08-06 17:47:08] [W-8] 🔧 开始处理 [user1] Raad63/orbot
[2026-08-06 17:47:08] [W-8] ⏭️ [user1] 仓库 https://github.com/Raad63/orbot 42h 未更新，跳过解析（无需追踪）
[2026-08-06 17:47:08] [W-19] 🔧 开始处理 [user1] Raad63/free-vpn-tuijian.github.io
[2026-08-06 17:47:08] [W-19] ⏭️ [user1] 仓库 https://github.com/Raad63/free-vpn-tuijian.github.io 主要语言 HTML，跳过
[2026-08-06 17:47:08] [W-17] 🔧 开始处理 [user1] Raad63/nahan-yebekhe
[2026-08-06 17:47:08] [W-17] ⏭️ [user1] 仓库 https://github.com/Raad63/nahan-yebekhe 主要语言 HTML，跳过
[2026-08-06 17:47:08] [W-18] 🔧 开始处理 [user1] Raad63/iptv-2
[2026-08-06 17:47:08] [W-18] ⏭️ [user1] 仓库 https://github.com/Raad63/iptv-2 290h 未更新，跳过解析（无需追踪）
[2026-08-06 17:47:08] [W-3] 🔧 开始处理 [user1] Raad63/Free-AppleId-Serve-sub3
[2026-08-06 17:47:08] [W-3] ⏭️ [user1] 仓库 https://github.com/Raad63/Free-AppleId-Serve-sub3 326h 未更新，跳过解析（无需追踪）
[2026-08-06 17:47:08] [W-4] 🔧 开始处理 [user1] Raad63/BPB-Worker-Panel
[2026-08-06 17:47:08] [W-4] ⏭️ [user1] 仓库 https://github.com/Raad63/BPB-Worker-Panel 401h 未更新，跳过解析（无需追踪）
[2026-08-06 17:47:08] [W-9] 🔧 开始处理 [user1] Raad63/InviZible-realase
[2026-08-06 17:47:08] [W-9] ⏭️ [user1] 仓库 https://github.com/Raad63/InviZible-realase 584h 未更新，跳过解析（无需追踪）
[2026-08-06 17:47:08] [W-5] 🔧 开始处理 [user1] Raad63/epeius-cmliu
[2026-08-06 17:47:08] [W-5] ⏭️ [user1] 仓库 https://github.com/Raad63/epeius-cmliu 635h 未更新，跳过解析（无需追踪）
[2026-08-06 17:47:08] [W-13] 🔧 开始处理 [user1] Raad63/Nova-Proxy
[2026-08-06 17:47:08] [W-13] ⏭️ [user1] 仓库 https://github.com/Raad63/Nova-Proxy 678h 未更新，跳过解析（无需追踪）
[2026-08-06 17:47:08] [W-10] 🔧 开始处理 [user1] Raad63/CF_vless_trojan-yongekk
[2026-08-06 17:47:08] [W-10] ⏭️ [user1] 仓库 https://github.com/Raad63/CF_vless_trojan-yongekk 1034h 未更新，跳过解析（无需追踪）
[2026-08-06 17:47:08] [W-11] 🔧 开始处理 [user1] Raad63/FreeNodes-barabam-sub-2
[2026-08-06 17:47:08] [W-11] ⏭️ [user1] 仓库 https://github.com/Raad63/FreeNodes-barabam-sub-2 1112h 未更新，跳过解析（无需追踪）
[2026-08-06 17:47:08] [W-1]   👤 用户仓库: 30 个 → 主队列 21/200 发现队列 42/20000 [[user1]:42]
[2026-08-06 17:47:08] [W-1]   用户 wang1680 共查 30 个仓库
[2026-08-06 17:47:08] [W-6]   Compare API 返回 20 个变更文件 (3 次 API 调用)
[2026-08-06 17:47:08] [W-6]   commits 过滤: 970 → 0 (变更文件 20 个)
[2026-08-06 17:47:08] [W-6] 仓库 https://github.com/yuzengbaocy/v2ray-configs 候选文件经时间过滤后为空
[2026-08-06 17:47:08] [种子] 🔵 [种子 23/634] SkillfulElectro/V2RayCollector | 配额 4768/4800 09:47UTC | 主队列 21/200 发现队列 42/20000 [[user1]:42]
[2026-08-06 17:47:08] [W-7]   Compare API 返回 20 个变更文件 (3 次 API 调用)
[2026-08-06 17:47:08] [W-7]   commits 过滤: 970 → 0 (变更文件 20 个)
[2026-08-06 17:47:08] [W-7] 仓库 https://github.com/cysk003/Epodonios-v2ray-configs 候选文件经时间过滤后为空
[2026-08-06 17:47:08] [W-12]   Compare API 返回 22 个变更文件 (3 次 API 调用)
[2026-08-06 17:47:08] [W-12]   commits 过滤: 971 → 1 (变更文件 22 个)
[2026-08-06 17:47:08] [W-12] 仓库 https://github.com/jamesmora396/v2ray-configs 候选文件 1 个
[2026-08-06 17:47:08] [W-0] ✅ 完成 [种子仓库] Raad63/v2ray-configs-sub-5 | 提取 0 | 新增 0 | 耗时 20s | 配额 4766/4800 09:47UTC | 主队列 21/200 发现队列 42/20000 [[user1]:42]
[2026-08-06 17:47:08] [W-0] 🔧 开始处理 [user1] Raad63/am-cf-tunnel-sub
[2026-08-06 17:47:08] [W-0] ⏭️ [user1] 仓库 https://github.com/Raad63/am-cf-tunnel-sub 1848h 未更新，跳过解析（无需追踪）
[2026-08-06 17:47:10] [W-2] ✅ 完成 [user1] Raad63/v2rayN-windows | 提取 0 | 新增 0 | 耗时 0s | 配额 4766/4800 09:47UTC | 主队列 22/200 发现队列 41/20000 [[user1]:41]
[2026-08-06 17:47:10] [W-2] 🔧 开始处理 [user1] Raad63/ipv6-ipv4-site-irani-cloudflare
[2026-08-06 17:47:10] [W-2] ⏭️ [user1] 仓库 https://github.com/Raad63/ipv6-ipv4-site-irani-cloudflare 1999h 未更新，跳过解析（无需追踪）
[2026-08-06 17:47:10] [W-23] ✅ 完成 [user1] Raad63/tamame-url-free-config-aliii-V2RAY-and-CLASH-Subscription-Links | 提取 0 | 新增 0 | 耗时 0s | 配额 4766/4800 09:47UTC | 主队列 22/200 发现队列 40/20000 [[user1]:40]
[2026-08-06 17:47:10] [W-23] 🔧 开始处理 [user1] Raad63/Pawdroid-Free-servers
[2026-08-06 17:47:10] [W-23] ⏭️ [user1] 仓库 https://github.com/Raad63/Pawdroid-Free-servers 2044h 未更新，跳过解析（无需追踪）
[2026-08-06 17:47:10] [W-16] ✅ 完成 [user1] Raad63/v2rayNG-android | 提取 0 | 新增 0 | 耗时 0s | 配额 4766/4800 09:47UTC | 主队列 22/200 发现队列 39/20000 [[user1]:39]
[2026-08-06 17:47:10] [W-16] 🔧 开始处理 [user1] Raad63/serverless-dns
[2026-08-06 17:47:10] [W-16] ⏭️ [user1] 仓库 https://github.com/Raad63/serverless-dns 2219h 未更新，跳过解析（无需追踪）
[2026-08-06 17:47:10] [W-8] ✅ 完成 [user1] Raad63/orbot | 提取 0 | 新增 0 | 耗时 0s | 配额 4766/4800 09:47UTC | 主队列 22/200 发现队列 38/20000 [[user1]:38]
[2026-08-06 17:47:10] [W-8] 🔧 开始处理 [user1] Raad63/EDtunnel
[2026-08-06 17:47:10] [W-8] ⏭️ [user1] 仓库 https://github.com/Raad63/EDtunnel 2461h 未更新，跳过解析（无需追踪）
[2026-08-06 17:47:10] [W-19] ✅ 完成 [user1] Raad63/free-vpn-tuijian.github.io | 提取 0 | 新增 0 | 耗时 0s | 配额 4766/4800 09:47UTC | 主队列 22/200 发现队列 37/20000 [[user1]:37]
[2026-08-06 17:47:10] [W-19] 🔧 开始处理 [user1] Raad63/NekoBox-ForAndroid
[2026-08-06 17:47:10] [W-19] ⏭️ [user1] 仓库 https://github.com/Raad63/NekoBox-ForAndroid 4277h 未更新，跳过解析（无需追踪）
[2026-08-06 17:47:10] [W-17] ✅ 完成 [user1] Raad63/nahan-yebekhe | 提取 0 | 新增 0 | 耗时 0s | 配额 4766/4800 09:47UTC | 主队列 22/200 发现队列 36/20000 [[user1]:36]
[2026-08-06 17:47:10] [W-17] 🔧 开始处理 [user1] Raad63/edgetunnel
[2026-08-06 17:47:10] [W-17] ⏭️ [user1] 仓库 https://github.com/Raad63/edgetunnel 4166h 未更新，跳过解析（无需追踪）
[2026-08-06 17:47:10] [W-18] ✅ 完成 [user1] Raad63/iptv-2 | 提取 0 | 新增 0 | 耗时 0s | 配额 4766/4800 09:47UTC | 主队列 22/200 发现队列 35/20000 [[user1]:35]
[2026-08-06 17:47:10] [W-18] 🔧 开始处理 [user1] Raad63/GFW-slayer
[2026-08-06 17:47:10] [W-18] ⏭️ [user1] 仓库 https://github.com/Raad63/GFW-slayer 4330h 未更新，跳过解析（无需追踪）
[2026-08-06 17:47:10] [W-3] ✅ 完成 [user1] Raad63/Free-AppleId-Serve-sub3 | 提取 0 | 新增 0 | 耗时 0s | 配额 4766/4800 09:47UTC | 主队列 22/200 发现队列 34/20000 [[user1]:34]
[2026-08-06 17:47:10] [W-3] 🔧 开始处理 [user1] Raad63/usef-oblivion
[2026-08-06 17:47:10] [W-3] ⏭️ [user1] 仓库 https://github.com/Raad63/usef-oblivion 6116h 未更新，跳过解析（无需追踪）
[2026-08-06 17:47:10] [W-4] ✅ 完成 [user1] Raad63/BPB-Worker-Panel | 提取 0 | 新增 0 | 耗时 0s | 配额 4766/4800 09:47UTC | 主队列 22/200 发现队列 33/20000 [[user1]:33]
[2026-08-06 17:47:10] [W-4] 🔧 开始处理 [user1] Raad63/warp-wireguard-go-usef
[2026-08-06 17:47:10] [W-4] ⏭️ [user1] 仓库 https://github.com/Raad63/warp-wireguard-go-usef 6278h 未更新，跳过解析（无需追踪）
[2026-08-06 17:47:10] [W-9] ✅ 完成 [user1] Raad63/InviZible-realase | 提取 0 | 新增 0 | 耗时 0s | 配额 4766/4800 09:47UTC | 主队列 22/200 发现队列 32/20000 [[user1]:32]
[2026-08-06 17:47:10] [W-9] 🔧 开始处理 [user1] Raad63/telegram-configs-collector-sub
[2026-08-06 17:47:10] [W-9] ⏭️ [user1] 仓库 https://github.com/Raad63/telegram-configs-collector-sub 9956h 未更新，跳过解析（无需追踪）
[2026-08-06 17:47:10] [W-9] ✅ 完成 [user1] Raad63/telegram-configs-collector-sub | 提取 0 | 新增 0 | 耗时 0s | 配额 4766/4800 09:47UTC | 主队列 22/200 发现队列 31/20000 [[user1]:31]
[2026-08-06 17:47:10] [W-9] 🔧 开始处理 [user1] Raad63/iptv
[2026-08-06 17:47:10] [W-9] ⏭️ [user1] 仓库 https://github.com/Raad63/iptv 6608h 未更新，跳过解析（无需追踪）
[2026-08-06 17:47:10] [W-13] ✅ 完成 [user1] Raad63/Nova-Proxy | 提取 0 | 新增 0 | 耗时 0s | 配额 4766/4800 09:47UTC | 主队列 22/200 发现队列 30/20000 [[user1]:30]
[2026-08-06 17:47:10] [W-13] 🔧 开始处理 [user1] wang1680/free
[2026-08-06 17:47:10] [W-13] [user1] 仓库 https://github.com/wang1680/free (分支: main, size: 18665KB, pushed: 2026-08-06T08:44:06Z)
[2026-08-06 17:47:10] [W-5] ✅ 完成 [user1] Raad63/epeius-cmliu | 提取 0 | 新增 0 | 耗时 0s | 配额 4766/4800 09:47UTC | 主队列 22/200 发现队列 29/20000 [[user1]:29]
[2026-08-06 17:47:10] [W-5] 🔧 开始处理 [user1] wang1680/migu_video
[2026-08-06 17:47:10] [W-5] [user1] 仓库 https://github.com/wang1680/migu_video (分支: main, size: 50369KB, pushed: 2026-08-06T06:57:14Z)
[2026-08-06 17:47:10] [W-1] ✅ 完成 [种子仓库] wang1680/proxypool | 提取 0 | 新增 0 | 耗时 15s | 配额 4766/4800 09:47UTC | 主队列 22/200 发现队列 28/20000 [[user1]:28]
[2026-08-06 17:47:10] [W-6] ✅ 完成 [fork1] yuzengbaocy/v2ray-configs | 提取 0 | 新增 0 | 耗时 7s | 配额 4766/4800 09:47UTC | 主队列 22/200 发现队列 27/20000 [[user1]:27]
[2026-08-06 17:47:10] [W-6] 🔧 开始处理 [user1] wang1680/webhtv
[2026-08-06 17:47:10] [W-6] [user1] 仓库 https://github.com/wang1680/webhtv (分支: main, size: 317199KB, pushed: 2026-08-06T06:07:37Z)
[2026-08-06 17:47:10] [W-7] ✅ 完成 [fork1] cysk003/Epodonios-v2ray-configs | 提取 0 | 新增 0 | 耗时 7s | 配额 4766/4800 09:47UTC | 主队列 22/200 发现队列 26/20000 [[user1]:26]
[2026-08-06 17:47:10] [W-7] 🔧 开始处理 [user1] wang1680/iptv-sources
[2026-08-06 17:47:10] [W-7] [user1] 仓库 https://github.com/wang1680/iptv-sources (分支: main, size: 2302KB, pushed: 2026-08-06T03:07:05Z)
[2026-08-06 17:47:10] [W-1] 🔧 开始处理 [user1] wang1680/v2ray-configs
[2026-08-06 17:47:10] [W-1] [user1] 仓库 https://github.com/wang1680/v2ray-configs (分支: main, size: 22590916KB, pushed: 2026-08-06T06:47:06Z)
[2026-08-06 17:47:10] [W-0] ✅ 完成 [user1] Raad63/am-cf-tunnel-sub | 提取 0 | 新增 0 | 耗时 0s | 配额 4766/4800 09:47UTC | 主队列 22/200 发现队列 25/20000 [[user1]:25]
[2026-08-06 17:47:10] [W-0] 🔧 开始处理 [user1] wang1680/sub
[2026-08-06 17:47:10] [W-0] [user1] 仓库 https://github.com/wang1680/sub (分支: main, size: 5172KB, pushed: 2026-08-06T03:00:06Z)
[2026-08-06 17:47:10] [W-12] ✅ 完成 [fork1] jamesmora396/v2ray-configs | 提取 0 | 新增 0 | 耗时 7s | 配额 4766/4800 09:47UTC | 主队列 22/200 发现队列 24/20000 [[user1]:24]
[2026-08-06 17:47:10] [种子] 🔵 [种子 24/634] aiboboxx/v2rayfree | 配额 4766/4800 09:47UTC | 主队列 22/200 发现队列 23/20000 [[user1]:23]
[2026-08-06 17:47:10] [W-2] ✅ 完成 [user1] Raad63/ipv6-ipv4-site-irani-cloudflare | 提取 0 | 新增 0 | 耗时 0s | 配额 4765/4800 09:47UTC | 主队列 22/200 发现队列 23/20000 [[user1]:23]
[2026-08-06 17:47:10] [W-2] 🔧 开始处理 [user1] wang1680/alist-tvbox
[2026-08-06 17:47:10] [W-2] [user1] 仓库 https://github.com/wang1680/alist-tvbox (分支: master, size: 2092634KB, pushed: 2026-08-05T16:01:06Z)
[2026-08-06 17:47:10] [W-12] 🔧 开始处理 [user1] wang1680/WorkerVless2sub
[2026-08-06 17:47:10] [W-12] [user1] 仓库 https://github.com/wang1680/WorkerVless2sub (分支: main, size: 3804KB, pushed: 2026-08-05T16:57:05Z)
[2026-08-06 17:47:10] [W-23] ✅ 完成 [user1] Raad63/Pawdroid-Free-servers | 提取 0 | 新增 0 | 耗时 0s | 配额 4765/4800 09:47UTC | 主队列 22/200 发现队列 22/20000 [[user1]:22]
[2026-08-06 17:47:10] [W-23] 🔧 开始处理 [user1] wang1680/talebook
[2026-08-06 17:47:10] [W-23] ⏭️ [user1] 仓库 https://github.com/wang1680/talebook 主要语言 HTML，跳过
[2026-08-06 17:47:10] [W-23] ✅ 完成 [user1] wang1680/talebook | 提取 0 | 新增 0 | 耗时 0s | 配额 4765/4800 09:47UTC | 主队列 22/200 发现队列 21/20000 [[user1]:21]
[2026-08-06 17:47:10] [W-23] 🔧 开始处理 [user1] wang1680/notepad4
[2026-08-06 17:47:10] [W-23] ⏭️ [user1] 仓库 https://github.com/wang1680/notepad4 已解析，跳过解析（无需追踪）
[2026-08-06 17:47:10] [W-23] ✅ 完成 [user1] wang1680/notepad4 | 提取 0 | 新增 0 | 耗时 0s | 配额 4765/4800 09:47UTC | 主队列 22/200 发现队列 20/20000 [[user1]:20]
[2026-08-06 17:47:10] [W-23] 🔧 开始处理 [user1] wang1680/TVAPP
[2026-08-06 17:47:10] [W-23] ⏭️ [user1] 仓库 https://github.com/wang1680/TVAPP 已解析，跳过解析（无需追踪）
[2026-08-06 17:47:10] [W-22]   Compare API 返回 90 个变更文件 (3 次 API 调用)
[2026-08-06 17:47:10] [W-22]   commits 过滤: 1055 → 86 (变更文件 90 个)
[2026-08-06 17:47:10] [W-22] 仓库 https://github.com/poommin2543/v2ray-configsNew 候选文件 86 个
[2026-08-06 17:47:10] [W-8] ✅ 完成 [user1] Raad63/EDtunnel | 提取 0 | 新增 0 | 耗时 0s | 配额 4765/4800 09:47UTC | 主队列 22/200 发现队列 19/20000 [[user1]:19]
[2026-08-06 17:47:10] [W-8] 🔧 开始处理 [user1] wang1680/YouXuanIP
[2026-08-06 17:47:10] [W-8] ⏭️ [user1] 仓库 https://github.com/wang1680/YouXuanIP 121h 未更新，跳过解析（无需追踪）
[2026-08-06 17:47:10] [W-8] ✅ 完成 [user1] wang1680/YouXuanIP | 提取 0 | 新增 0 | 耗时 0s | 配额 4765/4800 09:47UTC | 主队列 22/200 发现队列 18/20000 [[user1]:18]
[2026-08-06 17:47:10] [W-8] 🔧 开始处理 [user1] wang1680/AutoBuildImmortalWrt
[2026-08-06 17:47:10] [W-8] ⏭️ [user1] 仓库 https://github.com/wang1680/AutoBuildImmortalWrt 125h 未更新，跳过解析（无需追踪）
[2026-08-06 17:47:10] [W-8] ✅ 完成 [user1] wang1680/AutoBuildImmortalWrt | 提取 0 | 新增 0 | 耗时 0s | 配额 4765/4800 09:47UTC | 主队列 22/200 发现队列 17/20000 [[user1]:17]
[2026-08-06 17:47:10] [W-8] 🔧 开始处理 [user1] wang1680/KVideo
[2026-08-06 17:47:10] [W-8] ⏭️ [user1] 仓库 https://github.com/wang1680/KVideo 132h 未更新，跳过解析（无需追踪）
[2026-08-06 17:47:10] [W-4] ✅ 完成 [user1] Raad63/warp-wireguard-go-usef | 提取 0 | 新增 0 | 耗时 0s | 配额 4765/4800 09:47UTC | 主队列 22/200 发现队列 16/20000 [[user1]:16]
[2026-08-06 17:47:10] [W-4] 🔧 开始处理 [user1] wang1680/edgetunnel
[2026-08-06 17:47:10] [W-4] ⏭️ [user1] 仓库 https://github.com/wang1680/edgetunnel 183h 未更新，跳过解析（无需追踪）
[2026-08-06 17:47:10] [W-4] ✅ 完成 [user1] wang1680/edgetunnel | 提取 0 | 新增 0 | 耗时 0s | 配额 4765/4800 09:47UTC | 主队列 22/200 发现队列 15/20000 [[user1]:15]
[2026-08-06 17:47:10] [W-4] 🔧 开始处理 [user1] wang1680/CloudFlare-ImgBed-Docs
[2026-08-06 17:47:10] [W-4] ⏭️ [user1] 仓库 https://github.com/wang1680/CloudFlare-ImgBed-Docs 185h 未更新，跳过解析（无需追踪）
[2026-08-06 17:47:10] [W-4] ✅ 完成 [user1] wang1680/CloudFlare-ImgBed-Docs | 提取 0 | 新增 0 | 耗时 0s | 配额 4765/4800 09:47UTC | 主队列 22/200 发现队列 14/20000 [[user1]:14]
[2026-08-06 17:47:10] [W-4] 🔧 开始处理 [user1] wang1680/Telegraph-Image
[2026-08-06 17:47:10] [W-4] ⏭️ [user1] 仓库 https://github.com/wang1680/Telegraph-Image 主要语言 HTML，跳过
[2026-08-06 17:47:10] [W-4] ✅ 完成 [user1] wang1680/Telegraph-Image | 提取 0 | 新增 0 | 耗时 0s | 配额 4765/4800 09:47UTC | 主队列 22/200 发现队列 13/20000 [[user1]:13]
[2026-08-06 17:47:10] [W-4] 🔧 开始处理 [user1] wang1680/TV-zb
[2026-08-06 17:47:10] [W-4] ⏭️ [user1] 仓库 https://github.com/wang1680/TV-zb 331h 未更新，跳过解析（无需追踪）
[2026-08-06 17:47:10] [W-4] ✅ 完成 [user1] wang1680/TV-zb | 提取 0 | 新增 0 | 耗时 0s | 配额 4765/4800 09:47UTC | 主队列 22/200 发现队列 12/20000 [[user1]:12]
[2026-08-06 17:47:10] [W-4] 🔧 开始处理 [user1] wang1680/sublink-worker
[2026-08-06 17:47:10] [W-4] ⏭️ [user1] 仓库 https://github.com/wang1680/sublink-worker 426h 未更新，跳过解析（无需追踪）
[2026-08-06 17:47:10] [W-4] ✅ 完成 [user1] wang1680/sublink-worker | 提取 0 | 新增 0 | 耗时 0s | 配额 4765/4800 09:47UTC | 主队列 22/200 发现队列 11/20000 [[user1]:11]
[2026-08-06 17:47:10] [W-4] 🔧 开始处理 [user1] wang1680/Sink
[2026-08-06 17:47:10] [W-4] ⏭️ [user1] 仓库 https://github.com/wang1680/Sink 437h 未更新，跳过解析（无需追踪）
[2026-08-06 17:47:10] [W-4] ✅ 完成 [user1] wang1680/Sink | 提取 0 | 新增 0 | 耗时 0s | 配额 4765/4800 09:47UTC | 主队列 22/200 发现队列 10/20000 [[user1]:10]
[2026-08-06 17:47:10] [W-4] 🔧 开始处理 [user1] wang1680/qiandao-templates
[2026-08-06 17:47:10] [W-4] ⏭️ [user1] 仓库 https://github.com/wang1680/qiandao-templates 483h 未更新，跳过解析（无需追踪）
[2026-08-06 17:47:10] [W-4] ✅ 完成 [user1] wang1680/qiandao-templates | 提取 0 | 新增 0 | 耗时 0s | 配额 4765/4800 09:47UTC | 主队列 22/200 发现队列 9/20000 [[user1]:9]
[2026-08-06 17:47:10] [W-4] 🔧 开始处理 [user1] wang1680/CloudFlare-ImgBed
[2026-08-06 17:47:10] [W-4] ⏭️ [user1] 仓库 https://github.com/wang1680/CloudFlare-ImgBed 622h 未更新，跳过解析（无需追踪）
[2026-08-06 17:47:10] [W-4] ✅ 完成 [user1] wang1680/CloudFlare-ImgBed | 提取 0 | 新增 0 | 耗时 0s | 配额 4765/4800 09:47UTC | 主队列 22/200 发现队列 8/20000 [[user1]:8]
[2026-08-06 17:47:10] [W-4] 🔧 开始处理 [user1] wang1680/epeius
[2026-08-06 17:47:10] [W-4] ⏭️ [user1] 仓库 https://github.com/wang1680/epeius 635h 未更新，跳过解析（无需追踪）
[2026-08-06 17:47:10] [W-16] ✅ 完成 [user1] Raad63/serverless-dns | 提取 0 | 新增 0 | 耗时 0s | 配额 4765/4800 09:47UTC | 主队列 22/200 发现队列 7/20000 [[user1]:7]
[2026-08-06 17:47:10] [W-16] 🔧 开始处理 [user1] wang1680/subconverter
[2026-08-06 17:47:10] [W-16] ⏭️ [user1] 仓库 https://github.com/wang1680/subconverter 649h 未更新，跳过解析（无需追踪）
[2026-08-06 17:47:10] [W-17] ✅ 完成 [user1] Raad63/edgetunnel | 提取 0 | 新增 0 | 耗时 0s | 配额 4765/4800 09:47UTC | 主队列 22/200 发现队列 6/20000 [[user1]:6]
[2026-08-06 17:47:10] [W-17] 🔧 开始处理 [user1] wang1680/PickTV
[2026-08-06 17:47:10] [W-17] ⏭️ [user1] 仓库 https://github.com/wang1680/PickTV 675h 未更新，跳过解析（无需追踪）
[2026-08-06 17:47:10] [W-23] ✅ 完成 [user1] wang1680/TVAPP | 提取 0 | 新增 0 | 耗时 0s | 配额 4765/4800 09:47UTC | 主队列 22/200 发现队列 5/20000 [[user1]:5]
[2026-08-06 17:47:10] [W-23] 🔧 开始处理 [user1] wang1680/m3u
[2026-08-06 17:47:10] [W-23] ⏭️ [user1] 仓库 https://github.com/wang1680/m3u 681h 未更新，跳过解析（无需追踪）
[2026-08-06 17:47:10] [W-19] ✅ 完成 [user1] Raad63/NekoBox-ForAndroid | 提取 0 | 新增 0 | 耗时 0s | 配额 4765/4800 09:47UTC | 主队列 22/200 发现队列 4/20000 [[user1]:4]
[2026-08-06 17:47:10] [W-19] 🔧 开始处理 [user1] wang1680/TVlive
[2026-08-06 17:47:10] [W-19] ⏭️ [user1] 仓库 https://github.com/wang1680/TVlive 869h 未更新，跳过解析（无需追踪）
[2026-08-06 17:47:10] [W-18] ✅ 完成 [user1] Raad63/GFW-slayer | 提取 0 | 新增 0 | 耗时 0s | 配额 4765/4800 09:47UTC | 主队列 22/200 发现队列 3/20000 [[user1]:3]
[2026-08-06 17:47:10] [W-18] 🔧 开始处理 [user1] wang1680/Cloudflare-vless-trojan
[2026-08-06 17:47:10] [W-18] ⏭️ [user1] 仓库 https://github.com/wang1680/Cloudflare-vless-trojan 1032h 未更新，跳过解析（无需追踪）
[2026-08-06 17:47:10] [W-18] ✅ 完成 [user1] wang1680/Cloudflare-vless-trojan | 提取 0 | 新增 0 | 耗时 0s | 配额 4765/4800 09:47UTC | 主队列 22/200 发现队列 2/20000 [[user1]:2]
[2026-08-06 17:47:10] [W-18] 🔧 开始处理 [user1] wang1680/pansou
[2026-08-06 17:47:10] [W-18] ⏭️ [user1] 仓库 https://github.com/wang1680/pansou 1266h 未更新，跳过解析（无需追踪）
[2026-08-06 17:47:10] [W-18] ✅ 完成 [user1] wang1680/pansou | 提取 0 | 新增 0 | 耗时 0s | 配额 4765/4800 09:47UTC | 主队列 22/200 发现队列 1/20000 [[user1]:1]
[2026-08-06 17:47:10] [W-18] 🔧 开始处理 [user1] wang1680/xyqonlinerule
[2026-08-06 17:47:10] [W-18] ⏭️ [user1] 仓库 https://github.com/wang1680/xyqonlinerule 1348h 未更新，跳过解析（无需追踪）
[2026-08-06 17:47:10] [W-18] ✅ 完成 [user1] wang1680/xyqonlinerule | 提取 0 | 新增 0 | 耗时 0s | 配额 4765/4800 09:47UTC | 主队列 22/200 发现队列 0/20000 [空]
[2026-08-06 17:47:10] [W-18] 🔧 开始处理 [种子仓库] Pawdroid/Free-servers
[2026-08-06 17:47:10] [W-4] ✅ 完成 [user1] wang1680/epeius | 提取 0 | 新增 0 | 耗时 0s | 配额 4765/4800 09:47UTC | 主队列 21/200 发现队列 0/20000 [空]
[2026-08-06 17:47:10] [W-4] 🔧 开始处理 [种子仓库] LoneKingCode/free-proxy-db
[2026-08-06 17:47:10] [W-11] ✅ 完成 [user1] Raad63/FreeNodes-barabam-sub-2 | 提取 0 | 新增 0 | 耗时 0s | 配额 4765/4800 09:47UTC | 主队列 20/200 发现队列 0/20000 [空]
[2026-08-06 17:47:10] [W-10] ✅ 完成 [user1] Raad63/CF_vless_trojan-yongekk | 提取 0 | 新增 0 | 耗时 0s | 配额 4765/4800 09:47UTC | 主队列 20/200 发现队列 0/20000 [空]
[2026-08-06 17:47:10] [W-16] ✅ 完成 [user1] wang1680/subconverter | 提取 0 | 新增 0 | 耗时 0s | 配额 4765/4800 09:47UTC | 主队列 20/200 发现队列 0/20000 [空]
[2026-08-06 17:47:10] [W-17] ✅ 完成 [user1] wang1680/PickTV | 提取 0 | 新增 0 | 耗时 0s | 配额 4765/4800 09:47UTC | 主队列 20/200 发现队列 0/20000 [空]
[2026-08-06 17:47:10] [W-23] ✅ 完成 [user1] wang1680/m3u | 提取 0 | 新增 0 | 耗时 0s | 配额 4765/4800 09:47UTC | 主队列 20/200 发现队列 0/20000 [空]
[2026-08-06 17:47:10] [W-19] ✅ 完成 [user1] wang1680/TVlive | 提取 0 | 新增 0 | 耗时 0s | 配额 4765/4800 09:47UTC | 主队列 20/200 发现队列 0/20000 [空]
[2026-08-06 17:47:10] [W-8] ✅ 完成 [user1] wang1680/KVideo | 提取 0 | 新增 0 | 耗时 0s | 配额 4765/4800 09:47UTC | 主队列 20/200 发现队列 0/20000 [空]
[2026-08-06 17:47:10] [W-3] ✅ 完成 [user1] Raad63/usef-oblivion | 提取 0 | 新增 0 | 耗时 0s | 配额 4765/4800 09:47UTC | 主队列 20/200 发现队列 0/20000 [空]
[2026-08-06 17:47:10] [W-9] ✅ 完成 [user1] Raad63/iptv | 提取 0 | 新增 0 | 耗时 0s | 配额 4765/4800 09:47UTC | 主队列 20/200 发现队列 0/20000 [空]
[2026-08-06 17:47:10] [W-14] 仓库 https://github.com/Raad63/Contry-bulk-xray-v2ray-vless-vmess-...-configs 候选文件 1 个
[2026-08-06 17:47:10] [W-12] 仓库 https://github.com/wang1680/WorkerVless2sub 无候选文件 (总计 12 blob, 扩展名过滤 5, processed_shas 跳过 0, SHA 缓存跳过 7)
[2026-08-06 17:47:10] [W-12] ✅ 完成 [user1] wang1680/WorkerVless2sub | 提取 0 | 新增 0 | 耗时 0s | 配额 4763/4800 09:47UTC | 主队列 20/200 发现队列 0/20000 [空]
[2026-08-06 17:47:10] [W-20] 仓库 https://github.com/Raad63/Free-sub-fly 无候选文件 (总计 9 blob, 扩展名过滤 1, processed_shas 跳过 0, SHA 缓存跳过 8)
[2026-08-06 17:47:10] [W-20] ✅ 完成 [user1] Raad63/Free-sub-fly | 提取 0 | 新增 0 | 耗时 2s | 配额 4762/4800 09:47UTC | 主队列 20/200 发现队列 0/20000 [空]
[2026-08-06 17:47:10] [W-5] 仓库 https://github.com/wang1680/migu_video 候选文件 2 个
[2026-08-06 17:47:10] [W-7] 仓库 https://github.com/wang1680/iptv-sources 无候选文件 (总计 9 blob, 扩展名过滤 8, processed_shas 跳过 0, SHA 缓存跳过 1)
[2026-08-06 17:47:10] [W-7] ✅ 完成 [user1] wang1680/iptv-sources | 提取 0 | 新增 0 | 耗时 0s | 配额 4760/4800 09:47UTC | 主队列 20/200 发现队列 0/20000 [空]
[2026-08-06 17:47:10] [W-18] [种子仓库] 仓库 https://github.com/Pawdroid/Free-servers (分支: main, size: 93KB, pushed: 2026-08-06T09:00:40Z)
