[2026-07-28 19:52:45] 🚀 程序启动
[2026-07-28 19:52:45] 关键词: 105 个
[2026-07-28 19:52:45] 已加载黑名单: 10026 个
[2026-07-28 19:52:45] 加载 SHA 缓存 203951 条 (1 分片)
[2026-07-28 19:52:45] 🚀 程序启动 | 配额上限 4800/小时
[2026-07-28 19:52:45] 🔵 阶段 1: 种子仓库 (592 个)
[2026-07-28 19:52:45] 🔵 种子仓库: 592 个 → 队列
[2026-07-28 19:52:45] [W-种子] 🔵 [种子 1/592] mahdibland/V2RayAggregator | 配额 4800/4800 | 主队列 1/200[2026-07-28 19:52:45] [W-0] 🔧 开始处理 mahdibland/V2RayAggregator

[2026-07-28 19:52:45] [W-0] 仓库 https://github.com/mahdibland/V2RayAggregator (分支: master, size: 4515002KB, pushed: 2026-07-28T04:00:55Z)
[2026-07-28 19:52:46] [W-0] 🔵 [种子 2/592] gfpcom/free-proxy-list | 配额 4799/4800 | 主队列 1/200
[2026-07-28 19:52:46] [W-1] 🔧 开始处理 gfpcom/free-proxy-list
[2026-07-28 19:52:46] [W-1] 仓库 https://github.com/gfpcom/free-proxy-list (分支: main, size: 37109KB, pushed: 2026-07-28T11:36:14Z)
[2026-07-28 19:52:46] 仓库 https://github.com/mahdibland/V2RayAggregator 候选文件较多 (1505 个)，先通过 commits API 过滤
[2026-07-28 19:52:47] 仓库 https://github.com/gfpcom/free-proxy-list 候选文件 1 个
[2026-07-28 19:52:47] 🔗 递归发现仓库 wiki/gfpcom (来源 https://raw.githubusercontent.com/gfpcom/free-proxy-list/main/README.md)
[2026-07-28 19:52:48] [W-1] 🔵 [种子 3/592] ninjastrikers/nexus-nodes | 配额 4797/4800 | 主队列 1/200
[2026-07-28 19:52:48] [W-2] 🔧 开始处理 ninjastrikers/nexus-nodes
[2026-07-28 19:52:48] [W-2] 仓库 https://github.com/ninjastrikers/nexus-nodes (分支: main, size: 1003487KB, pushed: 2026-07-28T10:48:10Z)
[2026-07-28 19:52:48] repo info (wiki/gfpcom) 404，跳过
[2026-07-28 19:52:48] 🔗 查子仓库: gfpcom/free-proxy-list
[2026-07-28 19:52:50] 仓库 https://github.com/ninjastrikers/nexus-nodes 候选文件较多 (489 个)，先通过 commits API 过滤
[2026-07-28 19:52:52] [W-2] 🔵 [种子 4/592] ermaozi/get_subscribe | 配额 4791/4800 | 主队列 1/200
[2026-07-28 19:52:52] [W-3] 🔧 开始处理 ermaozi/get_subscribe
[2026-07-28 19:52:52] [W-3] 仓库 https://github.com/ermaozi/get_subscribe (分支: main, size: 98KB, pushed: 2026-07-28T00:41:34Z)
[2026-07-28 19:52:54]   🍴 子仓库: 30 个 → 发现队列 (队列: 0/600)
[2026-07-28 19:52:54]   Compare API 返回 25 个变更文件 (3 次 API 调用)[2026-07-28 19:52:54] 🔗 开始 Fork 链追踪 (gfpcom/free-proxy-list)

[2026-07-28 19:52:54]   commits 过滤: 1505 → 0 (变更文件 25 个)
[2026-07-28 19:52:54] 仓库 https://github.com/mahdibland/V2RayAggregator 候选文件经时间过滤后为空
[2026-07-28 19:52:54] 🔗 查子仓库: mahdibland/V2RayAggregator
[2026-07-28 19:52:56] 仓库 https://github.com/ermaozi/get_subscribe 无候选文件 (总计 73 blob, 扩展名过滤 64, processed_shas 跳过 0, SHA 缓存跳过 9)
[2026-07-28 19:52:56] 🔗 查子仓库: ermaozi/get_subscribe
[2026-07-28 19:52:56] [W-3] 🔵 [种子 5/592] pawdroid/Free-servers | 配额 4786/4800 | 主队列 1/200
[2026-07-28 19:52:56] 👤 遍历用户仓库: gfpcom
[2026-07-28 19:52:58]   Compare API 返回 300 个变更文件 (3 次 API 调用)
[2026-07-28 19:52:58]   commits 过滤: 489 → 248 (变更文件 300 个)
[2026-07-28 19:52:58] 仓库 https://github.com/ninjastrikers/nexus-nodes 候选文件 248 个
[2026-07-28 19:52:58] [W-3] 🔵 [种子 6/592] sevcator/5ubscrpt10n | 配额 4780/4800 | 主队列 2/200
[2026-07-28 19:53:00]   🍴 子仓库: 30 个 → 发现队列 (队列: 0/600)[2026-07-28 19:53:00]   🍴 子仓库: 30 个 → 发现队列 (队列: 0/600)

[2026-07-28 19:53:00] 🔗 开始 Fork 链追踪 (ermaozi/get_subscribe)
[2026-07-28 19:53:00] 🔗 开始 Fork 链追踪 (mahdibland/V2RayAggregator)
[2026-07-28 19:53:02]   👤 用户仓库: 4 个 → 发现队列 (队列: 0/600)
[2026-07-28 19:53:02]   用户 gfpcom 共查 4 个仓库
[2026-07-28 19:53:02] [W-3] ✅ 完成 gfpcom/free-proxy-list (+2819 节点)
[2026-07-28 19:53:02] [W-1] 🔧 开始处理 pawdroid/Free-servers
[2026-07-28 19:53:02] [W-1] 仓库 https://github.com/pawdroid/Free-servers (分支: main, size: 90KB, pushed: 2026-07-28T11:00:46Z)
[2026-07-28 19:53:02] 👤 遍历用户仓库: ermaozi[2026-07-28 19:53:02] [W-1] 🔵 [种子 7/592] roosterkid/openproxylist | 配额 4775/4800 | 主队列 2/200
[2026-07-28 19:53:02] 👤 遍历用户仓库: mahdibland

[2026-07-28 19:53:04] 仓库 https://github.com/pawdroid/Free-servers 候选文件 32 个
[2026-07-28 19:53:05] [W-1] 🔵 [种子 8/592] V2RayRoot/V2RayConfig | 配额 4770/4800 | 主队列 3/200
[2026-07-28 19:53:06] 🔗 发现仓库链接 Cenmrev/V2Ray (来源 https://raw.githubusercontent.com/pawdroid/Free-servers/main/static/README-id.md)
[2026-07-28 19:53:07] 🔗 发现仓库链接 Fndroid/clash_for_windows_pk (来源 https://raw.githubusercontent.com/pawdroid/Free-servers/main/static/README-pl.md)
[2026-07-28 19:53:07] 🔗 发现仓库链接 Shinlor/V2Ray (来源 https://raw.githubusercontent.com/pawdroid/Free-servers/main/static/README-es.md)[2026-07-28 19:53:07]   👤 用户仓库: 19 个 → 发现队列 (队列: 0/600)

[2026-07-28 19:53:07] 🔗 发现仓库链接 mellow-io/mello (来源 https://raw.githubusercontent.com/pawdroid/Free-servers/main/static/README-pt-BR.md)[2026-07-28 19:53:07]   👤 用户仓库: 21 个 → 发现队列 (队列: 0/600)[2026-07-28 19:53:07] 📦 批次 0001 已持久化: /home/runner/work/test-college/test-college/batches/no_batch_0001.txt (5410 个节点, 累计 5410 个) | 主队列 3/200, 发现队列 0/600[2026-07-28 19:53:07] 🔗 发现仓库链接 2dust/v2ray (来源 https://raw.githubusercontent.com/pawdroid/Free-servers/main/static/README-en.md)
[2026-07-28 19:53:07] [W-1] 🔵 [种子 9/592] Farid-Karimi/Config-Collector | 配额 4766/4800 | 主队列 4/200

[2026-07-28 19:53:07] 🔗 发现仓库链接 Pawdroid/shadowrocket_for_androi (来源 https://raw.githubusercontent.com/pawdroid/Free-servers/main/README.md)[2026-07-28 19:53:07]   用户 mahdibland 共查 19 个仓库[2026-07-28 19:53:07] 🔗 发现仓库链接 Kr328/ClashForAndroi (来源 https://raw.githubusercontent.com/pawdroid/Free-servers/main/static/README-ko-KR.md)



[2026-07-28 19:53:07] 🔗 发现仓库链接 yichenchen/clash (来源 https://raw.githubusercontent.com/pawdroid/Free-servers/main/static/README-vi.md)[2026-07-28 19:53:08] repo info (Cenmrev/V2Ray) 404，跳过[2026-07-28 19:53:07] 🔗 发现仓库链接 yichengchen/clash (来源 https://raw.githubusercontent.com/pawdroid/Free-servers/main/static/README-de.md)



[2026-07-28 19:53:08]   用户 ermaozi 共查 21 个仓库[2026-07-28 19:53:08] [W-1] ✅ 完成 mahdibland/V2RayAggregator (+5425 节点)

[2026-07-28 19:53:08] [W-1] ✅ 完成 ermaozi/get_subscribe (+5423 节点)[2026-07-28 19:53:08] repo info (Fndroid/clash_for_windows_pk) 404，跳过[2026-07-28 19:53:08] [W-0] 🔧 开始处理 sevcator/5ubscrpt10n

[2026-07-28 19:53:08] ⏭️ 仓库 https://github.com/sevcator/5ubscrpt10n 70h 未更新，跳过解析（追踪 fork 链）

[2026-07-28 19:53:08] 🔗 查子仓库: sevcator/5ubscrpt10n[2026-07-28 19:53:08] [W-3] 🔧 开始处理 roosterkid/openproxylist

[2026-07-28 19:53:08] [W-3] 仓库 https://github.com/roosterkid/openproxylist (分支: main, size: 1075102KB, pushed: 2026-07-28T11:00:27Z)
[2026-07-28 19:53:09] SHA 缓存已保存: 204175 条, 1 分片
[2026-07-28 19:53:09] 🔗 发现仓库链接 shadowsocksrr/shadowsocksr-cshar (来源 https://raw.githubusercontent.com/pawdroid/Free-servers/main/static/README-pl.md)
[2026-07-28 19:53:09] 🔗 发现仓库链接 shadowsocksrr/shadowsocksr-androi (来源 https://raw.githubusercontent.com/pawdroid/Free-servers/main/static/README-id.md)
[2026-07-28 19:53:09] 🔗 发现仓库链接 qinyuhang/ShadowsocksX-NG- (来源 https://raw.githubusercontent.com/pawdroid/Free-servers/main/static/README-ar.md)
[2026-07-28 19:53:09] 🔗 发现仓库链接 yanue/V2ray (来源 https://raw.githubusercontent.com/pawdroid/Free-servers/main/static/README-hi.md)
[2026-07-28 19:53:09] 🔗 查子仓库: ninjastrikers/nexus-nodes
[2026-07-28 19:53:10] repo info (Shinlor/V2Ray) 404，跳过
[2026-07-28 19:53:10] repo info (2dust/v2ray) 404，跳过
[2026-07-28 19:53:10] repo info (mellow-io/mello) 404，跳过
[2026-07-28 19:53:10] [W-3] 🔵 [种子 10/592] ehsanghaffar/config-sub-platform | 配额 4761/4800 | 主队列 3/200
[2026-07-28 19:53:12] repo info (shadowsocksrr/shadowsocksr-cshar) 404，跳过[2026-07-28 19:53:12] repo info (yanue/V2ray) 404，跳过[2026-07-28 19:53:12] 仓库 https://github.com/roosterkid/openproxylist 候选文件 9 个

[2026-07-28 19:53:12] repo info (yichengchen/clash) 404，跳过[2026-07-28 19:53:12] repo info (shadowsocksrr/shadowsocksr-androi) 404，跳过[2026-07-28 19:53:12] repo info (yichenchen/clash) 404，跳过[2026-07-28 19:53:12] repo info (Kr328/ClashForAndroi) 404，跳过

[2026-07-28 19:53:12] repo info (qinyuhang/ShadowsocksX-NG-) 404，跳过
[2026-07-28 19:53:12] repo info (Pawdroid/shadowrocket_for_androi) 404，跳过



[2026-07-28 19:53:12] 🔗 查子仓库: pawdroid/Free-servers
[2026-07-28 19:53:13] 🔗 查子仓库: roosterkid/openproxylist
[2026-07-28 19:53:18]   🍴 子仓库: 7 个 → 发现队列 (队列: 0/600)
[2026-07-28 19:53:18] 🔗 开始 Fork 链追踪 (ninjastrikers/nexus-nodes)
[2026-07-28 19:53:20]   🍴 子仓库: 24 个 → 发现队列 (队列: 0/600)[2026-07-28 19:53:20] [W-3] 🔵 [种子 11/592] Airuop/config-fetcher | 配额 4748/4800 | 主队列 4/200

[2026-07-28 19:53:20] 🔗 开始 Fork 链追踪 (sevcator/5ubscrpt10n)
[2026-07-28 19:53:20] 👤 遍历用户仓库: ninjastrikers
[2026-07-28 19:53:22] 👤 遍历用户仓库: sevcator
[2026-07-28 19:53:22]   🍴 子仓库: 30 个 → 发现队列 (队列: 0/600)
[2026-07-28 19:53:22] 🔗 开始 Fork 链追踪 (pawdroid/Free-servers)
[2026-07-28 19:53:25]   👤 用户仓库: 30 个 → 发现队列 (队列: 0/600)
[2026-07-28 19:53:25]   用户 ninjastrikers 共查 30 个仓库
[2026-07-28 19:53:25] [W-3] ✅ 完成 ninjastrikers/nexus-nodes (+6045 节点)
[2026-07-28 19:53:25] [W-2] 🔧 开始处理 V2RayRoot/V2RayConfig
[2026-07-28 19:53:25] [W-2] 仓库 https://github.com/V2RayRoot/V2RayConfig (分支: main, size: 508385KB, pushed: 2026-07-28T10:05:05Z)
[2026-07-28 19:53:25] 👤 遍历用户仓库: pawdroid
[2026-07-28 19:53:25] [W-2] 🔵 [种子 12/592] free-nodes/v2rayfree | 配额 4741/4800 | 主队列 4/200
[2026-07-28 19:53:25] 仓库 https://github.com/V2RayRoot/V2RayConfig 无候选文件 (总计 19 blob, 扩展名过滤 2, processed_shas 跳过 0, SHA 缓存跳过 17)
[2026-07-28 19:53:25] 🔗 查子仓库: V2RayRoot/V2RayConfig
[2026-07-28 19:53:27]   🍴 子仓库: 30 个 → 发现队列 (队列: 0/600)
[2026-07-28 19:53:27] 🔗 开始 Fork 链追踪 (roosterkid/openproxylist)
[2026-07-28 19:53:29]   👤 用户仓库: 30 个 → 发现队列 (队列: 0/600)
[2026-07-28 19:53:29]   用户 sevcator 共查 30 个仓库
[2026-07-28 19:53:29] [W-2] ✅ 完成 sevcator/5ubscrpt10n (+622 节点)
[2026-07-28 19:53:29] [W-0] 🔧 开始处理 Farid-Karimi/Config-Collector
[2026-07-28 19:53:29] [W-0] 仓库 https://github.com/Farid-Karimi/Config-Collector (分支: main, size: 340475KB, pushed: 2026-07-28T10:36:46Z)
[2026-07-28 19:53:31]   👤 用户仓库: 15 个 → 发现队列 (队列: 0/600)[2026-07-28 19:53:31]   🍴 子仓库: 19 个 → 发现队列 (队列: 0/600)[2026-07-28 19:53:31] [W-0] 🔵 [种子 13/592] crashgfw/free-airport-nodes | 配额 4732/4800 | 主队列 4/200[2026-07-28 19:53:31] 👤 遍历用户仓库: roosterkid

[2026-07-28 19:53:31]   用户 pawdroid 共查 15 个仓库


[2026-07-28 19:53:31] [W-0] ✅ 完成 pawdroid/Free-servers (+3219 节点)
[2026-07-28 19:53:31] 🔗 开始 Fork 链追踪 (V2RayRoot/V2RayConfig)
[2026-07-28 19:53:31] [W-1] 🔧 开始处理 ehsanghaffar/config-sub-platform
[2026-07-28 19:53:31] 仓库在黑名单中: https://github.com/ehsanghaffar/config-sub-platform
[2026-07-28 19:53:31] [W-1] ✅ 完成 ehsanghaffar/config-sub-platform (+0 节点)
[2026-07-28 19:53:31] [W-1] 🔧 开始处理 Airuop/config-fetcher
[2026-07-28 19:53:31] 仓库在黑名单中: https://github.com/Airuop/config-fetcher
[2026-07-28 19:53:31] [W-1] ✅ 完成 Airuop/config-fetcher (+0 节点)
[2026-07-28 19:53:31] [W-1] 🔧 开始处理 free-nodes/v2rayfree
[2026-07-28 19:53:31] [W-1] 仓库 https://github.com/free-nodes/v2rayfree (分支: main, size: 21905KB, pushed: 2026-07-28T10:38:53Z)
[2026-07-28 19:53:33] 仓库 https://github.com/Farid-Karimi/Config-Collector 候选文件 5 个
[2026-07-28 19:53:33] 👤 遍历用户仓库: V2RayRoot
[2026-07-28 19:53:33] [W-1] 🔵 [种子 14/592] lza6/free-VPN | 配额 4724/4800 | 主队列 2/200
[2026-07-28 19:53:33] 仓库 https://github.com/free-nodes/v2rayfree 候选文件 3 个
[2026-07-28 19:53:34] 🔗 发现仓库链接 clashbk/clas (来源 https://raw.githubusercontent.com/free-nodes/v2rayfree/main/README.md)
[2026-07-28 19:53:35] 🔗 查子仓库: Farid-Karimi/Config-Collector
[2026-07-28 19:53:35] repo info (clashbk/clas) 404，跳过
[2026-07-28 19:53:35] 🔗 发现仓库链接 free-nodes/clashfree (来源 https://raw.githubusercontent.com/free-nodes/v2rayfree/main/README.md)
[2026-07-28 19:53:35]   👤 用户仓库: 11 个 → 发现队列 (队列: 0/600)
[2026-07-28 19:53:35]   用户 roosterkid 共查 11 个仓库
[2026-07-28 19:53:35] [W-1] ✅ 完成 roosterkid/openproxylist (+3809 节点)
[2026-07-28 19:53:35] [W-3] 🔧 开始处理 crashgfw/free-airport-nodes
[2026-07-28 19:53:35] 仓库在黑名单中: https://github.com/crashgfw/free-airport-nodes
[2026-07-28 19:53:35] [W-3] ✅ 完成 crashgfw/free-airport-nodes (+0 节点)
[2026-07-28 19:53:35] [W-3] 🔧 开始处理 lza6/free-VPN
[2026-07-28 19:53:35] 仓库在黑名单中: https://github.com/lza6/free-VPN
[2026-07-28 19:53:35] [W-3] ✅ 完成 lza6/free-VPN (+0 节点)
[2026-07-28 19:53:35]   👤 用户仓库: 7 个 → 发现队列 (队列: 0/600)
[2026-07-28 19:53:35]   用户 V2RayRoot 共查 7 个仓库
[2026-07-28 19:53:35] ✅ 完成 V2RayRoot/V2RayConfig (+3187 节点)
[2026-07-28 19:53:37] 🔵 [种子 15/592] guying23/AutoMergePublicNodes | 配额 4719/4800 | 主队列 1/200
[2026-07-28 19:53:37] [W-3] 🔧 开始处理 guying23/AutoMergePublicNodes
[2026-07-28 19:53:37] 仓库在黑名单中: https://github.com/guying23/AutoMergePublicNodes
[2026-07-28 19:53:37] [W-3] ✅ 完成 guying23/AutoMergePublicNodes (+0 节点)
[2026-07-28 19:53:39]   🍴 子仓库: 2 个 → 发现队列 (队列: 0/600)
[2026-07-28 19:53:39] 🔗 开始 Fork 链追踪 (Farid-Karimi/Config-Collector)
[2026-07-28 19:53:40] 🔵 [种子 16/592] rtwo2/FastNodes | 配额 4713/4800 | 主队列 1/200
[2026-07-28 19:53:40] [W-2] 🔧 开始处理 rtwo2/FastNodes
[2026-07-28 19:53:40] [W-2] 仓库 https://github.com/rtwo2/FastNodes (分支: main, size: 1869518KB, pushed: 2026-07-28T08:54:04Z)
[2026-07-28 19:53:41] 🔗 查子仓库: free-nodes/v2rayfree
[2026-07-28 19:53:42]   父仓库: mrvcoder/V2rayCollector
[2026-07-28 19:53:42] 仓库在黑名单中: https://github.com/mrvcoder/V2rayCollector
[2026-07-28 19:53:42]   父仓库 +0 个节点
[2026-07-28 19:53:42] [W-2] 🔵 [种子 17/592] wzdnzd/aggregator | 配额 4710/4800 | 主队列 1/200[2026-07-28 19:53:42] [W-3] 🔧 开始处理 wzdnzd/aggregator

[2026-07-28 19:53:42] ⏭️ 仓库 https://github.com/wzdnzd/aggregator 131h 未更新，跳过解析（追踪 fork 链）
[2026-07-28 19:53:42] 🔗 查子仓库: wzdnzd/aggregator
[2026-07-28 19:53:42] 仓库 https://github.com/rtwo2/FastNodes 候选文件较多 (182 个)，先通过 commits API 过滤
[2026-07-28 19:53:46]   🍴 兄弟仓库: 30 个 → 发现队列 (队列: 1/600)
[2026-07-28 19:53:46] 👤 遍历用户仓库: Farid-Karimi
[2026-07-28 19:53:46] [W-3] 🔵 [种子 18/592] aiboboxx/v2rayfree | 配额 4706/4800 | 主队列 1/200
[2026-07-28 19:53:46]   🍴 子仓库: 30 个 → 发现队列 (队列: 1/600)
[2026-07-28 19:53:46] 🔗 开始 Fork 链追踪 (wzdnzd/aggregator)
[2026-07-28 19:53:48]   🍴 子仓库: 30 个 → 发现队列 (队列: 1/600)
[2026-07-28 19:53:48] 🔗 开始 Fork 链追踪 (free-nodes/v2rayfree)
[2026-07-28 19:53:48]   Compare API 返回 187 个变更文件 (3 次 API 调用)
[2026-07-28 19:53:48]   commits 过滤: 182 → 182 (变更文件 187 个)
[2026-07-28 19:53:48] 仓库 https://github.com/rtwo2/FastNodes 候选文件 182 个
[2026-07-28 19:53:50] 📦 批次 0002 已持久化: /home/runner/work/test-college/test-college/batches/no_batch_0002.txt (5038 个节点, 累计 10448 个) | 主队列 1/200, 发现队列 1/600
[2026-07-28 19:53:50] 👤 遍历用户仓库: wzdnzd
[2026-07-28 19:53:51] 👤 遍历用户仓库: free-nodes
[2026-07-28 19:53:52] SHA 缓存已保存: 204300 条, 1 分片
[2026-07-28 19:53:52] [W-3] 🔵 [种子 19/592] awesome-vpn/awesome-vpn | 配额 4699/4800 | 主队列 2/200
[2026-07-28 19:53:52]   👤 用户仓库: 29 个 → 发现队列 (队列: 1/600)
[2026-07-28 19:53:52]   用户 Farid-Karimi 共查 29 个仓库
[2026-07-28 19:53:52] [W-3] ✅ 完成 Farid-Karimi/Config-Collector (+4658 节点)
[2026-07-28 19:53:52] [W-0] 🔧 开始处理 free-nodes/clashfree
[2026-07-28 19:53:52] [W-0] 仓库 https://github.com/free-nodes/clashfree (分支: main, size: 20740KB, pushed: 2026-07-28T11:01:15Z)
[2026-07-28 19:53:54]   👤 用户仓库: 30 个 → 发现队列 (队列: 0/600)
[2026-07-28 19:53:54]   用户 wzdnzd 共查 30 个仓库[2026-07-28 19:53:54]   👤 用户仓库: 10 个 → 发现队列 (队列: 0/600)

[2026-07-28 19:53:54] [W-0] 🔵 [种子 20/592] bruceblink/free-v2ray | 配额 4691/4800 | 主队列 3/200
[2026-07-28 19:53:55]   用户 free-nodes 共查 10 个仓库[2026-07-28 19:53:55] [W-0] ✅ 完成 wzdnzd/aggregator (+4057 节点)
[2026-07-28 19:53:55] 仓库 https://github.com/free-nodes/clashfree 候选文件 2 个[2026-07-28 19:53:55] [W-3] 🔧 开始处理 aiboboxx/v2rayfree


[2026-07-28 19:53:56] [W-3] ✅ 完成 free-nodes/v2rayfree (+7252 节点)[2026-07-28 19:53:56] [W-3] 仓库 https://github.com/aiboboxx/v2rayfree (分支: main, size: 21905KB, pushed: 2026-07-28T10:38:53Z)

[2026-07-28 19:53:56] [W-3] 🔵 [种子 21/592] Mr-Meshky/vify | 配额 4687/4800 | 主队列 3/200
[2026-07-28 19:53:56] [W-1] 🔧 开始处理 awesome-vpn/awesome-vpn
[2026-07-28 19:53:57] [W-1] 仓库 https://github.com/awesome-vpn/awesome-vpn (分支: master, size: 3242KB, pushed: 2026-07-28T01:51:36Z)
[2026-07-28 19:53:58] [W-1] 🔵 [种子 22/592] pog7x/vpn-configs | 配额 4686/4800 | 主队列 3/200[2026-07-28 19:53:58] 仓库 https://github.com/aiboboxx/v2rayfree 无候选文件 (总计 11 blob, 扩展名过滤 0, processed_shas 跳过 3, SHA 缓存跳过 8)[2026-07-28 19:53:58] 仓库 https://github.com/awesome-vpn/awesome-vpn 无候选文件 (总计 44 blob, 扩展名过滤 27, processed_shas 跳过 0, SHA 缓存跳过 17)


[2026-07-28 19:53:59] 🔗 查子仓库: awesome-vpn/awesome-vpn[2026-07-28 19:53:59] 🔗 查子仓库: aiboboxx/v2rayfree

[2026-07-28 19:53:59] [W-1] 🔵 [种子 23/592] mheidari98/.proxy | 配额 4683/4800 | 主队列 4/200
[2026-07-28 19:54:00] 📦 批次 0003 已持久化: /home/runner/work/test-college/test-college/batches/no_batch_0003.txt (5471 个节点, 累计 15919 个) | 主队列 4/200, 发现队列 0/600
[2026-07-28 19:54:11] SHA 缓存已保存: 204344 条, 1 分片
[2026-07-28 19:54:11] [W-1] 🔵 [种子 24/592] yitong2333/proxy-minging | 配额 4682/4800 | 主队列 5/200
[2026-07-28 19:54:12] [W-1] 🔵 [种子 25/592] MhdiTaheri/V2rayCollector_Py | 配额 4679/4800 | 主队列 6/200
[2026-07-28 19:54:13] [W-1] 🔵 [种子 26/592] mohamadfg-dev/telegram-v2ray-configs-collector | 配额 4678/4800 | 主队列 7/200
[2026-07-28 19:54:15] [W-1] 🔵 [种子 27/592] free18/v2ray | 配额 4677/4800 | 主队列 8/200
[2026-07-28 19:54:16] [W-1] 🔵 [种子 28/592] Epodonios/v2ray-configs | 配额 4674/4800 | 主队列 9/200
[2026-07-28 19:54:17] 📦 批次 0004 已持久化: /home/runner/work/test-college/test-college/batches/no_batch_0004.txt (5025 个节点, 累计 20965 个) | 主队列 9/200, 发现队列 0/600
[2026-07-28 19:54:18] SHA 缓存已保存: 204351 条, 1 分片
[2026-07-28 19:54:18] [W-1] 🔵 [种子 29/592] acymz/AutoVPN | 配额 4673/4800 | 主队列 10/200
[2026-07-28 19:54:18]   🍴 子仓库: 30 个 → 发现队列 (队列: 0/600)
[2026-07-28 19:54:18] 🔗 开始 Fork 链追踪 (awesome-vpn/awesome-vpn)
[2026-07-28 19:54:18]   🍴 子仓库: 16 个 → 发现队列 (队列: 0/600)
[2026-07-28 19:54:18] 🔗 开始 Fork 链追踪 (aiboboxx/v2rayfree)
[2026-07-28 19:54:18] 👤 遍历用户仓库: awesome-vpn
[2026-07-28 19:54:18] 👤 遍历用户仓库: aiboboxx
[2026-07-28 19:54:18]   用户 aiboboxx 共查 0 个仓库
[2026-07-28 19:54:18] [W-1] ✅ 完成 aiboboxx/v2rayfree (+9221 节点)
[2026-07-28 19:54:18] [W-3] 🔧 开始处理 bruceblink/free-v2ray
[2026-07-28 19:54:18] 仓库在黑名单中: https://github.com/bruceblink/free-v2ray
[2026-07-28 19:54:18] [W-3] ✅ 完成 bruceblink/free-v2ray (+0 节点)
[2026-07-28 19:54:18] [W-3] 🔧 开始处理 Mr-Meshky/vify
[2026-07-28 19:54:18] [W-3] 仓库 https://github.com/Mr-Meshky/vify (分支: main, size: 181720KB, pushed: 2026-07-28T11:14:31Z)
[2026-07-28 19:54:19] [W-3] 🔵 [种子 30/592] snakem982/proxypool | 配额 4670/4800 | 主队列 9/200
[2026-07-28 19:54:20] [W-3] 🔵 [种子 31/592] Leon406/SubCrawler | 配额 4666/4800 | 主队列 10/200
[2026-07-28 19:54:20]   👤 用户仓库: 2 个 → 发现队列 (队列: 0/600)
[2026-07-28 19:54:20]   用户 awesome-vpn 共查 2 个仓库
[2026-07-28 19:54:20] [W-3] ✅ 完成 awesome-vpn/awesome-vpn (+8798 节点)
[2026-07-28 19:54:21] [W-1] 🔧 开始处理 pog7x/vpn-configs
[2026-07-28 19:54:21] [W-1] 仓库 https://github.com/pog7x/vpn-configs (分支: master, size: 757021KB, pushed: 2026-07-28T11:20:05Z)
[2026-07-28 19:54:21] 🔗 发现仓库链接 free-nodes/clashfre (来源 https://raw.githubusercontent.com/free-nodes/clashfree/main/README.md)
[2026-07-28 19:54:21] [W-1] 🔵 [种子 32/592] 603711936/SmartSub | 配额 4664/4800 | 主队列 10/200
[2026-07-28 19:54:22] repo info (free-nodes/clashfre) 404，跳过
[2026-07-28 19:54:22] [W-1] 🔵 [种子 33/592] Triton-ix/v2ray-Finder | 配额 4661/4800 | 主队列 11/200
[2026-07-28 19:54:23] repo info (alanbobs999/TopFreeProxies) 返回 403 (尝试 1/2)
[2026-07-28 19:54:23] repo info (alanbobs999/TopFreeProxies) 403（访问被拒，配额剩余 4877），跳过
[2026-07-28 19:54:23] [W-1] ❌ 🔵 [种子 34/592] alanbobs999/TopFreeProxies 404 | 配额 4660/4800 | 主队列 11/200
[2026-07-28 19:54:24] [W-1] 🔵 [种子 35/592] wrfree/free | 配额 4659/4800 | 主队列 12/200
[2026-07-28 19:54:25] [W-1] 🔵 [种子 36/592] barry-far/V2ray-Config | 配额 4658/4800 | 主队列 13/200
[2026-07-28 19:54:25] 仓库 https://github.com/pog7x/vpn-configs 候选文件 19 个
[2026-07-28 19:54:26] [W-1] 🔵 [种子 37/592] Ruk1ng001/freeSub | 配额 4657/4800 | 主队列 14/200
[2026-07-28 19:54:27] 🔗 递归发现仓库 shabane/kamaji (来源 https://raw.githubusercontent.com/pog7x/vpn-configs/master/urls.json)
[2026-07-28 19:54:27] 🔗 发现仓库链接 pog7x/vpn-configs.git (来源 https://raw.githubusercontent.com/pog7x/vpn-configs/master/README.md)
[2026-07-28 19:54:27] [W-1] 🔵 [种子 38/592] learnhard-cn/free_proxy_ss | 配额 4656/4800 | 主队列 15/200
[2026-07-28 19:54:28] repo info (pog7x/vpn-configs.git) 404，跳过
[2026-07-28 19:54:28] 🔗 递归发现仓库 expressalaki/ExpressVPN (来源 https://raw.githubusercontent.com/pog7x/vpn-configs/master/urls.json)
[2026-07-28 19:54:28] [W-1] 🔵 [种子 39/592] ssrsub/ssr | 配额 4654/4800 | 主队列 16/200
[2026-07-28 19:54:29] repo info (expressalaki/ExpressVPN) 404，跳过
[2026-07-28 19:54:30] [W-1] 🔵 [种子 40/592] mahdibland/ShadowsocksAggregator | 配额 4652/4800 | 主队列 17/200
[2026-07-28 19:54:31] 🔗 递归发现仓库 miladtahanian/Config-Collector (来源 https://raw.githubusercontent.com/pog7x/vpn-configs/master/urls.json)
[2026-07-28 19:54:31] [W-1] 🔵 [种子 41/592] mahdibland/SSAggregator | 配额 4650/4800 | 主队列 18/200
[2026-07-28 19:54:33] [W-1] 🔵 [种子 42/592] anaer/Sub | 配额 4649/4800 | 主队列 19/200
[2026-07-28 19:54:34] [W-1] 🔵 [种子 43/592] peasoft/NoMoreWalls | 配额 4647/4800 | 主队列 20/200
[2026-07-28 19:54:34] 🔗 递归发现仓库 miladtahanian/V2RayCFGDumper (来源 https://raw.githubusercontent.com/pog7x/vpn-configs/master/urls.json)
[2026-07-28 19:54:34] 仓库 https://github.com/Mr-Meshky/vify 候选文件 66 个
[2026-07-28 19:54:35] 🔗 递归发现仓库 MahsaNetConfigTopic/config (来源 https://raw.githubusercontent.com/pog7x/vpn-configs/master/urls.json)
[2026-07-28 19:54:36] 🔗 递归发现仓库 MrAbolfazlNorouzi/iran-configs (来源 https://raw.githubusercontent.com/Mr-Meshky/vify/main/configs/stats.json)
[2026-07-28 19:54:36] [W-1] 🔵 [种子 44/592] SnapdragonLee/SystemProxy | 配额 4646/4800 | 主队列 21/200
[2026-07-28 19:54:36] repo info (MahsaNetConfigTopic/config) 404，跳过
[2026-07-28 19:54:37] 📦 批次 0005 已持久化: /home/runner/work/test-college/test-college/batches/no_batch_0005.txt (5017 个节点, 累计 25965 个) | 主队列 21/200, 发现队列 4/600
[2026-07-28 19:54:37] 🔗 递归发现仓库 4n0nymou3/multi-proxy-config-fetcher (来源 https://raw.githubusercontent.com/Mr-Meshky/vify/main/configs/stats.json)
[2026-07-28 19:54:37] [W-1] 🔵 [种子 45/592] mfuu/v2ray | 配额 4643/4800 | 主队列 22/200
[2026-07-28 19:54:38] SHA 缓存已保存: 204425 条, 1 分片
[2026-07-28 19:54:39] [W-1] 🔵 [种子 46/592] mahdibland/get_v2 | 配额 4641/4800 | 主队列 23/200
[2026-07-28 19:54:39] 🔗 发现仓库链接 Mr-Meshky/vif (来源 https://raw.githubusercontent.com/pog7x/vpn-configs/master/urls.json)
[2026-07-28 19:54:39] repo info (Mr-Meshky/vif) 404，跳过
[2026-07-28 19:54:40] [W-1] 🔵 [种子 47/592] Misaka-blog/chromego_merge | 配额 4639/4800 | 主队列 24/200
[2026-07-28 19:54:40] 🔗 发现仓库链接 Argh94/Proxy-Lis (来源 https://raw.githubusercontent.com/pog7x/vpn-configs/master/urls.json)
[2026-07-28 19:54:41] repo info (Argh94/Proxy-Lis) 404，跳过
[2026-07-28 19:54:41] 🔗 发现仓库链接 MhdiTaheri/V2rayCollector_P (来源 https://raw.githubusercontent.com/pog7x/vpn-configs/master/urls.json)
[2026-07-28 19:54:41] [W-1] 🔵 [种子 48/592] ripaojiedian/freenode | 配额 4637/4800 | 主队列 25/200
[2026-07-28 19:54:42] repo info (MhdiTaheri/V2rayCollector_P) 404，跳过
[2026-07-28 19:54:42] 🔗 发现仓库链接 MhdiTaheri/V2rayCollecto (来源 https://raw.githubusercontent.com/pog7x/vpn-configs/master/urls.json)
[2026-07-28 19:54:43] [W-1] 🔵 [种子 49/592] free-nodes/clashfree | 配额 4634/4800 | 主队列 26/200
[2026-07-28 19:54:43] repo info (MhdiTaheri/V2rayCollecto) 404，跳过
[2026-07-28 19:54:43] 🔗 发现仓库链接 sakha1370/OpenRa (来源 https://raw.githubusercontent.com/pog7x/vpn-configs/master/urls.json)
[2026-07-28 19:54:44] repo info (sakha1370/OpenRa) 404，跳过
[2026-07-28 19:54:44] [W-1] 🔵 [种子 50/592] MrAbolfazlNorouzi/iran-configs | 配额 4632/4800 | 主队列 27/200
[2026-07-28 19:54:45] 🔗 发现仓库链接 igareck/vpn-configs-for-russi (来源 https://raw.githubusercontent.com/pog7x/vpn-configs/master/urls.json)
[2026-07-28 19:54:45] [W-1] 🔵 [种子 51/592] miladtahanian/Config-Collector | 配额 4630/4800 | 主队列 28/200
[2026-07-28 19:54:45] 🔗 查子仓库: free-nodes/clashfree
[2026-07-28 19:54:46] repo info (igareck/vpn-configs-for-russi) 404，跳过
[2026-07-28 19:54:46] 🔗 发现仓库链接 LalatinaHub/Minera (来源 https://raw.githubusercontent.com/pog7x/vpn-configs/master/urls.json)
[2026-07-28 19:54:46] repo info (LalatinaHub/Minera) 404，跳过
[2026-07-28 19:54:46] 🔗 发现仓库链接 Epodonios/v2ray-config (来源 https://raw.githubusercontent.com/pog7x/vpn-configs/master/urls.json)
[2026-07-28 19:54:46] [W-1] 🔵 [种子 52/592] miladtahanian/V2RayCFGDumper | 配额 4628/4800 | 主队列 29/200
[2026-07-28 19:54:47] repo info (Epodonios/v2ray-config) 404，跳过
[2026-07-28 19:54:48] [W-1] 🔵 [种子 53/592] mahsanet/MahsaFreeConfig | 配额 4625/4800 | 主队列 30/200
[2026-07-28 19:54:48] [W-1] 🔵 [种子 54/592] zieng2/wl | 配额 4623/4800 | 主队列 31/200
[2026-07-28 19:54:50] [W-1] 🔵 [种子 55/592] Mahdi0024/ProxyCollector | 配额 4622/4800 | 主队列 32/200
[2026-07-28 19:54:51] [W-1] 🔵 [种子 56/592] 4n0nymou3/multi-proxy-config-fetcher | 配额 4620/4800 | 主队列 33/200
[2026-07-28 19:54:53] [W-1] 🔵 [种子 57/592] Ashkan-m/v2ray | 配额 4619/4800 | 主队列 34/200
[2026-07-28 19:54:54] [W-1] 🔵 [种子 58/592] iampedii/whitedns-sub | 配额 4618/4800 | 主队列 35/200
[2026-07-28 19:54:55] [W-1] 🔵 [种子 59/592] Diversan313/apex-parser | 配额 4617/4800 | 主队列 36/200
[2026-07-28 19:54:57] [W-1] 🔵 [种子 60/592] Kamyar19/configMs | 配额 4616/4800 | 主队列 37/200
[2026-07-28 19:54:58] [W-1] 🔵 [种子 61/592] shabane/kamaji | 配额 4615/4800 | 主队列 38/200
[2026-07-28 19:54:58]   🍴 子仓库: 30 个 → 发现队列 (队列: 5/600)
[2026-07-28 19:54:58] 🔗 开始 Fork 链追踪 (free-nodes/clashfree)
[2026-07-28 19:54:58] 👤 遍历用户仓库: free-nodes
[2026-07-28 19:55:00] [W-1] 🔵 [种子 62/592] sakha1370/OpenRay | 配额 4613/4800 | 主队列 39/200
[2026-07-28 19:55:00]   用户 free-nodes 共查 0 个仓库
[2026-07-28 19:55:00] [W-1] ✅ 完成 free-nodes/clashfree (+17504 节点)
[2026-07-28 19:55:00] [W-0] 🔧 开始处理 shabane/kamaji
[2026-07-28 19:55:00] [W-0] 仓库 https://github.com/shabane/kamaji (分支: master, size: 1294850KB, pushed: 2026-07-28T02:09:53Z)
[2026-07-28 19:55:00] 📦 批次 0006 已持久化: /home/runner/work/test-college/test-college/batches/no_batch_0006.txt (5427 个节点, 累计 31404 个) | 主队列 39/200, 发现队列 4/600
[2026-07-28 19:55:00] SHA 缓存已保存: 204452 条, 1 分片
[2026-07-28 19:55:00] [W-0] 🔵 [种子 63/592] noxenys/SmartSub | 配额 4610/4800 | 主队列 40/200
[2026-07-28 19:55:00] 仓库 https://github.com/shabane/kamaji 候选文件较多 (171 个)，先通过 commits API 过滤
[2026-07-28 19:55:01] 🔗 查子仓库: Mr-Meshky/vify
[2026-07-28 19:55:01] 📦 批次 0007 已持久化: /home/runner/work/test-college/test-college/batches/no_batch_0007.txt (6570 个节点, 累计 37964 个) | 主队列 40/200, 发现队列 4/600
[2026-07-28 19:55:01] SHA 缓存已保存: 204460 条, 1 分片
[2026-07-28 19:55:01] [W-0] 🔵 [种子 64/592] FreeFolksOn/abc-configs-free-vpn-proxy-list | 配额 4606/4800 | 主队列 41/200
[2026-07-28 19:55:01]   🍴 子仓库: 4 个 → 发现队列 (队列: 4/600)
[2026-07-28 19:55:01] 🔗 开始 Fork 链追踪 (Mr-Meshky/vify)
[2026-07-28 19:55:02] 👤 遍历用户仓库: Mr-Meshky
[2026-07-28 19:55:02] 🔗 查子仓库: pog7x/vpn-configs
[2026-07-28 19:55:02] [W-0] 🔵 [种子 65/592] way-fu/free-nodes-auto | 配额 4602/4800 | 主队列 42/200
[2026-07-28 19:55:02]   Compare API 返回 76 个变更文件 (3 次 API 调用)
[2026-07-28 19:55:02]   commits 过滤: 171 → 76 (变更文件 76 个)
[2026-07-28 19:55:02] 仓库 https://github.com/shabane/kamaji 候选文件 76 个
[2026-07-28 19:55:02]   🍴 子仓库: 7 个 → 发现队列 (队列: 4/600)[2026-07-28 19:55:02] 📦 批次 0008 已持久化: /home/runner/work/test-college/test-college/batches/no_batch_0008.txt (5076 个节点, 累计 43397 个) | 主队列 42/200, 发现队列 4/600

[2026-07-28 19:55:03] 🔗 开始 Fork 链追踪 (pog7x/vpn-configs)
[2026-07-28 19:55:03] 👤 遍历用户仓库: pog7x
[2026-07-28 19:55:03] SHA 缓存已保存: 204474 条, 1 分片
[2026-07-28 19:55:03] [W-0] 🔵 [种子 66/592] xcai413/fanqiang-navigation | 配额 4598/4800 | 主队列 43/200
[2026-07-28 19:55:03] 🔗 查子仓库: rtwo2/FastNodes
[2026-07-28 19:55:03]   👤 用户仓库: 15 个 → 发现队列 (队列: 4/600)
[2026-07-28 19:55:03]   👤 用户仓库: 18 个 → 发现队列 (队列: 4/600)[2026-07-28 19:55:03]   用户 pog7x 共查 15 个仓库

[2026-07-28 19:55:03]   用户 Mr-Meshky 共查 18 个仓库[2026-07-28 19:55:03] [W-0] ✅ 完成 pog7x/vpn-configs (+20888 节点)

[2026-07-28 19:55:03] [W-0] ✅ 完成 Mr-Meshky/vify (+20911 节点)[2026-07-28 19:55:03] [W-1] 🔧 开始处理 miladtahanian/Config-Collector

[2026-07-28 19:55:03] [W-1] 仓库 https://github.com/miladtahanian/Config-Collector (分支: main, size: 146084KB, pushed: 2026-07-28T11:31:07Z)
[2026-07-28 19:55:03] [W-3] 🔧 开始处理 miladtahanian/V2RayCFGDumper
[2026-07-28 19:55:03] [W-3] 仓库 https://github.com/miladtahanian/V2RayCFGDumper (分支: main, size: 147431KB, pushed: 2026-07-28T10:04:42Z)
[2026-07-28 19:55:04] 仓库 https://github.com/miladtahanian/Config-Collector 候选文件 1 个
[2026-07-28 19:55:04] 仓库 https://github.com/miladtahanian/V2RayCFGDumper 候选文件 1 个
[2026-07-28 19:55:04]   🍴 子仓库: 6 个 → 发现队列 (队列: 2/600)
[2026-07-28 19:55:04] 🔗 开始 Fork 链追踪 (rtwo2/FastNodes)
[2026-07-28 19:55:04] [W-3] 🔵 [种子 67/592] junjun266/FreeProxyGo | 配额 4592/4800 | 主队列 44/200
[2026-07-28 19:55:04] 👤 遍历用户仓库: rtwo2
[2026-07-28 19:55:05] 🔗 查子仓库: miladtahanian/V2RayCFGDumper
[2026-07-28 19:55:05]   用户 rtwo2 共查 0 个仓库
[2026-07-28 19:55:05] [W-3] ✅ 完成 rtwo2/FastNodes (+34552 节点)
[2026-07-28 19:55:05] [W-2] 🔧 开始处理 MrAbolfazlNorouzi/iran-configs
[2026-07-28 19:55:05] [W-2] 仓库 https://github.com/MrAbolfazlNorouzi/iran-configs (分支: main, size: 754193KB, pushed: 2026-07-28T11:54:03Z)
[2026-07-28 19:55:05] 🔗 查子仓库: miladtahanian/Config-Collector
[2026-07-28 19:55:05] [W-2] 🔵 [种子 68/592] imalyzer/mihomo-node-checker | 配额 4586/4800 | 主队列 45/200
[2026-07-28 19:55:05] 仓库 https://github.com/MrAbolfazlNorouzi/iran-configs 候选文件 1 个
[2026-07-28 19:55:05]   🍴 子仓库: 20 个 → 发现队列 (队列: 1/600)
[2026-07-28 19:55:05] 🔗 开始 Fork 链追踪 (miladtahanian/V2RayCFGDumper)
[2026-07-28 19:55:06]   🍴 子仓库: 8 个 → 发现队列 (队列: 1/600)
[2026-07-28 19:55:06] 🔗 开始 Fork 链追踪 (miladtahanian/Config-Collector)
[2026-07-28 19:55:06] [W-2] 🔵 [种子 69/592] lerjtl/Testfree | 配额 4579/4800 | 主队列 46/200
[2026-07-28 19:55:06] 👤 遍历用户仓库: miladtahanian
[2026-07-28 19:55:06] 🔗 查子仓库: MrAbolfazlNorouzi/iran-configs
[2026-07-28 19:55:06] 👤 遍历用户仓库: miladtahanian
[2026-07-28 19:55:06]   🍴 子仓库: 4 个 → 发现队列 (队列: 1/600)
[2026-07-28 19:55:06] 🔗 开始 Fork 链追踪 (MrAbolfazlNorouzi/iran-configs)
[2026-07-28 19:55:09] 👤 遍历用户仓库: MrAbolfazlNorouzi
[2026-07-28 19:55:09]   👤 用户仓库: 30 个 → 发现队列 (队列: 1/600)[2026-07-28 19:55:09]   👤 用户仓库: 11 个 → 发现队列 (队列: 1/600)
[2026-07-28 19:55:09] [W-2] 🔵 [种子 70/592] hansenlandun-prog/freeproxy-node-sub | 配额 4573/4800 | 主队列 47/200

[2026-07-28 19:55:09]   用户 miladtahanian 共查 11 个仓库
[2026-07-28 19:55:09]   用户 miladtahanian 共查 30 个仓库
[2026-07-28 19:55:09] [W-2] ✅ 完成 miladtahanian/Config-Collector (+977 节点)
[2026-07-28 19:55:10] [W-2] ✅ 完成 miladtahanian/V2RayCFGDumper (+977 节点)
[2026-07-28 19:55:10] [W-3] 🔧 开始处理 mheidari98/.proxy[2026-07-28 19:55:10] [W-1] 🔧 开始处理 4n0nymou3/multi-proxy-config-fetcher

[2026-07-28 19:55:10] [W-1] 仓库 https://github.com/mheidari98/.proxy (分支: main, size: 70538KB, pushed: 2026-07-28T10:45:16Z)[2026-07-28 19:55:10] [W-1] 仓库 https://github.com/4n0nymou3/multi-proxy-config-fetcher (分支: main, size: 82179KB, pushed: 2026-07-28T09:39:30Z)

[2026-07-28 19:55:12] [W-1] 🔵 [种子 71/592] wenxig/free-nodes-sub | 配额 4567/4800 | 主队列 47/200
[2026-07-28 19:55:13] 仓库 https://github.com/mheidari98/.proxy 候选文件 5 个
[2026-07-28 19:55:13]   👤 用户仓库: 4 个 → 发现队列 (队列: 0/600)
[2026-07-28 19:55:13]   用户 MrAbolfazlNorouzi 共查 4 个仓库
[2026-07-28 19:55:13] [W-1] ✅ 完成 MrAbolfazlNorouzi/iran-configs (+622 节点)[2026-07-28 19:55:13] 仓库 https://github.com/4n0nymou3/multi-proxy-config-fetcher 候选文件 12 个

[2026-07-28 19:55:13] [W-1] 🔵 [种子 72/592] LingQingOutAt11/free-vpn-subscriptions | 配额 4563/4800 | 主队列 48/200
[2026-07-28 19:55:14] [W-2] 🔧 开始处理 yitong2333/proxy-minging
[2026-07-28 19:55:14] [W-2] 仓库 https://github.com/yitong2333/proxy-minging (分支: main, size: 1860783KB, pushed: 2026-07-28T11:25:16Z)
[2026-07-28 19:55:16] [W-2] 🔵 [种子 73/592] superokde/free-nodes | 配额 4561/4800 | 主队列 48/200
[2026-07-28 19:55:17] 仓库 https://github.com/yitong2333/proxy-minging 候选文件 2 个
[2026-07-28 19:55:17] [W-2] 🔵 [种子 74/592] XHegit/FreeNodes | 配额 4559/4800 | 主队列 49/200
[2026-07-28 19:55:18] 🔗 递归发现仓库 igareck/vpn-configs-for-russia (来源 https://raw.githubusercontent.com/yitong2333/proxy-minging/main/url.txt)
[2026-07-28 19:55:19] [W-2] 🔵 [种子 75/592] Yannik666/nodes | 配额 4558/4800 | 主队列 50/200
[2026-07-28 19:55:20] 🔗 递归发现仓库 IR-NETLIFY/NETLIFY (来源 https://raw.githubusercontent.com/yitong2333/proxy-minging/main/url.txt)
[2026-07-28 19:55:21] repo info (IR-NETLIFY/NETLIFY) 404，跳过[2026-07-28 19:55:21] [W-2] 🔵 [种子 76/592] wanvfx/FreeNodes | 配额 4556/4800 | 主队列 51/200

[2026-07-28 19:55:21] 🔗 递归发现仓库 go4sharing/sub (来源 https://raw.githubusercontent.com/yitong2333/proxy-minging/main/url.txt)
[2026-07-28 19:55:22] [W-2] 🔵 [种子 77/592] hzhimingyang12345-a11y/airport-free | 配额 4554/4800 | 主队列 52/200[2026-07-28 19:55:23] 🔗 递归发现仓库 m3hdio1/v2ray_sub (来源 https://raw.githubusercontent.com/yitong2333/proxy-minging/main/url.txt)

[2026-07-28 19:55:25] [W-2] 🔵 [种子 78/592] luochen1975/FreeNodes | 配额 4552/4800 | 主队列 53/200
[2026-07-28 19:55:25] repo info (m3hdio1/v2ray_sub) 404，跳过
[2026-07-28 19:55:25] 🔗 递归发现仓库 soroushmirzaei/telegram-configs-collector (来源 https://raw.githubusercontent.com/yitong2333/proxy-minging/main/url.txt)
[2026-07-28 19:55:27] [W-2] 🔵 [种子 79/592] wang1680/proxypool | 配额 4550/4800 | 主队列 54/200[2026-07-28 19:55:27] repo info (soroushmirzaei/telegram-configs-collector) 404，跳过

[2026-07-28 19:55:28] 🔗 递归发现仓库 v2rayNplus/v2rayNplus.github.io (来源 https://raw.githubusercontent.com/yitong2333/proxy-minging/main/url.txt)
[2026-07-28 19:55:28] [W-2] 🔵 [种子 80/592] yangfh158/FreeNodes | 配额 4548/4800 | 主队列 55/200
[2026-07-28 19:55:29] 🔗 递归发现仓库 v2rayCrow/Sub-Link-Output (来源 https://raw.githubusercontent.com/yitong2333/proxy-minging/main/url.txt)
[2026-07-28 19:55:30] 🔗 递归发现仓库 op30mmd/vpn_proxy66 (来源 https://raw.githubusercontent.com/yitong2333/proxy-minging/main/url.txt)
[2026-07-28 19:55:30] [W-2] 🔵 [种子 81/592] chengege666/FreeNodes | 配额 4546/4800 | 主队列 56/200
[2026-07-28 19:55:31] repo info (op30mmd/vpn_proxy66) 404，跳过
[2026-07-28 19:55:31] 🔗 递归发现仓库 azadiazinjamigzare/Hiddify (来源 https://raw.githubusercontent.com/yitong2333/proxy-minging/main/url.txt)
[2026-07-28 19:55:31] repo info (azadiazinjamigzare/Hiddify) 404，跳过
[2026-07-28 19:55:32] [W-2] 🔵 [种子 82/592] gwcctv/FreeNodes | 配额 4543/4800 | 主队列 57/200
[2026-07-28 19:55:33] [W-2] 🔵 [种子 83/592] HakurouKen/free-node | 配额 4541/4800 | 主队列 58/200
[2026-07-28 19:55:34] [W-2] 🔵 [种子 84/592] PENZA84/free-node | 配额 4540/4800 | 主队列 59/200
[2026-07-28 19:55:35] [W-2] 🔵 [种子 85/592] soufranciscoescola-png/Criar-fonte-TTF---BR---draw-your-font | 配额 4539/4800 | 主队列 60/200
[2026-07-28 19:55:36] [W-2] 🔵 [种子 86/592] cheryomukhin/draw-your-font | 配额 4538/4800 | 主队列 61/200
[2026-07-28 19:55:38] [W-2] 🔵 [种子 87/592] dhiaeddine-ayh/draw-your-font | 配额 4537/4800 | 主队列 62/200
[2026-07-28 19:55:39] 🔗 查子仓库: 4n0nymou3/multi-proxy-config-fetcher
[2026-07-28 19:55:39] [W-2] 🔵 [种子 88/592] DuChen212/Free-servers | 配额 4536/4800 | 主队列 63/200
[2026-07-28 19:55:40] 🔗 查子仓库: yitong2333/proxy-minging
[2026-07-28 19:55:40]   🍴 子仓库: 30 个 → 发现队列 (队列: 4/600)
[2026-07-28 19:55:40] 🔗 开始 Fork 链追踪 (4n0nymou3/multi-proxy-config-fetcher)
[2026-07-28 19:55:40] [W-2] 🔵 [种子 89/592] yafeisun/v2raynode | 配额 4534/4800 | 主队列 64/200
[2026-07-28 19:55:40] 👤 遍历用户仓库: 4n0nymou3