[2026-07-15 17:22:48] 🚀 程序启动
[2026-07-15 17:22:48] 关键词: 90 个
[2026-07-15 17:22:48] 已加载黑名单: 1697 个
[2026-07-15 17:22:48] 加载 SHA 缓存 37104 条 (1 分片)
[2026-07-15 17:22:48] 🚀 程序启动 | 配额上限 4800/小时
[2026-07-15 17:22:48] 🔵 种子仓库: 38 个 → 队列
[2026-07-15 17:22:48] ⚠️ Worker 异常: mahdibland/V2RayAggregator: maximum recursion depth exceeded
[2026-07-15 17:22:49] ⚠️ Worker 异常: gfpcom/free-proxy-list: maximum recursion depth exceeded
[2026-07-15 17:22:50] ⚠️ Worker 异常: ninjastrikers/nexus-nodes: maximum recursion depth exceeded
[2026-07-15 17:22:50] ⏱️ Code [1/29] vmess:// extension:yaml | 2s | +0 节点 | 配额 4796/4800
[2026-07-15 17:22:51] ⚠️ Worker 异常: ermaozi/get_subscribe: maximum recursion depth exceeded
[2026-07-15 17:22:52] ⚠️ Worker 异常: pawdroid/Free-servers: maximum recursion depth exceeded
[2026-07-15 17:22:52] ⏱️ Code [2/29] vless:// extension:yaml | 2s | +0 节点 | 配额 4793/4800
[2026-07-15 17:22:53] ⚠️ Worker 异常: sevcator/5ubscrpt10n: maximum recursion depth exceeded
[2026-07-15 17:22:53] ⏱️ Code [3/29] trojan:// extension:yaml | 1s | +0 节点 | 配额 4791/4800
[2026-07-15 17:22:55] ⚠️ Worker 异常: roosterkid/openproxylist: maximum recursion depth exceeded
[2026-07-15 17:22:55] ⏱️ Code [4/29] ss:// extension:yaml | 2s | +0 节点 | 配额 4789/4800
[2026-07-15 17:22:56] ⚠️ Worker 异常: V2RayRoot/V2RayConfig: maximum recursion depth exceeded
[2026-07-15 17:22:56] ⏱️ Code [5/29] hysteria2:// extension:yaml | 1s | +0 节点 | 配额 4787/4800
[2026-07-15 17:22:56] ⚠️ Worker 异常: Farid-Karimi/Config-Collector: maximum recursion depth exceeded
[2026-07-15 17:22:57] ⏱️ Code [6/29] tuic:// extension:yaml | 1s | +0 节点 | 配额 4785/4800
[2026-07-15 17:22:59] ⚠️ Worker 异常: ehsanghaffar/config-sub-platform: maximum recursion depth exceeded
[2026-07-15 17:23:00] ⏱️ Code [7/29] vmess:// extension:txt | 3s | +0 节点 | 配额 4783/4800
[2026-07-15 17:23:00] ⚠️ Worker 异常: Airuop/config-fetcher: maximum recursion depth exceeded
[2026-07-15 17:23:00] ⏱️ Code [8/29] vless:// extension:txt | 1s | +0 节点 | 配额 4781/4800
[2026-07-15 17:23:01] ⚠️ Worker 异常: free-nodes/v2rayfree: maximum recursion depth exceeded
[2026-07-15 17:23:01] ⏱️ Code [9/29] trojan:// extension:txt | 1s | +0 节点 | 配额 4779/4800
[2026-07-15 17:23:01] ⚠️ Worker 异常: crashgfw/free-airport-nodes: maximum recursion depth exceeded
[2026-07-15 17:23:02] ⏱️ Code [10/29] ss:// extension:txt | 1s | +0 节点 | 配额 4777/4800
[2026-07-15 17:23:04] ⚠️ Worker 异常: lza6/free-VPN: maximum recursion depth exceeded
[2026-07-15 17:23:04] Code搜索第1页 返回 403 (尝试 1/2)
[2026-07-15 17:23:04] 触发限流，等待 49s ...
[2026-07-15 17:23:05] ⚠️ Worker 异常: guying23/AutoMergePublicNodes: maximum recursion depth exceeded
[2026-07-15 17:23:05] ⚠️ Worker 异常: rtwo2/FastNodes: maximum recursion depth exceeded
[2026-07-15 17:23:06] ⚠️ Worker 异常: wzdnzd/aggregator: maximum recursion depth exceeded
[2026-07-15 17:23:07] ⚠️ Worker 异常: aiboboxx/v2rayfree: maximum recursion depth exceeded
[2026-07-15 17:23:08] ⚠️ Worker 异常: awesome-vpn/awesome-vpn: maximum recursion depth exceeded
[2026-07-15 17:23:09] ⚠️ Worker 异常: bruceblink/free-v2ray: maximum recursion depth exceeded
[2026-07-15 17:23:09] ⚠️ Worker 异常: Mr-Meshky/vify: maximum recursion depth exceeded
[2026-07-15 17:23:10] ⚠️ Worker 异常: pog7x/vpn-configs: maximum recursion depth exceeded
[2026-07-15 17:23:11] ⚠️ Worker 异常: mheidari98/.proxy: maximum recursion depth exceeded
[2026-07-15 17:23:12] ⚠️ Worker 异常: yitong2333/proxy-minging: maximum recursion depth exceeded
[2026-07-15 17:23:12] ⚠️ Worker 异常: MhdiTaheri/V2rayCollector_Py: maximum recursion depth exceeded
[2026-07-15 17:23:13] ⚠️ Worker 异常: mohamadfg-dev/telegram-v2ray-configs-collector: maximum recursion depth exceeded
[2026-07-15 17:23:14] ⚠️ Worker 异常: free18/v2ray: maximum recursion depth exceeded
[2026-07-15 17:23:15] ⚠️ Worker 异常: Epodonios/v2ray-configs: maximum recursion depth exceeded
[2026-07-15 17:23:15] ⚠️ Worker 异常: acymz/AutoVPN: maximum recursion depth exceeded
[2026-07-15 17:23:16] ⚠️ Worker 异常: snakem982/proxypool: maximum recursion depth exceeded
[2026-07-15 17:23:17] ⚠️ Worker 异常: Leon406/SubCrawler: maximum recursion depth exceeded
[2026-07-15 17:23:18] ⚠️ Worker 异常: 603711936/SmartSub: maximum recursion depth exceeded
[2026-07-15 17:23:18] ⚠️ Worker 异常: Triton-ix/v2ray-Finder: maximum recursion depth exceeded
[2026-07-15 17:23:19] repo info (alanbobs999/TopFreeProxies) 返回 403 (尝试 1/2)
[2026-07-15 17:23:19] repo info (alanbobs999/TopFreeProxies) 403（访问被拒，配额剩余 4922），跳过
[2026-07-15 17:23:20] ⚠️ Worker 异常: wrfree/free: maximum recursion depth exceeded
[2026-07-15 17:23:20] ⚠️ Worker 异常: barry-far/V2ray-Config: maximum recursion depth exceeded
[2026-07-15 17:23:21] ⚠️ Worker 异常: Ruk1ng001/freeSub: maximum recursion depth exceeded
[2026-07-15 17:23:22] ⚠️ Worker 异常: learnhard-cn/free_proxy_ss: maximum recursion depth exceeded
[2026-07-15 17:23:23] 🔵 关键词: 122 个
