[2026-08-08 22:21:35] 🚀 程序启动
[2026-08-08 22:21:35] 关键词: 105 个
[2026-08-08 22:21:35] [MainThread] 加载 SHA 缓存 338952 条 (1 分片)
[2026-08-08 22:21:35] [MainThread] 加载已处理仓库缓存 41379 条
[2026-08-08 22:21:35] [MainThread] 已加载 404 仓库 856 条
[2026-08-08 22:21:35] [MainThread] 🚀 程序启动 | 配额上限 4800/小时
[2026-08-08 22:21:35] [MainThread] 🔵 阶段 1: 种子仓库 (744 个)
[2026-08-08 22:21:35] [种子] 🔵 种子仓库: 744 个 → 队列
[2026-08-08 22:21:35] [种子] 🔵 [种子 1/744] Raad63/v2ray-configs-sub-5 | 配额 4800/4800 14:21UTC | 主队列 1/200 发现队列 0/20000 [空] | Worker 0忙/36闲(0%)
[2026-08-08 22:21:35] [种子] 🔵 [种子 2/744] wang1680/proxypool | 配额 4800/4800 14:21UTC | 主队列 2/200 发现队列 0/20000 [空] | Worker 0忙/36闲(0%)
[2026-08-08 22:21:35] [种子] 🔵 [种子 3/744] Pawdroid/Free-servers | 配额 4800/4800 14:21UTC | 主队列 3/200 发现队列 0/20000 [空] | Worker 0忙/36闲(0%)
[2026-08-08 22:21:35] [种子] 🔵 [种子 4/744] LoneKingCode/free-proxy-db | 配额 4800/4800 14:21UTC | 主队列 4/200 发现队列 0/20000 [空] | Worker 0忙/36闲(0%)
[2026-08-08 22:21:35] [种子] 🔵 [种子 5/744] gfpcom/free-proxy-list | 配额 4800/4800 14:21UTC | 主队列 5/200 发现队列 0/20000 [空] | Worker 0忙/36闲(0%)
[2026-08-08 22:21:35] [种子] 🔵 [种子 6/744] mahdibland/get_v2 | 配额 4800/4800 14:21UTC | 主队列 6/200 发现队列 0/20000 [空] | Worker 0忙/36闲(0%)
[2026-08-08 22:21:35] [种子] 🔵 [种子 7/744] MhdiTaheri/V2rayCollector | 配额 4800/4800 14:21UTC | 主队列 7/200 发现队列 0/20000 [空] | Worker 0忙/36闲(0%)
[2026-08-08 22:21:35] [种子] 🔵 [种子 8/744] Raad63/nirevil | 配额 4800/4800 14:21UTC | 主队列 8/200 发现队列 0/20000 [空] | Worker 0忙/36闲(0%)
[2026-08-08 22:21:35] [种子] 🔵 [种子 9/744] cysk003/yebekhe-TVC | 配额 4800/4800 14:21UTC | 主队列 9/200 发现队列 0/20000 [空] | Worker 0忙/36闲(0%)
[2026-08-08 22:21:35] [种子] 🔵 [种子 10/744] chaoduzj/V2RayAutoConfig | 配额 4800/4800 14:21UTC | 主队列 10/200 发现队列 0/20000 [空] | Worker 0忙/36闲(0%)
[2026-08-08 22:21:35] [种子] 🔵 [种子 11/744] sclyxcn/airport-free | 配额 4800/4800 14:21UTC | 主队列 11/200 发现队列 0/20000 [空] | Worker 0忙/36闲(0%)
[2026-08-08 22:21:35] [种子] 🔵 [种子 12/744] MhdiTaheri/V2rayCollector_Py | 配额 4800/4800 14:21UTC | 主队列 12/200 发现队列 0/20000 [空] | Worker 0忙/36闲(0%)
[2026-08-08 22:21:35] [种子] 🔵 [种子 13/744] mr-mohamad-mr/multi-proxy-config-fetcher | 配额 4800/4800 14:21UTC | 主队列 13/200 发现队列 0/20000 [空] | Worker 0忙/36闲(0%)
[2026-08-08 22:21:35] [种子] 🔵 [种子 14/744] miladkantoori/multi-proxy-config-fetcher | 配额 4800/4800 14:21UTC | 主队列 14/200 发现队列 0/20000 [空] | Worker 0忙/36闲(0%)
[2026-08-08 22:21:35] [种子] 🔵 [种子 15/744] Rayan-Config/C-Sub | 配额 4800/4800 14:21UTC | 主队列 15/200 发现队列 0/20000 [空] | Worker 0忙/36闲(0%)
[2026-08-08 22:21:35] [种子] 🔵 [种子 16/744] mfuu/v2ray | 配额 4800/4800 14:21UTC | 主队列 16/200 发现队列 0/20000 [空] | Worker 0忙/36闲(0%)
[2026-08-08 22:21:35] [种子] 🔵 [种子 17/744] mahdibland/SSAggregator | 配额 4800/4800 14:21UTC | 主队列 17/200 发现队列 0/20000 [空] | Worker 0忙/36闲(0%)
[2026-08-08 22:21:35] [种子] 🔵 [种子 18/744] mahdibland/ShadowsocksAggregator | 配额 4800/4800 14:21UTC | 主队列 18/200 发现队列 0/20000 [空] | Worker 0忙/36闲(0%)
[2026-08-08 22:21:35] [种子] 🔵 [种子 19/744] free-nodes/clashfree | 配额 4800/4800 14:21UTC | 主队列 19/200 发现队列 0/20000 [空] | Worker 0忙/36闲(0%)
[2026-08-08 22:21:35] [种子] 🔵 [种子 20/744] ninjastrikers/nexus-nodes | 配额 4800/4800 14:21UTC | 主队列 20/200 发现队列 0/20000 [空] | Worker 0忙/36闲(0%)
[2026-08-08 22:21:35] [种子] 🔵 [种子 21/744] chaoduzj/aggregator | 配额 4800/4800 14:21UTC | 主队列 21/200 发现队列 0/20000 [空] | Worker 0忙/36闲(0%)
[2026-08-08 22:21:35] [种子] 🔵 [种子 22/744] Airuop/cross | 配额 4800/4800 14:21UTC | 主队列 22/200 发现队列 0/20000 [空] | Worker 0忙/36闲(0%)
[2026-08-08 22:21:35] [种子] 🔵 [种子 23/744] SkillfulElectro/V2RayCollector | 配额 4800/4800 14:21UTC | 主队列 23/200 发现队列 0/20000 [空] | Worker 0忙/36闲(0%)
[2026-08-08 22:21:35] [种子] 🔵 [种子 24/744] aiboboxx/v2rayfree | 配额 4800/4800 14:21UTC | 主队列 24/200 发现队列 0/20000 [空] | Worker 0忙/36闲(0%)
[2026-08-08 22:21:35] [种子] 🔵 [种子 25/744] iswhat/Chat2DB | 配额 4800/4800 14:21UTC | 主队列 25/200 发现队列 0/20000 [空] | Worker 0忙/36闲(0%)
[2026-08-08 22:21:35] [种子] 🔵 [种子 26/744] pooriaredorg/pooriaredorg | 配额 4800/4800 14:21UTC | 主队列 26/200 发现队列 0/20000 [空] | Worker 0忙/36闲(0%)
[2026-08-08 22:21:35] [种子] 🔵 [种子 27/744] ssrsub/ssr | 配额 4800/4800 14:21UTC | 主队列 27/200 发现队列 0/20000 [空] | Worker 0忙/36闲(0%)
[2026-08-08 22:21:35] [种子] 🔵 [种子 28/744] peasoft/NoMoreWalls | 配额 4800/4800 14:21UTC | 主队列 28/200 发现队列 0/20000 [空] | Worker 0忙/36闲(0%)
[2026-08-08 22:21:35] [种子] 🔵 [种子 29/744] 4n0nymou3/multi-proxy-config-fetcher | 配额 4800/4800 14:21UTC | 主队列 29/200 发现队列 0/20000 [空] | Worker 0忙/36闲(0%)
[2026-08-08 22:21:35] [种子] 🔵 [种子 30/744] wenxig/free-nodes-sub | 配额 4800/4800 14:21UTC | 主队列 30/200 发现队列 0/20000 [空] | Worker 0忙/36闲(0%)
[2026-08-08 22:21:35] [种子] 🔵 [种子 31/744] 10ium/multi-proxy-config-fetcher | 配额 4800/4800 14:21UTC | 主队列 31/200 发现队列 0/20000 [空] | Worker 0忙/36闲(0%)
[2026-08-08 22:21:35] [种子] 🔵 [种子 32/744] sclyxcn/v2ray-reaper | 配额 4800/4800 14:21UTC | 主队列 32/200 发现队列 0/20000 [空] | Worker 0忙/36闲(0%)
[2026-08-08 22:21:35] [种子] 🔵 [种子 33/744] cysk003/Epodonios-v2ray-configs | 配额 4800/4800 14:21UTC | 主队列 33/200 发现队列 0/20000 [空] | Worker 0忙/36闲(0%)
[2026-08-08 22:21:35] [种子] 🔵 [种子 34/744] cysk003/NoMoreWalls | 配额 4800/4800 14:21UTC | 主队列 34/200 发现队列 0/20000 [空] | Worker 0忙/36闲(0%)
[2026-08-08 22:21:35] [种子] 🔵 [种子 35/744] Misaka-blog/chromego_merge | 配额 4800/4800 14:21UTC | 主队列 35/200 发现队列 0/20000 [空] | Worker 0忙/36闲(0%)
[2026-08-08 22:21:35] [种子] 🔵 [种子 36/744] Aethersailor/SubConverter-Extended | 配额 4800/4800 14:21UTC | 主队列 36/200 发现队列 0/20000 [空] | Worker 0忙/36闲(0%)
[2026-08-08 22:21:35] [种子] 🔵 [种子 37/744] kafeixiang/mihomo | 配额 4800/4800 14:21UTC | 主队列 37/200 发现队列 0/20000 [空] | Worker 0忙/36闲(0%)
[2026-08-08 22:21:35] [种子] 🔵 [种子 38/744] anaer/Sub | 配额 4800/4800 14:21UTC | 主队列 38/200 发现队列 0/20000 [空] | Worker 0忙/36闲(0%)
[2026-08-08 22:21:35] [种子] 🔵 [种子 39/744] Leon406/SubCrawler | 配额 4800/4800 14:21UTC | 主队列 39/200 发现队列 0/20000 [空] | Worker 0忙/36闲(0%)
[2026-08-08 22:21:35] [种子] 🔵 [种子 40/744] Baobei321/-AutoMergePublicNodes | 配额 4800/4800 14:21UTC | 主队列 40/200 发现队列 0/20000 [空] | Worker 0忙/36闲(0%)
[2026-08-08 22:21:35] [种子] 🔵 [种子 41/744] ts-sf/fly | 配额 4800/4800 14:21UTC | 主队列 41/200 发现队列 0/20000 [空] | Worker 0忙/36闲(0%)
[2026-08-08 22:21:35] [种子] 🔵 [种子 42/744] chaoduzj/subs-check | 配额 4800/4800 14:21UTC | 主队列 42/200 发现队列 0/20000 [空] | Worker 0忙/36闲(0%)
[2026-08-08 22:21:35] [种子] 🔵 [种子 43/744] chaoduzj/pac2 | 配额 4800/4800 14:21UTC | 主队列 43/200 发现队列 0/20000 [空] | Worker 0忙/36闲(0%)
[2026-08-08 22:21:35] [种子] 🔵 [种子 44/744] ws94666ws/awesome-vpn | 配额 4800/4800 14:21UTC | 主队列 44/200 发现队列 0/20000 [空] | Worker 0忙/36闲(0%)
[2026-08-08 22:21:35] [种子] 🔵 [种子 45/744] ab13643832129/awesome-vpn | 配额 4800/4800 14:21UTC | 主队列 45/200 发现队列 0/20000 [空] | Worker 0忙/36闲(0%)
[2026-08-08 22:21:35] [种子] 🔵 [种子 46/744] xwcyg6/airport-free | 配额 4800/4800 14:21UTC | 主队列 46/200 发现队列 0/20000 [空] | Worker 0忙/36闲(0%)
[2026-08-08 22:21:35] [种子] 🔵 [种子 47/744] BiHuDeH/multi-proxy-config-fetcher | 配额 4800/4800 14:21UTC | 主队列 47/200 发现队列 0/20000 [空] | Worker 0忙/36闲(0%)
[2026-08-08 22:21:35] [种子] 🔵 [种子 48/744] sami4030/multi-proxy-config-fetcher | 配额 4800/4800 14:21UTC | 主队列 48/200 发现队列 0/20000 [空] | Worker 0忙/36闲(0%)
[2026-08-08 22:21:35] [种子] 🔵 [种子 49/744] ermaozi/get_subscribe | 配额 4800/4800 14:21UTC | 主队列 49/200 发现队列 0/20000 [空] | Worker 0忙/36闲(0%)
[2026-08-08 22:21:35] [种子] 🔵 [种子 50/744] Airuop/archive | 配额 4800/4800 14:21UTC | 主队列 50/200 发现队列 0/20000 [空] | Worker 0忙/36闲(0%)
[2026-08-08 22:21:35] [种子] 🔵 [种子 51/744] AtenaPV/PL4 | 配额 4800/4800 14:21UTC | 主队列 51/200 发现队列 0/20000 [空] | Worker 0忙/36闲(0%)
[2026-08-08 22:21:35] [种子] 🔵 [种子 52/744] AtenaPV/Main-DB | 配额 4800/4800 14:21UTC | 主队列 52/200 发现队列 0/20000 [空] | Worker 0忙/36闲(0%)
[2026-08-08 22:21:35] [种子] 🔵 [种子 53/744] AtenaPV/Sub-Sync | 配额 4800/4800 14:21UTC | 主队列 53/200 发现队列 0/20000 [空] | Worker 0忙/36闲(0%)
[2026-08-08 22:21:35] [种子] 🔵 [种子 54/744] sevcator/5ubscrpt10n | 配额 4800/4800 14:21UTC | 主队列 54/200 发现队列 0/20000 [空] | Worker 0忙/36闲(0%)
[2026-08-08 22:21:35] [种子] 🔵 [种子 55/744] V2RayRoot/V2RayConfig | 配额 4800/4800 14:21UTC | 主队列 55/200 发现队列 0/20000 [空] | Worker 0忙/36闲(0%)
[2026-08-08 22:21:35] [种子] 🔵 [种子 56/744] ehsanghaffar/config-sub-platform | 配额 4800/4800 14:21UTC | 主队列 56/200 发现队列 0/20000 [空] | Worker 0忙/36闲(0%)
[2026-08-08 22:21:35] [种子] 🔵 [种子 57/744] Airuop/config-fetcher | 配额 4800/4800 14:21UTC | 主队列 57/200 发现队列 0/20000 [空] | Worker 0忙/36闲(0%)
[2026-08-08 22:21:35] [种子] 🔵 [种子 58/744] free-nodes/v2rayfree | 配额 4800/4800 14:21UTC | 主队列 58/200 发现队列 0/20000 [空] | Worker 0忙/36闲(0%)
[2026-08-08 22:21:35] [种子] 🔵 [种子 59/744] crashgfw/free-airport-nodes | 配额 4800/4800 14:21UTC | 主队列 59/200 发现队列 0/20000 [空] | Worker 0忙/36闲(0%)
[2026-08-08 22:21:35] [种子] 🔵 [种子 60/744] lza6/free-VPN | 配额 4800/4800 14:21UTC | 主队列 60/200 发现队列 0/20000 [空] | Worker 0忙/36闲(0%)
[2026-08-08 22:21:35] [种子] 🔵 [种子 61/744] guying23/AutoMergePublicNodes | 配额 4800/4800 14:21UTC | 主队列 61/200 发现队列 0/20000 [空] | Worker 0忙/36闲(0%)
[2026-08-08 22:21:35] [种子] 🔵 [种子 62/744] wzdnzd/aggregator | 配额 4800/4800 14:21UTC | 主队列 62/200 发现队列 0/20000 [空] | Worker 0忙/36闲(0%)
[2026-08-08 22:21:35] [种子] 🔵 [种子 63/744] bruceblink/free-v2ray | 配额 4800/4800 14:21UTC | 主队列 63/200 发现队列 0/20000 [空] | Worker 0忙/36闲(0%)
[2026-08-08 22:21:35] [种子] 🔵 [种子 64/744] alanbobs999/TopFreeProxies | 配额 4800/4800 14:21UTC | 主队列 64/200 发现队列 0/20000 [空] | Worker 0忙/36闲(0%)
[2026-08-08 22:21:35] [种子] 🔵 [种子 65/744] wrfree/free | 配额 4800/4800 14:21UTC | 主队列 65/200 发现队列 0/20000 [空] | Worker 0忙/36闲(0%)
[2026-08-08 22:21:35] [种子] 🔵 [种子 66/744] learnhard-cn/free_proxy_ss | 配额 4800/4800 14:21UTC | 主队列 66/200 发现队列 0/20000 [空] | Worker 0忙/36闲(0%)
[2026-08-08 22:21:35] [种子] 🔵 [种子 67/744] mahsanet/MahsaFreeConfig | 配额 4800/4800 14:21UTC | 主队列 67/200 发现队列 0/20000 [空] | Worker 0忙/36闲(0%)
[2026-08-08 22:21:35] [种子] 🔵 [种子 68/744] Ashkan-m/v2ray | 配额 4800/4800 14:21UTC | 主队列 68/200 发现队列 0/20000 [空] | Worker 0忙/36闲(0%)
[2026-08-08 22:21:35] [种子] 🔵 [种子 69/744] Kamyar19/configMs | 配额 4800/4800 14:21UTC | 主队列 69/200 发现队列 0/20000 [空] | Worker 0忙/36闲(0%)
[2026-08-08 22:21:35] [种子] 🔵 [种子 70/744] junjun266/FreeProxyGo | 配额 4800/4800 14:21UTC | 主队列 70/200 发现队列 0/20000 [空] | Worker 0忙/36闲(0%)
[2026-08-08 22:21:35] [种子] 🔵 [种子 71/744] imalyzer/mihomo-node-checker | 配额 4800/4800 14:21UTC | 主队列 71/200 发现队列 0/20000 [空] | Worker 0忙/36闲(0%)
[2026-08-08 22:21:35] [种子] 🔵 [种子 72/744] lerjtl/Testfree | 配额 4800/4800 14:21UTC | 主队列 72/200 发现队列 0/20000 [空] | Worker 0忙/36闲(0%)
[2026-08-08 22:21:35] [种子] 🔵 [种子 73/744] superokde/free-nodes | 配额 4800/4800 14:21UTC | 主队列 73/200 发现队列 0/20000 [空] | Worker 0忙/36闲(0%)
[2026-08-08 22:21:35] [种子] 🔵 [种子 74/744] XHegit/FreeNodes | 配额 4800/4800 14:21UTC | 主队列 74/200 发现队列 0/20000 [空] | Worker 0忙/36闲(0%)
[2026-08-08 22:21:35] [种子] 🔵 [种子 75/744] Yannik666/nodes | 配额 4800/4800 14:21UTC | 主队列 75/200 发现队列 0/20000 [空] | Worker 0忙/36闲(0%)
[2026-08-08 22:21:35] [种子] 🔵 [种子 76/744] wanvfx/FreeNodes | 配额 4800/4800 14:21UTC | 主队列 76/200 发现队列 0/20000 [空] | Worker 0忙/36闲(0%)
[2026-08-08 22:21:35] [种子] 🔵 [种子 77/744] luochen1975/FreeNodes | 配额 4800/4800 14:21UTC | 主队列 77/200 发现队列 0/20000 [空] | Worker 0忙/36闲(0%)
[2026-08-08 22:21:35] [种子] 🔵 [种子 78/744] yangfh158/FreeNodes | 配额 4800/4800 14:21UTC | 主队列 78/200 发现队列 0/20000 [空] | Worker 0忙/36闲(0%)
[2026-08-08 22:21:35] [种子] 🔵 [种子 79/744] chengege666/FreeNodes | 配额 4800/4800 14:21UTC | 主队列 79/200 发现队列 0/20000 [空] | Worker 0忙/36闲(0%)
[2026-08-08 22:21:35] [种子] 🔵 [种子 80/744] gwcctv/FreeNodes | 配额 4800/4800 14:21UTC | 主队列 80/200 发现队列 0/20000 [空] | Worker 0忙/36闲(0%)
[2026-08-08 22:21:35] [种子] ⏸️  主队列 ≥ 80（80/200），搜索暂停
[2026-08-08 22:21:35] [W-0] 🔧 开始处理 [种子仓库] Raad63/v2ray-configs-sub-5 [种子 1/744]
[2026-08-08 22:21:35] [W-0] [种子仓库] 仓库 https://github.com/Raad63/v2ray-configs-sub-5 (分支: main, size: 25403824KB, pushed: 2026-08-08T10:29:12Z)
[2026-08-08 22:21:35] [W-0] 📦 大仓库 [24.2GB] clone 开始: Raad63/v2ray-configs-sub-5 (并发 1/15)
[2026-08-08 22:21:36] [W-0] 📦 Partial Clone: 998 个文件（零 API 配额） | 耗时 1s | 大仓库 24.2GB
[2026-08-08 22:21:36] [W-0] 仓库 https://github.com/Raad63/v2ray-configs-sub-5 候选文件 978 个
[2026-08-08 22:21:39] [ThreadPoolExecutor-0_5] 📦 批次 0001 已持久化: /home/runner/work/test-college/test-college/batches/no_batch_0001.txt (5342 个节点, 累计 5839 个) | 主队列 79/200 发现队列 0/20000 [空] | Worker 1忙/35闲(2%)
[2026-08-08 22:21:40] [W-32] ⏳ 等待任务中...
[2026-08-08 22:21:40] [W-32] 🔧 开始处理 [种子仓库] wang1680/proxypool [种子 2/744]
[2026-08-08 22:21:40] [W-6] ⏳ 等待任务中...
[2026-08-08 22:21:40] [W-6] 🔧 开始处理 [种子仓库] Pawdroid/Free-servers [种子 3/744]
[2026-08-08 22:21:40] [W-11] ⏳ 等待任务中...
[2026-08-08 22:21:40] [W-11] 🔧 开始处理 [种子仓库] LoneKingCode/free-proxy-db [种子 4/744]
[2026-08-08 22:21:40] [W-15] ⏳ 等待任务中...
[2026-08-08 22:21:40] [W-15] 🔧 开始处理 [种子仓库] gfpcom/free-proxy-list [种子 5/744]
[2026-08-08 22:21:40] [W-20] ⏳ 等待任务中...
[2026-08-08 22:21:40] [W-20] 🔧 开始处理 [种子仓库] mahdibland/get_v2 [种子 6/744]
[2026-08-08 22:21:40] [W-23] ⏳ 等待任务中...
[2026-08-08 22:21:40] [W-23] 🔧 开始处理 [种子仓库] MhdiTaheri/V2rayCollector [种子 7/744]
[2026-08-08 22:21:40] [W-31] ⏳ 等待任务中...
[2026-08-08 22:21:40] [W-31] 🔧 开始处理 [种子仓库] Raad63/nirevil [种子 8/744]
[2026-08-08 22:21:40] [W-5] ⏳ 等待任务中...
[2026-08-08 22:21:40] [W-5] 🔧 开始处理 [种子仓库] cysk003/yebekhe-TVC [种子 9/744]
[2026-08-08 22:21:40] [W-12] ⏳ 等待任务中...
[2026-08-08 22:21:40] [W-12] 🔧 开始处理 [种子仓库] chaoduzj/V2RayAutoConfig [种子 10/744]
[2026-08-08 22:21:40] [W-18] ⏳ 等待任务中...
[2026-08-08 22:21:40] [W-18] 🔧 开始处理 [种子仓库] sclyxcn/airport-free [种子 11/744]
[2026-08-08 22:21:40] [W-24] ⏳ 等待任务中...
[2026-08-08 22:21:40] [W-24] 🔧 开始处理 [种子仓库] MhdiTaheri/V2rayCollector_Py [种子 12/744]
[2026-08-08 22:21:40] [W-1] ⏳ 等待任务中...
[2026-08-08 22:21:40] [W-1] 🔧 开始处理 [种子仓库] mr-mohamad-mr/multi-proxy-config-fetcher [种子 13/744]
[2026-08-08 22:21:40] [W-35] ⏳ 等待任务中...
[2026-08-08 22:21:40] [W-35] 🔧 开始处理 [种子仓库] miladkantoori/multi-proxy-config-fetcher [种子 14/744]
[2026-08-08 22:21:40] [W-4] ⏳ 等待任务中...
[2026-08-08 22:21:40] [W-4] 🔧 开始处理 [种子仓库] Rayan-Config/C-Sub [种子 15/744]
[2026-08-08 22:21:40] [W-10] ⏳ 等待任务中...
[2026-08-08 22:21:40] [W-10] 🔧 开始处理 [种子仓库] mfuu/v2ray [种子 16/744]
[2026-08-08 22:21:40] [W-17] ⏳ 等待任务中...
[2026-08-08 22:21:40] [W-17] 🔧 开始处理 [种子仓库] mahdibland/SSAggregator [种子 17/744]
[2026-08-08 22:21:40] [W-19] ⏳ 等待任务中...
[2026-08-08 22:21:40] [W-19] 🔧 开始处理 [种子仓库] mahdibland/ShadowsocksAggregator [种子 18/744]
[2026-08-08 22:21:40] [W-25] ⏳ 等待任务中...
[2026-08-08 22:21:40] [W-25] 🔧 开始处理 [种子仓库] free-nodes/clashfree [种子 19/744]
[2026-08-08 22:21:40] [W-33] ⏳ 等待任务中...
[2026-08-08 22:21:40] [W-33] 🔧 开始处理 [种子仓库] ninjastrikers/nexus-nodes [种子 20/744]
[2026-08-08 22:21:40] [W-34] ⏳ 等待任务中...
[2026-08-08 22:21:40] [W-34] 🔧 开始处理 [种子仓库] chaoduzj/aggregator [种子 21/744]
[2026-08-08 22:21:40] [W-13] ⏳ 等待任务中...
[2026-08-08 22:21:40] [W-13] 🔧 开始处理 [种子仓库] Airuop/cross [种子 22/744]
[2026-08-08 22:21:40] [W-22] ⏳ 等待任务中...
[2026-08-08 22:21:40] [W-22] 🔧 开始处理 [种子仓库] SkillfulElectro/V2RayCollector [种子 23/744]
[2026-08-08 22:21:40] [W-27] ⏳ 等待任务中...
[2026-08-08 22:21:40] [W-27] 🔧 开始处理 [种子仓库] aiboboxx/v2rayfree [种子 24/744]
[2026-08-08 22:21:40] [W-3] ⏳ 等待任务中...
[2026-08-08 22:21:40] [W-3] 🔧 开始处理 [种子仓库] iswhat/Chat2DB [种子 25/744]
[2026-08-08 22:21:40] [W-7] ⏳ 等待任务中...
[2026-08-08 22:21:40] [W-7] 🔧 开始处理 [种子仓库] pooriaredorg/pooriaredorg [种子 26/744]
[2026-08-08 22:21:40] [W-21] ⏳ 等待任务中...
[2026-08-08 22:21:40] [W-21] 🔧 开始处理 [种子仓库] ssrsub/ssr [种子 27/744]
[2026-08-08 22:21:40] [W-28] ⏳ 等待任务中...
[2026-08-08 22:21:40] [W-28] 🔧 开始处理 [种子仓库] peasoft/NoMoreWalls [种子 28/744]
[2026-08-08 22:21:40] [W-14] ⏳ 等待任务中...
[2026-08-08 22:21:40] [W-14] 🔧 开始处理 [种子仓库] 4n0nymou3/multi-proxy-config-fetcher [种子 29/744]
[2026-08-08 22:21:40] [W-26] ⏳ 等待任务中...
[2026-08-08 22:21:40] [W-26] 🔧 开始处理 [种子仓库] wenxig/free-nodes-sub [种子 30/744]
[2026-08-08 22:21:40] [W-29] ⏳ 等待任务中...
[2026-08-08 22:21:40] [W-29] 🔧 开始处理 [种子仓库] 10ium/multi-proxy-config-fetcher [种子 31/744]
[2026-08-08 22:21:40] [W-9] ⏳ 等待任务中...
[2026-08-08 22:21:40] [W-9] 🔧 开始处理 [种子仓库] sclyxcn/v2ray-reaper [种子 32/744]
[2026-08-08 22:21:40] [W-16] ⏳ 等待任务中...
[2026-08-08 22:21:40] [W-16] 🔧 开始处理 [种子仓库] cysk003/Epodonios-v2ray-configs [种子 33/744]
[2026-08-08 22:21:40] [W-30] ⏳ 等待任务中...
[2026-08-08 22:21:40] [W-30] 🔧 开始处理 [种子仓库] cysk003/NoMoreWalls [种子 34/744]
[2026-08-08 22:21:40] [W-2] ⏳ 等待任务中...
[2026-08-08 22:21:40] [W-2] 🔧 开始处理 [种子仓库] Misaka-blog/chromego_merge [种子 35/744]
[2026-08-08 22:21:40] [W-8] ⏳ 等待任务中...
[2026-08-08 22:21:40] [W-8] 🔧 开始处理 [种子仓库] Aethersailor/SubConverter-Extended [种子 36/744]
[2026-08-08 22:21:41] [W-12] [种子仓库] 仓库 https://github.com/chaoduzj/V2RayAutoConfig (分支: main, size: 12978079KB, pushed: 2026-08-08T13:45:30Z)
[2026-08-08 22:21:41] [W-12] 📦 大仓库 [12.4GB] clone 开始: chaoduzj/V2RayAutoConfig (并发 1/15)
[2026-08-08 22:21:41] [W-4] [种子仓库] 仓库 https://github.com/Rayan-Config/C-Sub (分支: main, size: 26530KB, pushed: 2026-08-08T13:38:30Z)
[2026-08-08 22:21:41] [W-20] ⏭️ [种子仓库] 仓库 https://github.com/mahdibland/get_v2 已解析，跳过解析（无需追踪）
[2026-08-08 22:21:41] [W-20] ✅ 完成 [种子仓库] mahdibland/get_v2 [种子 6/744] | 提取 0 | 新增 0 | 耗时 1s | 配额 4796/4800 14:21UTC | 主队列 44/200 发现队列 0/20000 [空] | Worker 36忙/0闲(100%)
[2026-08-08 22:21:41] [W-20] 🔧 开始处理 [种子仓库] kafeixiang/mihomo [种子 37/744]
[2026-08-08 22:21:41] [W-22] [种子仓库] 仓库 https://github.com/SkillfulElectro/V2RayCollector (分支: main, size: 365220KB, pushed: 2026-08-08T13:50:18Z)
[2026-08-08 22:21:41] [W-32] [种子仓库] 仓库 https://github.com/wang1680/proxypool (分支: main, size: 50878KB, pushed: 2026-08-08T10:19:05Z)
[2026-08-08 22:21:41] [W-27] [种子仓库] 仓库 https://github.com/aiboboxx/v2rayfree (分支: main, size: 26150KB, pushed: 2026-08-08T12:55:37Z)
[2026-08-08 22:21:41] [W-14] [种子仓库] 仓库 https://github.com/4n0nymou3/multi-proxy-config-fetcher (分支: main, size: 89426KB, pushed: 2026-08-08T12:42:52Z)
[2026-08-08 22:21:41] [W-21] ⏭️ [种子仓库] 仓库 https://github.com/ssrsub/ssr 已解析，跳过解析（无需追踪）
[2026-08-08 22:21:41] [W-21] ✅ 完成 [种子仓库] ssrsub/ssr [种子 27/744] | 提取 0 | 新增 0 | 耗时 1s | 配额 4791/4800 14:21UTC | 主队列 43/200 发现队列 0/20000 [空] | Worker 36忙/0闲(100%)
[2026-08-08 22:21:41] [W-21] 🔧 开始处理 [种子仓库] anaer/Sub [种子 38/744]
[2026-08-08 22:21:41] [W-28] [种子仓库] 仓库 https://github.com/peasoft/NoMoreWalls (分支: master, size: 5055193KB, pushed: 2026-08-08T12:45:40Z)
[2026-08-08 22:21:41] [W-28] 📦 大仓库 [4.8GB] clone 开始: peasoft/NoMoreWalls (并发 7/15)
[2026-08-08 22:21:41] [W-13] [种子仓库] 仓库 https://github.com/Airuop/cross (分支: master, size: 341796KB, pushed: 2026-08-08T13:06:13Z)
[2026-08-08 22:21:41] [W-11] ⏭️ [种子仓库] 仓库 https://github.com/LoneKingCode/free-proxy-db 已解析，跳过解析（无需追踪）
[2026-08-08 22:21:41] [W-11] ✅ 完成 [种子仓库] LoneKingCode/free-proxy-db [种子 4/744] | 提取 0 | 新增 0 | 耗时 1s | 配额 4788/4800 14:21UTC | 主队列 42/200 发现队列 0/20000 [空] | Worker 36忙/0闲(100%)
[2026-08-08 22:21:41] [W-29] [种子仓库] 仓库 https://github.com/10ium/multi-proxy-config-fetcher (分支: main, size: 44480KB, pushed: 2026-08-08T12:41:47Z)
[2026-08-08 22:21:41] [W-11] 🔧 开始处理 [种子仓库] Leon406/SubCrawler [种子 39/744]
[2026-08-08 22:21:41] [W-34] [种子仓库] 仓库 https://github.com/chaoduzj/aggregator (分支: main, size: 489237KB, pushed: 2026-08-08T13:08:19Z)
[2026-08-08 22:21:41] [W-15] [种子仓库] 仓库 https://github.com/gfpcom/free-proxy-list (分支: main, size: 37147KB, pushed: 2026-08-08T13:42:56Z)
[2026-08-08 22:21:41] [W-5] [种子仓库] 仓库 https://github.com/cysk003/yebekhe-TVC (分支: main, size: 2068337KB, pushed: 2026-08-08T09:29:28Z)
[2026-08-08 22:21:41] [W-5] 📦 大仓库 [2.0GB] clone 开始: cysk003/yebekhe-TVC (并发 12/15)
[2026-08-08 22:21:41] [W-2] [种子仓库] 仓库 https://github.com/Misaka-blog/chromego_merge (分支: main, size: 121075KB, pushed: 2026-08-08T12:26:47Z)
[2026-08-08 22:21:41] [W-3] ⏭️ [种子仓库] 仓库 https://github.com/iswhat/Chat2DB 已解析，跳过解析（无需追踪）
[2026-08-08 22:21:41] [W-3] ✅ 完成 [种子仓库] iswhat/Chat2DB [种子 25/744] | 提取 0 | 新增 0 | 耗时 1s | 配额 4782/4800 14:21UTC | 主队列 41/200 发现队列 0/20000 [空] | Worker 36忙/0闲(100%)
[2026-08-08 22:21:41] [W-3] 🔧 开始处理 [种子仓库] Baobei321/-AutoMergePublicNodes [种子 40/744]
[2026-08-08 22:21:41] [W-31] [种子仓库] 仓库 https://github.com/Raad63/nirevil (分支: main, size: 74372KB, pushed: 2026-08-08T09:44:31Z)
[2026-08-08 22:21:41] [W-35] [种子仓库] 仓库 https://github.com/miladkantoori/multi-proxy-config-fetcher (分支: main, size: 66555KB, pushed: 2026-08-08T13:42:51Z)
[2026-08-08 22:21:41] [W-25] [种子仓库] 仓库 https://github.com/free-nodes/clashfree (分支: main, size: 29044KB, pushed: 2026-08-08T13:31:15Z)
[2026-08-08 22:21:41] [W-33] [种子仓库] 仓库 https://github.com/ninjastrikers/nexus-nodes (分支: main, size: 1135815KB, pushed: 2026-08-08T13:09:29Z)
[2026-08-08 22:21:41] [W-10] [种子仓库] 仓库 https://github.com/mfuu/v2ray (分支: master, size: 24KB, pushed: 2026-08-08T13:37:51Z)
[2026-08-08 22:21:41] [W-9] [种子仓库] 仓库 https://github.com/sclyxcn/v2ray-reaper (分支: main, size: 5492811KB, pushed: 2026-08-08T12:39:18Z)
[2026-08-08 22:21:41] [W-30] [种子仓库] 仓库 https://github.com/cysk003/NoMoreWalls (分支: master, size: 5053126KB, pushed: 2026-08-08T12:30:20Z)
[2026-08-08 22:21:41] [W-24] [种子仓库] 仓库 https://github.com/MhdiTaheri/V2rayCollector_Py (分支: main, size: 32008KB, pushed: 2026-08-08T13:49:27Z)
[2026-08-08 22:21:41] [W-18] ⏭️ [种子仓库] 仓库 https://github.com/sclyxcn/airport-free 已解析，跳过解析（无需追踪）
[2026-08-08 22:21:41] [W-18] ✅ 完成 [种子仓库] sclyxcn/airport-free [种子 11/744] | 提取 0 | 新增 0 | 耗时 1s | 配额 4773/4800 14:21UTC | 主队列 40/200 发现队列 0/20000 [空] | Worker 36忙/0闲(100%)
[2026-08-08 22:21:41] [W-18] 🔧 开始处理 [种子仓库] ts-sf/fly [种子 41/744]
[2026-08-08 22:21:41] [W-8] [种子仓库] 仓库 https://github.com/Aethersailor/SubConverter-Extended (分支: master, size: 10790KB, pushed: 2026-08-08T12:13:18Z)
[2026-08-08 22:21:41] [W-1] [种子仓库] 仓库 https://github.com/mr-mohamad-mr/multi-proxy-config-fetcher (分支: main, size: 62195KB, pushed: 2026-08-08T13:45:37Z)
[2026-08-08 22:21:41] [W-26] [种子仓库] 仓库 https://github.com/wenxig/free-nodes-sub (分支: main, size: 15985KB, pushed: 2026-08-08T13:41:14Z)
[2026-08-08 22:21:41] [W-23] [种子仓库] 仓库 https://github.com/MhdiTaheri/V2rayCollector (分支: main, size: 951675KB, pushed: 2026-08-08T13:40:53Z)
[2026-08-08 22:21:41] [W-6] [种子仓库] 仓库 https://github.com/Pawdroid/Free-servers (分支: main, size: 88KB, pushed: 2026-08-08T14:00:32Z)
[2026-08-08 22:21:41] [W-16] [种子仓库] 仓库 https://github.com/cysk003/Epodonios-v2ray-configs (分支: main, size: 25399428KB, pushed: 2026-08-08T13:56:25Z)
[2026-08-08 22:21:41] [W-7] [种子仓库] 仓库 https://github.com/pooriaredorg/pooriaredorg (分支: main, size: 18298KB, pushed: 2026-08-08T12:51:17Z)
[2026-08-08 22:21:41] [W-20] [种子仓库] 仓库 https://github.com/kafeixiang/mihomo (分支: Alpha, size: 12987KB, pushed: 2026-08-08T09:28:07Z)
[2026-08-08 22:21:42] [W-17] [种子仓库] 仓库 https://github.com/mahdibland/SSAggregator (分支: master, size: 4551067KB, pushed: 2026-08-08T13:40:11Z)
[2026-08-08 22:21:42] [W-19] [种子仓库] 仓库 https://github.com/mahdibland/ShadowsocksAggregator (分支: master, size: 4551067KB, pushed: 2026-08-08T13:40:11Z)
[2026-08-08 22:21:42] [W-21] [种子仓库] 仓库 https://github.com/anaer/Sub (分支: main, size: 116KB, pushed: 2026-08-08T10:32:55Z)
[2026-08-08 22:21:42] [W-3] [种子仓库] 仓库 https://github.com/Baobei321/-AutoMergePublicNodes (分支: master, size: 8113995KB, pushed: 2026-08-08T11:53:11Z)
[2026-08-08 22:21:42] [W-18] [种子仓库] 仓库 https://github.com/ts-sf/fly (分支: main, size: 13509158KB, pushed: 2026-08-08T09:05:20Z)
[2026-08-08 22:21:42] [W-11] [种子仓库] 仓库 https://github.com/Leon406/SubCrawler (分支: main, size: 2190584KB, pushed: 2026-08-08T10:26:53Z)
[2026-08-08 22:21:43] [ThreadPoolExecutor-0_5] SHA 缓存已保存: 338964 条, 1 分片
[2026-08-08 22:21:43] [W-12] 📦 Partial Clone: 102 个文件（零 API 配额） | 耗时 3s | 大仓库 12.4GB
[2026-08-08 22:21:44] [W-34] 📦 Partial Clone: 518 个文件（零 API 配额） | 耗时 2s
[2026-08-08 22:21:44] [W-33] 📦 大仓库 [1.1GB] clone 开始: ninjastrikers/nexus-nodes (并发 15/15)
[2026-08-08 22:21:44] [W-32] 📦 Partial Clone: 6 个文件（零 API 配额） | 耗时 2s
[2026-08-08 22:21:44] [W-13] 📦 Partial Clone: 1276 个文件（零 API 配额） | 耗时 2s
[2026-08-08 22:21:44] [W-22] 📦 Partial Clone: 19 个文件（零 API 配额） | 耗时 3s
[2026-08-08 22:21:44] [W-9] 📦 大仓库 [5.2GB] clone 开始: sclyxcn/v2ray-reaper (并发 13/15)
[2026-08-08 22:21:44] [W-15] 📦 Partial Clone: 35 个文件（零 API 配额） | 耗时 2s
[2026-08-08 22:21:44] [W-30] 📦 大仓库 [4.8GB] clone 开始: cysk003/NoMoreWalls (并发 14/15)
[2026-08-08 22:21:44] [W-29] 📦 Partial Clone: 19 个文件（零 API 配额） | 耗时 2s
[2026-08-08 22:21:44] [W-31] 📦 Partial Clone: 295 个文件（零 API 配额） | 耗时 2s
[2026-08-08 22:21:44] [W-14] 📦 Partial Clone: 44 个文件（零 API 配额） | 耗时 2s
[2026-08-08 22:21:44] [W-35] 📦 Partial Clone: 19 个文件（零 API 配额） | 耗时 2s
[2026-08-08 22:21:44] [W-4] 📦 Partial Clone: 20 个文件（零 API 配额） | 耗时 3s
[2026-08-08 22:21:44] [W-5] 📦 Partial Clone: 257 个文件（零 API 配额） | 耗时 2s | 大仓库 2.0GB
[2026-08-08 22:21:44] [W-28] 📦 Partial Clone: 63 个文件（零 API 配额） | 耗时 2s | 大仓库 4.8GB
[2026-08-08 22:21:44] [W-16] 📦 大仓库 [24.2GB] clone 开始: cysk003/Epodonios-v2ray-configs (并发 15/15)
[2026-08-08 22:21:44] [W-32] 仓库 https://github.com/wang1680/proxypool 候选文件 4 个
[2026-08-08 22:21:44] [W-2] 📦 Partial Clone: 20 个文件（零 API 配额） | 耗时 2s
[2026-08-08 22:21:44] [W-27] 📦 Partial Clone: 11 个文件（零 API 配额） | 耗时 3s
[2026-08-08 22:21:44] [W-17] 📦 大仓库 [4.3GB] clone 开始: mahdibland/SSAggregator (并发 15/15)
[2026-08-08 22:21:44] [W-15] 仓库 https://github.com/gfpcom/free-proxy-list 候选文件 1 个
[2026-08-08 22:21:45] [W-22] 仓库 https://github.com/SkillfulElectro/V2RayCollector 候选文件 2 个
[2026-08-08 22:21:45] [W-2] 仓库 https://github.com/Misaka-blog/chromego_merge 候选文件 1 个
[2026-08-08 22:21:45] [W-27] 仓库 https://github.com/aiboboxx/v2rayfree 候选文件 3 个
[2026-08-08 22:21:45] [W-29] 仓库 https://github.com/10ium/multi-proxy-config-fetcher 候选文件 3 个
[2026-08-08 22:21:45] [W-4] 仓库 https://github.com/Rayan-Config/C-Sub 候选文件 2 个
[2026-08-08 22:21:45] [W-9] 📦 Partial Clone: 33 个文件（零 API 配额） | 耗时 3s | 大仓库 5.2GB
[2026-08-08 22:21:45] [W-19] 📦 大仓库 [4.3GB] clone 开始: mahdibland/ShadowsocksAggregator (并发 15/15)
[2026-08-08 22:21:45] [W-16] 📦 Partial Clone: 998 个文件（零 API 配额） | 耗时 3s | 大仓库 24.2GB
[2026-08-08 22:21:45] [W-10] 📦 Partial Clone: 12 个文件（零 API 配额） | 耗时 3s
[2026-08-08 22:21:45] [W-7] 📦 Partial Clone: 19 个文件（零 API 配额） | 耗时 3s
[2026-08-08 22:21:45] [W-18] 📦 大仓库 [12.9GB] clone 开始: ts-sf/fly (并发 13/15)
[2026-08-08 22:21:45] [W-3] 📦 大仓库 [7.7GB] clone 开始: Baobei321/-AutoMergePublicNodes (并发 15/15)
[2026-08-08 22:21:45] [W-20] 📦 Partial Clone: 1022 个文件（零 API 配额） | 耗时 3s
[2026-08-08 22:21:45] [W-24] 📦 Partial Clone: 5 个文件（零 API 配额） | 耗时 3s
[2026-08-08 22:21:45] [W-11] 📦 大仓库 [2.1GB] clone 开始: Leon406/SubCrawler (并发 14/15)
[2026-08-08 22:21:45] [W-6] 📦 Partial Clone: 49 个文件（零 API 配额） | 耗时 3s
[2026-08-08 22:21:45] [W-33] 📦 Partial Clone: 589 个文件（零 API 配额） | 耗时 3s | 大仓库 1.1GB
[2026-08-08 22:21:45] [W-26] 📦 Partial Clone: 18 个文件（零 API 配额） | 耗时 3s
[2026-08-08 22:21:45] [W-25] 📦 Partial Clone: 11 个文件（零 API 配额） | 耗时 3s
[2026-08-08 22:21:45] [W-17] 📦 Partial Clone: 1583 个文件（零 API 配额） | 耗时 3s | 大仓库 4.3GB
[2026-08-08 22:21:45] [W-23] 📦 Partial Clone: 21 个文件（零 API 配额） | 耗时 4s
[2026-08-08 22:21:45] [W-8] 📦 Partial Clone: 352 个文件（零 API 配额） | 耗时 4s
[2026-08-08 22:21:45] [W-1] 📦 Partial Clone: 19 个文件（零 API 配额） | 耗时 4s
[2026-08-08 22:21:45] [W-35] 仓库 https://github.com/miladkantoori/multi-proxy-config-fetcher 候选文件 3 个
[2026-08-08 22:21:45] [W-30] 📦 Partial Clone: 63 个文件（零 API 配额） | 耗时 4s | 大仓库 4.8GB
[2026-08-08 22:21:45] [W-24] 仓库 https://github.com/MhdiTaheri/V2rayCollector_Py 候选文件 2 个
[2026-08-08 22:21:51] [W-4] 🔗 [种子仓库] 递归发现仓库 gransa/Temp-Sub (来源 https://raw.githubusercontent.com/Rayan-Config/C-Sub/main/configs/channel_stats.json)
[2026-08-08 22:21:51] [W-14] 仓库 https://github.com/4n0nymou3/multi-proxy-config-fetcher 候选文件 12 个
[2026-08-08 22:21:51] [W-21] 📦 Partial Clone: 3 个文件（零 API 配额） | 耗时 9s
[2026-08-08 22:21:51] [W-2] 🌱 加入种子: Misaka-blog/chromego_merge (提取 24 节点)
[2026-08-08 22:21:51] [W-2] ✅ 完成 [种子仓库] Misaka-blog/chromego_merge [种子 35/744] | 提取 24 | 新增 24 | 耗时 11s | 配额 4759/4800 14:21UTC | 主队列 39/200 发现队列 0/20000 [空] | Worker 36忙/0闲(100%)
[2026-08-08 22:21:51] [W-2] 🔧 开始处理 [种子仓库] chaoduzj/subs-check [种子 42/744]
[2026-08-08 22:21:51] [W-18] 📦 Partial Clone: 9 个文件（零 API 配额） | 耗时 9s | 大仓库 12.9GB
[2026-08-08 22:21:53] [W-2] [种子仓库] 仓库 https://github.com/chaoduzj/subs-check (分支: master, size: 285262KB, pushed: 2026-08-08T08:55:11Z)
[2026-08-08 22:21:53] [W-19] 📦 Partial Clone: 1583 个文件（零 API 配额） | 耗时 11s | 大仓库 4.3GB
[2026-08-08 22:21:53] [W-3] 📦 Partial Clone: 56 个文件（零 API 配额） | 耗时 11s | 大仓库 7.7GB
[2026-08-08 22:21:53] [W-4] 🔗 [种子仓库] 递归发现仓库 Rayan-Config/HUB (来源 https://raw.githubusercontent.com/Rayan-Config/C-Sub/main/configs/channel_stats.json)
[2026-08-08 22:21:53] [W-26] 仓库 https://github.com/wenxig/free-nodes-sub 候选文件 3 个
[2026-08-08 22:21:53] [W-11] 📦 Partial Clone: 75 个文件（零 API 配额） | 耗时 11s | 大仓库 2.1GB
[2026-08-08 22:21:54] [W-10] 仓库 https://github.com/mfuu/v2ray 候选文件 2 个
[2026-08-08 22:21:54] [ThreadPoolExecutor-32_0] 🔗 [种子仓库] 递归发现仓库 Mahdi0024/ProxyCollector (来源 https://raw.githubusercontent.com/4n0nymou3/multi-proxy-config-fetcher/main/configs/channel_stats.json)
[2026-08-08 22:21:54] [W-7] 仓库 https://github.com/pooriaredorg/pooriaredorg 候选文件 2 个
[2026-08-08 22:21:54] [W-25] 仓库 https://github.com/free-nodes/clashfree 候选文件 2 个
[2026-08-08 22:21:55] [W-2] 📦 Partial Clone: 106 个文件（零 API 配额） | 耗时 3s
[2026-08-08 22:21:56] [ThreadPoolExecutor-32_0] 🔗 [种子仓库] 递归发现仓库 zieng2/wl (来源 https://raw.githubusercontent.com/4n0nymou3/multi-proxy-config-fetcher/main/configs/channel_stats.json)
[2026-08-08 22:21:56] [W-21] 仓库 https://github.com/anaer/Sub 候选文件 1 个
[2026-08-08 22:21:56] [W-26] 🔗 [种子仓库] 发现仓库链接 delta-comic/delta-comic (来源 https://raw.githubusercontent.com/wenxig/free-nodes-sub/main/README.md)
[2026-08-08 22:21:56] [W-18] 仓库 https://github.com/ts-sf/fly 候选文件 5 个
[2026-08-08 22:21:56] [W-7] 🔗 [种子仓库] 递归发现仓库 pooriaredorg/POORIARED (来源 https://raw.githubusercontent.com/pooriaredorg/pooriaredorg/main/configs/channel_stats.json)
[2026-08-08 22:21:56] [W-1] 仓库 https://github.com/mr-mohamad-mr/multi-proxy-config-fetcher 候选文件 3 个
[2026-08-08 22:21:56] [W-23] 仓库 https://github.com/MhdiTaheri/V2rayCollector 候选文件 14 个
[2026-08-08 22:21:56] [W-9] 仓库 https://github.com/sclyxcn/v2ray-reaper 候选文件 14 个
[2026-08-08 22:21:56] [ThreadPoolExecutor-32_3] 🔗 [种子仓库] 递归发现仓库 Chocolate4U/Iran-clash-rules (来源 https://raw.githubusercontent.com/4n0nymou3/multi-proxy-config-fetcher/main/configs/clash_configs_tested.yaml)
[2026-08-08 22:21:57] [W-26] 👤 来源仓库 delta-comic/delta-comic → 追踪用户 delta-comic
[2026-08-08 22:21:57] [W-26] 👤 [种子仓库] 遍历用户仓库: delta-comic
[2026-08-08 22:21:58] [ThreadPoolExecutor-32_0] 🔗 [种子仓库] 递归发现仓库 iampedii/whitedns-sub (来源 https://raw.githubusercontent.com/4n0nymou3/multi-proxy-config-fetcher/main/configs/channel_stats.json)
[2026-08-08 22:21:58] [W-15] 🌱 加入种子: gfpcom/free-proxy-list (提取 2 节点)
[2026-08-08 22:21:58] [W-15] ✅ 完成 [种子仓库] gfpcom/free-proxy-list [种子 5/744] | 提取 2 | 新增 2 | 耗时 18s | 配额 4750/4800 14:21UTC | 主队列 38/200 发现队列 6/20000 [[raw1]:6] | Worker 36忙/0闲(100%)
[2026-08-08 22:21:58] [W-15] 🔧 开始处理 [种子仓库] chaoduzj/pac2 [种子 43/744]
[2026-08-08 22:21:58] [W-7] 🔗 [种子仓库] 递归发现仓库 pooriaredorg/POORIA--REDFREE8 (来源 https://raw.githubusercontent.com/pooriaredorg/pooriaredorg/main/configs/channel_stats.json)
[2026-08-08 22:21:59] [W-15] ⏭️ [种子仓库] 仓库 https://github.com/chaoduzj/pac2 已解析，跳过解析（无需追踪）
[2026-08-08 22:21:59] [W-15] ✅ 完成 [种子仓库] chaoduzj/pac2 [种子 43/744] | 提取 0 | 新增 0 | 耗时 1s | 配额 4747/4800 14:21UTC | 主队列 37/200 发现队列 7/20000 [[raw1]:7] | Worker 36忙/0闲(100%)
[2026-08-08 22:21:59] [W-15] 🔧 开始处理 [raw1] gransa/Temp-Sub
[2026-08-08 22:21:59] [W-15] ⏭️ [raw1] 仓库 https://github.com/gransa/Temp-Sub 6815h 未更新，跳过解析（无需追踪）
[2026-08-08 22:21:59] [W-15] ✅ 完成 [raw1] gransa/Temp-Sub | 提取 0 | 新增 0 | 耗时 0s | 配额 4747/4800 14:21UTC | 主队列 37/200 发现队列 6/20000 [[raw1]:6] | Worker 36忙/0闲(100%)
[2026-08-08 22:21:59] [W-15] 🔧 开始处理 [raw1] Rayan-Config/HUB
[2026-08-08 22:22:00] [W-15] ⏭️ [raw1] 仓库 https://github.com/Rayan-Config/HUB 4146h 未更新，跳过解析（无需追踪）
[2026-08-08 22:22:00] [W-15] ✅ 完成 [raw1] Rayan-Config/HUB | 提取 0 | 新增 0 | 耗时 1s | 配额 4745/4800 14:22UTC | 主队列 37/200 发现队列 6/20000 [[raw1]:6] | Worker 36忙/0闲(100%)
[2026-08-08 22:22:00] [W-15] 🔧 开始处理 [raw1] Mahdi0024/ProxyCollector
[2026-08-08 22:22:00] [W-15] [raw1] 仓库 https://github.com/Mahdi0024/ProxyCollector (分支: master, size: 43801KB, pushed: 2026-08-08T12:55:00Z)
[2026-08-08 22:22:01] [W-7] 🔗 [种子仓库] 递归发现仓库 pooriaredorg/RED (来源 https://raw.githubusercontent.com/pooriaredorg/pooriaredorg/main/configs/channel_stats.json)
[2026-08-08 22:22:02] [W-15] 📦 Partial Clone: 16 个文件（零 API 配额） | 耗时 1s
[2026-08-08 22:22:03] [W-7] 🌱 加入种子: pooriaredorg/pooriaredorg (提取 1 节点)
[2026-08-08 22:22:03] [W-7] ✅ 完成 [种子仓库] pooriaredorg/pooriaredorg [种子 26/744] | 提取 1 | 新增 1 | 耗时 23s | 配额 4744/4800 14:22UTC | 主队列 37/200 发现队列 9/20000 [[raw1]:6 [user1]:3] | Worker 36忙/0闲(100%)
[2026-08-08 22:22:03] [W-7] 🔧 开始处理 [种子仓库] ws94666ws/awesome-vpn [种子 44/744]
[2026-08-08 22:22:03] [ThreadPoolExecutor-32_0] 🔗 [种子仓库] 递归发现仓库 masir-sefid/Sub (来源 https://raw.githubusercontent.com/4n0nymou3/multi-proxy-config-fetcher/main/configs/channel_stats.json)
[2026-08-08 22:22:04] [W-7] ⏭️ [种子仓库] 仓库 https://github.com/ws94666ws/awesome-vpn 已解析，跳过解析（无需追踪）
[2026-08-08 22:22:04] [W-7] ✅ 完成 [种子仓库] ws94666ws/awesome-vpn [种子 44/744] | 提取 0 | 新增 0 | 耗时 1s | 配额 4743/4800 14:22UTC | 主队列 36/200 发现队列 10/20000 [[raw1]:6 [user1]:4] | Worker 36忙/0闲(100%)
[2026-08-08 22:22:04] [W-7] 🔧 开始处理 [raw1] zieng2/wl
[2026-08-08 22:22:05] [W-7] [raw1] 仓库 https://github.com/zieng2/wl (分支: main, size: 96005KB, pushed: 2026-08-08T14:00:08Z)
[2026-08-08 22:22:05] [W-28] 仓库 https://github.com/peasoft/NoMoreWalls 候选文件 24 个
[2026-08-08 22:22:07] [W-7] 📦 Partial Clone: 4 个文件（零 API 配额） | 耗时 2s
[2026-08-08 22:22:07] [ThreadPoolExecutor-32_0] 🔗 [种子仓库] 递归发现仓库 therealaleph/Iran-configs (来源 https://raw.githubusercontent.com/4n0nymou3/multi-proxy-config-fetcher/main/configs/channel_stats.json)
[2026-08-08 22:22:07] [W-18] 🔗 [种子仓库] 发现仓库链接 2dust/v2rayN (来源 https://raw.githubusercontent.com/ts-sf/fly/main/README.md)
[2026-08-08 22:22:07] [W-6] 仓库 https://github.com/Pawdroid/Free-servers 候选文件 32 个
[2026-08-08 22:22:07] [W-11] 仓库 https://github.com/Leon406/SubCrawler 候选文件 5 个
[2026-08-08 22:22:07] [W-7] 仓库 https://github.com/zieng2/wl 候选文件 2 个
[2026-08-08 22:22:07] [W-15] 仓库 https://github.com/Mahdi0024/ProxyCollector 候选文件 2 个
[2026-08-08 22:22:07] [W-26]   👤 用户仓库: 10/11 个 → 主队列 36/200 发现队列 16/20000 [[raw1]:6 [user1]:10] | Worker 36忙/0闲(100%)
[2026-08-08 22:22:07] [W-26]   用户 delta-comic 共查 11 个仓库
[2026-08-08 22:22:07] [W-26] 🔗 [种子仓库] 发现仓库链接 wenxig/dongtai-sub (来源 https://raw.githubusercontent.com/wenxig/free-nodes-sub/main/README.md)
[2026-08-08 22:22:07] [W-2] 仓库 https://github.com/chaoduzj/subs-check 候选文件 2 个
[2026-08-08 22:22:07] [W-20] 仓库 https://github.com/kafeixiang/mihomo 候选文件 1 个
[2026-08-08 22:22:08] [W-5] 仓库 https://github.com/cysk003/yebekhe-TVC 候选文件 63 个
[2026-08-08 22:22:08] [W-18] 👤 来源仓库 2dust/v2rayN → 追踪用户 2dust
[2026-08-08 22:22:08] [W-18] 👤 [种子仓库] 遍历用户仓库: 2dust
[2026-08-08 22:22:08] [W-26] 👤 来源仓库 wenxig/dongtai-sub → 追踪用户 wenxig
[2026-08-08 22:22:08] [W-26] 👤 [种子仓库] 遍历用户仓库: wenxig
[2026-08-08 22:22:12] [W-8] 仓库 https://github.com/Aethersailor/SubConverter-Extended 无候选文件 (总计 352 blob, 扩展名过滤 284, processed_shas 跳过 0, SHA 缓存跳过 68)
[2026-08-08 22:22:12] [W-8] ✅ 完成 [种子仓库] Aethersailor/SubConverter-Extended [种子 36/744] | 提取 0 | 新增 0 | 耗时 32s | 配额 4734/4800 14:22UTC | 主队列 36/200 发现队列 19/20000 [[raw1]:8 [user1]:11] | Worker 36忙/0闲(100%)
[2026-08-08 22:22:12] [W-8] 🔧 开始处理 [种子仓库] ab13643832129/awesome-vpn [种子 45/744]
[2026-08-08 22:22:12] [ThreadPoolExecutor-92_3] 📦 批次 0002 已持久化: /home/runner/work/test-college/test-college/batches/no_batch_0002.txt (5047 个节点, 累计 10403 个) | 主队列 35/200 发现队列 24/20000 [[raw1]:8 [user1]:16] | Worker 36忙/0闲(100%)
[2026-08-08 22:22:12] [ThreadPoolExecutor-81_2] 📦 批次 0003 已持久化: /home/runner/work/test-college/test-college/batches/no_batch_0003.txt (15 个节点, 累计 10404 个) | 主队列 35/200 发现队列 24/20000 [[raw1]:8 [user1]:16] | Worker 36忙/0闲(100%)
[2026-08-08 22:22:12] [W-3] 仓库 https://github.com/Baobei321/-AutoMergePublicNodes 候选文件 11 个
[2026-08-08 22:22:12] [W-8] ⏭️ [种子仓库] 仓库 https://github.com/ab13643832129/awesome-vpn 已解析，跳过解析（无需追踪）
[2026-08-08 22:22:12] [W-8] ✅ 完成 [种子仓库] ab13643832129/awesome-vpn [种子 45/744] | 提取 0 | 新增 0 | 耗时 0s | 配额 4733/4800 14:22UTC | 主队列 35/200 发现队列 25/20000 [[raw1]:8 [user1]:17] | Worker 36忙/0闲(100%)
[2026-08-08 22:22:12] [W-8] 🔧 开始处理 [raw1] pooriaredorg/POORIARED
[2026-08-08 22:22:13] [W-8] ⏭️ [raw1] 仓库 https://github.com/pooriaredorg/POORIARED 1441h 未更新，跳过解析（无需追踪）
[2026-08-08 22:22:13] [W-8] ✅ 完成 [raw1] pooriaredorg/POORIARED | 提取 0 | 新增 0 | 耗时 1s | 配额 4732/4800 14:22UTC | 主队列 35/200 发现队列 24/20000 [[raw1]:7 [user1]:17] | Worker 36忙/0闲(100%)
[2026-08-08 22:22:13] [W-8] 🔧 开始处理 [raw1] Chocolate4U/Iran-clash-rules
[2026-08-08 22:22:13] [W-8] [raw1] 仓库 https://github.com/Chocolate4U/Iran-clash-rules (分支: main, size: 4868KB, pushed: 2026-08-08T06:26:17Z)
[2026-08-08 22:22:15] [ThreadPoolExecutor-81_2] SHA 缓存已保存: 339013 条, 1 分片
[2026-08-08 22:22:16] [ThreadPoolExecutor-92_3] SHA 缓存已保存: 339014 条, 1 分片
[2026-08-08 22:22:16] [W-8] 📦 Partial Clone: 8 个文件（零 API 配额） | 耗时 3s
[2026-08-08 22:22:16] [ThreadPoolExecutor-90_3] 🔗 [种子仓库] 发现仓库链接 Pawdroid/shadowrocket_for_android (来源 https://raw.githubusercontent.com/Pawdroid/Free-servers/main/static/README-de.md)
[2026-08-08 22:22:16] [W-20] 📦 批次 0004 已持久化: /home/runner/work/test-college/test-college/batches/no_batch_0004.txt (197 个节点, 累计 10608 个) | 主队列 35/200 发现队列 32/20000 [[raw1]:6 [user1]:26] | Worker 36忙/0闲(100%)
[2026-08-08 22:22:16] [W-12] 仓库 https://github.com/chaoduzj/V2RayAutoConfig 候选文件 81 个
[2026-08-08 22:22:17] [ThreadPoolExecutor-90_3] 👤 来源仓库 Pawdroid/shadowrocket_for_android → 追踪用户 Pawdroid
[2026-08-08 22:22:17] [ThreadPoolExecutor-90_3] 👤 [种子仓库] 遍历用户仓库: Pawdroid
[2026-08-08 22:22:17] [W-20] SHA 缓存已保存: 339021 条, 1 分片
[2026-08-08 22:22:18] [W-30] 仓库 https://github.com/cysk003/NoMoreWalls 候选文件 23 个
[2026-08-08 22:22:18] [W-10] 🌱 加入种子: mfuu/v2ray (提取 56 节点)
[2026-08-08 22:22:18] [W-10] ✅ 完成 [种子仓库] mfuu/v2ray [种子 16/744] | 提取 56 | 新增 11 | 耗时 38s | 配额 4730/4800 14:22UTC | 主队列 35/200 发现队列 32/20000 [[raw1]:6 [user1]:26] | Worker 36忙/0闲(100%)
[2026-08-08 22:22:18] [W-10] 🔧 开始处理 [种子仓库] xwcyg6/airport-free [种子 46/744]
[2026-08-08 22:22:18] [W-18]   👤 用户仓库: 13/15 个 → 主队列 34/200 发现队列 37/20000 [[raw1]:6 [user1]:31] | Worker 36忙/0闲(100%)
[2026-08-08 22:22:18] [W-18]   用户 2dust 共查 15 个仓库
[2026-08-08 22:22:18] [W-4] 🌱 加入种子: Rayan-Config/C-Sub (提取 52 节点)
[2026-08-08 22:22:18] [W-4] ✅ 完成 [种子仓库] Rayan-Config/C-Sub [种子 15/744] | 提取 52 | 新增 36 | 耗时 38s | 配额 4730/4800 14:22UTC | 主队列 34/200 发现队列 38/20000 [[raw1]:7 [user1]:31] | Worker 36忙/0闲(100%)
[2026-08-08 22:22:18] [W-4] 🔧 开始处理 [种子仓库] BiHuDeH/multi-proxy-config-fetcher [种子 47/744]
[2026-08-08 22:22:18] [ThreadPoolExecutor-148_0] 🔗 [种子仓库] 发现仓库链接 Argh94/V2RayAutoConfig (来源 https://raw.githubusercontent.com/chaoduzj/V2RayAutoConfig/main/README.md)
[2026-08-08 22:22:18] [ThreadPoolExecutor-90_0] 🔗 [种子仓库] 发现仓库链接 Qv2ray/Qv2ray (来源 https://raw.githubusercontent.com/Pawdroid/Free-servers/main/README.md)
[2026-08-08 22:22:18] [W-35] 🌱 加入种子: miladkantoori/multi-proxy-config-fetcher (提取 82 节点)
[2026-08-08 22:22:18] [W-35] ✅ 完成 [种子仓库] miladkantoori/multi-proxy-config-fetcher [种子 14/744] | 提取 82 | 新增 27 | 耗时 38s | 配额 4730/4800 14:22UTC | 主队列 33/200 发现队列 40/20000 [[raw1]:7 [user1]:33] | Worker 36忙/0闲(100%)
[2026-08-08 22:22:18] [W-35] 🔧 开始处理 [种子仓库] sami4030/multi-proxy-config-fetcher [种子 48/744]
[2026-08-08 22:22:18] [W-8] 仓库 https://github.com/Chocolate4U/Iran-clash-rules 无候选文件 (总计 8 blob, 扩展名过滤 5, processed_shas 跳过 0, SHA 缓存跳过 3)
[2026-08-08 22:22:18] [W-8] ✅ 完成 [raw1] Chocolate4U/Iran-clash-rules | 提取 0 | 新增 0 | 耗时 5s | 配额 4730/4800 14:22UTC | 主队列 32/200 发现队列 40/20000 [[raw1]:7 [user1]:33] | Worker 36忙/0闲(100%)
[2026-08-08 22:22:18] [W-8] 🔧 开始处理 [raw1] iampedii/whitedns-sub
[2026-08-08 22:22:18] [W-26]   👤 用户仓库: 13/15 个 → 主队列 32/200 发现队列 42/20000 [[raw1]:6 [user1]:36] | Worker 36忙/0闲(100%)
[2026-08-08 22:22:18] [W-26]   用户 wenxig 共查 15 个仓库
[2026-08-08 22:22:18] [W-20] 🔗 [种子仓库] 发现仓库链接 MetaCubeX/metacubexd (来源 https://raw.githubusercontent.com/kafeixiang/mihomo/Alpha/docs/config.yaml)
[2026-08-08 22:22:18] [W-1] 🌱 加入种子: mr-mohamad-mr/multi-proxy-config-fetcher (提取 59 节点)
[2026-08-08 22:22:18] [W-1] ✅ 完成 [种子仓库] mr-mohamad-mr/multi-proxy-config-fetcher [种子 13/744] | 提取 59 | 新增 8 | 耗时 38s | 配额 4730/4800 14:22UTC | 主队列 32/200 发现队列 43/20000 [[raw1]:7 [user1]:36] | Worker 36忙/0闲(100%)
[2026-08-08 22:22:18] [W-1] 🔧 开始处理 [种子仓库] ermaozi/get_subscribe [种子 49/744]
[2026-08-08 22:22:18] [ThreadPoolExecutor-90_5] 🔗 [种子仓库] 发现仓库链接 jiangxufeng/v2rayL (来源 https://raw.githubusercontent.com/Pawdroid/Free-servers/main/static/README-es.md)
[2026-08-08 22:22:18] [W-10] ⏭️ [种子仓库] 仓库 https://github.com/xwcyg6/airport-free 已解析，跳过解析（无需追踪）
[2026-08-08 22:22:18] [W-10] ✅ 完成 [种子仓库] xwcyg6/airport-free [种子 46/744] | 提取 0 | 新增 0 | 耗时 0s | 配额 4728/4800 14:22UTC | 主队列 31/200 发现队列 43/20000 [[raw1]:7 [user1]:36] | Worker 36忙/0闲(100%)
[2026-08-08 22:22:18] [W-10] 🔧 开始处理 [raw1] pooriaredorg/POORIA--REDFREE8
[2026-08-08 22:22:18] [W-4] [种子仓库] 仓库 https://github.com/BiHuDeH/multi-proxy-config-fetcher (分支: main, size: 26084KB, pushed: 2026-08-08T14:21:30Z)
[2026-08-08 22:22:18] [W-8] [raw1] 仓库 https://github.com/iampedii/whitedns-sub (分支: main, size: 10916KB, pushed: 2026-08-08T12:30:06Z)
[2026-08-08 22:22:18] [W-35] [种子仓库] 仓库 https://github.com/sami4030/multi-proxy-config-fetcher (分支: main, size: 19731KB, pushed: 2026-08-08T13:42:04Z)
[2026-08-08 22:22:18] [W-1] [种子仓库] 仓库 https://github.com/ermaozi/get_subscribe (分支: main, size: 170KB, pushed: 2026-08-08T12:11:51Z)
[2026-08-08 22:22:19] [ThreadPoolExecutor-90_0] 👤 来源仓库 Qv2ray/Qv2ray → 追踪用户 Qv2ray
[2026-08-08 22:22:19] [ThreadPoolExecutor-90_0] 👤 [种子仓库] 遍历用户仓库: Qv2ray
[2026-08-08 22:22:19] [W-10] ⏭️ [raw1] 仓库 https://github.com/pooriaredorg/POORIA--REDFREE8 4694h 未更新，跳过解析（无需追踪）
[2026-08-08 22:22:19] [W-10] ✅ 完成 [raw1] pooriaredorg/POORIA--REDFREE8 | 提取 0 | 新增 0 | 耗时 1s | 配额 4722/4800 14:22UTC | 主队列 31/200 发现队列 42/20000 [[raw1]:6 [user1]:36] | Worker 36忙/0闲(100%)
[2026-08-08 22:22:19] [W-10] 🔧 开始处理 [user1] delta-comic/awesome-plugins
[2026-08-08 22:22:19] [W-10] ⏭️ [user1] 仓库 https://github.com/delta-comic/awesome-plugins 已解析，跳过解析（无需追踪）
[2026-08-08 22:22:19] [W-10] ✅ 完成 [user1] delta-comic/awesome-plugins | 提取 0 | 新增 0 | 耗时 0s | 配额 4722/4800 14:22UTC | 主队列 31/200 发现队列 41/20000 [[raw1]:6 [user1]:35] | Worker 36忙/0闲(100%)
[2026-08-08 22:22:19] [W-10] 🔧 开始处理 [user1] delta-comic/delta-comic-plugin-layout
[2026-08-08 22:22:19] [W-10] ⏭️ [user1] 仓库 https://github.com/delta-comic/delta-comic-plugin-layout 已解析，跳过解析（无需追踪）
[2026-08-08 22:22:19] [W-10] ✅ 完成 [user1] delta-comic/delta-comic-plugin-layout | 提取 0 | 新增 0 | 耗时 0s | 配额 4722/4800 14:22UTC | 主队列 31/200 发现队列 40/20000 [[raw1]:6 [user1]:34] | Worker 36忙/0闲(100%)
[2026-08-08 22:22:19] [W-10] 🔧 开始处理 [raw1] pooriaredorg/RED
[2026-08-08 22:22:19] [ThreadPoolExecutor-148_0] 👤 来源仓库 Argh94/V2RayAutoConfig → 追踪用户 Argh94
[2026-08-08 22:22:19] [ThreadPoolExecutor-148_0] 👤 [种子仓库] 遍历用户仓库: Argh94
[2026-08-08 22:22:19] [ThreadPoolExecutor-90_5] 👤 来源仓库 jiangxufeng/v2rayL → 追踪用户 jiangxufeng
[2026-08-08 22:22:19] [ThreadPoolExecutor-90_5] 👤 [种子仓库] 遍历用户仓库: jiangxufeng
[2026-08-08 22:22:20] [W-20] 👤 来源仓库 MetaCubeX/metacubexd → 追踪用户 MetaCubeX
[2026-08-08 22:22:20] [W-20] 👤 [种子仓库] 遍历用户仓库: MetaCubeX
[2026-08-08 22:22:20] [W-10] ⏭️ [raw1] 仓库 https://github.com/pooriaredorg/RED 4607h 未更新，跳过解析（无需追踪）
[2026-08-08 22:22:20] [W-10] ✅ 完成 [raw1] pooriaredorg/RED | 提取 0 | 新增 0 | 耗时 1s | 配额 4718/4800 14:22UTC | 主队列 31/200 发现队列 39/20000 [[raw1]:5 [user1]:34] | Worker 36忙/0闲(100%)
[2026-08-08 22:22:20] [W-10] 🔧 开始处理 [user1] delta-comic/jmcomic-sdk
[2026-08-08 22:22:20] [W-10] ⏭️ [user1] 仓库 https://github.com/delta-comic/jmcomic-sdk 264h 未更新，跳过解析（无需追踪）
[2026-08-08 22:22:20] [W-10] ✅ 完成 [user1] delta-comic/jmcomic-sdk | 提取 0 | 新增 0 | 耗时 0s | 配额 4718/4800 14:22UTC | 主队列 31/200 发现队列 38/20000 [[raw1]:5 [user1]:33] | Worker 36忙/0闲(100%)
[2026-08-08 22:22:20] [W-10] 🔧 开始处理 [user1] delta-comic/delta-comic-plugin-cosav
[2026-08-08 22:22:20] [W-10] ⏭️ [user1] 仓库 https://github.com/delta-comic/delta-comic-plugin-cosav 479h 未更新，跳过解析（无需追踪）
[2026-08-08 22:22:20] [W-10] ✅ 完成 [user1] delta-comic/delta-comic-plugin-cosav | 提取 0 | 新增 0 | 耗时 0s | 配额 4718/4800 14:22UTC | 主队列 31/200 发现队列 37/20000 [[raw1]:5 [user1]:32] | Worker 36忙/0闲(100%)
[2026-08-08 22:22:20] [W-10] 🔧 开始处理 [raw1] masir-sefid/Sub
[2026-08-08 22:22:20] [W-10] ⏭️ [raw1] 仓库 https://github.com/masir-sefid/Sub 1356h 未更新，跳过解析（无需追踪）
[2026-08-08 22:22:20] [W-10] ✅ 完成 [raw1] masir-sefid/Sub | 提取 0 | 新增 0 | 耗时 1s | 配额 4715/4800 14:22UTC | 主队列 31/200 发现队列 36/20000 [[raw1]:4 [user1]:32] | Worker 36忙/0闲(100%)
[2026-08-08 22:22:20] [W-10] 🔧 开始处理 [user1] delta-comic/delta-comic-plugin-hanime1
[2026-08-08 22:22:20] [W-10] ⏭️ [user1] 仓库 https://github.com/delta-comic/delta-comic-plugin-hanime1 4994h 未更新，跳过解析（无需追踪）
[2026-08-08 22:22:20] [W-10] ✅ 完成 [user1] delta-comic/delta-comic-plugin-hanime1 | 提取 0 | 新增 0 | 耗时 0s | 配额 4715/4800 14:22UTC | 主队列 31/200 发现队列 35/20000 [[raw1]:4 [user1]:31] | Worker 36忙/0闲(100%)
[2026-08-08 22:22:20] [W-10] 🔧 开始处理 [user1] delta-comic/delta-comic-plugin-ehentai
[2026-08-08 22:22:20] [W-10] ⏭️ [user1] 仓库 https://github.com/delta-comic/delta-comic-plugin-ehentai 3912h 未更新，跳过解析（无需追踪）
[2026-08-08 22:22:20] [W-10] ✅ 完成 [user1] delta-comic/delta-comic-plugin-ehentai | 提取 0 | 新增 0 | 耗时 0s | 配额 4715/4800 14:22UTC | 主队列 31/200 发现队列 34/20000 [[raw1]:4 [user1]:30] | Worker 36忙/0闲(100%)
[2026-08-08 22:22:20] [W-10] 🔧 开始处理 [user1] delta-comic/delta-comic-plugin-bika
[2026-08-08 22:22:20] [W-10] ⏭️ [user1] 仓库 https://github.com/delta-comic/delta-comic-plugin-bika 3961h 未更新，跳过解析（无需追踪）
[2026-08-08 22:22:20] [W-10] ✅ 完成 [user1] delta-comic/delta-comic-plugin-bika | 提取 0 | 新增 0 | 耗时 0s | 配额 4715/4800 14:22UTC | 主队列 31/200 发现队列 33/20000 [[raw1]:4 [user1]:29] | Worker 36忙/0闲(100%)
[2026-08-08 22:22:20] [W-10] 🔧 开始处理 [user1] delta-comic/.github
[2026-08-08 22:22:21] [W-8] 📦 Partial Clone: 3 个文件（零 API 配额） | 耗时 3s
[2026-08-08 22:22:21] [W-4] 📦 Partial Clone: 19 个文件（零 API 配额） | 耗时 3s
[2026-08-08 22:22:21] [W-35] 📦 Partial Clone: 20 个文件（零 API 配额） | 耗时 3s
[2026-08-08 22:22:21] [W-1] 📦 Partial Clone: 74 个文件（零 API 配额） | 耗时 3s
[2026-08-08 22:22:21] [W-8] 仓库 https://github.com/iampedii/whitedns-sub 候选文件 2 个
[2026-08-08 22:22:21] [W-35] 仓库 https://github.com/sami4030/multi-proxy-config-fetcher 候选文件 1 个
[2026-08-08 22:22:21] [ThreadPoolExecutor-90_5]   👤 用户仓库: 5/6 个 → 主队列 31/200 发现队列 50/20000 [[raw1]:4 [user1]:46] | Worker 36忙/0闲(100%)
[2026-08-08 22:22:21] [ThreadPoolExecutor-90_5]   用户 jiangxufeng 共查 6 个仓库
[2026-08-08 22:22:21] [W-4] 仓库 https://github.com/BiHuDeH/multi-proxy-config-fetcher 候选文件 1 个
[2026-08-08 22:22:21] [W-1] 仓库 https://github.com/ermaozi/get_subscribe 候选文件 2 个
[2026-08-08 22:22:21] [W-10] ⏭️ [user1] 仓库 https://github.com/delta-comic/.github 3382h 未更新，跳过解析（无需追踪）
[2026-08-08 22:22:21] [W-10] ✅ 完成 [user1] delta-comic/.github | 提取 0 | 新增 0 | 耗时 1s | 配额 4708/4800 14:22UTC | 主队列 31/200 发现队列 56/20000 [[raw1]:5 [user1]:51] | Worker 36忙/0闲(100%)
[2026-08-08 22:22:21] [W-10] 🔧 开始处理 [user1] delta-comic/sentry-tauri-new
[2026-08-08 22:22:21] [W-10] ⏭️ [user1] 仓库 https://github.com/delta-comic/sentry-tauri-new 3797h 未更新，跳过解析（无需追踪）
[2026-08-08 22:22:21] [W-10] ✅ 完成 [user1] delta-comic/sentry-tauri-new | 提取 0 | 新增 0 | 耗时 0s | 配额 4708/4800 14:22UTC | 主队列 31/200 发现队列 55/20000 [[raw1]:5 [user1]:50] | Worker 36忙/0闲(100%)
[2026-08-08 22:22:21] [W-10] 🔧 开始处理 [user1] delta-comic/tauri-plugin-aptabase-rustls
[2026-08-08 22:22:21] [W-10] ⏭️ [user1] 仓库 https://github.com/delta-comic/tauri-plugin-aptabase-rustls 4370h 未更新，跳过解析（无需追踪）
[2026-08-08 22:22:21] [W-10] ✅ 完成 [user1] delta-comic/tauri-plugin-aptabase-rustls | 提取 0 | 新增 0 | 耗时 0s | 配额 4708/4800 14:22UTC | 主队列 31/200 发现队列 54/20000 [[raw1]:5 [user1]:49] | Worker 36忙/0闲(100%)
[2026-08-08 22:22:21] [W-10] 🔧 开始处理 [raw1] delta-comic/delta-comic
[2026-08-08 22:22:21] [W-10] [raw1] 仓库 https://github.com/delta-comic/delta-comic (分支: develop, size: 14288KB, pushed: 2026-08-08T11:41:56Z)
[2026-08-08 22:22:22] [W-35] ✅ 完成 [种子仓库] sami4030/multi-proxy-config-fetcher [种子 48/744] | 提取 0 | 新增 0 | 耗时 5s | 配额 4708/4800 14:22UTC | 主队列 31/200 发现队列 60/20000 [[raw1]:4 [user1]:56] | Worker 36忙/0闲(100%)
[2026-08-08 22:22:22] [W-35] 🔧 开始处理 [raw1] therealaleph/Iran-configs
[2026-08-08 22:22:22] [W-4] ✅ 完成 [种子仓库] BiHuDeH/multi-proxy-config-fetcher [种子 47/744] | 提取 0 | 新增 0 | 耗时 5s | 配额 4708/4800 14:22UTC | 主队列 31/200 发现队列 60/20000 [[raw1]:3 [user1]:57] | Worker 36忙/0闲(100%)
[2026-08-08 22:22:22] [W-4] 🔧 开始处理 [user1] wenxig/zero-path
[2026-08-08 22:22:22] [W-4] ⏭️ [user1] 仓库 https://github.com/wenxig/zero-path 已解析，跳过解析（无需追踪）
[2026-08-08 22:22:22] [W-4] ✅ 完成 [user1] wenxig/zero-path | 提取 0 | 新增 0 | 耗时 0s | 配额 4708/4800 14:22UTC | 主队列 31/200 发现队列 59/20000 [[raw1]:3 [user1]:56] | Worker 36忙/0闲(100%)
[2026-08-08 22:22:22] [W-4] 🔧 开始处理 [user1] wenxig/wenxig
[2026-08-08 22:22:22] [W-4] ⏭️ [user1] 仓库 https://github.com/wenxig/wenxig 已解析，跳过解析（无需追踪）
[2026-08-08 22:22:22] [W-4] ✅ 完成 [user1] wenxig/wenxig | 提取 0 | 新增 0 | 耗时 0s | 配额 4708/4800 14:22UTC | 主队列 31/200 发现队列 58/20000 [[raw1]:3 [user1]:55] | Worker 36忙/0闲(100%)
[2026-08-08 22:22:22] [W-4] 🔧 开始处理 [user1] 2dust/clashN
[2026-08-08 22:22:22] [W-4] ⏭️ [user1] 仓库 https://github.com/2dust/clashN 18492h 未更新，跳过解析（无需追踪）
[2026-08-08 22:22:22] [W-4] ✅ 完成 [user1] 2dust/clashN | 提取 0 | 新增 0 | 耗时 0s | 配额 4708/4800 14:22UTC | 主队列 31/200 发现队列 57/20000 [[raw1]:3 [user1]:54] | Worker 36忙/0闲(100%)
[2026-08-08 22:22:22] [W-4] 🔧 开始处理 [user1] 2dust/v2flyNG
[2026-08-08 22:22:22] [W-4] ⏭️ [user1] 仓库 https://github.com/2dust/v2flyNG 5743h 未更新，跳过解析（无需追踪）
[2026-08-08 22:22:22] [W-4] ✅ 完成 [user1] 2dust/v2flyNG | 提取 0 | 新增 0 | 耗时 0s | 配额 4708/4800 14:22UTC | 主队列 31/200 发现队列 56/20000 [[raw1]:3 [user1]:53] | Worker 36忙/0闲(100%)
[2026-08-08 22:22:22] [W-4] 🔧 开始处理 [user1] 2dust/v2rayN-core-bin
[2026-08-08 22:22:22] [W-10] 📦 Partial Clone: 1849 个文件（零 API 配额） | 耗时 1s
[2026-08-08 22:22:22] [ThreadPoolExecutor-90_3]   👤 用户仓库: 15/17 个 → 主队列 31/200 发现队列 58/20000 [[raw1]:3 [user1]:55] | Worker 36忙/0闲(100%)
[2026-08-08 22:22:22] [ThreadPoolExecutor-90_3]   用户 Pawdroid 共查 17 个仓库
[2026-08-08 22:22:23] [W-1] 🔗 [种子仓库] 递归发现仓库 ACL4SSR/ACL4SSR (来源 https://raw.githubusercontent.com/ermaozi/get_subscribe/main/subscribe/clash.yml)
[2026-08-08 22:22:23] [ThreadPoolExecutor-90_0]   👤 用户仓库: 29/30 个 → 主队列 31/200 发现队列 115/20000 [[raw1]:4 [user1]:111] | Worker 36忙/0闲(100%)
[2026-08-08 22:22:23] [ThreadPoolExecutor-90_0]   用户 Qv2ray 共查 30 个仓库
[2026-08-08 22:22:23] [W-35] ⏭️ [raw1] 仓库 https://github.com/therealaleph/Iran-configs 1589h 未更新，跳过解析（无需追踪）
[2026-08-08 22:22:23] [W-35] ✅ 完成 [raw1] therealaleph/Iran-configs | 提取 0 | 新增 0 | 耗时 0s | 配额 4707/4800 14:22UTC | 主队列 31/200 发现队列 124/20000 [[raw1]:5 [user1]:119] | Worker 36忙/0闲(100%)
[2026-08-08 22:22:23] [W-35] 🔧 开始处理 [user1] wenxig/jmcomic-source-code
[2026-08-08 22:22:23] [W-35] ⏭️ [user1] 仓库 https://github.com/wenxig/jmcomic-source-code 2998h 未更新，跳过解析（无需追踪）
[2026-08-08 22:22:23] [W-35] ✅ 完成 [user1] wenxig/jmcomic-source-code | 提取 0 | 新增 0 | 耗时 0s | 配额 4707/4800 14:22UTC | 主队列 31/200 发现队列 123/20000 [[raw1]:5 [user1]:118] | Worker 36忙/0闲(100%)
[2026-08-08 22:22:23] [W-35] 🔧 开始处理 [user1] wenxig/bilibili-danmu-small-window
[2026-08-08 22:22:23] [W-35] ⏭️ [user1] 仓库 https://github.com/wenxig/bilibili-danmu-small-window 743h 未更新，跳过解析（无需追踪）
[2026-08-08 22:22:23] [W-35] ✅ 完成 [user1] wenxig/bilibili-danmu-small-window | 提取 0 | 新增 0 | 耗时 0s | 配额 4707/4800 14:22UTC | 主队列 31/200 发现队列 122/20000 [[raw1]:5 [user1]:117] | Worker 36忙/0闲(100%)
[2026-08-08 22:22:23] [W-35] 🔧 开始处理 [user1] 2dust/AndroidLibV2rayLite
[2026-08-08 22:22:23] [W-35] ⏭️ [user1] 仓库 https://github.com/2dust/AndroidLibV2rayLite 131h 未更新，跳过解析（无需追踪）
[2026-08-08 22:22:23] [W-35] ✅ 完成 [user1] 2dust/AndroidLibV2rayLite | 提取 0 | 新增 0 | 耗时 0s | 配额 4707/4800 14:22UTC | 主队列 31/200 发现队列 121/20000 [[raw1]:5 [user1]:116] | Worker 36忙/0闲(100%)
[2026-08-08 22:22:23] [W-35] 🔧 开始处理 [user1] wenxig/tauri-plugin-better-cors-fetch
[2026-08-08 22:22:23] [W-35] ⏭️ [user1] 仓库 https://github.com/wenxig/tauri-plugin-better-cors-fetch 1324h 未更新，跳过解析（无需追踪）
[2026-08-08 22:22:23] [W-35] ✅ 完成 [user1] wenxig/tauri-plugin-better-cors-fetch | 提取 0 | 新增 0 | 耗时 0s | 配额 4707/4800 14:22UTC | 主队列 31/200 发现队列 120/20000 [[raw1]:5 [user1]:115] | Worker 36忙/0闲(100%)
[2026-08-08 22:22:23] [W-35] 🔧 开始处理 [user1] 2dust/AndroidLibXrayLite
[2026-08-08 22:22:23] [W-35] ⏭️ [user1] 仓库 https://github.com/2dust/AndroidLibXrayLite 198h 未更新，跳过解析（无需追踪）
[2026-08-08 22:22:23] [W-35] ✅ 完成 [user1] 2dust/AndroidLibXrayLite | 提取 0 | 新增 0 | 耗时 0s | 配额 4707/4800 14:22UTC | 主队列 31/200 发现队列 119/20000 [[raw1]:5 [user1]:114] | Worker 36忙/0闲(100%)
[2026-08-08 22:22:23] [W-35] 🔧 开始处理 [user1] 2dust/androidpackagenamelist
[2026-08-08 22:22:23] [W-4] ⏭️ [user1] 仓库 https://github.com/2dust/v2rayN-core-bin 已解析，跳过解析（无需追踪）
[2026-08-08 22:22:23] [W-4] ✅ 完成 [user1] 2dust/v2rayN-core-bin | 提取 0 | 新增 0 | 耗时 0s | 配额 4706/4800 14:22UTC | 主队列 31/200 发现队列 118/20000 [[raw1]:5 [user1]:113] | Worker 36忙/0闲(100%)
[2026-08-08 22:22:23] [W-4] 🔧 开始处理 [user1] wenxig/cosav-neo
[2026-08-08 22:22:23] [W-4] ⏭️ [user1] 仓库 https://github.com/wenxig/cosav-neo 1801h 未更新，跳过解析（无需追踪）
[2026-08-08 22:22:23] [W-4] ✅ 完成 [user1] wenxig/cosav-neo | 提取 0 | 新增 0 | 耗时 0s | 配额 4706/4800 14:22UTC | 主队列 31/200 发现队列 117/20000 [[raw1]:5 [user1]:112] | Worker 36忙/0闲(100%)
[2026-08-08 22:22:23] [W-4] 🔧 开始处理 [user1] wenxig/bika-comic
[2026-08-08 22:22:23] [W-4] ⏭️ [user1] 仓库 https://github.com/wenxig/bika-comic 6699h 未更新，跳过解析（无需追踪）
[2026-08-08 22:22:23] [W-4] ✅ 完成 [user1] wenxig/bika-comic | 提取 0 | 新增 0 | 耗时 0s | 配额 4706/4800 14:22UTC | 主队列 31/200 发现队列 116/20000 [[raw1]:5 [user1]:111] | Worker 36忙/0闲(100%)
[2026-08-08 22:22:23] [W-4] 🔧 开始处理 [user1] 2dust/D-Tools
[2026-08-08 22:22:23] [W-4] ⏭️ [user1] 仓库 https://github.com/2dust/D-Tools 13016h 未更新，跳过解析（无需追踪）
[2026-08-08 22:22:23] [W-4] ✅ 完成 [user1] 2dust/D-Tools | 提取 0 | 新增 0 | 耗时 0s | 配额 4706/4800 14:22UTC | 主队列 31/200 发现队列 115/20000 [[raw1]:5 [user1]:110] | Worker 36忙/0闲(100%)
[2026-08-08 22:22:23] [W-4] 🔧 开始处理 [user1] wenxig/lanzou-client
[2026-08-08 22:22:23] [W-4] ⏭️ [user1] 仓库 https://github.com/wenxig/lanzou-client 2690h 未更新，跳过解析（无需追踪）
[2026-08-08 22:22:23] [W-4] ✅ 完成 [user1] wenxig/lanzou-client | 提取 0 | 新增 0 | 耗时 0s | 配额 4706/4800 14:22UTC | 主队列 31/200 发现队列 114/20000 [[raw1]:5 [user1]:109] | Worker 36忙/0闲(100%)
[2026-08-08 22:22:23] [W-4] 🔧 开始处理 [user1] 2dust/GlobalHotKeys
[2026-08-08 22:22:23] [W-4] ⏭️ [user1] 仓库 https://github.com/2dust/GlobalHotKeys 798h 未更新，跳过解析（无需追踪）
[2026-08-08 22:22:23] [W-4] ✅ 完成 [user1] 2dust/GlobalHotKeys | 提取 0 | 新增 0 | 耗时 0s | 配额 4706/4800 14:22UTC | 主队列 31/200 发现队列 113/20000 [[raw1]:5 [user1]:108] | Worker 36忙/0闲(100%)
[2026-08-08 22:22:23] [W-4] 🔧 开始处理 [user1] 2dust/NetBridge
[2026-08-08 22:22:23] [W-4] ⏭️ [user1] 仓库 https://github.com/2dust/NetBridge 1447h 未更新，跳过解析（无需追踪）
[2026-08-08 22:22:23] [W-4] ✅ 完成 [user1] 2dust/NetBridge | 提取 0 | 新增 0 | 耗时 0s | 配额 4706/4800 14:22UTC | 主队列 31/200 发现队列 112/20000 [[raw1]:5 [user1]:107] | Worker 36忙/0闲(100%)
[2026-08-08 22:22:23] [W-4] 🔧 开始处理 [user1] 2dust/ProxyBridge
[2026-08-08 22:22:23] [W-35] ⏭️ [user1] 仓库 https://github.com/2dust/androidpackagenamelist 19612h 未更新，跳过解析（无需追踪）
[2026-08-08 22:22:23] [W-35] ✅ 完成 [user1] 2dust/androidpackagenamelist | 提取 0 | 新增 0 | 耗时 0s | 配额 4705/4800 14:22UTC | 主队列 31/200 发现队列 112/20000 [[raw1]:5 [user1]:107] | Worker 36忙/0闲(100%)
[2026-08-08 22:22:23] [W-35] 🔧 开始处理 [user1] 2dust/v2rayCustomRoutingList
[2026-08-08 22:22:23] [W-4] ⏭️ [user1] 仓库 https://github.com/2dust/ProxyBridge 1730h 未更新，跳过解析（无需追踪）
[2026-08-08 22:22:23] [W-4] ✅ 完成 [user1] 2dust/ProxyBridge | 提取 0 | 新增 0 | 耗时 0s | 配额 4704/4800 14:22UTC | 主队列 31/200 发现队列 112/20000 [[raw1]:5 [user1]:107] | Worker 36忙/0闲(100%)
[2026-08-08 22:22:23] [W-4] 🔧 开始处理 [user1] 2dust/winget-pkgs
[2026-08-08 22:22:23] [ThreadPoolExecutor-148_0]   👤 用户仓库: 29/30 个 → 主队列 31/200 发现队列 112/20000 [[raw1]:5 [user1]:107] | Worker 36忙/0闲(100%)
[2026-08-08 22:22:23] [ThreadPoolExecutor-148_0]   用户 Argh94 共查 30 个仓库
[2026-08-08 22:22:24] [W-35] ⏭️ [user1] 仓库 https://github.com/2dust/v2rayCustomRoutingList 11915h 未更新，跳过解析（无需追踪）
[2026-08-08 22:22:24] [W-35] ✅ 完成 [user1] 2dust/v2rayCustomRoutingList | 提取 0 | 新增 0 | 耗时 1s | 配额 4702/4800 14:22UTC | 主队列 31/200 发现队列 114/20000 [[raw1]:7 [user1]:107] | Worker 36忙/0闲(100%)
[2026-08-08 22:22:24] [W-35] 🔧 开始处理 [user1] 2dust/sing-box-rules
[2026-08-08 22:22:24] [W-35] ⏭️ [user1] 仓库 https://github.com/2dust/sing-box-rules 已解析，跳过解析（无需追踪）
[2026-08-08 22:22:24] [W-35] ✅ 完成 [user1] 2dust/sing-box-rules | 提取 0 | 新增 0 | 耗时 0s | 配额 4702/4800 14:22UTC | 主队列 31/200 发现队列 113/20000 [[raw1]:7 [user1]:106] | Worker 36忙/0闲(100%)
[2026-08-08 22:22:24] [W-35] 🔧 开始处理 [raw1] 2dust/v2rayN
[2026-08-08 22:22:24] [W-35] [raw1] 仓库 https://github.com/2dust/v2rayN (分支: master, size: 49282KB, pushed: 2026-08-08T12:38:57Z)
[2026-08-08 22:22:24] [W-4] ⏭️ [user1] 仓库 https://github.com/2dust/winget-pkgs 205h 未更新，跳过解析（无需追踪）
[2026-08-08 22:22:24] [W-4] ✅ 完成 [user1] 2dust/winget-pkgs | 提取 0 | 新增 0 | 耗时 1s | 配额 4701/4800 14:22UTC | 主队列 31/200 发现队列 112/20000 [[raw1]:6 [user1]:106] | Worker 36忙/0闲(100%)
[2026-08-08 22:22:24] [W-4] 🔧 开始处理 [user1] wenxig/delta-chat
[2026-08-08 22:22:24] [W-4] ⏭️ [user1] 仓库 https://github.com/wenxig/delta-chat 6094h 未更新，跳过解析（无需追踪）
[2026-08-08 22:22:24] [W-4] ✅ 完成 [user1] wenxig/delta-chat | 提取 0 | 新增 0 | 耗时 0s | 配额 4701/4800 14:22UTC | 主队列 31/200 发现队列 111/20000 [[raw1]:6 [user1]:105] | Worker 36忙/0闲(100%)
[2026-08-08 22:22:24] [W-4] 🔧 开始处理 [user1] wenxig/delta-comic-plugin-presentation
[2026-08-08 22:22:24] [W-4] ⏭️ [user1] 仓库 https://github.com/wenxig/delta-comic-plugin-presentation 6506h 未更新，跳过解析（无需追踪）
[2026-08-08 22:22:24] [W-4] ✅ 完成 [user1] wenxig/delta-comic-plugin-presentation | 提取 0 | 新增 0 | 耗时 0s | 配额 4701/4800 14:22UTC | 主队列 31/200 发现队列 110/20000 [[raw1]:6 [user1]:104] | Worker 36忙/0闲(100%)
[2026-08-08 22:22:24] [W-4] 🔧 开始处理 [user1] wenxig/18comic-raw
[2026-08-08 22:22:24] [W-4] ⏭️ [user1] 仓库 https://github.com/wenxig/18comic-raw 7032h 未更新，跳过解析（无需追踪）
[2026-08-08 22:22:24] [W-4] ✅ 完成 [user1] wenxig/18comic-raw | 提取 0 | 新增 0 | 耗时 0s | 配额 4701/4800 14:22UTC | 主队列 31/200 发现队列 109/20000 [[raw1]:6 [user1]:103] | Worker 36忙/0闲(100%)
[2026-08-08 22:22:24] [W-4] 🔧 开始处理 [user1] wenxig/template-web
[2026-08-08 22:22:24] [W-4] ⏭️ [user1] 仓库 https://github.com/wenxig/template-web 9226h 未更新，跳过解析（无需追踪）
[2026-08-08 22:22:24] [W-4] ✅ 完成 [user1] wenxig/template-web | 提取 0 | 新增 0 | 耗时 0s | 配额 4701/4800 14:22UTC | 主队列 31/200 发现队列 108/20000 [[raw1]:6 [user1]:102] | Worker 36忙/0闲(100%)
[2026-08-08 22:22:24] [W-4] 🔧 开始处理 [user1] wenxig/electron-template
[2026-08-08 22:22:24] [W-4] ⏭️ [user1] 仓库 https://github.com/wenxig/electron-template 9226h 未更新，跳过解析（无需追踪）
[2026-08-08 22:22:24] [W-4] ✅ 完成 [user1] wenxig/electron-template | 提取 0 | 新增 0 | 耗时 0s | 配额 4701/4800 14:22UTC | 主队列 31/200 发现队列 107/20000 [[raw1]:6 [user1]:101] | Worker 36忙/0闲(100%)
[2026-08-08 22:22:24] [W-4] 🔧 开始处理 [raw1] wenxig/dongtai-sub
[2026-08-08 22:22:24] [W-4] [raw1] 仓库 https://github.com/wenxig/dongtai-sub (分支: main, size: 756KB, pushed: 2026-08-08T13:46:35Z)
[2026-08-08 22:22:24] [W-4] 📦 Partial Clone: 20 个文件（零 API 配额） | 耗时 1s
[2026-08-08 22:22:24] [W-35] 📦 Partial Clone: 421 个文件（零 API 配额） | 耗时 1s
[2026-08-08 22:22:24] [W-28] 🌱 加入种子: peasoft/NoMoreWalls (提取 781 节点)
[2026-08-08 22:22:24] [W-28] ✅ 完成 [种子仓库] peasoft/NoMoreWalls [种子 28/744] | 提取 781 | 新增 28 | 耗时 44s | 配额 4701/4800 14:22UTC | 主队列 31/200 发现队列 109/20000 [[raw1]:5 [user1]:104] | Worker 36忙/0闲(100%)
[2026-08-08 22:22:24] [W-28] 🔧 开始处理 [种子仓库] Airuop/archive [种子 50/744]
[2026-08-08 22:22:24] [W-20]   👤 用户仓库: 29/30 个 → 主队列 30/200 发现队列 112/20000 [[raw1]:5 [user1]:107] | Worker 36忙/0闲(100%)
[2026-08-08 22:22:24] [W-20]   用户 MetaCubeX 共查 30 个仓库
[2026-08-08 22:22:25] [W-28] [种子仓库] 仓库 https://github.com/Airuop/archive (分支: master, size: 679827KB, pushed: 2026-08-08T08:49:06Z)
[2026-08-08 22:22:25] [W-20] 🔗 [种子仓库] 发现仓库链接 3andne/restl (来源 https://raw.githubusercontent.com/kafeixiang/mihomo/Alpha/docs/config.yaml)
[2026-08-08 22:22:25] [W-4] 仓库 https://github.com/wenxig/dongtai-sub 候选文件 1 个
[2026-08-08 22:22:25] [W-3] 🌱 加入种子: Baobei321/-AutoMergePublicNodes (提取 457 节点)
[2026-08-08 22:22:25] [W-3] ✅ 完成 [种子仓库] Baobei321/-AutoMergePublicNodes [种子 40/744] | 提取 457 | 新增 1 | 耗时 44s | 配额 4700/4800 14:22UTC | 主队列 30/200 发现队列 113/20000 [[raw1]:6 [user1]:107] | Worker 36忙/0闲(100%)
[2026-08-08 22:22:25] [W-3] 🔧 开始处理 [种子仓库] AtenaPV/PL4 [种子 51/744]
[2026-08-08 22:22:25] [W-32] 🌱 加入种子: wang1680/proxypool (提取 315 节点)
[2026-08-08 22:22:25] [W-32] ✅ 完成 [种子仓库] wang1680/proxypool [种子 2/744] | 提取 315 | 新增 108 | 耗时 46s | 配额 4700/4800 14:22UTC | 主队列 29/200 发现队列 113/20000 [[raw1]:6 [user1]:107] | Worker 36忙/0闲(100%)
[2026-08-08 22:22:25] [W-32] 🔧 开始处理 [种子仓库] AtenaPV/Main-DB [种子 52/744]
[2026-08-08 22:22:25] [W-31] 仓库 https://github.com/Raad63/nirevil 候选文件 7 个
[2026-08-08 22:22:26] repo info (3andne/restl) 404，跳过
[2026-08-08 22:22:26] [W-3] ⏭️ [种子仓库] 仓库 https://github.com/AtenaPV/PL4 215h 未更新，跳过解析（无需追踪）
[2026-08-08 22:22:26] [W-3] ✅ 完成 [种子仓库] AtenaPV/PL4 [种子 51/744] | 提取 0 | 新增 0 | 耗时 1s | 配额 4698/4800 14:22UTC | 主队列 28/200 发现队列 113/20000 [[raw1]:6 [user1]:107] | Worker 36忙/0闲(100%)
[2026-08-08 22:22:26] [W-3] 🔧 开始处理 [user1] Pawdroid/Pawdoll
[2026-08-08 22:22:26] [W-32] ⏭️ [种子仓库] 仓库 https://github.com/AtenaPV/Main-DB 215h 未更新，跳过解析（无需追踪）
[2026-08-08 22:22:26] [W-32] ✅ 完成 [种子仓库] AtenaPV/Main-DB [种子 52/744] | 提取 0 | 新增 0 | 耗时 1s | 配额 4697/4800 14:22UTC | 主队列 28/200 发现队列 112/20000 [[raw1]:6 [user1]:106] | Worker 36忙/0闲(100%)
[2026-08-08 22:22:26] [W-32] 🔧 开始处理 [user1] Qv2ray/QvPlugin-SS
[2026-08-08 22:22:26] [W-32] ⏭️ [user1] 仓库 https://github.com/Qv2ray/QvPlugin-SS 43617h 未更新，跳过解析（无需追踪）
[2026-08-08 22:22:26] [W-32] ✅ 完成 [user1] Qv2ray/QvPlugin-SS | 提取 0 | 新增 0 | 耗时 0s | 配额 4697/4800 14:22UTC | 主队列 28/200 发现队列 111/20000 [[raw1]:6 [user1]:105] | Worker 36忙/0闲(100%)
[2026-08-08 22:22:26] [W-32] 🔧 开始处理 [user1] Pawdroid/ShadowShare
[2026-08-08 22:22:27] [W-20] 🔍 仓库 3andne/restl 不存在，追踪用户
[2026-08-08 22:22:27] [W-20] 👤 [种子仓库] 遍历用户仓库: 3andne
[2026-08-08 22:22:27] [W-32] ⏭️ [user1] 仓库 https://github.com/Pawdroid/ShadowShare 29301h 未更新，跳过解析（无需追踪）
[2026-08-08 22:22:27] [W-32] ✅ 完成 [user1] Pawdroid/ShadowShare | 提取 0 | 新增 0 | 耗时 1s | 配额 4696/4800 14:22UTC | 主队列 28/200 发现队列 110/20000 [[raw1]:6 [user1]:104] | Worker 36忙/0闲(100%)
[2026-08-08 22:22:27] [W-32] 🔧 开始处理 [user1] Pawdroid/shadowrocket_for_windows
[2026-08-08 22:22:27] [W-32] ⏭️ [user1] 仓库 https://github.com/Pawdroid/shadowrocket_for_windows 23624h 未更新，跳过解析（无需追踪）
[2026-08-08 22:22:27] [W-32] ✅ 完成 [user1] Pawdroid/shadowrocket_for_windows | 提取 0 | 新增 0 | 耗时 0s | 配额 4696/4800 14:22UTC | 主队列 28/200 发现队列 109/20000 [[raw1]:6 [user1]:103] | Worker 36忙/0闲(100%)
[2026-08-08 22:22:27] [W-32] 🔧 开始处理 [user1] Qv2ray/QvPlugin-Trojan
[2026-08-08 22:22:27] [W-32] ⏭️ [user1] 仓库 https://github.com/Qv2ray/QvPlugin-Trojan 43617h 未更新，跳过解析（无需追踪）
[2026-08-08 22:22:27] [W-32] ✅ 完成 [user1] Qv2ray/QvPlugin-Trojan | 提取 0 | 新增 0 | 耗时 0s | 配额 4696/4800 14:22UTC | 主队列 28/200 发现队列 108/20000 [[raw1]:6 [user1]:102] | Worker 36忙/0闲(100%)
[2026-08-08 22:22:27] [W-32] 🔧 开始处理 [user1] jiangxufeng/CitiCup
[2026-08-08 22:22:27] [W-32] ⏭️ [user1] 仓库 https://github.com/jiangxufeng/CitiCup 32148h 未更新，跳过解析（无需追踪）
[2026-08-08 22:22:27] [W-32] ✅ 完成 [user1] jiangxufeng/CitiCup | 提取 0 | 新增 0 | 耗时 0s | 配额 4696/4800 14:22UTC | 主队列 28/200 发现队列 107/20000 [[raw1]:6 [user1]:101] | Worker 36忙/0闲(100%)
[2026-08-08 22:22:27] [W-32] 🔧 开始处理 [user1] Pawdroid/TadpoleVPN
[2026-08-08 22:22:27] [W-3] ⏭️ [user1] 仓库 https://github.com/Pawdroid/Pawdoll 9113h 未更新，跳过解析（无需追踪）
[2026-08-08 22:22:27] [W-3] ✅ 完成 [user1] Pawdroid/Pawdoll | 提取 0 | 新增 0 | 耗时 1s | 配额 4695/4800 14:22UTC | 主队列 28/200 发现队列 106/20000 [[raw1]:6 [user1]:100] | Worker 36忙/0闲(100%)
[2026-08-08 22:22:27] [W-3] 🔧 开始处理 [user1] Pawdroid/FoxoVPN
[2026-08-08 22:22:27] [W-4] ✅ 完成 [raw1] wenxig/dongtai-sub | 提取 0 | 新增 0 | 耗时 3s | 配额 4694/4800 14:22UTC | 主队列 28/200 发现队列 105/20000 [[raw1]:6 [user1]:99] | Worker 36忙/0闲(100%)
[2026-08-08 22:22:27] [W-4] 🔧 开始处理 [user1] Qv2ray/QvPlugin-SSR
[2026-08-08 22:22:27] [W-4] ⏭️ [user1] 仓库 https://github.com/Qv2ray/QvPlugin-SSR 43617h 未更新，跳过解析（无需追踪）
[2026-08-08 22:22:27] [W-4] ✅ 完成 [user1] Qv2ray/QvPlugin-SSR | 提取 0 | 新增 0 | 耗时 0s | 配额 4694/4800 14:22UTC | 主队列 28/200 发现队列 104/20000 [[raw1]:6 [user1]:98] | Worker 36忙/0闲(100%)
[2026-08-08 22:22:27] [W-4] 🔧 开始处理 [user1] Pawdroid/Pawdroid
[2026-08-08 22:22:27] [W-3] ⏭️ [user1] 仓库 https://github.com/Pawdroid/FoxoVPN 15596h 未更新，跳过解析（无需追踪）
[2026-08-08 22:22:27] [W-3] ✅ 完成 [user1] Pawdroid/FoxoVPN | 提取 0 | 新增 0 | 耗时 0s | 配额 4692/4800 14:22UTC | 主队列 28/200 发现队列 103/20000 [[raw1]:6 [user1]:97] | Worker 36忙/0闲(100%)
[2026-08-08 22:22:27] [W-3] 🔧 开始处理 [user1] jiangxufeng/beego-admin
[2026-08-08 22:22:27] [W-3] ⏭️ [user1] 仓库 https://github.com/jiangxufeng/beego-admin 主要语言 HTML，跳过
[2026-08-08 22:22:27] [W-3] ✅ 完成 [user1] jiangxufeng/beego-admin | 提取 0 | 新增 0 | 耗时 0s | 配额 4692/4800 14:22UTC | 主队列 28/200 发现队列 102/20000 [[raw1]:6 [user1]:96] | Worker 36忙/0闲(100%)
[2026-08-08 22:22:27] [W-3] 🔧 开始处理 [user1] Qv2ray/QvPlugin-NaiveProxy
[2026-08-08 22:22:27] [W-3] ⏭️ [user1] 仓库 https://github.com/Qv2ray/QvPlugin-NaiveProxy 43617h 未更新，跳过解析（无需追踪）
[2026-08-08 22:22:27] [W-3] ✅ 完成 [user1] Qv2ray/QvPlugin-NaiveProxy | 提取 0 | 新增 0 | 耗时 0s | 配额 4692/4800 14:22UTC | 主队列 28/200 发现队列 101/20000 [[raw1]:6 [user1]:95] | Worker 36忙/0闲(100%)
[2026-08-08 22:22:27] [W-3] 🔧 开始处理 [user1] Pawdroid/FireballVPN
[2026-08-08 22:22:28] [W-32] ⏭️ [user1] 仓库 https://github.com/Pawdroid/TadpoleVPN 21538h 未更新，跳过解析（无需追踪）
[2026-08-08 22:22:28] [W-32] ✅ 完成 [user1] Pawdroid/TadpoleVPN | 提取 0 | 新增 0 | 耗时 1s | 配额 4691/4800 14:22UTC | 主队列 28/200 发现队列 100/20000 [[raw1]:6 [user1]:94] | Worker 36忙/0闲(100%)
[2026-08-08 22:22:28] [W-32] 🔧 开始处理 [user1] jiangxufeng/build-web-application-with-golang
[2026-08-08 22:22:28] [W-32] ⏭️ [user1] 仓库 https://github.com/jiangxufeng/build-web-application-with-golang 65111h 未更新，跳过解析（无需追踪）
[2026-08-08 22:22:28] [W-32] ✅ 完成 [user1] jiangxufeng/build-web-application-with-golang | 提取 0 | 新增 0 | 耗时 0s | 配额 4691/4800 14:22UTC | 主队列 28/200 发现队列 99/20000 [[raw1]:6 [user1]:93] | Worker 36忙/0闲(100%)
[2026-08-08 22:22:28] [W-32] 🔧 开始处理 [user1] Pawdroid/ACL4SSR
[2026-08-08 22:22:28] [W-4] [user1] 仓库 https://github.com/Pawdroid/Pawdroid (分支: main, size: 95KB, pushed: 2026-08-08T12:40:15Z)
[2026-08-08 22:22:28] [W-3] ⏭️ [user1] 仓库 https://github.com/Pawdroid/FireballVPN 21195h 未更新，跳过解析（无需追踪）
[2026-08-08 22:22:28] [W-3] ✅ 完成 [user1] Pawdroid/FireballVPN | 提取 0 | 新增 0 | 耗时 0s | 配额 4689/4800 14:22UTC | 主队列 28/200 发现队列 98/20000 [[raw1]:6 [user1]:92] | Worker 36忙/0闲(100%)
[2026-08-08 22:22:28] [W-3] 🔧 开始处理 [user1] Qv2ray/v2ray-rust
[2026-08-08 22:22:28] [W-3] ⏭️ [user1] 仓库 https://github.com/Qv2ray/v2ray-rust 20948h 未更新，跳过解析（无需追踪）
[2026-08-08 22:22:28] [W-3] ✅ 完成 [user1] Qv2ray/v2ray-rust | 提取 0 | 新增 0 | 耗时 0s | 配额 4689/4800 14:22UTC | 主队列 28/200 发现队列 97/20000 [[raw1]:6 [user1]:91] | Worker 36忙/0闲(100%)
[2026-08-08 22:22:28] [W-3] 🔧 开始处理 [user1] jiangxufeng/hanmu
[2026-08-08 22:22:28] [W-3] ⏭️ [user1] 仓库 https://github.com/jiangxufeng/hanmu 32149h 未更新，跳过解析（无需追踪）
[2026-08-08 22:22:28] [W-3] ✅ 完成 [user1] jiangxufeng/hanmu | 提取 0 | 新增 0 | 耗时 0s | 配额 4689/4800 14:22UTC | 主队列 28/200 发现队列 96/20000 [[raw1]:6 [user1]:90] | Worker 36忙/0闲(100%)
[2026-08-08 22:22:28] [W-3] 🔧 开始处理 [user1] jiangxufeng/wxh
[2026-08-08 22:22:28] [W-3] ⏭️ [user1] 仓库 https://github.com/jiangxufeng/wxh 主要语言 HTML，跳过
[2026-08-08 22:22:28] [W-3] ✅ 完成 [user1] jiangxufeng/wxh | 提取 0 | 新增 0 | 耗时 0s | 配额 4689/4800 14:22UTC | 主队列 28/200 发现队列 95/20000 [[raw1]:6 [user1]:89] | Worker 36忙/0闲(100%)
[2026-08-08 22:22:28] [W-3] 🔧 开始处理 [raw1] jiangxufeng/v2rayL
[2026-08-08 22:22:28] [W-3] ⏭️ [raw1] 仓库 https://github.com/jiangxufeng/v2rayL 30869h 未更新，跳过解析（无需追踪）
[2026-08-08 22:22:28] [W-3] ✅ 完成 [raw1] jiangxufeng/v2rayL | 提取 0 | 新增 0 | 耗时 0s | 配额 4689/4800 14:22UTC | 主队列 28/200 发现队列 94/20000 [[raw1]:5 [user1]:89] | Worker 36忙/0闲(100%)
[2026-08-08 22:22:28] [W-3] 🔧 开始处理 [user1] Qv2ray/QvPlugin-Trojan-Go
[2026-08-08 22:22:28] [W-3] ⏭️ [user1] 仓库 https://github.com/Qv2ray/QvPlugin-Trojan-Go 43617h 未更新，跳过解析（无需追踪）
[2026-08-08 22:22:28] [W-3] ✅ 完成 [user1] Qv2ray/QvPlugin-Trojan-Go | 提取 0 | 新增 0 | 耗时 0s | 配额 4689/4800 14:22UTC | 主队列 28/200 发现队列 93/20000 [[raw1]:5 [user1]:88] | Worker 36忙/0闲(100%)
[2026-08-08 22:22:28] [W-3] 🔧 开始处理 [user1] Pawdroid/shell
[2026-08-08 22:22:28] [W-3] ⏭️ [user1] 仓库 https://github.com/Pawdroid/shell 24332h 未更新，跳过解析（无需追踪）
[2026-08-08 22:22:28] [W-3] ✅ 完成 [user1] Pawdroid/shell | 提取 0 | 新增 0 | 耗时 0s | 配额 4689/4800 14:22UTC | 主队列 28/200 发现队列 92/20000 [[raw1]:5 [user1]:87] | Worker 36忙/0闲(100%)
[2026-08-08 22:22:28] [W-3] 🔧 开始处理 [user1] Pawdroid/VPNHelper
[2026-08-08 22:22:28] [W-28] 📦 Partial Clone: 205 个文件（零 API 配额） | 耗时 3s
[2026-08-08 22:22:28] [W-24] 🌱 加入种子: MhdiTaheri/V2rayCollector_Py (提取 288 节点)
[2026-08-08 22:22:28] [W-24] ✅ 完成 [种子仓库] MhdiTaheri/V2rayCollector_Py [种子 12/744] | 提取 288 | 新增 65 | 耗时 48s | 配额 4689/4800 14:22UTC | 主队列 28/200 发现队列 96/20000 [[raw1]:5 [user0]:5 [user1]:86] | Worker 36忙/0闲(100%)
[2026-08-08 22:22:28] [W-24] 🔧 开始处理 [种子仓库] AtenaPV/Sub-Sync [种子 53/744]
[2026-08-08 22:22:28] [W-1] 🌱 加入种子: ermaozi/get_subscribe (提取 43 节点)
[2026-08-08 22:22:28] [W-1] ✅ 完成 [种子仓库] ermaozi/get_subscribe [种子 49/744] | 提取 43 | 新增 3 | 耗时 10s | 配额 4689/4800 14:22UTC | 主队列 27/200 发现队列 99/20000 [[raw1]:5 [user0]:8 [user1]:86] | Worker 36忙/0闲(100%)
[2026-08-08 22:22:28] [W-1] 🔧 开始处理 [种子仓库] sevcator/5ubscrpt10n [种子 54/744]
[2026-08-08 22:22:28] [W-20]   👤 用户仓库: 9/9 个 → 主队列 26/200 发现队列 100/20000 [[raw1]:5 [user0]:9 [user1]:86] | Worker 36忙/0闲(100%)
[2026-08-08 22:22:28] [W-20]   用户 3andne 共查 9 个仓库
[2026-08-08 22:22:28] [W-35] 仓库 https://github.com/2dust/v2rayN 候选文件 1 个
[2026-08-08 22:22:28] [W-32] ⏭️ [user1] 仓库 https://github.com/Pawdroid/ACL4SSR 27027h 未更新，跳过解析（无需追踪）
[2026-08-08 22:22:28] [W-32] ✅ 完成 [user1] Pawdroid/ACL4SSR | 提取 0 | 新增 0 | 耗时 1s | 配额 4688/4800 14:22UTC | 主队列 26/200 发现队列 100/20000 [[raw1]:5 [user0]:9 [user1]:86] | Worker 36忙/0闲(100%)
[2026-08-08 22:22:28] [W-32] 🔧 开始处理 [user1] Pawdroid/minds
[2026-08-08 22:22:33] [W-24] ⏭️ [种子仓库] 仓库 https://github.com/AtenaPV/Sub-Sync 215h 未更新，跳过解析（无需追踪）
[2026-08-08 22:22:33] [W-24] ✅ 完成 [种子仓库] AtenaPV/Sub-Sync [种子 53/744] | 提取 0 | 新增 0 | 耗时 5s | 配额 4687/4800 14:22UTC | 主队列 26/200 发现队列 99/20000 [[raw1]:5 [user0]:9 [user1]:85] | Worker 36忙/0闲(100%)
[2026-08-08 22:22:33] [W-24] 🔧 开始处理 [user1] Qv2ray/mmp-go
[2026-08-08 22:22:33] [W-24] ⏭️ [user1] 仓库 https://github.com/Qv2ray/mmp-go 28490h 未更新，跳过解析（无需追踪）
[2026-08-08 22:22:33] [W-24] ✅ 完成 [user1] Qv2ray/mmp-go | 提取 0 | 新增 0 | 耗时 0s | 配额 4687/4800 14:22UTC | 主队列 26/200 发现队列 98/20000 [[raw1]:5 [user0]:9 [user1]:84] | Worker 36忙/0闲(100%)
[2026-08-08 22:22:33] [W-24] 🔧 开始处理 [user1] Pawdroid/static
[2026-08-08 22:22:33] [W-3] ⏭️ [user1] 仓库 https://github.com/Pawdroid/VPNHelper 28621h 未更新，跳过解析（无需追踪）
[2026-08-08 22:22:33] [W-3] ✅ 完成 [user1] Pawdroid/VPNHelper | 提取 0 | 新增 0 | 耗时 5s | 配额 4686/4800 14:22UTC | 主队列 26/200 发现队列 97/20000 [[raw1]:5 [user0]:9 [user1]:83] | Worker 36忙/0闲(100%)
[2026-08-08 22:22:33] [W-3] 🔧 开始处理 [user1] Pawdroid/LetsGoVPN
[2026-08-08 22:22:34] [W-1] ⏭️ [种子仓库] 仓库 https://github.com/sevcator/5ubscrpt10n 230h 未更新，跳过解析（无需追踪）
[2026-08-08 22:22:34] [W-1] ✅ 完成 [种子仓库] sevcator/5ubscrpt10n [种子 54/744] | 提取 0 | 新增 0 | 耗时 6s | 配额 4685/4800 14:22UTC | 主队列 26/200 发现队列 96/20000 [[raw1]:5 [user0]:9 [user1]:82] | Worker 36忙/0闲(100%)
[2026-08-08 22:22:34] [W-1] 🔧 开始处理 [user1] Argh94/Proxy-List
[2026-08-08 22:22:34] [W-24] ⏭️ [user1] 仓库 https://github.com/Pawdroid/static 18027h 未更新，跳过解析（无需追踪）
[2026-08-08 22:22:34] [W-24] ✅ 完成 [user1] Pawdroid/static | 提取 0 | 新增 0 | 耗时 0s | 配额 4684/4800 14:22UTC | 主队列 26/200 发现队列 95/20000 [[raw1]:5 [user0]:9 [user1]:81] | Worker 36忙/0闲(100%)
[2026-08-08 22:22:34] [W-24] 🔧 开始处理 [user1] Qv2ray/QvPlugin-Template
[2026-08-08 22:22:34] [W-24] ⏭️ [user1] 仓库 https://github.com/Qv2ray/QvPlugin-Template 49535h 未更新，跳过解析（无需追踪）
[2026-08-08 22:22:34] [W-24] ✅ 完成 [user1] Qv2ray/QvPlugin-Template | 提取 0 | 新增 0 | 耗时 0s | 配额 4684/4800 14:22UTC | 主队列 26/200 发现队列 94/20000 [[raw1]:5 [user0]:9 [user1]:80] | Worker 36忙/0闲(100%)
[2026-08-08 22:22:34] [W-24] 🔧 开始处理 [user1] Pawdroid/clash_flt_new
[2026-08-08 22:22:34] [W-32] ⏭️ [user1] 仓库 https://github.com/Pawdroid/minds 7013h 未更新，跳过解析（无需追踪）
[2026-08-08 22:22:34] [W-32] ✅ 完成 [user1] Pawdroid/minds | 提取 0 | 新增 0 | 耗时 6s | 配额 4683/4800 14:22UTC | 主队列 26/200 发现队列 93/20000 [[raw1]:5 [user0]:9 [user1]:79] | Worker 36忙/0闲(100%)
[2026-08-08 22:22:34] [W-32] 🔧 开始处理 [user1] Argh94/telegram-proxy-scraper
[2026-08-08 22:22:34] [W-32] ⏭️ [user1] 仓库 https://github.com/Argh94/telegram-proxy-scraper 主要语言 HTML，跳过
[2026-08-08 22:22:34] [W-32] ✅ 完成 [user1] Argh94/telegram-proxy-scraper | 提取 0 | 新增 0 | 耗时 0s | 配额 4683/4800 14:22UTC | 主队列 26/200 发现队列 92/20000 [[raw1]:5 [user0]:9 [user1]:78] | Worker 36忙/0闲(100%)
[2026-08-08 22:22:34] [W-32] 🔧 开始处理 [user1] MetaCubeX/ClashMetaForAndroid
[2026-08-08 22:22:34] [W-32] [user1] 仓库 https://github.com/MetaCubeX/ClashMetaForAndroid (分支: main, size: 4636KB, pushed: 2026-08-08T08:11:42Z)
[2026-08-08 22:22:34] [W-20] 🔗 [种子仓库] 发现仓库链接 FiloSottile/awesome-age (来源 https://raw.githubusercontent.com/kafeixiang/mihomo/Alpha/docs/config.yaml)
[2026-08-08 22:22:34] [W-3] ⏭️ [user1] 仓库 https://github.com/Pawdroid/LetsGoVPN 19701h 未更新，跳过解析（无需追踪）
[2026-08-08 22:22:34] [W-3] ✅ 完成 [user1] Pawdroid/LetsGoVPN | 提取 0 | 新增 0 | 耗时 0s | 配额 4682/4800 14:22UTC | 主队列 26/200 发现队列 91/20000 [[raw1]:5 [user0]:9 [user1]:77] | Worker 36忙/0闲(100%)
[2026-08-08 22:22:34] [W-3] 🔧 开始处理 [user1] MetaCubeX/mihomo
[2026-08-08 22:22:34] [W-3] [user1] 仓库 https://github.com/MetaCubeX/mihomo (分支: main, size: 12900KB, pushed: 2026-08-08T08:35:35Z)
[2026-08-08 22:22:34] [W-1] [user1] 仓库 https://github.com/Argh94/Proxy-List (分支: main, size: 184775KB, pushed: 2026-08-08T14:01:07Z)
[2026-08-08 22:22:34] [W-24] ⏭️ [user1] 仓库 https://github.com/Pawdroid/clash_flt_new 22042h 未更新，跳过解析（无需追踪）
[2026-08-08 22:22:34] [W-24] ✅ 完成 [user1] Pawdroid/clash_flt_new | 提取 0 | 新增 0 | 耗时 0s | 配额 4680/4800 14:22UTC | 主队列 26/200 发现队列 90/20000 [[raw1]:5 [user0]:9 [user1]:76] | Worker 36忙/0闲(100%)
[2026-08-08 22:22:34] [W-35] ✅ 完成 [raw1] 2dust/v2rayN | 提取 0 | 新增 0 | 耗时 11s | 配额 4680/4800 14:22UTC | 主队列 26/200 发现队列 89/20000 [[raw1]:5 [user0]:9 [user1]:75] | Worker 35忙/1闲(97%)
[2026-08-08 22:22:34] [W-35] 🔧 开始处理 [种子仓库] V2RayRoot/V2RayConfig [种子 55/744]
[2026-08-08 22:22:34] [W-24] 🔧 开始处理 [user1] Qv2ray/qv2ray.github.io
[2026-08-08 22:22:35] [W-4] 📦 Partial Clone: 2 个文件（零 API 配额） | 耗时 7s
[2026-08-08 22:22:35] [W-6] 🌱 加入种子: Pawdroid/Free-servers (提取 590 节点)
[2026-08-08 22:22:35] [W-6] ✅ 完成 [种子仓库] Pawdroid/Free-servers [种子 3/744] | 提取 590 | 新增 138 | 耗时 55s | 配额 4680/4800 14:22UTC | 主队列 25/200 发现队列 89/20000 [[raw1]:5 [user0]:9 [user1]:75] | Worker 36忙/0闲(100%)
[2026-08-08 22:22:35] [W-6] 🔧 开始处理 [种子仓库] ehsanghaffar/config-sub-platform [种子 56/744]
[2026-08-08 22:22:35] [W-35] [种子仓库] 仓库 https://github.com/V2RayRoot/V2RayConfig (分支: main, size: 508512KB, pushed: 2026-08-08T13:44:32Z)
[2026-08-08 22:22:35] [W-24] ⏭️ [user1] 仓库 https://github.com/Qv2ray/qv2ray.github.io 30017h 未更新，跳过解析（无需追踪）
[2026-08-08 22:22:35] [W-24] ✅ 完成 [user1] Qv2ray/qv2ray.github.io | 提取 0 | 新增 0 | 耗时 1s | 配额 4678/4800 14:22UTC | 主队列 24/200 发现队列 89/20000 [[raw1]:5 [user0]:9 [user1]:75] | Worker 36忙/0闲(100%)
[2026-08-08 22:22:35] [W-24] 🔧 开始处理 [user1] MetaCubeX/mipstack
[2026-08-08 22:22:35] [W-24] [user1] 仓库 https://github.com/MetaCubeX/mipstack (分支: master, size: 1993KB, pushed: 2026-08-08T14:04:24Z)
[2026-08-08 22:22:35] [W-20] 👤 来源仓库 FiloSottile/awesome-age → 追踪用户 FiloSottile
[2026-08-08 22:22:35] [W-20] 👤 [种子仓库] 遍历用户仓库: FiloSottile
[2026-08-08 22:22:35] [W-6] ⏭️ [种子仓库] 仓库 https://github.com/ehsanghaffar/config-sub-platform 1729h 未更新，跳过解析（无需追踪）
[2026-08-08 22:22:35] [W-6] ✅ 完成 [种子仓库] ehsanghaffar/config-sub-platform [种子 56/744] | 提取 0 | 新增 0 | 耗时 1s | 配额 4676/4800 14:22UTC | 主队列 24/200 发现队列 88/20000 [[raw1]:5 [user0]:9 [user1]:74] | Worker 36忙/0闲(100%)
[2026-08-08 22:22:35] [W-6] 🔧 开始处理 [user1] Pawdroid/jsbox-cli
[2026-08-08 22:22:36] [W-6] ⏭️ [user1] 仓库 https://github.com/Pawdroid/jsbox-cli 37517h 未更新，跳过解析（无需追踪）
[2026-08-08 22:22:36] [W-6] ✅ 完成 [user1] Pawdroid/jsbox-cli | 提取 0 | 新增 0 | 耗时 1s | 配额 4675/4800 14:22UTC | 主队列 24/200 发现队列 87/20000 [[raw1]:5 [user0]:9 [user1]:73] | Worker 36忙/0闲(100%)
[2026-08-08 22:22:36] [W-6] 🔧 开始处理 [raw1] Pawdroid/shadowrocket_for_android
[2026-08-08 22:22:37] [W-1] 📦 Partial Clone: 14 个文件（零 API 配额） | 耗时 2s
[2026-08-08 22:22:37] [W-6] ⏭️ [raw1] 仓库 https://github.com/Pawdroid/shadowrocket_for_android 1996h 未更新，跳过解析（无需追踪）
[2026-08-08 22:22:37] [W-6] ✅ 完成 [raw1] Pawdroid/shadowrocket_for_android | 提取 0 | 新增 0 | 耗时 1s | 配额 4674/4800 14:22UTC | 主队列 24/200 发现队列 86/20000 [[raw1]:4 [user0]:9 [user1]:73] | Worker 36忙/0闲(100%)
[2026-08-08 22:22:37] [W-6] 🔧 开始处理 [user1] Argh94/ProxyProwler
[2026-08-08 22:22:37] [W-6] [user1] 仓库 https://github.com/Argh94/ProxyProwler (分支: main, size: 1670KB, pushed: 2026-08-08T09:37:55Z)
[2026-08-08 22:22:37] [ThreadPoolExecutor-92_4] 📦 批次 0005 已持久化: /home/runner/work/test-college/test-college/batches/no_batch_0005.txt (5038 个节点, 累计 15641 个) | 主队列 24/200 发现队列 85/20000 [[raw1]:4 [user0]:9 [user1]:72] | Worker 36忙/0闲(100%)
[2026-08-08 22:22:37] [W-4] 仓库 https://github.com/Pawdroid/Pawdroid 无候选文件 (总计 2 blob, 扩展名过滤 0, processed_shas 跳过 0, SHA 缓存跳过 2)
[2026-08-08 22:22:37] [W-4] ✅ 完成 [user1] Pawdroid/Pawdroid | 提取 0 | 新增 0 | 耗时 10s | 配额 4673/4800 14:22UTC | 主队列 24/200 发现队列 85/20000 [[raw1]:4 [user0]:9 [user1]:72] | Worker 36忙/0闲(100%)
[2026-08-08 22:22:37] [W-4] 🔧 开始处理 [种子仓库] Airuop/config-fetcher [种子 57/744]
[2026-08-08 22:22:37] [W-7] 🌱 加入种子: zieng2/wl (提取 250 节点)
[2026-08-08 22:22:37] [W-7] ✅ 完成 [raw1] zieng2/wl | 提取 250 | 新增 77 | 耗时 33s | 配额 4673/4800 14:22UTC | 主队列 23/200 发现队列 85/20000 [[raw1]:4 [user0]:9 [user1]:72] | Worker 36忙/0闲(100%)
[2026-08-08 22:22:37] [W-7] 🔧 开始处理 [种子仓库] free-nodes/v2rayfree [种子 58/744]
[2026-08-08 22:22:37] [W-32] 📦 Partial Clone: 518 个文件（零 API 配额） | 耗时 3s
[2026-08-08 22:22:37] [W-24] 📦 Partial Clone: 50 个文件（零 API 配额） | 耗时 2s
[2026-08-08 22:22:37] [W-3] 📦 Partial Clone: 30 个文件（零 API 配额） | 耗时 3s
[2026-08-08 22:22:37] [W-35] 📦 Partial Clone: 19 个文件（零 API 配额） | 耗时 2s
[2026-08-08 22:22:38] [W-7] [种子仓库] 仓库 https://github.com/free-nodes/v2rayfree (分支: main, size: 26150KB, pushed: 2026-08-08T12:55:37Z)
[2026-08-08 22:22:38] [W-4] ⏭️ [种子仓库] 仓库 https://github.com/Airuop/config-fetcher 13557h 未更新，跳过解析（无需追踪）
[2026-08-08 22:22:38] [W-4] ✅ 完成 [种子仓库] Airuop/config-fetcher [种子 57/744] | 提取 0 | 新增 0 | 耗时 1s | 配额 4670/4800 14:22UTC | 主队列 22/200 发现队列 85/20000 [[raw1]:4 [user0]:9 [user1]:72] | Worker 36忙/0闲(100%)
[2026-08-08 22:22:38] [W-4] 🔧 开始处理 [user1] MetaCubeX/meta-rules-dat
[2026-08-08 22:22:38] [W-4] ⏭️ [user1] 仓库 https://github.com/MetaCubeX/meta-rules-dat 已解析，跳过解析（无需追踪）
[2026-08-08 22:22:38] [W-4] ✅ 完成 [user1] MetaCubeX/meta-rules-dat | 提取 0 | 新增 0 | 耗时 0s | 配额 4670/4800 14:22UTC | 主队列 22/200 发现队列 84/20000 [[raw1]:4 [user0]:9 [user1]:71] | Worker 36忙/0闲(100%)
[2026-08-08 22:22:38] [W-4] 🔧 开始处理 [user1] MetaCubeX/ClashX.Meta
